== (A) every feature that could stop the 1450PF going lower
  rib catch at the rib top, frame and case nominal: end walls +0.012, long walls -0.748 (positive = the rib is under the frame's bottom edge)
  rib stands proud of its wall by 0.76 at its top: the frame's bottom edge must land in that band, and the frame outline and
  the case interior each move it by +-0.38 per side, so no frame size is caught by the ribs across both tolerances
  shoulder Z 101.04: cavity below it 381.00 x 266.70; frame widest 378.96 x 263.14 (+0.76: 379.72 x 263.90): clear by 0.26 / 1.02 per side at the worst
  rim Z 108.97 and the lid tongue: nothing on the frame reaches outboard of 378.96 x 263.14, so neither can carry it
  the gasket step (#1488, frame z 5.46) and its o-ring: the o-ring goes in after the frame is screwed (instruction step 4), so it holds nothing
  vertical corners: case R 15.88 (#595) against the frame's R 16.51 (#3257): gap on the diagonal 2.26, larger than the sides
  walls alone, end walls (the frame's widest line meets the drafted wall): frame bottom Z 63.12
  walls alone, long walls: frame bottom Z 41.35

== (B) the seat without a designed stop (Peli: 'fully seated on the internal ribs'), geometric (sharp edges)
  frame +0.76, rib tops +0.76 (highest)                frame bottom Z  85.34  face top (plate on the frame) 105.86  first contact: end-wall rib at Z 85.34 (top cap)
  frame +0.76                                          frame bottom Z  84.58  face top (plate on the frame) 105.10  first contact: end-wall rib at Z 84.58 (top cap)
  all nominal                                          frame bottom Z  84.58  face top (plate on the frame) 105.10  first contact: end-wall rib at Z 84.58 (top cap)
  frame -0.10                                          frame bottom Z  83.46  face top (plate on the frame) 103.98  first contact: end-wall rib at Z 84.56 (flank)
  frame -0.20                                          frame bottom Z  82.00  face top (plate on the frame) 102.52  first contact: end-wall rib at Z 84.56 (flank)
  frame -0.40                                          frame bottom Z  79.08  face top (plate on the frame)  99.60  first contact: end-wall rib at Z 84.56 (flank)
  frame -0.76                                          frame bottom Z  72.70  face top (plate on the frame)  93.22  first contact: end-wall rib at Z 81.46 (flank)
  frame -0.76, rib tops -0.76                          frame bottom Z  71.94  face top (plate on the frame)  92.46  first contact: end-wall rib at Z 80.70 (flank)
  frame -0.76, case +0.76                              frame bottom Z  55.27  face top (plate on the frame)  75.79  first contact: end-wall rib at Z 64.03 (flank)
  frame -0.76, case +0.76, rib tops -0.76 (lowest)     frame bottom Z  54.51  face top (plate on the frame)  75.03  first contact: end-wall rib at Z 63.27 (flank)
  with a 0.10 mm moulded edge allowance on the catch (INFERRED), the all-nominal frame does not hold on the rib tops: it rests at Z 82.00 (end-wall rib at Z 84.56 (flank))
  window for the worst face top: M1 needs >= 103.15, M2 (with the 2.0 rebate) needs <= 109.11: 5.96 mm wide
  the rib seat spans 11.88 mm on the frame sheet's tolerance alone, 12.64 with the rib-top allowance and 30.83 with every case allowance:
  each more than the window, so no
  plate position referenced to the frame's rest meets M1 and M2 together; the frame needs a designed stop

== (C) C6: four setting legs under the frame's ring, fixed to the ring first and placed by the frame's own centring
  pad top 94.13 = shoulder 101.04 + 0.76 + 0.10 - ring 9.39 + (floor 0.76 + leg 0.10 + ring 0.76): the lowest pad that keeps the plate's underside 0.10 above
  the highest the shoulder can stand (101.80)
  frame bottom 86.00 nominal, 84.38 .. 87.62 (legs); an oversize frame the ribs catch can only sit higher, at most rib top 85.34, where the feet hover at most 0.96
  face top 106.52 nominal, 104.77 .. 108.27 on the legs; on the ribs at most 106.75; so 104.77 .. 108.27 in every case (window 103.15 .. 109.11: 1.62 below, 0.84 above)
  plate underside at least 101.90 against the shoulder at 100.28 .. 101.80 (M8z): the rebated band faces the rim zone at every seat
  leg: 6061-T6, profile cut from 6.0 plate at |Y| 106.4..112.4; foot bears on the flat floor X 156.0..169.0; column X 175.40..180.17 to the pad
  placed on the frame (face down on the bench) by a printed locator in each window corner, bonded to the ring's underside by a VHB 5952 pad
  in a 0.9 pocket of its pad (metal on the ring sets the height); a leg sits within 0.88 of its place against the case centre (centring 0.20,
  window per side 0.38, locator 0.30), 1.26 against a case feature (plus 0.38 per wall); the locator registers on both window faces, so
  the leg moves by up to 0.68 in X and in Y at once against the frame's own features (window per side and locator)
  underside over the fillet relieved at 2.5 normal to Peli's R 15.88 (5.57 high under the column's outer face)
  pad 4.77 x 6.00 = 28.6 mm2 under the ring (ring spans X 174.83..182.75 over the leg's Y)
  column buckling (pinned, E 69 GPa): 4652 N; a 25 N face shared by the four legs bears 0.22 MPa on each pad; a 100 g shock of a 2.5 kg face (INFERRED): 21.4 MPa per pad
  mass about 11.8 g each (729 mm2 x 6.0 at 2.70 g/cm3)
  the shore lead between a west leg and the end wall above the fillet: 7.33 nominal, 5.69 at the worst

== (D) every case-dependent margin of the chosen arrangement (C1 on the C6 legs, C2 to C5), nominal / worst / RSS low
  M8 without the centring step, frame pushed against the X wall until its skirt touches and the plate floated the same way: plate gap 0.98 nominal, 0.60 with the frame -0.76
  M8 without the centring step, frame pushed against the Y wall until its skirt touches and the plate floated the same way: plate gap 0.17 nominal, -0.21 with the frame -0.76
  M20 (the seat, a statement): frame bottom 86.00 nominal against rib tops 84.58: 1.42 above them; at the extremes the legs may sit 0.96 below the highest rib top, where an oversize frame rests on the ribs instead, higher and never lower
  M21d in two dimensions: column outer-back corner (180.17, 112.40) to the skirt's R 17.53 corner about (165.81, 107.90): 2.48 nominal (straight face 3.17); worst with the leg moved 0.68 in X and Y: 1.14 with the skirt's 0.38 as a shift of the arc's centre, 1.24 as a profile offset

== (E) C3: the connector plate on the back wall with the full ruled set (V2-SPEC.md:11, ASSEMBLY.md:118-125 and :135)
  free zone on the outside: between the hinge fairings' bases at |X| 58.93 (the rim-flange line ends at 57.15); section A-A at X 87.34 shows the
  back wall plain from the outer bottom radius (flat from Z 15.9) to Z 93.6 there; the end view carries back features to Z 15.9 .. 30.5 at X no view gives
  plate 114.0 x 68.3 x 5.0 at X -57.0..57.0, Z 18.3..86.6; flange stack to the wall's inner face 13.10
  items (centre X, Z; footprint on the plate; mated envelope r; wall hole; top of the part inside):
    A sealed RJ45 (38999 shell 15 class)   ( -28.5,  36.6)  31.29 sq    mated 16.25  hole 29.0  inside top Z  44.6 (patch plug body +-8 (INFERRED))
    C shore DC D38999/20 sh 13             (   4.2,  34.0)  28.90 sq    mated 14.70  hole 22.0  inside top Z  39.0 (cores within the insert +-5 (INFERRED))
    B sealed USB-C (4000 series class)     (  33.7,  36.6)  r 12.84     mated 13.00  hole 29.0  inside top Z  40.1 (lead 7.0 (INFERRED))
    E pod over the M8 receptacle           ( -30.0,  70.0)  28.00 sq    mated 28.00  hole 18.0  inside top Z  75.0 (M8 rear body 10 (INFERRED))
    D USB 233-370 sh 15                    (   4.6,  67.0)  31.29 sq    mated 16.25  hole 29.0  inside top Z  81.5 (rear body within the 29 hole)
    F ground stud M6                       (  34.6,  64.5)  r 12.00     mated 12.00  hole  8.0  inside top Z  70.5 (nut and washer 12 (INFERRED))
  mated envelopes: A and D the shell 15 plug class 32.51 across (GLN 233-340, AMPH p. 52), C the shell 13 plug and its strain relief 29.4 (AMPH p. 52, GLN M85049/38)
  six M4 x 25 at X +-51.1, Z 24.2 / 50.1 / 76.0: a bonded sealing washer 10 across under each head, a plain washer 9.0 and a Nyloc inside
  floats on the plate: A 0.24, C 0.29, B 0.30, E 0.33, D 0.24, F 0.30, screw 0.33; every machined place +-0.10, two to a pair
  pairs on the plate face, the four tightest at the worst (nominal / worst): 1.81 / 1.13 (A / D); 1.96 / 1.19 (A / screw -51.1,24.2); 1.96 / 1.19 (A / screw -51.1,50.1); 2.10 / 1.24 (E / screw -51.1,76.0); to the plate edge: item 1.25 (C shore DC D38999/20 sh 13), screw washer 0.90 (screw +51.1,24.2)
  mated envelopes, the three tightest pairs at the worst (nominal / worst): 1.85 / 1.11 (D / F); 1.85 / 1.12 (A / C); 1.91 / 1.13 (C / B)
  tightest wall web: 4.11 (C shore DC D38999/20 sh 13 / B sealed USB-C (4000 series class)); tightest gasket band from a wall hole to the plate edge: 3.65 (screw -51.1,24.2), of a connector hole 3.80 (A sealed RJ45 (38999 shell 15 class))
  X 0 rib (if the back wall carries it, half-width 0.91 on the wall): nearest bearing face 27.69 off it (F ground stud nut); holes that cut it, nothing bearing: C shore DC D38999/20 sh 13, D USB 233-370 sh 15
  inner ribs at X +-76.2: the plate's nearest inside washer at |X| 55.6
  highest part inside: Z 81.50 (D USB 233-370 sh 15); top screws' inside washers Z 80.50; highest wall hole whose body protrudes: Z 81.50 (D USB 233-370 sh 15)
  233-370 class rear face 3.41 inside the wall's inner face (5.13 at the worst); D38999/20 rear 3.29 short of it
  B16's underside Z 49.00 (48.57 at the worst); U51 hangs 1.6 under it at Y 68.3..85.8; A22's edge Y 80.0
  D at Z 67.0: a straight USB-A plug of 40 (INFERRED) ends at Y 88.75 over the slot 2 heatsink (X -23..18, Y 32..88, top Z 71.60) with its body at Z 62.5..71.5: 0.75 outboard of it nominal, -2.07 at the worst
  B's lead leaves the wall at Y 131.44 and its innermost point is Y 99.94, under B16's back strip at Z 40.1 and below
  E: the M8's rear (15 behind the plate's face, INFERRED) 2.66 inside, its pigtail down within 12: to Y 117.60; F: nut, washer and lug 12 inside: to Y 120.07; screw tips to Y 120.41
  M4 plate screws: bonded washer (1.5, INFERRED), plate, gasket, wall, washer and an M4 Nyloc (DIN 985, 5.0, INFERRED) take 19.64: M4 x 25 protrudes 5.36

== (F) C2 and C4: the ruled gas-discharge arrestors (PolyPhaser GTH-SFF-AL) as the antenna bulkheads, on an RF entry plate per end wall
  arrestor (POLY): body 22.86 across, 19.05 above or below its axis at most (cap up, ground lug down), 35.81 beyond the plate's face with its outer jack; thread 11.94, inner jack 7.62; 113.4 g each (0.25 lb)
  the maker's O-ring, on the thread's root and drawn 0.63 proud of the body's face, seals on the plate's machined outer face (installed 0.32 +-0.32, INFERRED); the lock washer and nut (within 24.0 across and 5.0 thick together, INFERRED) on the floor of a 26.0 spot-face 1.5 deep in the plate's back, standing 3.5 proud of it; the arrestor floats 0.32 in its 16.3 hole
  plate 220.2 x 48.90 x 6.0 (Y +-110.1, Z 34.55..83.45) on a 2.0 closed-cell gasket; wall holes 27.0 at the arrestors, 5.0 at the eight screws
  east (5): 5G MAIN -62, 5G DIV -31, 5G ANT3 +0, IRIDIUM +31, LORA +62; west (7): VHF -93, HF -62, WIFI 2.4 -31, GNSS +0, SDR +31, WIFI P2P A +62, WIFI P2P B +93; axis Z 59.0
  inside: the inner jack ends 6.40 past the wall's inner face; the plug reaches X 172.63 at Z 59.0 (the axis rises 0.57 over that reach with the wall's 2 degree normal)
  on the thread's .47 (11.94): the O-ring 0.32 +-0.32, the 4.5 web under the spot-face, then washer and nut 5.0; without the spot-face the 6.0 plate leaves 0.62 nominal and -0.40 at the worst
  the spot-faces keep 4.10 of the plate's back to its Y edge at the outermost sites (3.90 at the worst of the machined place and the outline), the gasket's land on the plate; its land on the wall is M11c's
  plug end X 172.63 against RockBLOCK (edge |X| 165.0, Z 50.6..71.6) at Y -62: the plug's Z 54.0..64.6 overlaps it, X gap 7.63
  plug end X 172.63 against J_ETH (edge |X| 162.0, Z 50.6..64.6) at Y +93: the plug's Z 54.0..64.6 overlaps it, X gap 10.63
  plug end X 172.63 against radio modules (edge |X| 162.0, Z 50.6..55.6) at Y +62: the plug's Z 54.0..64.6 overlaps it, X gap 10.63
  plug end X 172.63 against T1 magnetics (edge |X| 161.5, Z 50.6..57.6) at Y +62: the plug's Z 54.0..64.6 overlaps it, X gap 11.13
  plug end X 172.63 against LimeSDR (edge |X| 161.0, Z 50.6..62.6) at Y -31, +0, +31: the plug's Z 54.0..64.6 overlaps it, X gap 11.63
  plug end X 172.63 against west headers (edge |X| 152.0, Z 50.6..60.6) at Y -93: the plug's Z 54.0..64.6 overlaps it, X gap 20.63
  entry-plate screw heads to the end-wall ribs at Y 0 and +-76.2 (half-width 0.91): 17.89; the arrestor holes cut ribs where they cross them, nothing bears there
  27 mm holes to the nearest rib's base (half-width 0.91), per |Y|: 0: -14.41, 31: +16.59, 62: -0.21, 93: +2.39 (negative: the hole cuts into the rib's base; the hole at Y 0 crosses its rib)
  outside: the bodies reach X +-238.8 (the rim flange +-205.74, the drawing's exterior 411): the case is about 67 mm longer over the arrestor rows
  mass: the east plate (5 holes) about 151 g, the west (7 holes) about 142 g; twelve arrestors 1361 g
  M4 x 12 entry-plate screws: washer 1.5, wall 5.34 and gasket 1.5 take 8.34, leaving 3.66 of thread in the 6.0 plate; 1.95 to 5.37 over the chain
  a socket of 30 across (INFERRED, over the inner jack) on one nut, whose hex stands above the plate's back, clears its neighbour by 4.00 on the bench

== (G) C2: the jumpers from the arrestors' inner jacks to E6's float clamps (RG-316, ASSEMBLY.md:134)
  east: every plug's cable leaves along the wall toward its bundle's end, the plug turned 30 degrees down; the cables run in a bundle 4.98 x 4.98 over the pack's
  outer strip in the slot under the plugs (Z 46.80..51.78), in the lane between B16's edge and the legs' columns, and go down beyond the legs
  front bundle: 5G MAIN, 5G DIV, 5G ANT3, IRIDIUM; back bundle: LORA; west: every cable leaves downward and falls to the floor outboard of B16's edge
  each east cable (the class's reach 16.0, turned 30 degrees): its ferrule ends at 13.86 along the wall and Z 51.00, it lands at 20.11 from its site, Z 49.33, the band's middle; the layers' centres are Z 48.045 and 50.535; the neighbour's axis is at 31
  the drop keeps 8.32 from the next plug's body; a cable in the band's upper layer passes under that body with 2.22
  as laid out under 5G MAIN (3 passing: 5G DIV, 5G ANT3, IRIDIUM): the passing cables in the band's lower layer and its inner upper place, 5G MAIN's own cable in the outer upper place
  at the class's reach it lands 1.21 below that place, onto the passing cable under it; it lands at its place for a reach of 13.58 or less, or turned 26.5 degrees; the inner upper place clears the ferrule's end only for a ferrule 2.58 across or less (the class does not bound it)
  the inboard column, with the plug's cable axis at its inner end (X 172.63): inner face X 168.89, 3.89 from B16's edge (-0.38 at the worst); with the axis 4.0 from that end 7.89 (3.62); met at the worst for an axis 1.38 or more from the end with a ferrule 2.58 across or less (a wider one moves the column in by half its excess); B16's underside (Z 48.57 at the worst) lies inside the band (Z 46.80..51.78), so both layers meet its edge in plan
  levers, each to be judged with the picked plug: 5G MAIN turned less (no plug lies beyond it); a plug whose ferrule ends 13.58 or less from its axis; IRIDIUM in the back bundle, which leaves at most 2 cables passing under a plug (5G MAIN 2, 5G DIV 1, LORA 1)
  outermost east cable (|Y| 62): its axis at X 176.63 at most, the lane's outer cable at X 173.16: the bundle's S-bend of 3.47 in X at R 13.745 needs 13.37 of run; in the lane by |Y| 95.48 (worst 101.72) against 104.16 (worst 103.28)
  from |Y| 93, the previous issue's outermost east site, it would be in the lane only by |Y| 126.48, 22.32 short of 104.16 at nominal
  the bundle bends down (inner cable R 12.5) from |Y| 104.00, 1.25 beyond the pack group's end (102.75; placed within 1.0) with its full height over it, and goes down at |Y| 115.25..120.23; over the leg's outer face at the worst (|Y| 113.28) its underside is at Z 42.67, above the leg's gusset (below Z 30)
  west: the ferrule ends at Z 43.0, 29.0 above where the turn onto the floor must start (Z 14.03); below the plugs the west end has no pack, and the drop zone X 165 to the wall, |Y| up to 98, is the jumpers'
  route lengths, connector axis to connector axis (the floor run to each clamp assumed, INFERRED): 5G MAIN 250; 5G DIV 267; 5G ANT3 326; IRIDIUM 315; LORA 340; VHF 253; HF 236; WIFI 2.4 232; GNSS 277; SDR 322; WIFI P2P A 367; WIFI P2P B 412
  3 of 12 within the 150 to 250 of ASSEMBLY.md:134; 232 to 412, cut with a 20 mm service allowance (INFERRED): 252 to 432

  #     margin                                                                                                      min  nominal    worst  RSS low  worst x2  verdict
  M1    monitor body over the CM5 heatsinks                                                                        2.00    +6.26    +3.62    +5.09     +1.80  OPEN  (left out, TBD: the Xenarc body's tolerance and rear frame, the heatsink's height, the spacers)
  M2    rebated plate band below the rim, under the lid's wall                                                     1.00    +4.45    +1.84    +3.12     -0.44  OPEN
  M2b   full-thickness face (368.0 x 253.0) inside the lid's opening, in X (Y: 3.29 nominal)                       1.00    +2.94    +1.25    +2.08     +0.29  OPEN
  M3    space under the QMX tray for the face parts (lid STEP 45.47; web 44.45 in the worst)                       1.00   +19.92   +16.39   +18.25    +14.11  OPEN  (parts under the tray: C&K button heights TBD)
  M5    pack group (205.5 long, A06) to the east legs' inner faces at |Y| 106.4, per side                          1.00    +3.65    +1.77    +2.52     +0.27  OPEN  (group centred in Y)
  M7    stack lift-out through the frame window, per side in X (Y has 16.91)                                       1.00    +9.83    +8.25    +8.74     +7.05  MET
  M8x   plate edge to the rim zone in X, frame centred (plate 377.2 wide)                                          1.00    +2.41    +1.10    +1.64     +0.52  OPEN
  M8y   plate edge to the rim zone in Y, frame centred                                                             1.00    +2.36    +1.05    +1.59     +0.47  OPEN
  M8z   plate underside above the shoulder, so the plate edge faces the rim zone                                   0.00    +2.48    +0.10    +1.16     -2.18  OPEN  (a condition)
  M8f   each 6-32 passes its 4.6 plate hole with the inserts at the pattern's worst (float, pattern, hole)         0.00    +0.55    +0.07    +0.15     +0.07  MET  (a condition)
  M8h   6-32 pan heads (6.86 across) on the full-thickness face: end inserts in X (long-wall inserts in Y: 1.91)   0.00    +1.50    +0.77    +0.86     +0.77  MET  (a condition)
  M19   QMX tray east edge inside the lid's flat ceiling (C5)                                                      1.00    +2.08    +1.70    +1.70     +1.32  MET
  M4a   pack block's east corner to Peli's R 15.88 floor fillet (west face X 122, A06)                             1.00    +3.71    +1.85    +2.39     +0.85  OPEN
  M4b   pack block's east face to the east wall                                                                    1.00    +9.68    +7.38    +8.04     +6.38  MET
  M6    pack top under B16's underside (A06 3.32 at its pessimistic base, plus the 1.1 VHB lift)                   1.00    +4.42    +3.66    +3.66     +2.90  MET
  M15a  dock strip's underside (on 1.1 pads) to the front floor fillet (edge Y -113, gen_pcb_e.py:15)              1.00    +7.30    +5.92    +6.23     +4.54  MET  (the fillet reaches Z 1.1 at 5.81 past its tangent)
  M15b  dock strip's corner pads on the flat floor (edge to the tangent)                                           0.00    +1.49    +0.11    +0.42     -1.27  OPEN  (bearing must stay on flat floor)
  M16   rods (+-110.5, +-73) to the long-wall fillet tangents (61.14 to the end walls)                             1.00   +41.49   +40.11   +40.42    +38.73  MET
  M21a  leg foot on the flat floor: foot end X 169.0 to the fillet tangent                                         0.00    +2.64    +1.38    +1.99     +0.50  MET  (bearing must stay on flat floor)
  M21b  leg foot on the flat floor: foot |Y| 112.4 to the long-wall fillet tangent                                 0.00    +2.09    +0.83    +1.44     -0.05  OPEN  (bearing must stay on flat floor)
  M21c  leg relief to Peli's floor fillet (normal)                                                                 1.00    +2.50    +1.24    +1.85     +0.36  OPEN
  M21d  leg column to the frame skirt's inner face: Euclidean, the leg placed in X and Y (outer-back corner)       1.00    +2.48    +1.14    +1.87     +0.26  OPEN
  M21e  leg pad fully under the ring (pad inner edge to the window edge)                                           0.00    +0.57    +0.27    +0.27     -0.03  OPEN
  M21f  leg to B16's corner (165, 100) in Y                                                                        1.00    +6.40    +4.52    +5.27     +3.02  MET
  M21h  leg column to the backer ring's outer edge (X 172, panel1450.py:93-95)                                     1.00    +3.40    +1.51    +2.49     +1.01  MET
  M14a  highest part inside the back wall below the frame skirt (D's body; the top screws' washers reach 80.5)     1.00    +4.50    +2.58    +3.38     +0.76  OPEN
  M14b  connector plate bottom edge above the outer bottom radius                                                  1.00    +2.40    +1.34    +1.58     +0.28  OPEN
  M14i  connector plate edge to the hinge fairings' bases in X                                                     1.00    +1.93    +1.15    +1.44     +0.47  OPEN
  M14j  tightest pair on the plate face (flanges, pod, stud, screw washers), each at its float: A / D              1.00    +1.81    +1.13    +1.44     +1.13  MET
  M14k  tightest pair of mated connectors (shell 15 plugs 32.51, shell 13 plug 29.4), each at its float: D / F     1.00    +1.85    +1.11    +1.44     +1.11  MET
  M14l  tightest wall web between two holes (screw holes included)                                                 2.00    +4.11    +3.51    +3.51     +2.91  MET
  M14m  tightest gasket band from a wall hole to the plate edge (screw holes included)                             3.00    +3.65    +3.05    +3.23     +2.45  OPEN
  M14n  nearest bearing face inside to the X 0 rib (if this wall carries it)                                       1.00   +27.69   +26.61   +27.11    +25.93  MET
  M14o  connector plate top below the outer rim flange                                                             1.00   +11.31   +10.25   +10.49     +9.19  MET
  M14p  screw washers (bonded, 10 across) fully on the plate (edge distance)                                       0.00    +0.90    +0.47    +0.55     +0.47  MET  (a condition)
  M14c  D: right-angle (down) USB-A plug body, <= 20.0 from the 233-370 rear face, to B16's edge                   1.00    +8.75    +5.93    +6.76     +3.22  MET
  M14d  C: shore DC cores (turned down within 12 of the rear) to B16's edge                                        1.00   +22.30   +20.06   +20.98    +17.92  MET
  M14e  A: patch plug (straight or right-angle, +-8) under B16 and U51                                             1.00    +2.80    +1.73    +2.22     +1.43  MET
  M14f  A: patch plug end (<= 40.0 from the rear face) outboard of A22's edge                                      1.00    +7.69    +4.87    +5.70     +2.16  MET
  M14g  B: USB-C lead (7.0, bent at R 28 into the case) under B16 and U51                                          1.00    +7.30    +6.17    +6.69     +5.87  MET
  M14h  B: the lead's innermost point outboard of A22's edge                                                       1.00   +19.94   +17.70   +18.62    +15.56  MET
  M10   highest part inside an end wall (the entry plate's top screw heads, Z 82.35) below the frame skirt         1.00    +3.65    +1.73    +2.53     -0.09  OPEN
  M11   inside hardware bearing on an end wall to its ribs at Y 0, +-76.2 (the entry plate's screw heads)          1.00   +17.89   +17.21   +17.41    +16.53  MET
  M11a  wall web between neighbouring arrestor holes (27 at a 31 pitch)                                            2.00    +4.00    +3.40    +3.40     +2.80  MET
  M11b  wall web, arrestor hole to entry-plate screw hole (screw -100, 77.35, beside the west wall's -93 site)     2.00    +3.64    +3.04    +3.04     +2.44  MET
  M11c  gasket band from a wall hole to the entry plate's edge (arrestor holes 3.60, 5.0 screw holes 3.60)         3.00    +3.60    +3.00    +3.18     +2.40  OPEN
  M12   entry plate's top edge below the end-wall features at Y 0 and +-79.0 (Z 87.93)                             1.00    +4.48    +3.42    +3.66     +2.36  MET
  M12b  entry plate's Y edge on the end wall's flat outer skin (flat to |Y| 115.15 at Z 34.55)                     1.00    +5.05    +4.27    +4.55     +3.59  MET
  M13   arrestor nut fully on its thread (.47: O-ring 0.32, 4.5 web under the spot-face, nut and washer 5.0)       0.00    +2.12    +1.20    +1.52     +0.38  OPEN  (a condition; the O-ring's height, drawn 0.63 but not dimensioned, decides it; met with the thread's allowance doubled for one installed up to 1.32)
  M13b  nut and washer (5.0, from the spot-face floor) inside the wall hole's depth (plate, gasket, wall)          0.00    +3.34    +1.78    +2.40     +0.52  MET  (a condition)
  M13c  nut and washer (24.0) inside the 27 wall hole, radial                                                      0.00    +1.50    +0.48    +0.96     -0.12  OPEN  (a condition)
  M13d  nut and washer (24.0) inside the 26.0 spot-face, radial                                                    0.00    +1.00    +0.58    +0.67     +0.58  MET  (a condition)
  M18   jumper plug's inner end to B16's tall parts in X (tightest: RockBLOCK, which it overlaps in Y and Z)       1.00    +7.63    +3.36    +5.85     -0.61  OPEN
  M18b  neighbouring arrestor bodies outside (22.86 across at the 31 pitch)                                        1.00    +8.14    +7.30    +7.47     +7.30  MET
  M18c  outermost plug (west wall) to the setting legs' inner face in Y (the plug's X range covers the column's)   1.00    +8.40    +6.80    +7.41     +6.00  MET
  M4c   pack block's east face (X 178.65) to the entry plate's bottom screw heads (inner face X 184.51)            1.00    +5.86    +3.18    +4.18     +1.80  MET
  M21g  setting leg's column (X 180.17) to the entry plate's screw heads at |Y| 100 (X 184.51), in X               1.00    +4.34    +3.08    +3.70     +2.20  MET
  M11e  each entry-plate M4 (3.98) starts in its 5.0 wall hole: float against hole marking and tapped position     0.00    +0.51    +0.11    +0.19     -0.19  OPEN  (a condition)
  M11f  sealing washer's rubber face (8.0 across) covers its 5.0 wall hole, the screw anywhere in its float        0.00    +1.50    +0.92    +0.92     +0.92  MET  (a condition)
  M11d  entry-plate screw tips inside the plate's outer face (M4 x 12: nothing stands out under an arrestor)       0.00    +2.34    +0.43    +1.34     -0.83  OPEN  (a condition)
  M11g  entry-plate screws' thread engaged in the plate (at least two pitches, INFERRED)                           1.40    +3.66    +1.95    +2.68     +0.69  OPEN
  M17a  east bundle (two RG-316 high, 4.98) between the pack's top (Z 44.58) and the plugs' undersides (Z 54.0)    2.00    +4.44    +2.96    +3.56     +1.90  OPEN
  M17b  east cables under the next plug's body: the band's upper layer (the drop itself keeps 8.32)                1.00    +2.22    +1.00    +1.55     +0.20  OPEN
  M17g  east layering under 5G MAIN (3 passing): its own cable at its place, clear of the cable below it           0.00    -1.21    -2.43    -1.88     -3.23  OPEN  (a condition; best +0.00 for a reach of 13.58 or less or turned 26.5 degrees; the plug's reach and ferrule decide it)
  M17x  east bundle's inboard column under the plugs to B16's edge (X 165.0), axis at the plug's inner end         1.00    +3.89    -0.38    +2.12     -4.35  OPEN  (best +7.89 / +3.62 with the axis 4.0 from the end, met for 1.38 or more; the plug's axis and ferrule decide it)
  M17c  outermost east cable (|Y| 62) and its bundle (R 13.75) inboard of the legs' columns before them, in Y      0.00    +8.68    +1.56    +5.23     -2.34  OPEN  (a condition)
  M17d  east bundle (4.98 wide) in the lane, B16's edge (X 165.0) to the legs' columns (X 175.40): free width      2.00    +5.42    +3.44    +4.08     +1.94  OPEN
  M17e  east bundle going down beyond the leg: its inner face (|Y| 115.25) to the leg's outer face (|Y| 112.4)     1.00    +2.85    +1.47    +1.84     +0.47  OPEN
  M17f  east front bundle on the floor beside the dock strip's south edge (|Y| 113, gen_pcb_e.py:15)               0.00    +2.25    +0.75    +1.14     -0.75  OPEN  (a condition)
  M17w  west cables (leaving downward, axis within 4.0 of the plug's end) outboard of B16's edge                   1.00    +6.38    +2.11    +4.61     -1.86  OPEN

  70 rows: 35 MET, 35 OPEN, 0 NOT MET. 'worst x2' is the worst case with every allowance no source states (the case's, and the build's) taken twice; a row below its minimum there is OPEN (the review's rule of 26 Sep 2026, section 4, read by the session as a sensitivity test)
