edge_length: SI-001 schematic table, board B: k 6, slowest layer JLC06161H-3313 In2.Cu at 7.154 ps/mm, extent 530.0 mm; 888 signal net(s), 30 decided, 533 undecided, 325 declared slow or DC, 0 contradicted; of the decided 30 may be electrically long, 30 answered in the netlist and 0 layout-bound
  UNDECIDED    (no declaration)       UNKNOWN                8 net(s)
  UNDECIDED    *_ANT                  HIGH_SPEED_DIGITAL     4 net(s)
  LOW_SPEED_OR_DC *_BIAS                 LOW_SPEED_OR_DC        1 net(s)
  UNDECIDED    *_BOOT                 HIGH_SPEED_DIGITAL     6 net(s)
  LOW_SPEED_OR_DC *_BOOT?                LOW_SPEED_OR_DC        3 net(s)
  LOW_SPEED_OR_DC *_BSL                  LOW_SPEED_OR_DC        2 net(s)
  UNDECIDED    *_BST                  HIGH_SPEED_DIGITAL     8 net(s)
  LOW_SPEED_OR_DC *_CEC                  LOW_SPEED_OR_DC        5 net(s)
  LOW_SPEED_OR_DC *_CLKREQ_n             LOW_SPEED_OR_DC        9 net(s)
  LOW_SPEED_OR_DC *_COMP                 LOW_SPEED_OR_DC        6 net(s)
  LOW_SPEED_OR_DC *_COMPC                LOW_SPEED_OR_DC        6 net(s)
  LOW_SPEED_OR_DC *_CTRL                 LOW_SPEED_OR_DC        1 net(s)
  LOW_SPEED_OR_DC *_DEVSLP               LOW_SPEED_OR_DC        3 net(s)
  DECIDED      *_DM                   HIGH_SPEED_DIGITAL     7 net(s), 0.5 ns, critical 11.6 mm, 7 answered, 0 layout-bound
  DECIDED      *_DP                   HIGH_SPEED_DIGITAL     7 net(s), 0.5 ns, critical 11.6 mm, 7 answered, 0 layout-bound
  LOW_SPEED_OR_DC *_DVDT                 LOW_SPEED_OR_DC        2 net(s)
  LOW_SPEED_OR_DC *_EEPD                 LOW_SPEED_OR_DC        3 net(s)
  LOW_SPEED_OR_DC *_EN                   LOW_SPEED_OR_DC       14 net(s)
  LOW_SPEED_OR_DC *_EN?                  LOW_SPEED_OR_DC        8 net(s)
  LOW_SPEED_OR_DC *_FB                   LOW_SPEED_OR_DC       13 net(s)
  LOW_SPEED_OR_DC *_FLT                  LOW_SPEED_OR_DC        3 net(s)
  LOW_SPEED_OR_DC *_HPD                  LOW_SPEED_OR_DC        5 net(s)
  LOW_SPEED_OR_DC *_HPD_IN               LOW_SPEED_OR_DC        1 net(s)
  LOW_SPEED_OR_DC *_IEN                  LOW_SPEED_OR_DC        1 net(s)
  LOW_SPEED_OR_DC *_ILM                  LOW_SPEED_OR_DC        2 net(s)
  LOW_SPEED_OR_DC *_IREF                 LOW_SPEED_OR_DC        3 net(s)
  LOW_SPEED_OR_DC *_ISET                 LOW_SPEED_OR_DC        1 net(s)
  LOW_SPEED_OR_DC *_JTAGL                LOW_SPEED_OR_DC        3 net(s)
  LOW_SPEED_OR_DC *_LED_?                LOW_SPEED_OR_DC       10 net(s)
  LOW_SPEED_OR_DC *_OFF                  LOW_SPEED_OR_DC        1 net(s)
  LOW_SPEED_OR_DC *_ON                   LOW_SPEED_OR_DC        2 net(s)
  LOW_SPEED_OR_DC *_OVLO                 LOW_SPEED_OR_DC        2 net(s)
  LOW_SPEED_OR_DC *_PRSNT*               LOW_SPEED_OR_DC        3 net(s)
  LOW_SPEED_OR_DC *_PST?                 LOW_SPEED_OR_DC        6 net(s)
  LOW_SPEED_OR_DC *_PWROFF_n             LOW_SPEED_OR_DC        1 net(s)
  LOW_SPEED_OR_DC *_PWRPOL               LOW_SPEED_OR_DC        3 net(s)
  LOW_SPEED_OR_DC *_PWRSAV               LOW_SPEED_OR_DC        3 net(s)
  LOW_SPEED_OR_DC *_R?                   LOW_SPEED_OR_DC        4 net(s)
  LOW_SPEED_OR_DC *_RESET                LOW_SPEED_OR_DC        1 net(s)
  LOW_SPEED_OR_DC *_REXT                 LOW_SPEED_OR_DC        3 net(s)
  UNDECIDED    *_RF_IN                HIGH_SPEED_DIGITAL     1 net(s)
  UNDECIDED    *_RST                  CLOCKED_DIGITAL       10 net(s)
  LOW_SPEED_OR_DC *_RST?_n               LOW_SPEED_OR_DC        6 net(s)
  UNDECIDED    *_RST_n                CLOCKED_DIGITAL       11 net(s)
  LOW_SPEED_OR_DC *_RT                   LOW_SPEED_OR_DC        6 net(s)
  UNDECIDED    *_RXD                  CLOCKED_DIGITAL        4 net(s)
  UNDECIDED    *_RXD?                 CLOCKED_DIGITAL        1 net(s)
  LOW_SPEED_OR_DC *_RXEN                 LOW_SPEED_OR_DC        1 net(s)
  LOW_SPEED_OR_DC *_SLOTCLK              LOW_SPEED_OR_DC        3 net(s)
  LOW_SPEED_OR_DC *_SLOTIMP              LOW_SPEED_OR_DC        3 net(s)
  UNDECIDED    *_SMBCLK               CLOCKED_DIGITAL        3 net(s)
  UNDECIDED    *_SMBDAT               CLOCKED_DIGITAL        3 net(s)
  LOW_SPEED_OR_DC *_SMBUS_n              LOW_SPEED_OR_DC        3 net(s)
  LOW_SPEED_OR_DC *_SS                   LOW_SPEED_OR_DC        7 net(s)
  LOW_SPEED_OR_DC *_STATUS               LOW_SPEED_OR_DC        1 net(s)
  LOW_SPEED_OR_DC *_STRAP*               LOW_SPEED_OR_DC        1 net(s)
  UNDECIDED    *_SWCLK                CLOCKED_DIGITAL        3 net(s)
  UNDECIDED    *_SWDIO                CLOCKED_DIGITAL        3 net(s)
  UNDECIDED    *_TCKC                 CLOCKED_DIGITAL        2 net(s)
  LOW_SPEED_OR_DC *_TEST*                LOW_SPEED_OR_DC        9 net(s)
  UNDECIDED    *_TMSC                 CLOCKED_DIGITAL        2 net(s)
  UNDECIDED    *_TXD                  CLOCKED_DIGITAL        4 net(s)
  UNDECIDED    *_TXD?                 CLOCKED_DIGITAL        1 net(s)
  LOW_SPEED_OR_DC *_TXEN                 LOW_SPEED_OR_DC        1 net(s)
  LOW_SPEED_OR_DC *_VBUS                 LOW_SPEED_OR_DC        3 net(s)
  LOW_SPEED_OR_DC *_VCAP                 LOW_SPEED_OR_DC        3 net(s)
  LOW_SPEED_OR_DC *_W_DIS*               LOW_SPEED_OR_DC        5 net(s)
  UNDECIDED    *_XI                   HIGH_SPEED_DIGITAL     7 net(s)
  LOW_SPEED_OR_DC *_XMTG                 LOW_SPEED_OR_DC        1 net(s)
  UNDECIDED    *_XO                   HIGH_SPEED_DIGITAL     7 net(s)
  LOW_SPEED_OR_DC *_nLED                 LOW_SPEED_OR_DC        6 net(s)
  LOW_SPEED_OR_DC *_nRST                 LOW_SPEED_OR_DC        3 net(s)
  LOW_SPEED_OR_DC *_nWAKE                LOW_SPEED_OR_DC        3 net(s)
  UNDECIDED    BANK*_UP*              HIGH_SPEED_DIGITAL    18 net(s)
  UNDECIDED    BBM*                   CLOCKED_DIGITAL       18 net(s)
  UNDECIDED    BOB                    CLOCKED_DIGITAL        1 net(s)
  UNDECIDED    BOE*_n                 CLOCKED_DIGITAL        3 net(s)
  UNDECIDED    BSEL*                  CLOCKED_DIGITAL       21 net(s)
  LOW_SPEED_OR_DC BT_nDIS*               LOW_SPEED_OR_DC        6 net(s)
  UNDECIDED    CAN?_*                 CLOCKED_DIGITAL       10 net(s)
  UNDECIDED    CANT*                  CLOCKED_DIGITAL        2 net(s)
  UNDECIDED    CARD*_CLK_*            HIGH_SPEED_DIGITAL    12 net(s)
  UNDECIDED    CARD*_RX_*             HIGH_SPEED_DIGITAL    12 net(s)
  UNDECIDED    CARD*_TX_*             HIGH_SPEED_DIGITAL     6 net(s)
  LOW_SPEED_OR_DC CC?_F?                 LOW_SPEED_OR_DC        6 net(s)
  LOW_SPEED_OR_DC E*_CT                  LOW_SPEED_OR_DC        2 net(s)
  LOW_SPEED_OR_DC EMCON_HW               LOW_SPEED_OR_DC        1 net(s)
  LOW_SPEED_OR_DC EMCON_SUP              LOW_SPEED_OR_DC        1 net(s)
  LOW_SPEED_OR_DC EN33_S*                LOW_SPEED_OR_DC        3 net(s)
  UNDECIDED    ETH*_P*                HIGH_SPEED_DIGITAL    24 net(s)
  UNDECIDED    EXP_INT                CLOCKED_DIGITAL        1 net(s)
  LOW_SPEED_OR_DC EXP_SPARE*             LOW_SPEED_OR_DC       11 net(s)
  UNDECIDED    FAN_PWM*               CLOCKED_DIGITAL        3 net(s)
  UNDECIDED    FAN_TACHO*             CLOCKED_DIGITAL        3 net(s)
  LOW_SPEED_OR_DC GNSS_?V?               LOW_SPEED_OR_DC        1 net(s)
  UNDECIDED    GNSS_PPS*              CLOCKED_DIGITAL        4 net(s)
  UNDECIDED    HB*                    CLOCKED_DIGITAL        6 net(s)
  UNDECIDED    HDMI*_CK_*             HIGH_SPEED_DIGITAL    10 net(s)
  UNDECIDED    HDMI*_D*_*             HIGH_SPEED_DIGITAL    30 net(s)
  UNDECIDED    HDMI*_SCL              CLOCKED_DIGITAL        5 net(s)
  UNDECIDED    HDMI*_SDA              CLOCKED_DIGITAL        5 net(s)
  LOW_SPEED_OR_DC HDMI_SEL*              LOW_SPEED_OR_DC        2 net(s)
  UNDECIDED    HOST*_*                HIGH_SPEED_DIGITAL    36 net(s)
  UNDECIDED    HUB*_D*TX_*            HIGH_SPEED_DIGITAL     2 net(s)
  UNDECIDED    HUBRST*                CLOCKED_DIGITAL       21 net(s)
  UNDECIDED    IOC?_CAN*              CLOCKED_DIGITAL       12 net(s)
  LOW_SPEED_OR_DC KSZ_LED*               LOW_SPEED_OR_DC        4 net(s)
  LOW_SPEED_OR_DC LED_*                  LOW_SPEED_OR_DC       35 net(s)
  LOW_SPEED_OR_DC LIME_EN_A              LOW_SPEED_OR_DC        1 net(s)
  UNDECIDED    LIME_SS*               HIGH_SPEED_DIGITAL     4 net(s)
  LOW_SPEED_OR_DC MCT*                   LOW_SPEED_OR_DC        2 net(s)
  UNDECIDED    MUX*_A*                HIGH_SPEED_DIGITAL     6 net(s)
  UNDECIDED    NVME*_CLK_*            HIGH_SPEED_DIGITAL    12 net(s)
  UNDECIDED    NVME*_RX_*             HIGH_SPEED_DIGITAL    12 net(s)
  UNDECIDED    NVME*_TX_*             HIGH_SPEED_DIGITAL     6 net(s)
  UNDECIDED    PCIE*_CLK_*            HIGH_SPEED_DIGITAL     6 net(s)
  UNDECIDED    PCIE*_RCLK*            HIGH_SPEED_DIGITAL    18 net(s)
  UNDECIDED    PCIE*_RXSW_*           HIGH_SPEED_DIGITAL     6 net(s)
  UNDECIDED    PCIE*_RX_*             HIGH_SPEED_DIGITAL     6 net(s)
  UNDECIDED    PCIE*_TX_*             HIGH_SPEED_DIGITAL     6 net(s)
  LOW_SPEED_OR_DC PG?                    LOW_SPEED_OR_DC        3 net(s)
  LOW_SPEED_OR_DC PG?_S                  LOW_SPEED_OR_DC        3 net(s)
  LOW_SPEED_OR_DC PG?_n                  LOW_SPEED_OR_DC        3 net(s)
  LOW_SPEED_OR_DC PGSEL*                 LOW_SPEED_OR_DC        3 net(s)
  LOW_SPEED_OR_DC PI_*                   LOW_SPEED_OR_DC        8 net(s)
  LOW_SPEED_OR_DC Q?B                    LOW_SPEED_OR_DC        3 net(s)
  LOW_SPEED_OR_DC Q?C                    LOW_SPEED_OR_DC        3 net(s)
  LOW_SPEED_OR_DC RB_?V?                 LOW_SPEED_OR_DC        1 net(s)
  UNDECIDED    SCL*                   CLOCKED_DIGITAL        4 net(s)
  UNDECIDED    SDA*                   CLOCKED_DIGITAL        4 net(s)
  UNDECIDED    SEL*                   CLOCKED_DIGITAL       18 net(s)
  LOW_SPEED_OR_DC SHORE_INHIBIT          LOW_SPEED_OR_DC        1 net(s)
  UNDECIDED    SIM*_CLK               CLOCKED_DIGITAL        5 net(s)
  UNDECIDED    SIM*_IO                CLOCKED_DIGITAL        5 net(s)
  LOW_SPEED_OR_DC SIM*_VCC               LOW_SPEED_OR_DC        3 net(s)
  UNDECIDED    SPI*_*                 CLOCKED_DIGITAL        8 net(s)
  UNDECIDED    SW?_IN                 CLOCKED_DIGITAL        2 net(s)
  UNDECIDED    SW?_O?                 CLOCKED_DIGITAL        4 net(s)
  UNDECIDED    SWP*_*                 HIGH_SPEED_DIGITAL    32 net(s)
  LOW_SPEED_OR_DC TCT*                   LOW_SPEED_OR_DC        4 net(s)
  LOW_SPEED_OR_DC TR_APRS                LOW_SPEED_OR_DC        1 net(s)
  LOW_SPEED_OR_DC TX_INHIBIT_n           LOW_SPEED_OR_DC        1 net(s)
  UNDECIDED    UART*_*                CLOCKED_DIGITAL        6 net(s)
  DECIDED      USB_*_N                HIGH_SPEED_DIGITAL     5 net(s), 0.5 ns, critical 11.6 mm, 5 answered, 0 layout-bound
  DECIDED      USB_*_P                HIGH_SPEED_DIGITAL     5 net(s), 0.5 ns, critical 11.6 mm, 5 answered, 0 layout-bound
  DECIDED      USB_OTG_*              HIGH_SPEED_DIGITAL     6 net(s), 0.5 ns, critical 11.6 mm, 6 answered, 0 layout-bound
  UNDECIDED    W?A_CARD               HIGH_SPEED_DIGITAL     2 net(s)
  UNDECIDED    W?B_CARD               HIGH_SPEED_DIGITAL     2 net(s)
  LOW_SPEED_OR_DC WIFI_PRI               LOW_SPEED_OR_DC        1 net(s)
  LOW_SPEED_OR_DC WIFI_SEC               LOW_SPEED_OR_DC        1 net(s)
  LOW_SPEED_OR_DC WL_nDIS*               LOW_SPEED_OR_DC        6 net(s)
  UNDECIDED    WSEC_*                 CLOCKED_DIGITAL        6 net(s)
  LOW_SPEED_OR_DC ZB?_?V?                LOW_SPEED_OR_DC        2 net(s)
  LOW_SPEED_OR_DC ZEROIZE_HW             LOW_SPEED_OR_DC        1 net(s)
  LOW_SPEED_OR_DC nRPIBOOT*              LOW_SPEED_OR_DC        3 net(s)
verdict: edge_length            INCONCLUSIVE of 888 {"answered_nets": 30, "classes": 155, "contradicted_nets": 0, "decided_nets": 30, "layout_bound_nets": 0, "low_speed_nets": 325, "may_be_long_nets": 30, "signal_nets": 888, "undecided_nets": 533} | SI-001 at the schematic phase, from the committed netlist, the held documents and the declared stack: per class the edge rate and the document that states it (UNDECIDED where none does), the critical length l = t_r / (k t_pd) on the slowest layer of every stack the board may be drawn on, and whether the netlist carries an impedance target, a series termination or a declaration where a net may be electrically long. The routed lengths are the layout gate's (edge_length_routed). The table is edge_length.table.json beside this verdict. Session decisions of 26 September 2026: LOW_SPEED_OR_DC asked no edge, the first matching entry decides, the slowest layer of the declared and ruled stacks, the stripline bound, the corner-to-corner extent, the project file's class where the netlist says Default
exit 3
