M1 FROM THE REQUIREMENT SIDE (energy_architecture.py, MESHSAT-1357). PROTOTYPE DESIGN: nothing built, ordered
or measured. Every row is a MODEL result on energy_budget.py's September reference day (mean-day profile, efficiency
chain 0.8476, performance ratio 0.9417, cells at +20 C aged to 80 percent, the 3.00 V line with the 5 percent reserve),
both start hours; AI arithmetic, not a qualified review.

1. THE CONSUMPTION BUDGET THE MISSION STATES
   PS-IDLE-SPEC at the pack: 42.8 W PLAN; 24 h = 1027.2 Wh; 72 h = 3081.6 Wh; September sun-down 11.28 h = 482.8 Wh.
   One parallel string of the ruled cell (4S1P) delivers 32.94 Wh usable aged at +20 C at this load.

2. THE STORAGE FLOOR NO PANEL REMOVES (the hours the sun at the node stays under the load, summed as deficit)
   window           panel Wp   h below load     deficit Wh per day  node harvest Wh/day
   100 W (REQ-016)       200             16                  606.7                640.8
   100 W (REQ-016)       400             14                  564.3                834.4
   100 W (REQ-016)       800             14                  529.5                917.3
   100 W (REQ-016)      1500             12                  513.1                978.4
   100 W (REQ-016)     20000             12                  506.8               1023.9
   200 W                 200             16                  606.7                640.8
   200 W                 400             14                  564.3               1281.6
   200 W                 800             14                  529.5               1668.7
   200 W                1500             12                  513.1               1826.0
   200 W               20000             12                  506.8               2041.0
   300 W                 200             16                  606.7                640.8
   300 W                 400             14                  564.3               1281.6
   300 W                 800             14                  529.5               2255.2
   300 W                1500             12                  513.1               2620.3
   300 W               20000             12                  506.8               3058.1
   400 W                 200             16                  606.7                640.8
   400 W                 400             14                  564.3               1281.6
   400 W                 800             14                  529.5               2563.2
   400 W                1500             12                  513.1               3298.4
   400 W               20000             12                  506.8               4075.2
   no window             200             16                  606.7                640.8
   no window             400             14                  564.3               1281.6
   no window             800             14                  529.5               2563.2
   no window            1500             12                  513.1               4806.1
   no window           20000             12                  506.8              64081.1
   The day asks 1027.2 Wh; a combination whose harvest is under it cannot hold 72 h on any storage the pack can carry
   except by spending the pack across the days; the deficit is what storage must carry every night.

3. THE SMALLEST PACK THAT MEETS M1, per window and panel (4S x n_p of the 35E; both starts; +20 C; aged 80 percent)
   consumption 42.8 W, window 100 W (REQ-016):
     panel Wp   n_p   cells    usable Wh nominal Wh  cells kg cells L (box)    peak charge W
          100    59     236       2147.9     2845.8     11.80          5.30              0.0
          150    47     188       1711.1     2267.0      9.40          4.22             18.6
          200    38     152       1383.4     1832.9      7.60          3.41             38.3
          250    33     132       1201.4     1591.7      6.60          2.96             39.9
          300    30     120       1092.2     1447.0      6.00          2.69             39.9
          350    28     112       1019.4     1350.5      5.60          2.51             39.9
          400    27     108        983.0     1302.3      5.40          2.42             39.9
          450    26     104        946.6     1254.1      5.20          2.34             39.9
          500    25     100        910.1     1205.8      5.00          2.25             39.9
          550    24      96        873.7     1157.6      4.80          2.16             39.9
          600    23      92        837.3     1109.4      4.60          2.07             39.9
          650    23      92        837.3     1109.4      4.60          2.07             39.9
          700    23      92        837.3     1109.4      4.60          2.07             39.9
          750    22      88        800.9     1061.1      4.40          1.98             39.9
          800    22      88        800.9     1061.1      4.40          1.98             39.9
          850    22      88        800.9     1061.1      4.40          1.98             39.9
          900    21      84        764.5     1012.9      4.20          1.89             39.9
          950    21      84        764.5     1012.9      4.20          1.89             39.9
         1000    21      84        764.5     1012.9      4.20          1.89             39.9
         1050    21      84        764.5     1012.9      4.20          1.89             39.9
         1100    20      80        728.1      964.7      4.00          1.80             39.9
         1150    20      80        728.1      964.7      4.00          1.80             39.9
         1200    20      80        728.1      964.7      4.00          1.80             39.9
         1250    20      80        728.1      964.7      4.00          1.80             39.9
         1300    19      76        691.7      916.4      3.80          1.71             39.9
         1350    19      76        691.7      916.4      3.80          1.71             39.9
         1400    19      76        691.7      916.4      3.80          1.71             39.9
         1450    19      76        691.7      916.4      3.80          1.71             39.9
         1500    19      76        691.7      916.4      3.80          1.71             39.9

   consumption 42.8 W, window 200 W:
     panel Wp   n_p   cells    usable Wh nominal Wh  cells kg cells L (box)    peak charge W
          100    59     236       2147.9     2845.8     11.80          5.30              0.0
          150    47     188       1711.1     2267.0      9.40          4.22             18.6
          200    38     152       1383.4     1832.9      7.60          3.41             38.3
          250    29     116       1055.8     1398.8      5.80          2.60             58.1
          300    20      80        728.1      964.7      4.00          1.80             77.8
          350    16      64        582.5      771.7      3.20          1.44             97.5
          400    16      64        582.5      771.7      3.20          1.44            117.3
          450    16      64        582.5      771.7      3.20          1.44            120.4
          500    16      64        582.5      771.7      3.20          1.44            120.4
          550    16      64        582.5      771.7      3.20          1.44            120.4
          600    16      64        582.5      771.7      3.20          1.44            120.4
          650    15      60        546.1      723.5      3.00          1.35            120.4
          700    15      60        546.1      723.5      3.00          1.35            120.4
          750    15      60        546.1      723.5      3.00          1.35            120.4
          800    15      60        546.1      723.5      3.00          1.35            120.4
          850    15      60        546.1      723.5      3.00          1.35            120.4
          900    15      60        546.1      723.5      3.00          1.35            120.4
          950    15      60        546.1      723.5      3.00          1.35            120.4
         1000    15      60        546.1      723.5      3.00          1.35            120.4
         1050    15      60        546.1      723.5      3.00          1.35            120.4
         1100    15      60        546.1      723.5      3.00          1.35            120.4
         1150    15      60        546.1      723.5      3.00          1.35            120.4
         1200    15      60        546.1      723.5      3.00          1.35            120.4
         1250    15      60        546.1      723.5      3.00          1.35            120.4
         1300    15      60        546.1      723.5      3.00          1.35            120.4
         1350    15      60        546.1      723.5      3.00          1.35            120.4
         1400    15      60        546.1      723.5      3.00          1.35            120.4
         1450    15      60        546.1      723.5      3.00          1.35            120.4
         1500    15      60        546.1      723.5      3.00          1.35            120.4

   consumption 42.8 W, window 300 W:
     panel Wp   n_p   cells    usable Wh nominal Wh  cells kg cells L (box)    peak charge W
          100    59     236       2147.9     2845.8     11.80          5.30              0.0
          150    47     188       1711.1     2267.0      9.40          4.22             18.6
          200    38     152       1383.4     1832.9      7.60          3.41             38.3
          250    29     116       1055.8     1398.8      5.80          2.60             58.1
          300    20      80        728.1      964.7      4.00          1.80             77.8
          350    16      64        582.5      771.7      3.20          1.44             97.5
          400    16      64        582.5      771.7      3.20          1.44            117.3
          450    16      64        582.5      771.7      3.20          1.44            137.0
          500    16      64        582.5      771.7      3.20          1.44            155.2
          550    16      64        582.5      771.7      3.20          1.44            174.8
          600    16      64        582.5      771.7      3.20          1.44            188.1
          650    15      60        546.1      723.5      3.00          1.35            200.9
          700    15      60        546.1      723.5      3.00          1.35            200.9
          750    15      60        546.1      723.5      3.00          1.35            200.9
          800    15      60        546.1      723.5      3.00          1.35            200.9
          850    15      60        546.1      723.5      3.00          1.35            200.9
          900    15      60        546.1      723.5      3.00          1.35            200.9
          950    15      60        546.1      723.5      3.00          1.35            200.9
         1000    15      60        546.1      723.5      3.00          1.35            200.9
         1050    15      60        546.1      723.5      3.00          1.35            200.9
         1100    15      60        546.1      723.5      3.00          1.35            200.9
         1150    15      60        546.1      723.5      3.00          1.35            200.9
         1200    15      60        546.1      723.5      3.00          1.35            200.9
         1250    15      60        546.1      723.5      3.00          1.35            200.9
         1300    15      60        546.1      723.5      3.00          1.35            200.9
         1350    15      60        546.1      723.5      3.00          1.35            200.9
         1400    15      60        546.1      723.5      3.00          1.35            200.9
         1450    15      60        546.1      723.5      3.00          1.35            200.9
         1500    15      60        546.1      723.5      3.00          1.35            200.9

   consumption 42.8 W, window 400 W:
     panel Wp   n_p   cells    usable Wh nominal Wh  cells kg cells L (box)    peak charge W
          100    59     236       2147.9     2845.8     11.80          5.30              0.0
          150    47     188       1711.1     2267.0      9.40          4.22             18.6
          200    38     152       1383.4     1832.9      7.60          3.41             38.3
          250    29     116       1055.8     1398.8      5.80          2.60             58.1
          300    20      80        728.1      964.7      4.00          1.80             77.8
          350    16      64        582.5      771.7      3.20          1.44             97.5
          400    16      64        582.5      771.7      3.20          1.44            117.3
          450    16      64        582.5      771.7      3.20          1.44            137.0
          500    16      64        582.5      771.7      3.20          1.44            155.2
          550    16      64        582.5      771.7      3.20          1.44            174.8
          600    16      64        582.5      771.7      3.20          1.44            188.1
          650    15      60        546.1      723.5      3.00          1.35            207.1
          700    15      60        546.1      723.5      3.00          1.35            210.7
          750    15      60        546.1      723.5      3.00          1.35            210.7
          800    15      60        546.1      723.5      3.00          1.35            210.7
          850    15      60        546.1      723.5      3.00          1.35            210.7
          900    15      60        546.1      723.5      3.00          1.35            210.7
          950    15      60        546.1      723.5      3.00          1.35            210.7
         1000    15      60        546.1      723.5      3.00          1.35            210.7
         1050    15      60        546.1      723.5      3.00          1.35            210.7
         1100    15      60        546.1      723.5      3.00          1.35            210.7
         1150    15      60        546.1      723.5      3.00          1.35            210.7
         1200    15      60        546.1      723.5      3.00          1.35            210.7
         1250    15      60        546.1      723.5      3.00          1.35            210.7
         1300    15      60        546.1      723.5      3.00          1.35            210.7
         1350    15      60        546.1      723.5      3.00          1.35            210.7
         1400    15      60        546.1      723.5      3.00          1.35            210.7
         1450    15      60        546.1      723.5      3.00          1.35            210.7
         1500    15      60        546.1      723.5      3.00          1.35            210.7

   consumption 42.8 W, window no window:
     panel Wp   n_p   cells    usable Wh nominal Wh  cells kg cells L (box)    peak charge W
          100    59     236       2147.9     2845.8     11.80          5.30              0.0
          150    47     188       1711.1     2267.0      9.40          4.22             18.6
          200    38     152       1383.4     1832.9      7.60          3.41             38.3
          250    29     116       1055.8     1398.8      5.80          2.60             58.1
          300    20      80        728.1      964.7      4.00          1.80             77.8
          350    16      64        582.5      771.7      3.20          1.44             97.5
          400    16      64        582.5      771.7      3.20          1.44            117.3
          450    16      64        582.5      771.7      3.20          1.44            137.0
          500    16      64        582.5      771.7      3.20          1.44            155.2
          550    16      64        582.5      771.7      3.20          1.44            174.8
          600    16      64        582.5      771.7      3.20          1.44            188.1
          650    15      60        546.1      723.5      3.00          1.35            207.1
          700    15      60        546.1      723.5      3.00          1.35            210.7
          750    15      60        546.1      723.5      3.00          1.35            210.7
          800    15      60        546.1      723.5      3.00          1.35            210.7
          850    15      60        546.1      723.5      3.00          1.35            210.7
          900    15      60        546.1      723.5      3.00          1.35            210.7
          950    15      60        546.1      723.5      3.00          1.35            210.7
         1000    15      60        546.1      723.5      3.00          1.35            210.7
         1050    15      60        546.1      723.5      3.00          1.35            210.7
         1100    15      60        546.1      723.5      3.00          1.35            210.7
         1150    15      60        546.1      723.5      3.00          1.35            210.7
         1200    15      60        546.1      723.5      3.00          1.35            210.7
         1250    15      60        546.1      723.5      3.00          1.35            210.7
         1300    15      60        546.1      723.5      3.00          1.35            210.7
         1350    15      60        546.1      723.5      3.00          1.35            210.7
         1400    15      60        546.1      723.5      3.00          1.35            210.7
         1450    15      60        546.1      723.5      3.00          1.35            210.7
         1500    15      60        546.1      723.5      3.00          1.35            210.7

   consumption 40.0 W, window 100 W (REQ-016):
     panel Wp   n_p   cells    usable Wh nominal Wh  cells kg cells L (box)    peak charge W
          100    53     212       1929.5     2556.4     10.60          4.76              1.5
          150    42     168       1529.0     2025.8      8.40          3.77             21.2
          200    33     132       1201.4     1591.7      6.60          2.96             41.0
          250    28     112       1019.4     1350.5      5.60          2.51             42.5
          300    25     100        910.1     1205.8      5.00          2.25             42.5
          350    23      92        837.3     1109.4      4.60          2.07             42.5
          400    22      88        800.9     1061.1      4.40          1.98             42.5
          450    21      84        764.5     1012.9      4.20          1.89             42.5
          500    20      80        728.1      964.7      4.00          1.80             42.5
          550    19      76        691.7      916.4      3.80          1.71             42.5
          600    19      76        691.7      916.4      3.80          1.71             42.5
          650    18      72        655.3      868.2      3.60          1.62             42.5
          700    18      72        655.3      868.2      3.60          1.62             42.5
          750    18      72        655.3      868.2      3.60          1.62             42.5
          800    17      68        618.9      820.0      3.40          1.53             42.5
          850    17      68        618.9      820.0      3.40          1.53             42.5
          900    17      68        618.9      820.0      3.40          1.53             42.5
          950    17      68        618.9      820.0      3.40          1.53             42.5
         1000    16      64        582.5      771.7      3.20          1.44             42.5
         1050    16      64        582.5      771.7      3.20          1.44             42.5
         1100    16      64        582.5      771.7      3.20          1.44             42.5
         1150    16      64        582.5      771.7      3.20          1.44             42.5
         1200    15      60        546.1      723.5      3.00          1.35             42.5
         1250    15      60        546.1      723.5      3.00          1.35             42.5
         1300    15      60        546.1      723.5      3.00          1.35             42.5
         1350    15      60        546.1      723.5      3.00          1.35             42.5
         1400    14      56        509.7      675.3      2.80          1.26             42.5
         1450    14      56        509.7      675.3      2.80          1.26             42.5
         1500    14      56        509.7      675.3      2.80          1.26             42.5

   consumption 40.0 W, window 200 W:
     panel Wp   n_p   cells    usable Wh nominal Wh  cells kg cells L (box)    peak charge W
          100    53     212       1929.5     2556.4     10.60          4.76              1.5
          150    42     168       1529.0     2025.8      8.40          3.77             21.2
          200    33     132       1201.4     1591.7      6.60          2.96             41.0
          250    24      96        873.7     1157.6      4.80          2.16             60.7
          300    16      64        582.5      771.7      3.20          1.44             80.5
          350    15      60        546.1      723.5      3.00          1.35            100.2
          400    15      60        546.1      723.5      3.00          1.35            119.9
          450    15      60        546.1      723.5      3.00          1.35            123.0
          500    15      60        546.1      723.5      3.00          1.35            123.0
          550    15      60        546.1      723.5      3.00          1.35            123.0
          600    14      56        509.7      675.3      2.80          1.26            123.0
          650    14      56        509.7      675.3      2.80          1.26            123.0
          700    14      56        509.7      675.3      2.80          1.26            123.0
          750    14      56        509.7      675.3      2.80          1.26            123.0
          800    14      56        509.7      675.3      2.80          1.26            123.0
          850    14      56        509.7      675.3      2.80          1.26            123.0
          900    14      56        509.7      675.3      2.80          1.26            123.0
          950    14      56        509.7      675.3      2.80          1.26            123.0
         1000    14      56        509.7      675.3      2.80          1.26            123.0
         1050    14      56        509.7      675.3      2.80          1.26            123.0
         1100    14      56        509.7      675.3      2.80          1.26            123.0
         1150    14      56        509.7      675.3      2.80          1.26            123.0
         1200    14      56        509.7      675.3      2.80          1.26            123.0
         1250    14      56        509.7      675.3      2.80          1.26            123.0
         1300    14      56        509.7      675.3      2.80          1.26            123.0
         1350    14      56        509.7      675.3      2.80          1.26            123.0
         1400    14      56        509.7      675.3      2.80          1.26            123.0
         1450    14      56        509.7      675.3      2.80          1.26            123.0
         1500    14      56        509.7      675.3      2.80          1.26            123.0

   consumption 40.0 W, window 300 W:
     panel Wp   n_p   cells    usable Wh nominal Wh  cells kg cells L (box)    peak charge W
          100    53     212       1929.5     2556.4     10.60          4.76              1.5
          150    42     168       1529.0     2025.8      8.40          3.77             21.2
          200    33     132       1201.4     1591.7      6.60          2.96             41.0
          250    24      96        873.7     1157.6      4.80          2.16             60.7
          300    16      64        582.5      771.7      3.20          1.44             80.5
          350    15      60        546.1      723.5      3.00          1.35            100.2
          400    15      60        546.1      723.5      3.00          1.35            119.9
          450    15      60        546.1      723.5      3.00          1.35            138.2
          500    15      60        546.1      723.5      3.00          1.35            157.8
          550    15      60        546.1      723.5      3.00          1.35            171.7
          600    14      56        509.7      675.3      2.80          1.26            190.7
          650    14      56        509.7      675.3      2.80          1.26            196.7
          700    14      56        509.7      675.3      2.80          1.26            196.7
          750    14      56        509.7      675.3      2.80          1.26            196.7
          800    14      56        509.7      675.3      2.80          1.26            196.7
          850    14      56        509.7      675.3      2.80          1.26            196.7
          900    14      56        509.7      675.3      2.80          1.26            196.7
          950    14      56        509.7      675.3      2.80          1.26            196.7
         1000    14      56        509.7      675.3      2.80          1.26            196.7
         1050    14      56        509.7      675.3      2.80          1.26            196.7
         1100    14      56        509.7      675.3      2.80          1.26            196.7
         1150    14      56        509.7      675.3      2.80          1.26            196.7
         1200    14      56        509.7      675.3      2.80          1.26            196.7
         1250    14      56        509.7      675.3      2.80          1.26            196.7
         1300    14      56        509.7      675.3      2.80          1.26            196.7
         1350    14      56        509.7      675.3      2.80          1.26            196.7
         1400    14      56        509.7      675.3      2.80          1.26            196.7
         1450    14      56        509.7      675.3      2.80          1.26            196.7
         1500    14      56        509.7      675.3      2.80          1.26            196.7

   consumption 40.0 W, window 400 W:
     panel Wp   n_p   cells    usable Wh nominal Wh  cells kg cells L (box)    peak charge W
          100    53     212       1929.5     2556.4     10.60          4.76              1.5
          150    42     168       1529.0     2025.8      8.40          3.77             21.2
          200    33     132       1201.4     1591.7      6.60          2.96             41.0
          250    24      96        873.7     1157.6      4.80          2.16             60.7
          300    16      64        582.5      771.7      3.20          1.44             80.5
          350    15      60        546.1      723.5      3.00          1.35            100.2
          400    15      60        546.1      723.5      3.00          1.35            119.9
          450    15      60        546.1      723.5      3.00          1.35            138.2
          500    15      60        546.1      723.5      3.00          1.35            157.8
          550    15      60        546.1      723.5      3.00          1.35            171.7
          600    14      56        509.7      675.3      2.80          1.26            190.7
          650    14      56        509.7      675.3      2.80          1.26            196.7
          700    14      56        509.7      675.3      2.80          1.26            196.7
          750    14      56        509.7      675.3      2.80          1.26            196.7
          800    14      56        509.7      675.3      2.80          1.26            196.7
          850    14      56        509.7      675.3      2.80          1.26            196.7
          900    14      56        509.7      675.3      2.80          1.26            196.7
          950    14      56        509.7      675.3      2.80          1.26            196.7
         1000    14      56        509.7      675.3      2.80          1.26            196.7
         1050    14      56        509.7      675.3      2.80          1.26            196.7
         1100    14      56        509.7      675.3      2.80          1.26            196.7
         1150    14      56        509.7      675.3      2.80          1.26            196.7
         1200    14      56        509.7      675.3      2.80          1.26            196.7
         1250    14      56        509.7      675.3      2.80          1.26            196.7
         1300    14      56        509.7      675.3      2.80          1.26            196.7
         1350    14      56        509.7      675.3      2.80          1.26            196.7
         1400    14      56        509.7      675.3      2.80          1.26            196.7
         1450    14      56        509.7      675.3      2.80          1.26            196.7
         1500    14      56        509.7      675.3      2.80          1.26            196.7

   consumption 40.0 W, window no window:
     panel Wp   n_p   cells    usable Wh nominal Wh  cells kg cells L (box)    peak charge W
          100    53     212       1929.5     2556.4     10.60          4.76              1.5
          150    42     168       1529.0     2025.8      8.40          3.77             21.2
          200    33     132       1201.4     1591.7      6.60          2.96             41.0
          250    24      96        873.7     1157.6      4.80          2.16             60.7
          300    16      64        582.5      771.7      3.20          1.44             80.5
          350    15      60        546.1      723.5      3.00          1.35            100.2
          400    15      60        546.1      723.5      3.00          1.35            119.9
          450    15      60        546.1      723.5      3.00          1.35            138.2
          500    15      60        546.1      723.5      3.00          1.35            157.8
          550    15      60        546.1      723.5      3.00          1.35            171.7
          600    14      56        509.7      675.3      2.80          1.26            190.7
          650    14      56        509.7      675.3      2.80          1.26            196.7
          700    14      56        509.7      675.3      2.80          1.26            196.7
          750    14      56        509.7      675.3      2.80          1.26            196.7
          800    14      56        509.7      675.3      2.80          1.26            196.7
          850    14      56        509.7      675.3      2.80          1.26            196.7
          900    14      56        509.7      675.3      2.80          1.26            196.7
          950    14      56        509.7      675.3      2.80          1.26            196.7
         1000    14      56        509.7      675.3      2.80          1.26            196.7
         1050    14      56        509.7      675.3      2.80          1.26            196.7
         1100    14      56        509.7      675.3      2.80          1.26            196.7
         1150    14      56        509.7      675.3      2.80          1.26            196.7
         1200    14      56        509.7      675.3      2.80          1.26            196.7
         1250    14      56        509.7      675.3      2.80          1.26            196.7
         1300    14      56        509.7      675.3      2.80          1.26            196.7
         1350    14      56        509.7      675.3      2.80          1.26            196.7
         1400    14      56        509.7      675.3      2.80          1.26            196.7
         1450    14      56        509.7      675.3      2.80          1.26            196.7
         1500    14      56        509.7      675.3      2.80          1.26            196.7

   consumption 37.5 W, window 100 W (REQ-016):
     panel Wp   n_p   cells    usable Wh nominal Wh  cells kg cells L (box)    peak charge W
          100    48     192       1747.5     2315.2      9.60          4.31              3.9
          150    38     152       1383.4     1832.9      7.60          3.41             23.6
          200    29     116       1055.8     1398.8      5.80          2.60             43.3
          250    24      96        873.7     1157.6      4.80          2.16             44.9
          300    21      84        764.5     1012.9      4.20          1.89             44.9
          350    19      76        691.7      916.4      3.80          1.71             44.9
          400    18      72        655.3      868.2      3.60          1.62             44.9
          450    17      68        618.9      820.0      3.40          1.53             44.9
          500    16      64        582.5      771.7      3.20          1.44             44.9
          550    15      60        546.1      723.5      3.00          1.35             44.9
          600    15      60        546.1      723.5      3.00          1.35             44.9
          650    14      56        509.7      675.3      2.80          1.26             44.9
          700    14      56        509.7      675.3      2.80          1.26             44.9
          750    14      56        509.7      675.3      2.80          1.26             44.9
          800    13      52        473.3      627.0      2.60          1.17             44.9
          850    13      52        473.3      627.0      2.60          1.17             44.9
          900    13      52        473.3      627.0      2.60          1.17             44.9
          950    13      52        473.3      627.0      2.60          1.17             44.9
         1000    13      52        473.3      627.0      2.60          1.17             44.9
         1050    13      52        473.3      627.0      2.60          1.17             44.9
         1100    13      52        473.3      627.0      2.60          1.17             44.9
         1150    13      52        473.3      627.0      2.60          1.17             44.9
         1200    13      52        473.3      627.0      2.60          1.17             44.9
         1250    13      52        473.3      627.0      2.60          1.17             44.9
         1300    13      52        473.3      627.0      2.60          1.17             44.9
         1350    13      52        473.3      627.0      2.60          1.17             44.9
         1400    13      52        473.3      627.0      2.60          1.17             44.9
         1450    13      52        473.3      627.0      2.60          1.17             44.9
         1500    13      52        473.3      627.0      2.60          1.17             44.9

   consumption 37.5 W, window 200 W:
     panel Wp   n_p   cells    usable Wh nominal Wh  cells kg cells L (box)    peak charge W
          100    48     192       1747.5     2315.2      9.60          4.31              3.9
          150    38     152       1383.4     1832.9      7.60          3.41             23.6
          200    29     116       1055.8     1398.8      5.80          2.60             43.3
          250    20      80        728.1      964.7      4.00          1.80             63.1
          300    14      56        509.7      675.3      2.80          1.26             82.8
          350    14      56        509.7      675.3      2.80          1.26            102.6
          400    14      56        509.7      675.3      2.80          1.26            122.3
          450    14      56        509.7      675.3      2.80          1.26            125.4
          500    14      56        509.7      675.3      2.80          1.26            125.4
          550    14      56        509.7      675.3      2.80          1.26            125.4
          600    13      52        473.3      627.0      2.60          1.17            125.4
          650    13      52        473.3      627.0      2.60          1.17            125.4
          700    13      52        473.3      627.0      2.60          1.17            125.4
          750    13      52        473.3      627.0      2.60          1.17            125.4
          800    13      52        473.3      627.0      2.60          1.17            125.4
          850    13      52        473.3      627.0      2.60          1.17            125.4
          900    13      52        473.3      627.0      2.60          1.17            125.4
          950    13      52        473.3      627.0      2.60          1.17            125.4
         1000    13      52        473.3      627.0      2.60          1.17            125.4
         1050    13      52        473.3      627.0      2.60          1.17            125.4
         1100    13      52        473.3      627.0      2.60          1.17            125.4
         1150    13      52        473.3      627.0      2.60          1.17            125.4
         1200    13      52        473.3      627.0      2.60          1.17            125.4
         1250    13      52        473.3      627.0      2.60          1.17            125.4
         1300    13      52        473.3      627.0      2.60          1.17            125.4
         1350    13      52        473.3      627.0      2.60          1.17            125.4
         1400    13      52        473.3      627.0      2.60          1.17            125.4
         1450    13      52        473.3      627.0      2.60          1.17            125.4
         1500    13      52        473.3      627.0      2.60          1.17            125.4

   consumption 37.5 W, window 300 W:
     panel Wp   n_p   cells    usable Wh nominal Wh  cells kg cells L (box)    peak charge W
          100    48     192       1747.5     2315.2      9.60          4.31              3.9
          150    38     152       1383.4     1832.9      7.60          3.41             23.6
          200    29     116       1055.8     1398.8      5.80          2.60             43.3
          250    20      80        728.1      964.7      4.00          1.80             63.1
          300    14      56        509.7      675.3      2.80          1.26             82.8
          350    14      56        509.7      675.3      2.80          1.26            102.6
          400    14      56        509.7      675.3      2.80          1.26            122.3
          450    14      56        509.7      675.3      2.80          1.26            140.6
          500    14      56        509.7      675.3      2.80          1.26            160.2
          550    14      56        509.7      675.3      2.80          1.26            174.1
          600    13      52        473.3      627.0      2.60          1.17            182.6
          650    13      52        473.3      627.0      2.60          1.17            182.6
          700    13      52        473.3      627.0      2.60          1.17            182.6
          750    13      52        473.3      627.0      2.60          1.17            182.6
          800    13      52        473.3      627.0      2.60          1.17            182.6
          850    13      52        473.3      627.0      2.60          1.17            182.6
          900    13      52        473.3      627.0      2.60          1.17            182.6
          950    13      52        473.3      627.0      2.60          1.17            182.6
         1000    13      52        473.3      627.0      2.60          1.17            182.6
         1050    13      52        473.3      627.0      2.60          1.17            182.6
         1100    13      52        473.3      627.0      2.60          1.17            182.6
         1150    13      52        473.3      627.0      2.60          1.17            182.6
         1200    13      52        473.3      627.0      2.60          1.17            182.6
         1250    13      52        473.3      627.0      2.60          1.17            182.6
         1300    13      52        473.3      627.0      2.60          1.17            182.6
         1350    13      52        473.3      627.0      2.60          1.17            182.6
         1400    13      52        473.3      627.0      2.60          1.17            182.6
         1450    13      52        473.3      627.0      2.60          1.17            182.6
         1500    13      52        473.3      627.0      2.60          1.17            182.6

   consumption 37.5 W, window 400 W:
     panel Wp   n_p   cells    usable Wh nominal Wh  cells kg cells L (box)    peak charge W
          100    48     192       1747.5     2315.2      9.60          4.31              3.9
          150    38     152       1383.4     1832.9      7.60          3.41             23.6
          200    29     116       1055.8     1398.8      5.80          2.60             43.3
          250    20      80        728.1      964.7      4.00          1.80             63.1
          300    14      56        509.7      675.3      2.80          1.26             82.8
          350    14      56        509.7      675.3      2.80          1.26            102.6
          400    14      56        509.7      675.3      2.80          1.26            122.3
          450    14      56        509.7      675.3      2.80          1.26            140.6
          500    14      56        509.7      675.3      2.80          1.26            160.2
          550    14      56        509.7      675.3      2.80          1.26            174.1
          600    13      52        473.3      627.0      2.60          1.17            182.6
          650    13      52        473.3      627.0      2.60          1.17            182.6
          700    13      52        473.3      627.0      2.60          1.17            182.6
          750    13      52        473.3      627.0      2.60          1.17            182.6
          800    13      52        473.3      627.0      2.60          1.17            182.6
          850    13      52        473.3      627.0      2.60          1.17            182.6
          900    13      52        473.3      627.0      2.60          1.17            182.6
          950    13      52        473.3      627.0      2.60          1.17            182.6
         1000    13      52        473.3      627.0      2.60          1.17            182.6
         1050    13      52        473.3      627.0      2.60          1.17            182.6
         1100    13      52        473.3      627.0      2.60          1.17            182.6
         1150    13      52        473.3      627.0      2.60          1.17            182.6
         1200    13      52        473.3      627.0      2.60          1.17            182.6
         1250    13      52        473.3      627.0      2.60          1.17            182.6
         1300    13      52        473.3      627.0      2.60          1.17            182.6
         1350    13      52        473.3      627.0      2.60          1.17            182.6
         1400    13      52        473.3      627.0      2.60          1.17            182.6
         1450    13      52        473.3      627.0      2.60          1.17            182.6
         1500    13      52        473.3      627.0      2.60          1.17            182.6

   consumption 37.5 W, window no window:
     panel Wp   n_p   cells    usable Wh nominal Wh  cells kg cells L (box)    peak charge W
          100    48     192       1747.5     2315.2      9.60          4.31              3.9
          150    38     152       1383.4     1832.9      7.60          3.41             23.6
          200    29     116       1055.8     1398.8      5.80          2.60             43.3
          250    20      80        728.1      964.7      4.00          1.80             63.1
          300    14      56        509.7      675.3      2.80          1.26             82.8
          350    14      56        509.7      675.3      2.80          1.26            102.6
          400    14      56        509.7      675.3      2.80          1.26            122.3
          450    14      56        509.7      675.3      2.80          1.26            140.6
          500    14      56        509.7      675.3      2.80          1.26            160.2
          550    14      56        509.7      675.3      2.80          1.26            174.1
          600    13      52        473.3      627.0      2.60          1.17            182.6
          650    13      52        473.3      627.0      2.60          1.17            182.6
          700    13      52        473.3      627.0      2.60          1.17            182.6
          750    13      52        473.3      627.0      2.60          1.17            182.6
          800    13      52        473.3      627.0      2.60          1.17            182.6
          850    13      52        473.3      627.0      2.60          1.17            182.6
          900    13      52        473.3      627.0      2.60          1.17            182.6
          950    13      52        473.3      627.0      2.60          1.17            182.6
         1000    13      52        473.3      627.0      2.60          1.17            182.6
         1050    13      52        473.3      627.0      2.60          1.17            182.6
         1100    13      52        473.3      627.0      2.60          1.17            182.6
         1150    13      52        473.3      627.0      2.60          1.17            182.6
         1200    13      52        473.3      627.0      2.60          1.17            182.6
         1250    13      52        473.3      627.0      2.60          1.17            182.6
         1300    13      52        473.3      627.0      2.60          1.17            182.6
         1350    13      52        473.3      627.0      2.60          1.17            182.6
         1400    13      52        473.3      627.0      2.60          1.17            182.6
         1450    13      52        473.3      627.0      2.60          1.17            182.6
         1500    13      52        473.3      627.0      2.60          1.17            182.6

   consumption 35.0 W, window 100 W (REQ-016):
     panel Wp   n_p   cells    usable Wh nominal Wh  cells kg cells L (box)    peak charge W
          100    43     172       1565.4     2074.0      8.60          3.86              6.2
          150    33     132       1201.4     1591.7      6.60          2.96             26.0
          200    25     100        910.1     1205.8      5.00          2.25             45.7
          250    20      80        728.1      964.7      4.00          1.80             47.3
          300    17      68        618.9      820.0      3.40          1.53             47.3
          350    15      60        546.1      723.5      3.00          1.35             47.3
          400    14      56        509.7      675.3      2.80          1.26             47.3
          450    13      52        473.3      627.0      2.60          1.17             47.3
          500    13      52        473.3      627.0      2.60          1.17             47.3
          550    13      52        473.3      627.0      2.60          1.17             47.3
          600    13      52        473.3      627.0      2.60          1.17             47.3
          650    12      48        436.9      578.8      2.40          1.08             47.3
          700    12      48        436.9      578.8      2.40          1.08             47.3
          750    12      48        436.9      578.8      2.40          1.08             47.3
          800    12      48        436.9      578.8      2.40          1.08             47.3
          850    12      48        436.9      578.8      2.40          1.08             47.3
          900    12      48        436.9      578.8      2.40          1.08             47.3
          950    12      48        436.9      578.8      2.40          1.08             47.3
         1000    12      48        436.9      578.8      2.40          1.08             47.3
         1050    12      48        436.9      578.8      2.40          1.08             47.3
         1100    12      48        436.9      578.8      2.40          1.08             47.3
         1150    12      48        436.9      578.8      2.40          1.08             47.3
         1200    12      48        436.9      578.8      2.40          1.08             47.3
         1250    12      48        436.9      578.8      2.40          1.08             47.3
         1300    12      48        436.9      578.8      2.40          1.08             47.3
         1350    12      48        436.9      578.8      2.40          1.08             47.3
         1400    12      48        436.9      578.8      2.40          1.08             47.3
         1450    12      48        436.9      578.8      2.40          1.08             47.3
         1500    12      48        436.9      578.8      2.40          1.08             47.3

   consumption 35.0 W, window 200 W:
     panel Wp   n_p   cells    usable Wh nominal Wh  cells kg cells L (box)    peak charge W
          100    43     172       1565.4     2074.0      8.60          3.86              6.2
          150    33     132       1201.4     1591.7      6.60          2.96             26.0
          200    25     100        910.1     1205.8      5.00          2.25             45.7
          250    16      64        582.5      771.7      3.20          1.44             65.5
          300    13      52        473.3      627.0      2.60          1.17             85.2
          350    13      52        473.3      627.0      2.60          1.17            104.9
          400    13      52        473.3      627.0      2.60          1.17            123.4
          450    13      52        473.3      627.0      2.60          1.17            127.8
          500    13      52        473.3      627.0      2.60          1.17            127.8
          550    13      52        473.3      627.0      2.60          1.17            127.8
          600    13      52        473.3      627.0      2.60          1.17            127.8
          650    12      48        436.9      578.8      2.40          1.08            127.8
          700    12      48        436.9      578.8      2.40          1.08            127.8
          750    12      48        436.9      578.8      2.40          1.08            127.8
          800    12      48        436.9      578.8      2.40          1.08            127.8
          850    12      48        436.9      578.8      2.40          1.08            127.8
          900    12      48        436.9      578.8      2.40          1.08            127.8
          950    12      48        436.9      578.8      2.40          1.08            127.8
         1000    12      48        436.9      578.8      2.40          1.08            127.8
         1050    12      48        436.9      578.8      2.40          1.08            127.8
         1100    12      48        436.9      578.8      2.40          1.08            127.8
         1150    12      48        436.9      578.8      2.40          1.08            127.8
         1200    12      48        436.9      578.8      2.40          1.08            127.8
         1250    12      48        436.9      578.8      2.40          1.08            127.8
         1300    12      48        436.9      578.8      2.40          1.08            127.8
         1350    12      48        436.9      578.8      2.40          1.08            127.8
         1400    12      48        436.9      578.8      2.40          1.08            127.8
         1450    12      48        436.9      578.8      2.40          1.08            127.8
         1500    12      48        436.9      578.8      2.40          1.08            127.8

   consumption 35.0 W, window 300 W:
     panel Wp   n_p   cells    usable Wh nominal Wh  cells kg cells L (box)    peak charge W
          100    43     172       1565.4     2074.0      8.60          3.86              6.2
          150    33     132       1201.4     1591.7      6.60          2.96             26.0
          200    25     100        910.1     1205.8      5.00          2.25             45.7
          250    16      64        582.5      771.7      3.20          1.44             65.5
          300    13      52        473.3      627.0      2.60          1.17             85.2
          350    13      52        473.3      627.0      2.60          1.17            104.9
          400    13      52        473.3      627.0      2.60          1.17            123.4
          450    13      52        473.3      627.0      2.60          1.17            143.0
          500    13      52        473.3      627.0      2.60          1.17            157.4
          550    13      52        473.3      627.0      2.60          1.17            176.4
          600    13      52        473.3      627.0      2.60          1.17            182.6
          650    12      48        436.9      578.8      2.40          1.08            168.6
          700    12      48        436.9      578.8      2.40          1.08            168.6
          750    12      48        436.9      578.8      2.40          1.08            168.6
          800    12      48        436.9      578.8      2.40          1.08            168.6
          850    12      48        436.9      578.8      2.40          1.08            168.6
          900    12      48        436.9      578.8      2.40          1.08            168.6
          950    12      48        436.9      578.8      2.40          1.08            168.6
         1000    12      48        436.9      578.8      2.40          1.08            168.6
         1050    12      48        436.9      578.8      2.40          1.08            168.6
         1100    12      48        436.9      578.8      2.40          1.08            168.6
         1150    12      48        436.9      578.8      2.40          1.08            168.6
         1200    12      48        436.9      578.8      2.40          1.08            168.6
         1250    12      48        436.9      578.8      2.40          1.08            168.6
         1300    12      48        436.9      578.8      2.40          1.08            168.6
         1350    12      48        436.9      578.8      2.40          1.08            168.6
         1400    12      48        436.9      578.8      2.40          1.08            168.6
         1450    12      48        436.9      578.8      2.40          1.08            168.6
         1500    12      48        436.9      578.8      2.40          1.08            168.6

   consumption 35.0 W, window 400 W:
     panel Wp   n_p   cells    usable Wh nominal Wh  cells kg cells L (box)    peak charge W
          100    43     172       1565.4     2074.0      8.60          3.86              6.2
          150    33     132       1201.4     1591.7      6.60          2.96             26.0
          200    25     100        910.1     1205.8      5.00          2.25             45.7
          250    16      64        582.5      771.7      3.20          1.44             65.5
          300    13      52        473.3      627.0      2.60          1.17             85.2
          350    13      52        473.3      627.0      2.60          1.17            104.9
          400    13      52        473.3      627.0      2.60          1.17            123.4
          450    13      52        473.3      627.0      2.60          1.17            143.0
          500    13      52        473.3      627.0      2.60          1.17            157.4
          550    13      52        473.3      627.0      2.60          1.17            176.4
          600    13      52        473.3      627.0      2.60          1.17            182.6
          650    12      48        436.9      578.8      2.40          1.08            168.6
          700    12      48        436.9      578.8      2.40          1.08            168.6
          750    12      48        436.9      578.8      2.40          1.08            168.6
          800    12      48        436.9      578.8      2.40          1.08            168.6
          850    12      48        436.9      578.8      2.40          1.08            168.6
          900    12      48        436.9      578.8      2.40          1.08            168.6
          950    12      48        436.9      578.8      2.40          1.08            168.6
         1000    12      48        436.9      578.8      2.40          1.08            168.6
         1050    12      48        436.9      578.8      2.40          1.08            168.6
         1100    12      48        436.9      578.8      2.40          1.08            168.6
         1150    12      48        436.9      578.8      2.40          1.08            168.6
         1200    12      48        436.9      578.8      2.40          1.08            168.6
         1250    12      48        436.9      578.8      2.40          1.08            168.6
         1300    12      48        436.9      578.8      2.40          1.08            168.6
         1350    12      48        436.9      578.8      2.40          1.08            168.6
         1400    12      48        436.9      578.8      2.40          1.08            168.6
         1450    12      48        436.9      578.8      2.40          1.08            168.6
         1500    12      48        436.9      578.8      2.40          1.08            168.6

   consumption 35.0 W, window no window:
     panel Wp   n_p   cells    usable Wh nominal Wh  cells kg cells L (box)    peak charge W
          100    43     172       1565.4     2074.0      8.60          3.86              6.2
          150    33     132       1201.4     1591.7      6.60          2.96             26.0
          200    25     100        910.1     1205.8      5.00          2.25             45.7
          250    16      64        582.5      771.7      3.20          1.44             65.5
          300    13      52        473.3      627.0      2.60          1.17             85.2
          350    13      52        473.3      627.0      2.60          1.17            104.9
          400    13      52        473.3      627.0      2.60          1.17            123.4
          450    13      52        473.3      627.0      2.60          1.17            143.0
          500    13      52        473.3      627.0      2.60          1.17            157.4
          550    13      52        473.3      627.0      2.60          1.17            176.4
          600    13      52        473.3      627.0      2.60          1.17            182.6
          650    12      48        436.9      578.8      2.40          1.08            168.6
          700    12      48        436.9      578.8      2.40          1.08            168.6
          750    12      48        436.9      578.8      2.40          1.08            168.6
          800    12      48        436.9      578.8      2.40          1.08            168.6
          850    12      48        436.9      578.8      2.40          1.08            168.6
          900    12      48        436.9      578.8      2.40          1.08            168.6
          950    12      48        436.9      578.8      2.40          1.08            168.6
         1000    12      48        436.9      578.8      2.40          1.08            168.6
         1050    12      48        436.9      578.8      2.40          1.08            168.6
         1100    12      48        436.9      578.8      2.40          1.08            168.6
         1150    12      48        436.9      578.8      2.40          1.08            168.6
         1200    12      48        436.9      578.8      2.40          1.08            168.6
         1250    12      48        436.9      578.8      2.40          1.08            168.6
         1300    12      48        436.9      578.8      2.40          1.08            168.6
         1350    12      48        436.9      578.8      2.40          1.08            168.6
         1400    12      48        436.9      578.8      2.40          1.08            168.6
         1450    12      48        436.9      578.8      2.40          1.08            168.6
         1500    12      48        436.9      578.8      2.40          1.08            168.6

   consumption 30.0 W, window 100 W (REQ-016):
     panel Wp   n_p   cells    usable Wh nominal Wh  cells kg cells L (box)    peak charge W
          100    34     136       1237.8     1639.9      6.80          3.05             11.0
          150    25     100        910.1     1205.8      5.00          2.25             30.7
          200    16      64        582.5      771.7      3.20          1.44             50.5
          250    12      48        436.9      578.8      2.40          1.08             52.0
          300    11      44        400.5      530.6      2.20          0.99             52.0
          350    11      44        400.5      530.6      2.20          0.99             52.0
          400    11      44        400.5      530.6      2.20          0.99             52.0
          450    11      44        400.5      530.6      2.20          0.99             52.0
          500    11      44        400.5      530.6      2.20          0.99             52.0
          550    11      44        400.5      530.6      2.20          0.99             52.0
          600    11      44        400.5      530.6      2.20          0.99             52.0
          650    10      40        364.1      482.3      2.00          0.90             52.0
          700    10      40        364.1      482.3      2.00          0.90             52.0
          750    10      40        364.1      482.3      2.00          0.90             52.0
          800    10      40        364.1      482.3      2.00          0.90             52.0
          850    10      40        364.1      482.3      2.00          0.90             52.0
          900    10      40        364.1      482.3      2.00          0.90             52.0
          950    10      40        364.1      482.3      2.00          0.90             52.0
         1000    10      40        364.1      482.3      2.00          0.90             52.0
         1050    10      40        364.1      482.3      2.00          0.90             52.0
         1100    10      40        364.1      482.3      2.00          0.90             52.0
         1150    10      40        364.1      482.3      2.00          0.90             52.0
         1200    10      40        364.1      482.3      2.00          0.90             52.0
         1250    10      40        364.1      482.3      2.00          0.90             52.0
         1300    10      40        364.1      482.3      2.00          0.90             52.0
         1350    10      40        364.1      482.3      2.00          0.90             52.0
         1400    10      40        364.1      482.3      2.00          0.90             52.0
         1450    10      40        364.1      482.3      2.00          0.90             52.0
         1500    10      40        364.1      482.3      2.00          0.90             52.0

   consumption 30.0 W, window 200 W:
     panel Wp   n_p   cells    usable Wh nominal Wh  cells kg cells L (box)    peak charge W
          100    34     136       1237.8     1639.9      6.80          3.05             11.0
          150    25     100        910.1     1205.8      5.00          2.25             30.7
          200    16      64        582.5      771.7      3.20          1.44             50.5
          250    11      44        400.5      530.6      2.20          0.99             70.2
          300    11      44        400.5      530.6      2.20          0.99             90.0
          350    11      44        400.5      530.6      2.20          0.99            108.6
          400    11      44        400.5      530.6      2.20          0.99            128.2
          450    11      44        400.5      530.6      2.20          0.99            132.5
          500    11      44        400.5      530.6      2.20          0.99            132.5
          550    11      44        400.5      530.6      2.20          0.99            132.5
          600    11      44        400.5      530.6      2.20          0.99            132.5
          650    10      40        364.1      482.3      2.00          0.90            132.5
          700    10      40        364.1      482.3      2.00          0.90            132.5
          750    10      40        364.1      482.3      2.00          0.90            132.5
          800    10      40        364.1      482.3      2.00          0.90            132.5
          850    10      40        364.1      482.3      2.00          0.90            132.5
          900    10      40        364.1      482.3      2.00          0.90            132.5
          950    10      40        364.1      482.3      2.00          0.90            132.5
         1000    10      40        364.1      482.3      2.00          0.90            132.5
         1050    10      40        364.1      482.3      2.00          0.90            132.5
         1100    10      40        364.1      482.3      2.00          0.90            132.5
         1150    10      40        364.1      482.3      2.00          0.90            132.5
         1200    10      40        364.1      482.3      2.00          0.90            132.5
         1250    10      40        364.1      482.3      2.00          0.90            132.5
         1300    10      40        364.1      482.3      2.00          0.90            132.5
         1350    10      40        364.1      482.3      2.00          0.90            132.5
         1400    10      40        364.1      482.3      2.00          0.90            132.5
         1450    10      40        364.1      482.3      2.00          0.90            132.5
         1500    10      40        364.1      482.3      2.00          0.90            132.5

   consumption 30.0 W, window 300 W:
     panel Wp   n_p   cells    usable Wh nominal Wh  cells kg cells L (box)    peak charge W
          100    34     136       1237.8     1639.9      6.80          3.05             11.0
          150    25     100        910.1     1205.8      5.00          2.25             30.7
          200    16      64        582.5      771.7      3.20          1.44             50.5
          250    11      44        400.5      530.6      2.20          0.99             70.2
          300    11      44        400.5      530.6      2.20          0.99             90.0
          350    11      44        400.5      530.6      2.20          0.99            108.6
          400    11      44        400.5      530.6      2.20          0.99            128.2
          450    11      44        400.5      530.6      2.20          0.99            143.1
          500    11      44        400.5      530.6      2.20          0.99            154.5
          550    11      44        400.5      530.6      2.20          0.99            154.5
          600    11      44        400.5      530.6      2.20          0.99            154.5
          650    10      40        364.1      482.3      2.00          0.90            140.5
          700    10      40        364.1      482.3      2.00          0.90            140.5
          750    10      40        364.1      482.3      2.00          0.90            140.5
          800    10      40        364.1      482.3      2.00          0.90            140.5
          850    10      40        364.1      482.3      2.00          0.90            140.5
          900    10      40        364.1      482.3      2.00          0.90            140.5
          950    10      40        364.1      482.3      2.00          0.90            140.5
         1000    10      40        364.1      482.3      2.00          0.90            140.5
         1050    10      40        364.1      482.3      2.00          0.90            140.5
         1100    10      40        364.1      482.3      2.00          0.90            140.5
         1150    10      40        364.1      482.3      2.00          0.90            140.5
         1200    10      40        364.1      482.3      2.00          0.90            140.5
         1250    10      40        364.1      482.3      2.00          0.90            140.5
         1300    10      40        364.1      482.3      2.00          0.90            140.5
         1350    10      40        364.1      482.3      2.00          0.90            140.5
         1400    10      40        364.1      482.3      2.00          0.90            140.5
         1450    10      40        364.1      482.3      2.00          0.90            140.5
         1500    10      40        364.1      482.3      2.00          0.90            140.5

   consumption 30.0 W, window 400 W:
     panel Wp   n_p   cells    usable Wh nominal Wh  cells kg cells L (box)    peak charge W
          100    34     136       1237.8     1639.9      6.80          3.05             11.0
          150    25     100        910.1     1205.8      5.00          2.25             30.7
          200    16      64        582.5      771.7      3.20          1.44             50.5
          250    11      44        400.5      530.6      2.20          0.99             70.2
          300    11      44        400.5      530.6      2.20          0.99             90.0
          350    11      44        400.5      530.6      2.20          0.99            108.6
          400    11      44        400.5      530.6      2.20          0.99            128.2
          450    11      44        400.5      530.6      2.20          0.99            143.1
          500    11      44        400.5      530.6      2.20          0.99            154.5
          550    11      44        400.5      530.6      2.20          0.99            154.5
          600    11      44        400.5      530.6      2.20          0.99            154.5
          650    10      40        364.1      482.3      2.00          0.90            140.5
          700    10      40        364.1      482.3      2.00          0.90            140.5
          750    10      40        364.1      482.3      2.00          0.90            140.5
          800    10      40        364.1      482.3      2.00          0.90            140.5
          850    10      40        364.1      482.3      2.00          0.90            140.5
          900    10      40        364.1      482.3      2.00          0.90            140.5
          950    10      40        364.1      482.3      2.00          0.90            140.5
         1000    10      40        364.1      482.3      2.00          0.90            140.5
         1050    10      40        364.1      482.3      2.00          0.90            140.5
         1100    10      40        364.1      482.3      2.00          0.90            140.5
         1150    10      40        364.1      482.3      2.00          0.90            140.5
         1200    10      40        364.1      482.3      2.00          0.90            140.5
         1250    10      40        364.1      482.3      2.00          0.90            140.5
         1300    10      40        364.1      482.3      2.00          0.90            140.5
         1350    10      40        364.1      482.3      2.00          0.90            140.5
         1400    10      40        364.1      482.3      2.00          0.90            140.5
         1450    10      40        364.1      482.3      2.00          0.90            140.5
         1500    10      40        364.1      482.3      2.00          0.90            140.5

   consumption 30.0 W, window no window:
     panel Wp   n_p   cells    usable Wh nominal Wh  cells kg cells L (box)    peak charge W
          100    34     136       1237.8     1639.9      6.80          3.05             11.0
          150    25     100        910.1     1205.8      5.00          2.25             30.7
          200    16      64        582.5      771.7      3.20          1.44             50.5
          250    11      44        400.5      530.6      2.20          0.99             70.2
          300    11      44        400.5      530.6      2.20          0.99             90.0
          350    11      44        400.5      530.6      2.20          0.99            108.6
          400    11      44        400.5      530.6      2.20          0.99            128.2
          450    11      44        400.5      530.6      2.20          0.99            143.1
          500    11      44        400.5      530.6      2.20          0.99            154.5
          550    11      44        400.5      530.6      2.20          0.99            154.5
          600    11      44        400.5      530.6      2.20          0.99            154.5
          650    10      40        364.1      482.3      2.00          0.90            140.5
          700    10      40        364.1      482.3      2.00          0.90            140.5
          750    10      40        364.1      482.3      2.00          0.90            140.5
          800    10      40        364.1      482.3      2.00          0.90            140.5
          850    10      40        364.1      482.3      2.00          0.90            140.5
          900    10      40        364.1      482.3      2.00          0.90            140.5
          950    10      40        364.1      482.3      2.00          0.90            140.5
         1000    10      40        364.1      482.3      2.00          0.90            140.5
         1050    10      40        364.1      482.3      2.00          0.90            140.5
         1100    10      40        364.1      482.3      2.00          0.90            140.5
         1150    10      40        364.1      482.3      2.00          0.90            140.5
         1200    10      40        364.1      482.3      2.00          0.90            140.5
         1250    10      40        364.1      482.3      2.00          0.90            140.5
         1300    10      40        364.1      482.3      2.00          0.90            140.5
         1350    10      40        364.1      482.3      2.00          0.90            140.5
         1400    10      40        364.1      482.3      2.00          0.90            140.5
         1450    10      40        364.1      482.3      2.00          0.90            140.5
         1500    10      40        364.1      482.3      2.00          0.90            140.5

4. THE FRONTIER: the fewest cells that meet M1 for each consumption and window, and the panel that reaches it
   load W   window            panel Wp   n_p    usable Wh    peak charge W
   42.8     100 W (REQ-016)       1300    19        691.7             39.9
   42.8     200 W                  650    15        546.1            120.4
   42.8     300 W                  650    15        546.1            200.9
   42.8     400 W                  650    15        546.1            207.1
   42.8     no window              650    15        546.1            207.1
   40.0     100 W (REQ-016)       1400    14        509.7             42.5
   40.0     200 W                  600    14        509.7            123.0
   40.0     300 W                  600    14        509.7            190.7
   40.0     400 W                  600    14        509.7            190.7
   40.0     no window              600    14        509.7            190.7
   37.5     100 W (REQ-016)        800    13        473.3             44.9
   37.5     200 W                  600    13        473.3            125.4
   37.5     300 W                  600    13        473.3            182.6
   37.5     400 W                  600    13        473.3            182.6
   37.5     no window              600    13        473.3            182.6
   35.0     100 W (REQ-016)        650    12        436.9             47.3
   35.0     200 W                  650    12        436.9            127.8
   35.0     300 W                  650    12        436.9            168.6
   35.0     400 W                  650    12        436.9            168.6
   35.0     no window              650    12        436.9            168.6
   30.0     100 W (REQ-016)        650    10        364.1             52.0
   30.0     200 W                  650    10        364.1            132.5
   30.0     300 W                  650    10        364.1            140.5
   30.0     400 W                  650    10        364.1            140.5
   30.0     no window              650    10        364.1            140.5

5. SENSITIVITY OF ONE CANDIDATE (the cell temperature and the efficiency chain; window 300 W, 42.8 W)
   cells at +10.0 C, panel  400 Wp: smallest n_p 20
   cells at +10.0 C, panel  600 Wp: smallest n_p 19
   cells at +15.0 C, panel  400 Wp: smallest n_p 18
   cells at +15.0 C, panel  600 Wp: smallest n_p 17
   cells at +20.0 C, panel  400 Wp: smallest n_p 16
   cells at +20.0 C, panel  600 Wp: smallest n_p 16
   cells at +25.0 C, panel  400 Wp: smallest n_p 16
   cells at +25.0 C, panel  600 Wp: smallest n_p 16
   chain 0.7817 (low bracket), panel  400 Wp: smallest n_p 16
   chain 0.7817 (low bracket), panel  600 Wp: smallest n_p 16
   chain 0.9258 (high bracket), panel  400 Wp: smallest n_p 16
   chain 0.9258 (high bracket), panel  600 Wp: smallest n_p 15

6. THE CONSUMPTION BUDGET EACH STORAGE ALLOWS (the largest steady load that meets M1; both starts; +20 C)
   storage                    window      panel Wp largest load W
   4S3P, D-06 (one pocket)    100 W            400           9.11
   4S3P, D-06 (one pocket)    100 W            650           9.12
   4S3P, D-06 (one pocket)    100 W           1000           9.13
   4S3P, D-06 (one pocket)    200 W            400           9.11
   4S3P, D-06 (one pocket)    200 W            650           9.12
   4S3P, D-06 (one pocket)    200 W           1000           9.13
   4S3P, D-06 (one pocket)    300 W            400           9.11
   4S3P, D-06 (one pocket)    300 W            650           9.12
   4S3P, D-06 (one pocket)    300 W           1000           9.13
   4S6P, both base pockets    100 W            400          18.07
   4S6P, both base pockets    100 W            650          18.22
   4S6P, both base pockets    100 W           1000          18.23
   4S6P, both base pockets    200 W            400          18.07
   4S6P, both base pockets    200 W            650          18.22
   4S6P, both base pockets    200 W           1000          18.23
   4S6P, both base pockets    300 W            400          18.07
   4S6P, both base pockets    300 W            650          18.22
   4S6P, both base pockets    300 W           1000          18.23
   4S15P, base and lid        100 W            400          35.86
   4S15P, base and lid        100 W            650          38.28
   4S15P, base and lid        100 W           1000          39.50
   4S15P, base and lid        200 W            400          41.50
   4S15P, base and lid        200 W            650          43.05
   4S15P, base and lid        200 W           1000          45.18
   4S15P, base and lid        300 W            400          41.50
   4S15P, base and lid        300 W            650          43.05
   4S15P, base and lid        300 W           1000          45.18
   4S18P                      100 W            400          37.68
   4S18P                      100 W            650          40.10
   4S18P                      100 W           1000          41.35
   4S18P                      200 W            400          49.30
   4S18P                      200 W            650          50.85
   4S18P                      200 W           1000          53.03
   4S18P                      300 W            400          49.30
   4S18P                      300 W            650          50.85
   4S18P                      300 W           1000          53.03

7. THE CANDIDATE AND ITS MARGINS (4S15P and 4S16P at 42.8 W): lowest usable energy left over the 72 hours
   4S15P, window 200 W ,  400 Wp, cells +15.0 C: NOT MET, lowest     0.0 Wh, first stop [22, 11]
   4S15P, window 200 W ,  400 Wp, cells +20.0 C: NOT MET, lowest     0.0 Wh, first stop [24, 36]
   4S15P, window 200 W ,  650 Wp, cells +15.0 C: NOT MET, lowest     0.0 Wh, first stop [23, 11]
   4S15P, window 200 W ,  650 Wp, cells +20.0 C: MEETS, lowest     3.6 Wh, first stop [None, None]
   4S15P, window 200 W ,  800 Wp, cells +15.0 C: NOT MET, lowest     0.0 Wh, first stop [23, 11]
   4S15P, window 200 W ,  800 Wp, cells +20.0 C: MEETS, lowest    16.6 Wh, first stop [None, None]
   4S15P, window 300 W ,  400 Wp, cells +15.0 C: NOT MET, lowest     0.0 Wh, first stop [22, 11]
   4S15P, window 300 W ,  400 Wp, cells +20.0 C: NOT MET, lowest     0.0 Wh, first stop [24, 36]
   4S15P, window 300 W ,  650 Wp, cells +15.0 C: NOT MET, lowest     0.0 Wh, first stop [23, 11]
   4S15P, window 300 W ,  650 Wp, cells +20.0 C: MEETS, lowest     3.6 Wh, first stop [None, None]
   4S15P, window 300 W ,  800 Wp, cells +15.0 C: NOT MET, lowest     0.0 Wh, first stop [23, 11]
   4S15P, window 300 W ,  800 Wp, cells +20.0 C: MEETS, lowest    16.6 Wh, first stop [None, None]
   4S16P, window 200 W ,  400 Wp, cells +15.0 C: NOT MET, lowest     0.0 Wh, first stop [23, 12]
   4S16P, window 200 W ,  400 Wp, cells +20.0 C: MEETS, lowest    18.2 Wh, first stop [None, None]
   4S16P, window 200 W ,  650 Wp, cells +15.0 C: NOT MET, lowest     0.0 Wh, first stop [23, 12]
   4S16P, window 200 W ,  650 Wp, cells +20.0 C: MEETS, lowest    40.0 Wh, first stop [None, None]
   4S16P, window 200 W ,  800 Wp, cells +15.0 C: NOT MET, lowest     0.0 Wh, first stop [24, 36]
   4S16P, window 200 W ,  800 Wp, cells +20.0 C: MEETS, lowest    53.0 Wh, first stop [None, None]
   4S16P, window 300 W ,  400 Wp, cells +15.0 C: NOT MET, lowest     0.0 Wh, first stop [23, 12]
   4S16P, window 300 W ,  400 Wp, cells +20.0 C: MEETS, lowest    18.2 Wh, first stop [None, None]
   4S16P, window 300 W ,  650 Wp, cells +15.0 C: NOT MET, lowest     0.0 Wh, first stop [23, 12]
   4S16P, window 300 W ,  650 Wp, cells +20.0 C: MEETS, lowest    40.0 Wh, first stop [None, None]
   4S16P, window 300 W ,  800 Wp, cells +15.0 C: NOT MET, lowest     0.0 Wh, first stop [24, 36]
   4S16P, window 300 W ,  800 Wp, cells +20.0 C: MEETS, lowest    53.0 Wh, first stop [None, None]
   4S18P, window 200 W ,  400 Wp, cells +15.0 C: MEETS, lowest    26.8 Wh, first stop [None, None]
   4S18P, window 200 W ,  400 Wp, cells +20.0 C: MEETS, lowest    91.0 Wh, first stop [None, None]
   4S18P, window 200 W ,  650 Wp, cells +15.0 C: MEETS, lowest    48.6 Wh, first stop [None, None]
   4S18P, window 200 W ,  650 Wp, cells +20.0 C: MEETS, lowest   112.8 Wh, first stop [None, None]
   4S18P, window 200 W ,  800 Wp, cells +15.0 C: MEETS, lowest    61.7 Wh, first stop [None, None]
   4S18P, window 200 W ,  800 Wp, cells +20.0 C: MEETS, lowest   125.8 Wh, first stop [None, None]
   4S18P, window 300 W ,  400 Wp, cells +15.0 C: MEETS, lowest    26.8 Wh, first stop [None, None]
   4S18P, window 300 W ,  400 Wp, cells +20.0 C: MEETS, lowest    91.0 Wh, first stop [None, None]
   4S18P, window 300 W ,  650 Wp, cells +15.0 C: MEETS, lowest    48.6 Wh, first stop [None, None]
   4S18P, window 300 W ,  650 Wp, cells +20.0 C: MEETS, lowest   112.8 Wh, first stop [None, None]
   4S18P, window 300 W ,  800 Wp, cells +15.0 C: MEETS, lowest    61.7 Wh, first stop [None, None]
   4S18P, window 300 W ,  800 Wp, cells +20.0 C: MEETS, lowest   125.8 Wh, first stop [None, None]

8. THE 2.80 V LINE (a setting inside the cell's 2.65 V specification cut-off, section 6b), 42.8 W, +20 C
   window 200 W ,  400 Wp: smallest n_p with the 2.80 V line 16
   window 200 W ,  650 Wp: smallest n_p with the 2.80 V line 15
   window 300 W ,  400 Wp: smallest n_p with the 2.80 V line 16
   window 300 W ,  650 Wp: smallest n_p with the 2.80 V line 15

END. No combination on this page is a demonstration: each is the record's model on the reference day.
