2026-09-26 18:50:32.011 [main] INFO  Freerouting v1.9.0 (build-date: 2026-09-25)
2026-09-26 18:50:32.061 [main] INFO  Settings were loaded from freerouting.json
2026-09-26 18:50:33.082 [main] INFO  Opening 'out/routeflow/b-esc1/a8/run/S3/job.dsn'...
2026-09-26 18:50:33.457 [ForkJoinPool.commonPool-worker-1] INFO  New version available: v2.4.1
2026-09-26 18:50:37.136 [main] WARN  The normalization of net '/ETH2_P2_N' failed.
2026-09-26 18:50:37.179 [main] WARN  The normalization of net '/ETH3_P2_N' failed.
2026-09-26 18:50:37.388 [main] WARN  The normalization of net '/HOST3_1D_N' failed.
2026-09-26 18:50:37.485 [main] WARN  The normalization of net '/LIME_SSRX_P' failed.
2026-09-26 18:50:37.512 [main] WARN  The normalization of net '/LIME_SSTX_N' failed.
2026-09-26 18:50:37.611 [main] WARN  The normalization of net '/PCIE3_CLK_N' failed.
2026-09-26 18:50:37.826 [main] WARN  The normalization of net '/SWP4_C_N' failed.
2026-09-26 19:47:06.416 [Thread-39] INFO  Starting auto-routing...
WARNING: Runtime environment or build system does not support multi-release JARs. This will impact location-based features.
2026-09-26 19:47:08.142 [Thread-39] ERROR The normalization of net '/PCIE3_CLK_N' failed.
java.lang.Exception: We reached the maximum normalization depth (16).
	at app.freerouting.board.PolylineTrace.normalize(PolylineTrace.java:677) ~[freerouting-1.9.0-mesh.jar:unspecified]
	at app.freerouting.board.PolylineTrace.normalize(PolylineTrace.java:701) ~[freerouting-1.9.0-mesh.jar:unspecified]
	at app.freerouting.board.PolylineTrace.normalize(PolylineTrace.java:701) ~[freerouting-1.9.0-mesh.jar:unspecified]
	at app.freerouting.board.PolylineTrace.normalize(PolylineTrace.java:701) ~[freerouting-1.9.0-mesh.jar:unspecified]
	at app.freerouting.board.PolylineTrace.normalize(PolylineTrace.java:701) ~[freerouting-1.9.0-mesh.jar:unspecified]
	at app.freerouting.board.PolylineTrace.normalize(PolylineTrace.java:701) ~[freerouting-1.9.0-mesh.jar:unspecified]
	at app.freerouting.board.PolylineTrace.normalize(PolylineTrace.java:701) ~[freerouting-1.9.0-mesh.jar:unspecified]
	at app.freerouting.board.PolylineTrace.normalize(PolylineTrace.java:701) ~[freerouting-1.9.0-mesh.jar:unspecified]
	at app.freerouting.board.PolylineTrace.normalize(PolylineTrace.java:701) ~[freerouting-1.9.0-mesh.jar:unspecified]
	at app.freerouting.board.PolylineTrace.normalize(PolylineTrace.java:701) ~[freerouting-1.9.0-mesh.jar:unspecified]
	at app.freerouting.board.PolylineTrace.normalize(PolylineTrace.java:701) ~[freerouting-1.9.0-mesh.jar:unspecified]
	at app.freerouting.board.PolylineTrace.normalize(PolylineTrace.java:701) ~[freerouting-1.9.0-mesh.jar:unspecified]
	at app.freerouting.board.PolylineTrace.normalize(PolylineTrace.java:701) ~[freerouting-1.9.0-mesh.jar:unspecified]
	at app.freerouting.board.PolylineTrace.normalize(PolylineTrace.java:701) ~[freerouting-1.9.0-mesh.jar:unspecified]
	at app.freerouting.board.PolylineTrace.normalize(PolylineTrace.java:701) ~[freerouting-1.9.0-mesh.jar:unspecified]
	at app.freerouting.board.PolylineTrace.normalize(PolylineTrace.java:701) ~[freerouting-1.9.0-mesh.jar:unspecified]
	at app.freerouting.board.PolylineTrace.normalize(PolylineTrace.java:701) ~[freerouting-1.9.0-mesh.jar:unspecified]
	at app.freerouting.board.PolylineTrace.normalize(PolylineTrace.java:701) ~[freerouting-1.9.0-mesh.jar:unspecified]
	at app.freerouting.board.PolylineTrace.normalize(PolylineTrace.java:672) ~[freerouting-1.9.0-mesh.jar:unspecified]
	at app.freerouting.board.BasicBoard.normalize_traces(BasicBoard.java:897) ~[freerouting-1.9.0-mesh.jar:unspecified]
	at app.freerouting.autoroute.InsertFoundConnectionAlgo.get_instance(InsertFoundConnectionAlgo.java:80) [freerouting-1.9.0-mesh.jar:unspecified]
	at app.freerouting.autoroute.AutorouteEngine.autoroute_connection(AutorouteEngine.java:195) [freerouting-1.9.0-mesh.jar:unspecified]
	at app.freerouting.autoroute.BatchAutorouter.autoroute_item(BatchAutorouter.java:449) [freerouting-1.9.0-mesh.jar:unspecified]
	at app.freerouting.autoroute.BatchAutorouter.autoroute_pass(BatchAutorouter.java:323) [freerouting-1.9.0-mesh.jar:unspecified]
	at app.freerouting.autoroute.BatchAutorouter.autoroute_passes(BatchAutorouter.java:173) [freerouting-1.9.0-mesh.jar:unspecified]
	at app.freerouting.interactive.BatchAutorouterThread.thread_action(BatchAutorouterThread.java:90) [freerouting-1.9.0-mesh.jar:unspecified]
	at app.freerouting.interactive.InteractiveActionThread.run(InteractiveActionThread.java:56) [freerouting-1.9.0-mesh.jar:unspecified]
2026-09-26 19:47:08.142 [Thread-39] ERROR The normalization of net '/PCIE3_CLK_N' failed.
java.lang.Exception: We reached the maximum normalization depth (16).
	at app.freerouting.board.PolylineTrace.normalize(PolylineTrace.java:677) ~[freerouting-1.9.0-mesh.jar:unspecified]
	at app.freerouting.board.PolylineTrace.normalize(PolylineTrace.java:701) ~[freerouting-1.9.0-mesh.jar:unspecified]
	at app.freerouting.board.PolylineTrace.normalize(PolylineTrace.java:701) ~[freerouting-1.9.0-mesh.jar:unspecified]
	at app.freerouting.board.PolylineTrace.normalize(PolylineTrace.java:701) ~[freerouting-1.9.0-mesh.jar:unspecified]
	at app.freerouting.board.PolylineTrace.normalize(PolylineTrace.java:701) ~[freerouting-1.9.0-mesh.jar:unspecified]
	at app.freerouting.board.PolylineTrace.normalize(PolylineTrace.java:701) ~[freerouting-1.9.0-mesh.jar:unspecified]
	at app.freerouting.board.PolylineTrace.normalize(PolylineTrace.java:701) ~[freerouting-1.9.0-mesh.jar:unspecified]
	at app.freerouting.board.PolylineTrace.normalize(PolylineTrace.java:701) ~[freerouting-1.9.0-mesh.jar:unspecified]
	at app.freerouting.board.PolylineTrace.normalize(PolylineTrace.java:701) ~[freerouting-1.9.0-mesh.jar:unspecified]
	at app.freerouting.board.PolylineTrace.normalize(PolylineTrace.java:701) ~[freerouting-1.9.0-mesh.jar:unspecified]
	at app.freerouting.board.PolylineTrace.normalize(PolylineTrace.java:701) ~[freerouting-1.9.0-mesh.jar:unspecified]
	at app.freerouting.board.PolylineTrace.normalize(PolylineTrace.java:701) ~[freerouting-1.9.0-mesh.jar:unspecified]
	at app.freerouting.board.PolylineTrace.normalize(PolylineTrace.java:701) ~[freerouting-1.9.0-mesh.jar:unspecified]
	at app.freerouting.board.PolylineTrace.normalize(PolylineTrace.java:701) ~[freerouting-1.9.0-mesh.jar:unspecified]
	at app.freerouting.board.PolylineTrace.normalize(PolylineTrace.java:701) ~[freerouting-1.9.0-mesh.jar:unspecified]
	at app.freerouting.board.PolylineTrace.normalize(PolylineTrace.java:701) ~[freerouting-1.9.0-mesh.jar:unspecified]
	at app.freerouting.board.PolylineTrace.normalize(PolylineTrace.java:701) ~[freerouting-1.9.0-mesh.jar:unspecified]
	at app.freerouting.board.PolylineTrace.normalize(PolylineTrace.java:701) ~[freerouting-1.9.0-mesh.jar:unspecified]
	at app.freerouting.board.PolylineTrace.normalize(PolylineTrace.java:672) ~[freerouting-1.9.0-mesh.jar:unspecified]
	at app.freerouting.board.BasicBoard.normalize_traces(BasicBoard.java:897) ~[freerouting-1.9.0-mesh.jar:unspecified]
	at app.freerouting.autoroute.InsertFoundConnectionAlgo.get_instance(InsertFoundConnectionAlgo.java:80) [freerouting-1.9.0-mesh.jar:unspecified]
	at app.freerouting.autoroute.AutorouteEngine.autoroute_connection(AutorouteEngine.java:195) [freerouting-1.9.0-mesh.jar:unspecified]
	at app.freerouting.autoroute.BatchAutorouter.autoroute_item(BatchAutorouter.java:449) [freerouting-1.9.0-mesh.jar:unspecified]
	at app.freerouting.autoroute.BatchAutorouter.autoroute_pass(BatchAutorouter.java:323) [freerouting-1.9.0-mesh.jar:unspecified]
	at app.freerouting.autoroute.BatchAutorouter.autoroute_passes(BatchAutorouter.java:173) [freerouting-1.9.0-mesh.jar:unspecified]
	at app.freerouting.interactive.BatchAutorouterThread.thread_action(BatchAutorouterThread.java:90) [freerouting-1.9.0-mesh.jar:unspecified]
	at app.freerouting.interactive.InteractiveActionThread.run(InteractiveActionThread.java:56) [freerouting-1.9.0-mesh.jar:unspecified]
2026-09-26 19:47:17.460 [Thread-39] ERROR The normalization of net '/PCIE3_CLK_N' failed.
java.lang.Exception: We reached the maximum normalization depth (16).
	at app.freerouting.board.PolylineTrace.normalize(PolylineTrace.java:677) ~[freerouting-1.9.0-mesh.jar:unspecified]
	at app.freerouting.board.PolylineTrace.normalize(PolylineTrace.java:701) ~[freerouting-1.9.0-mesh.jar:unspecified]
	at app.freerouting.board.PolylineTrace.normalize(PolylineTrace.java:701) ~[freerouting-1.9.0-mesh.jar:unspecified]
	at app.freerouting.board.PolylineTrace.normalize(PolylineTrace.java:701) ~[freerouting-1.9.0-mesh.jar:unspecified]
	at app.freerouting.board.PolylineTrace.normalize(PolylineTrace.java:701) ~[freerouting-1.9.0-mesh.jar:unspecified]
	at app.freerouting.board.PolylineTrace.normalize(PolylineTrace.java:701) ~[freerouting-1.9.0-mesh.jar:unspecified]
	at app.freerouting.board.PolylineTrace.normalize(PolylineTrace.java:701) ~[freerouting-1.9.0-mesh.jar:unspecified]
	at app.freerouting.board.PolylineTrace.normalize(PolylineTrace.java:701) ~[freerouting-1.9.0-mesh.jar:unspecified]
	at app.freerouting.board.PolylineTrace.normalize(PolylineTrace.java:701) ~[freerouting-1.9.0-mesh.jar:unspecified]
	at app.freerouting.board.PolylineTrace.normalize(PolylineTrace.java:701) ~[freerouting-1.9.0-mesh.jar:unspecified]
	at app.freerouting.board.PolylineTrace.normalize(PolylineTrace.java:701) ~[freerouting-1.9.0-mesh.jar:unspecified]
	at app.freerouting.board.PolylineTrace.normalize(PolylineTrace.java:701) ~[freerouting-1.9.0-mesh.jar:unspecified]
	at app.freerouting.board.PolylineTrace.normalize(PolylineTrace.java:701) ~[freerouting-1.9.0-mesh.jar:unspecified]
	at app.freerouting.board.PolylineTrace.normalize(PolylineTrace.java:701) ~[freerouting-1.9.0-mesh.jar:unspecified]
	at app.freerouting.board.PolylineTrace.normalize(PolylineTrace.java:701) ~[freerouting-1.9.0-mesh.jar:unspecified]
	at app.freerouting.board.PolylineTrace.normalize(PolylineTrace.java:701) ~[freerouting-1.9.0-mesh.jar:unspecified]
	at app.freerouting.board.PolylineTrace.normalize(PolylineTrace.java:701) ~[freerouting-1.9.0-mesh.jar:unspecified]
	at app.freerouting.board.PolylineTrace.normalize(PolylineTrace.java:701) ~[freerouting-1.9.0-mesh.jar:unspecified]
	at app.freerouting.board.PolylineTrace.normalize(PolylineTrace.java:672) ~[freerouting-1.9.0-mesh.jar:unspecified]
	at app.freerouting.board.BasicBoard.normalize_traces(BasicBoard.java:897) ~[freerouting-1.9.0-mesh.jar:unspecified]
	at app.freerouting.autoroute.InsertFoundConnectionAlgo.get_instance(InsertFoundConnectionAlgo.java:80) [freerouting-1.9.0-mesh.jar:unspecified]
	at app.freerouting.autoroute.AutorouteEngine.autoroute_connection(AutorouteEngine.java:195) [freerouting-1.9.0-mesh.jar:unspecified]
	at app.freerouting.autoroute.BatchAutorouter.autoroute_item(BatchAutorouter.java:449) [freerouting-1.9.0-mesh.jar:unspecified]
	at app.freerouting.autoroute.BatchAutorouter.autoroute_pass(BatchAutorouter.java:323) [freerouting-1.9.0-mesh.jar:unspecified]
	at app.freerouting.autoroute.BatchAutorouter.autoroute_passes(BatchAutorouter.java:173) [freerouting-1.9.0-mesh.jar:unspecified]
	at app.freerouting.interactive.BatchAutorouterThread.thread_action(BatchAutorouterThread.java:90) [freerouting-1.9.0-mesh.jar:unspecified]
	at app.freerouting.interactive.InteractiveActionThread.run(InteractiveActionThread.java:56) [freerouting-1.9.0-mesh.jar:unspecified]
2026-09-26 19:47:17.460 [Thread-39] ERROR The normalization of net '/PCIE3_CLK_N' failed.
java.lang.Exception: We reached the maximum normalization depth (16).
	at app.freerouting.board.PolylineTrace.normalize(PolylineTrace.java:677) ~[freerouting-1.9.0-mesh.jar:unspecified]
	at app.freerouting.board.PolylineTrace.normalize(PolylineTrace.java:701) ~[freerouting-1.9.0-mesh.jar:unspecified]
	at app.freerouting.board.PolylineTrace.normalize(PolylineTrace.java:701) ~[freerouting-1.9.0-mesh.jar:unspecified]
	at app.freerouting.board.PolylineTrace.normalize(PolylineTrace.java:701) ~[freerouting-1.9.0-mesh.jar:unspecified]
	at app.freerouting.board.PolylineTrace.normalize(PolylineTrace.java:701) ~[freerouting-1.9.0-mesh.jar:unspecified]
	at app.freerouting.board.PolylineTrace.normalize(PolylineTrace.java:701) ~[freerouting-1.9.0-mesh.jar:unspecified]
	at app.freerouting.board.PolylineTrace.normalize(PolylineTrace.java:701) ~[freerouting-1.9.0-mesh.jar:unspecified]
	at app.freerouting.board.PolylineTrace.normalize(PolylineTrace.java:701) ~[freerouting-1.9.0-mesh.jar:unspecified]
	at app.freerouting.board.PolylineTrace.normalize(PolylineTrace.java:701) ~[freerouting-1.9.0-mesh.jar:unspecified]
	at app.freerouting.board.PolylineTrace.normalize(PolylineTrace.java:701) ~[freerouting-1.9.0-mesh.jar:unspecified]
	at app.freerouting.board.PolylineTrace.normalize(PolylineTrace.java:701) ~[freerouting-1.9.0-mesh.jar:unspecified]
	at app.freerouting.board.PolylineTrace.normalize(PolylineTrace.java:701) ~[freerouting-1.9.0-mesh.jar:unspecified]
	at app.freerouting.board.PolylineTrace.normalize(PolylineTrace.java:701) ~[freerouting-1.9.0-mesh.jar:unspecified]
	at app.freerouting.board.PolylineTrace.normalize(PolylineTrace.java:701) ~[freerouting-1.9.0-mesh.jar:unspecified]
	at app.freerouting.board.PolylineTrace.normalize(PolylineTrace.java:701) ~[freerouting-1.9.0-mesh.jar:unspecified]
	at app.freerouting.board.PolylineTrace.normalize(PolylineTrace.java:701) ~[freerouting-1.9.0-mesh.jar:unspecified]
	at app.freerouting.board.PolylineTrace.normalize(PolylineTrace.java:701) ~[freerouting-1.9.0-mesh.jar:unspecified]
	at app.freerouting.board.PolylineTrace.normalize(PolylineTrace.java:701) ~[freerouting-1.9.0-mesh.jar:unspecified]
	at app.freerouting.board.PolylineTrace.normalize(PolylineTrace.java:672) ~[freerouting-1.9.0-mesh.jar:unspecified]
	at app.freerouting.board.BasicBoard.normalize_traces(BasicBoard.java:897) ~[freerouting-1.9.0-mesh.jar:unspecified]
	at app.freerouting.autoroute.InsertFoundConnectionAlgo.get_instance(InsertFoundConnectionAlgo.java:80) [freerouting-1.9.0-mesh.jar:unspecified]
	at app.freerouting.autoroute.AutorouteEngine.autoroute_connection(AutorouteEngine.java:195) [freerouting-1.9.0-mesh.jar:unspecified]
	at app.freerouting.autoroute.BatchAutorouter.autoroute_item(BatchAutorouter.java:449) [freerouting-1.9.0-mesh.jar:unspecified]
	at app.freerouting.autoroute.BatchAutorouter.autoroute_pass(BatchAutorouter.java:323) [freerouting-1.9.0-mesh.jar:unspecified]
	at app.freerouting.autoroute.BatchAutorouter.autoroute_passes(BatchAutorouter.java:173) [freerouting-1.9.0-mesh.jar:unspecified]
	at app.freerouting.interactive.BatchAutorouterThread.thread_action(BatchAutorouterThread.java:90) [freerouting-1.9.0-mesh.jar:unspecified]
	at app.freerouting.interactive.InteractiveActionThread.run(InteractiveActionThread.java:56) [freerouting-1.9.0-mesh.jar:unspecified]
2026-09-26 19:47:50.418 [Thread-39] WARN  FloatLine: Parameter is null
2026-09-26 19:47:50.423 [Thread-39] WARN  FloatLine: Parameter is null
2026-09-26 19:54:12.527 [Thread-39] INFO  MeshSat: session written after pass 1 to out/routeflow/b-esc1/a8/run/S3/route.ses
2026-09-26 20:01:55.613 [Thread-39] INFO  MeshSat: session written after pass 2 to out/routeflow/b-esc1/a8/run/S3/route.ses
2026-09-26 20:09:19.586 [Thread-39] INFO  MeshSat: session written after pass 3 to out/routeflow/b-esc1/a8/run/S3/route.ses
2026-09-26 20:15:32.552 [Thread-39] INFO  MeshSat: session written after pass 4 to out/routeflow/b-esc1/a8/run/S3/route.ses
2026-09-26 20:21:36.960 [Thread-39] INFO  MeshSat: session written after pass 5 to out/routeflow/b-esc1/a8/run/S3/route.ses
2026-09-26 20:27:03.509 [Thread-39] INFO  MeshSat: session written after pass 6 to out/routeflow/b-esc1/a8/run/S3/route.ses
2026-09-26 20:32:36.431 [Thread-39] INFO  MeshSat: session written after pass 7 to out/routeflow/b-esc1/a8/run/S3/route.ses
2026-09-26 20:38:30.369 [Thread-39] INFO  MeshSat: session written after pass 8 to out/routeflow/b-esc1/a8/run/S3/route.ses
2026-09-26 20:44:27.992 [Thread-39] INFO  MeshSat: session written after pass 9 to out/routeflow/b-esc1/a8/run/S3/route.ses
2026-09-26 20:49:47.018 [Thread-39] INFO  MeshSat: session written after pass 10 to out/routeflow/b-esc1/a8/run/S3/route.ses
2026-09-26 20:54:46.626 [Thread-39] INFO  MeshSat: session written after pass 11 to out/routeflow/b-esc1/a8/run/S3/route.ses
2026-09-26 21:00:06.683 [Thread-39] INFO  MeshSat: session written after pass 12 to out/routeflow/b-esc1/a8/run/S3/route.ses
2026-09-26 21:05:59.858 [Thread-39] INFO  MeshSat: session written after pass 13 to out/routeflow/b-esc1/a8/run/S3/route.ses
2026-09-26 21:11:40.023 [Thread-39] INFO  MeshSat: session written after pass 14 to out/routeflow/b-esc1/a8/run/S3/route.ses
