retake_schematic_phase: IN PLACE (each board's phase directory out/); verdicts to <phase>/out
  T=/root/int7/rtk/v2/ecad/tools  E=/root/int7/rtk/v2/ecad  (every command: cd <cwd>; VERDICT_DIR=<cwd>/out python3 ...)

board A  pcb-a-power-a23  declared phase A32  netlist pcb-a-power-a23/out/pcb-a-power.net
  ENV-001  BLOCKER                                               desk review of a pinned document: re-reviewed, not re-taken
  SCH-001  BLOCKER      erc_gate                                 re-take
  SCH-004  BLOCKER      safe_lines_a                             re-take
  SCH-005  BLOCKER      pin_map_lands_a                          re-take
  CMP-001  BLOCKER      derate                                   re-take
  PWR-001  BLOCKER      intent_rails                             re-take
  PWR-002  MUST_JUSTIFY power_sequence                           re-take
  PWR-003  BLOCKER      energy_chain_a                           re-take
  SI-001   MUST_JUSTIFY edge_length                              re-take
  CLK-001  BLOCKER      clock_check                              re-take
  RF-002   BLOCKER      inhibit_chain_a                          re-take
  INT-001  BLOCKER      interfaces_a,check_contracts             re-take
  TRN-001  BLOCKER      port_protect_a                           re-take
  TST-001  MUST_JUSTIFY                                          desk review of a pinned document: re-reviewed, not re-taken
  BAT-002  BLOCKER      energy_chain                             re-take
  12 command(s), cwd /root/int7/rtk/v2/ecad/pcb-a-power-a23
    $ python3 $T/erc_gate.py . pcb-a-power --run   # SCH-001
    $ python3 $T/safe_lines.py out/pcb-a-power.net   # SCH-004
    $ python3 $T/pin_map_lands.py out/pcb-a-power.net a   # SCH-005
    $ python3 $T/derate.py out/pcb-a-power.net   # CMP-001
    $ python3 $T/intent_checks.py --netlist out/pcb-a-power.net   # PWR-001
    $ python3 $T/power_sequence.py out/pcb-a-power.net   # PWR-002
    $ python3 $T/energy_chain.py --ecad $E   # PWR-003, BAT-002
    $ python3 $T/edge_length.py --netlist out/pcb-a-power.net   # SI-001
    $ python3 $T/clock_check.py out/pcb-a-power.net   # CLK-001
    $ python3 $T/check_contracts.py $E   # RF-002, INT-001
    $ python3 $T/interfaces.py   # INT-001
    $ python3 $T/port_protect.py out/pcb-a-power.net   # TRN-001

board B  pcb-b-compute-b19  declared phase B21  netlist pcb-b-compute-b19/out/pcb-b-compute.net
  ENV-001  BLOCKER                                               desk review of a pinned document: re-reviewed, not re-taken
  SCH-001  BLOCKER      erc_gate                                 re-take
  SCH-004  BLOCKER      safe_lines_b                             re-take
  SCH-005  BLOCKER      pin_map_lands_b                          re-take
  CMP-001  BLOCKER      derate                                   re-take
  PWR-001  BLOCKER      intent_rails                             re-take
  PWR-002  MUST_JUSTIFY power_sequence                           re-take
  PWR-003  BLOCKER      energy_chain_b                           re-take
  SI-001   MUST_JUSTIFY edge_length                              re-take
  CLK-001  BLOCKER      clock_check                              re-take
  RF-002   BLOCKER      inhibit_chain_b                          re-take
  INT-001  BLOCKER      interfaces_b,check_contracts             re-take
  INT-002  BLOCKER                                               desk review of a pinned document: re-reviewed, not re-taken
  TRN-001  BLOCKER      port_protect_b                           re-take
  TST-001  MUST_JUSTIFY                                          desk review of a pinned document: re-reviewed, not re-taken
  12 command(s), cwd /root/int7/rtk/v2/ecad/pcb-b-compute-b19
    $ python3 $T/erc_gate.py . pcb-b-compute --run   # SCH-001
    $ python3 $T/safe_lines.py out/pcb-b-compute.net   # SCH-004
    $ python3 $T/pin_map_lands.py out/pcb-b-compute.net b   # SCH-005
    $ python3 $T/derate.py out/pcb-b-compute.net   # CMP-001
    $ python3 $T/intent_checks.py --netlist out/pcb-b-compute.net   # PWR-001
    $ python3 $T/power_sequence.py out/pcb-b-compute.net   # PWR-002
    $ python3 $T/energy_chain.py --ecad $E   # PWR-003
    $ python3 $T/edge_length.py --netlist out/pcb-b-compute.net   # SI-001
    $ python3 $T/clock_check.py out/pcb-b-compute.net   # CLK-001
    $ python3 $T/check_contracts.py $E   # RF-002, INT-001
    $ python3 $T/interfaces.py   # INT-001
    $ python3 $T/port_protect.py out/pcb-b-compute.net   # TRN-001

board C  pcb-c-display-c8  declared phase C24  netlist pcb-c-display-c8/out/pcb-c-display.net
  ENV-001  BLOCKER                                               desk review of a pinned document: re-reviewed, not re-taken
  SCH-001  BLOCKER      erc_gate                                 re-take
  SCH-005  BLOCKER      pin_map_lands_c                          re-take
  CMP-001  BLOCKER      derate                                   re-take
  PWR-001  BLOCKER      intent_rails                             re-take
  SI-001   MUST_JUSTIFY edge_length                              re-take
  CLK-001  BLOCKER      clock_check                              re-take
  RF-002   BLOCKER      inhibit_chain_c                          re-take
  INT-001  BLOCKER      interfaces_c,check_contracts             re-take
  TRN-001  BLOCKER      port_protect_c                           re-take
  TST-001  MUST_JUSTIFY                                          desk review of a pinned document: re-reviewed, not re-taken
  9 command(s), cwd /root/int7/rtk/v2/ecad/pcb-c-display-c8
    $ python3 $T/erc_gate.py . pcb-c-display --run   # SCH-001
    $ python3 $T/pin_map_lands.py out/pcb-c-display.net c   # SCH-005
    $ python3 $T/derate.py out/pcb-c-display.net   # CMP-001
    $ python3 $T/intent_checks.py --netlist out/pcb-c-display.net   # PWR-001
    $ python3 $T/edge_length.py --netlist out/pcb-c-display.net   # SI-001
    $ python3 $T/clock_check.py out/pcb-c-display.net   # CLK-001
    $ python3 $T/check_contracts.py $E   # RF-002, INT-001
    $ python3 $T/interfaces.py   # INT-001
    $ python3 $T/port_protect.py out/pcb-c-display.net   # TRN-001

board D  pcb-d-aprs-d9  declared phase D12  netlist pcb-d-aprs-d9/out/pcb-d-aprs.net
  ENV-001  BLOCKER                                               desk review of a pinned document: re-reviewed, not re-taken
  SCH-001  BLOCKER      erc_gate                                 re-take
  SCH-004  BLOCKER      safe_lines_d                             re-take
  SCH-005  BLOCKER      pin_map_lands_d                          re-take
  CMP-001  BLOCKER      derate                                   re-take
  PWR-001  BLOCKER      intent_rails                             re-take
  SI-001   MUST_JUSTIFY edge_length                              re-take
  CLK-001  BLOCKER      clock_check                              re-take
  RF-002   BLOCKER      inhibit_chain_d                          re-take
  INT-001  BLOCKER      interfaces_d,check_contracts             re-take
  TRN-001  BLOCKER      port_protect_d                           re-take
  TST-001  MUST_JUSTIFY                                          desk review of a pinned document: re-reviewed, not re-taken
  10 command(s), cwd /root/int7/rtk/v2/ecad/pcb-d-aprs-d9
    $ python3 $T/erc_gate.py . pcb-d-aprs --run   # SCH-001
    $ python3 $T/safe_lines.py out/pcb-d-aprs.net   # SCH-004
    $ python3 $T/pin_map_lands.py out/pcb-d-aprs.net d   # SCH-005
    $ python3 $T/derate.py out/pcb-d-aprs.net   # CMP-001
    $ python3 $T/intent_checks.py --netlist out/pcb-d-aprs.net   # PWR-001
    $ python3 $T/edge_length.py --netlist out/pcb-d-aprs.net   # SI-001
    $ python3 $T/clock_check.py out/pcb-d-aprs.net   # CLK-001
    $ python3 $T/check_contracts.py $E   # RF-002, INT-001
    $ python3 $T/interfaces.py   # INT-001
    $ python3 $T/port_protect.py out/pcb-d-aprs.net   # TRN-001

board E  pcb-e1-dock-e7  declared phase E17  netlist pcb-e1-dock-e7/out/pcb-e1-dock.net
  ENV-001  BLOCKER                                               desk review of a pinned document: re-reviewed, not re-taken
  SCH-001  BLOCKER      erc_gate                                 re-take
  SCH-004  BLOCKER      safe_lines_e                             re-take
  SCH-005  BLOCKER      pin_map_lands_e                          re-take
  CMP-001  BLOCKER      derate                                   re-take
  PWR-001  BLOCKER      intent_rails                             re-take
  PWR-002  MUST_JUSTIFY power_sequence                           re-take
  PWR-003  BLOCKER      energy_chain_e                           re-take
  SI-001   MUST_JUSTIFY edge_length                              re-take
  CLK-001  BLOCKER      clock_check                              re-take
  RF-002   BLOCKER      inhibit_chain_e                          re-take
  INT-001  BLOCKER      interfaces_e,check_contracts             re-take
  TRN-001  BLOCKER      port_protect_e                           re-take
  TST-001  MUST_JUSTIFY                                          desk review of a pinned document: re-reviewed, not re-taken
  BAT-002  BLOCKER      energy_chain                             re-take
  12 command(s), cwd /root/int7/rtk/v2/ecad/pcb-e1-dock-e7
    $ python3 $T/erc_gate.py . pcb-e1-dock --run   # SCH-001
    $ python3 $T/safe_lines.py out/pcb-e1-dock.net   # SCH-004
    $ python3 $T/pin_map_lands.py out/pcb-e1-dock.net e   # SCH-005
    $ python3 $T/derate.py out/pcb-e1-dock.net   # CMP-001
    $ python3 $T/intent_checks.py --netlist out/pcb-e1-dock.net   # PWR-001
    $ python3 $T/power_sequence.py out/pcb-e1-dock.net   # PWR-002
    $ python3 $T/energy_chain.py --ecad $E   # PWR-003, BAT-002
    $ python3 $T/edge_length.py --netlist out/pcb-e1-dock.net   # SI-001
    $ python3 $T/clock_check.py out/pcb-e1-dock.net   # CLK-001
    $ python3 $T/check_contracts.py $E   # RF-002, INT-001
    $ python3 $T/interfaces.py   # INT-001
    $ python3 $T/port_protect.py out/pcb-e1-dock.net   # TRN-001

board E5  pcb-e5-block  declared phase E5  netlist none (no schematic)
  ENV-001  BLOCKER                                               desk review of a pinned document: re-reviewed, not re-taken
  SCH-004  BLOCKER      safe_lines_e5                            re-take
  CMP-001  BLOCKER      derate                                   re-take
  PWR-003  BLOCKER      energy_chain_e5                          re-take
  INT-001  BLOCKER      interfaces_e5,check_contracts_e5         re-take
  TRN-001  BLOCKER      port_protect_e5                          re-take
  BAT-002  BLOCKER      energy_chain                             re-take
  6 command(s), cwd /root/int7/rtk/v2/ecad/pcb-e5-block
    $ python3 $T/safe_lines.py --board e5   # SCH-004
    $ python3 $T/derate.py pcb-e5-block.kicad_pcb --no-components 'this board has no schematic and no BOM: it is copper, plated targets, wire lands and mounting holes'   # CMP-001
    $ python3 $T/energy_chain.py --ecad $E   # PWR-003, BAT-002
    $ python3 $T/interfaces.py   # INT-001
    $ python3 $T/block_contract.py pcb-e5-block.kicad_pcb   # INT-001
    $ python3 $T/port_protect.py --board e5   # TRN-001

board P  pcb-p-pack-p2  declared phase P4  netlist pcb-p-pack-p2/out/pcb-p-pack.net
  ENV-001  BLOCKER                                               desk review of a pinned document: re-reviewed, not re-taken
  SCH-001  BLOCKER      erc_gate                                 re-take
  SCH-004  BLOCKER      safe_lines_p                             re-take
  SCH-005  BLOCKER      pin_map_lands_p                          re-take
  CMP-001  BLOCKER      derate                                   re-take
  PWR-001  BLOCKER      intent_rails                             re-take
  PWR-002  MUST_JUSTIFY power_sequence                           re-take
  PWR-003  BLOCKER      energy_chain_p                           re-take
  SI-001   MUST_JUSTIFY edge_length                              re-take
  RF-002   BLOCKER      inhibit_chain_p                          re-take
  INT-001  BLOCKER      interfaces_p,check_contracts             re-take
  TRN-001  BLOCKER      port_protect_p                           re-take
  TST-001  MUST_JUSTIFY                                          desk review of a pinned document: re-reviewed, not re-taken
  BAT-001  BLOCKER      pack_protection                          re-take
  BAT-002  BLOCKER      energy_chain                             re-take
  12 command(s), cwd /root/int7/rtk/v2/ecad/pcb-p-pack-p2
    $ python3 $T/erc_gate.py . pcb-p-pack --run   # SCH-001
    $ python3 $T/safe_lines.py out/pcb-p-pack.net   # SCH-004
    $ python3 $T/pin_map_lands.py out/pcb-p-pack.net p   # SCH-005
    $ python3 $T/derate.py out/pcb-p-pack.net   # CMP-001
    $ python3 $T/intent_checks.py --netlist out/pcb-p-pack.net   # PWR-001
    $ python3 $T/power_sequence.py out/pcb-p-pack.net   # PWR-002
    $ python3 $T/energy_chain.py --ecad $E   # PWR-003, BAT-002
    $ python3 $T/edge_length.py --netlist out/pcb-p-pack.net   # SI-001
    $ python3 $T/check_contracts.py $E   # RF-002, INT-001
    $ python3 $T/interfaces.py   # INT-001
    $ python3 $T/port_protect.py out/pcb-p-pack.net   # TRN-001
    $ python3 $T/pack_protection.py --netlist out/pcb-p-pack.net --check   # BAT-001

plan: 73 command(s) over 7 board(s): A 12, B 12, C 9, D 10, E 12, E5 6, P 12; 0 error(s)

  A   erc_gate.py        rc 0       2.5s  erc_gate PASS
  A   safe_lines.py      rc 0       0.8s  safe_lines_a PASS
  A   pin_map_lands.py   rc 0       0.7s  pin_map_lands_a PASS
  A   derate.py          rc 0       0.8s  derate PASS
  A   intent_checks.py   rc 0       1.1s  intent_rails PASS
  A   power_sequence.py  rc 0       0.8s  power_sequence PASS
  A   energy_chain.py    rc 0       1.2s  energy_chain_a PASS, energy_chain PASS
  A   edge_length.py     rc 3       1.0s  edge_length INCONCLUSIVE
  A   clock_check.py     rc 3       0.8s  clock_check INCONCLUSIVE
  A   check_contracts.py rc 0       5.3s  inhibit_chain_a INCONCLUSIVE, check_contracts PASS
  A   interfaces.py      rc 0       2.0s  interfaces_a PASS
  A   port_protect.py    rc 0       1.1s  port_protect_a PASS
  B   erc_gate.py        rc 0       5.5s  erc_gate PASS
  B   safe_lines.py      rc 0       1.0s  safe_lines_b PASS
  B   pin_map_lands.py   rc 0       0.9s  pin_map_lands_b PASS
  B   derate.py          rc 0       0.9s  derate PASS
  B   intent_checks.py   rc 0       1.4s  intent_rails PASS
  B   power_sequence.py  rc 0       1.0s  power_sequence PASS
  B   energy_chain.py    rc 0       1.3s  energy_chain_b PASS
  B   edge_length.py     rc 3       1.2s  edge_length INCONCLUSIVE
  B   clock_check.py     rc 0       0.8s  clock_check PASS
  B   check_contracts.py rc 0       5.3s  inhibit_chain_b INCONCLUSIVE, check_contracts PASS
  B   interfaces.py      rc 0       2.0s  interfaces_b PASS
  B   port_protect.py    rc 0       1.3s  port_protect_b PASS
  C   erc_gate.py        rc 0       1.7s  erc_gate PASS
  C   pin_map_lands.py   rc 0       0.7s  pin_map_lands_c PASS
  C   derate.py          rc 0       0.8s  derate PASS
  C   intent_checks.py   rc 0       1.0s  intent_rails PASS
  C   edge_length.py     rc 3       0.9s  edge_length INCONCLUSIVE
  C   clock_check.py     rc 0       0.8s  clock_check PASS
  C   check_contracts.py rc 0       5.2s  inhibit_chain_c PASS, check_contracts PASS
  C   interfaces.py      rc 0       2.0s  interfaces_c PASS
  C   port_protect.py    rc 0       1.0s  port_protect_c PASS
  D   erc_gate.py        rc 0       1.8s  erc_gate PASS
  D   safe_lines.py      rc 0       0.8s  safe_lines_d PASS
  D   pin_map_lands.py   rc 0       0.7s  pin_map_lands_d PASS
  D   derate.py          rc 0       0.8s  derate PASS
  D   intent_checks.py   rc 0       1.0s  intent_rails PASS
  D   edge_length.py     rc 3       0.9s  edge_length INCONCLUSIVE
  D   clock_check.py     rc 0       0.8s  clock_check PASS
  D   check_contracts.py rc 0       5.2s  inhibit_chain_d INCONCLUSIVE, check_contracts PASS
  D   interfaces.py      rc 0       2.0s  interfaces_d PASS
  D   port_protect.py    rc 0       1.0s  port_protect_d PASS
  E   erc_gate.py        rc 0       1.6s  erc_gate PASS
  E   safe_lines.py      rc 0       0.7s  safe_lines_e PASS
  E   pin_map_lands.py   rc 0       0.7s  pin_map_lands_e PASS
  E   derate.py          rc 0       0.8s  derate PASS
  E   intent_checks.py   rc 0       1.0s  intent_rails PASS
  E   power_sequence.py  rc 0       0.7s  power_sequence PASS
  E   energy_chain.py    rc 0       1.3s  energy_chain_e PASS, energy_chain PASS
  E   edge_length.py     rc 3       0.9s  edge_length INCONCLUSIVE
  E   clock_check.py     rc 0       0.8s  clock_check PASS
  E   check_contracts.py rc 0       5.3s  inhibit_chain_e PASS, check_contracts PASS
  E   interfaces.py      rc 0       2.0s  interfaces_e PASS
  E   port_protect.py    rc 0       1.0s  port_protect_e PASS
  E5  safe_lines.py      rc 0       0.7s  safe_lines_e5 PASS
  E5  derate.py          rc 0       0.8s  derate PASS
  E5  energy_chain.py    rc 0       1.3s  energy_chain_e5 PASS, energy_chain PASS
  E5  interfaces.py      rc 0       2.0s  interfaces_e5 PASS
  E5  block_contract.py  rc 1       1.5s  check_contracts_e5 FAIL
  E5  port_protect.py    rc 0       0.7s  port_protect_e5 PASS
  P   erc_gate.py        rc 0       1.5s  erc_gate PASS
  P   safe_lines.py      rc 0       0.7s  safe_lines_p PASS
  P   pin_map_lands.py   rc 0       0.7s  pin_map_lands_p PASS
  P   derate.py          rc 0       0.8s  derate PASS
  P   intent_checks.py   rc 0       1.0s  intent_rails PASS
  P   power_sequence.py  rc 0       0.7s  power_sequence PASS
  P   energy_chain.py    rc 0       1.3s  energy_chain_p PASS, energy_chain PASS
  P   edge_length.py     rc 3       0.8s  edge_length INCONCLUSIVE
  P   check_contracts.py rc 0       5.3s  inhibit_chain_p PASS, check_contracts PASS
  P   interfaces.py      rc 0       2.0s  interfaces_p PASS
  P   port_protect.py    rc 0       0.9s  port_protect_p PASS
  P   pack_protection.py rc 1       1.0s  pack_protection FAIL

board A   pcb-a-power-a23 14 reading(s) in 18.1s: check_contracts PASS, clock_check INCONCLUSIVE, derate PASS, edge_length INCONCLUSIVE, energy_chain PASS, energy_chain_a PASS, erc_gate PASS, inhibit_chain_a INCONCLUSIVE, intent_rails PASS, interfaces_a PASS, pin_map_lands_a PASS, port_protect_a PASS, power_sequence PASS, safe_lines_a PASS; 15 file(s) copied to routed/
board B   pcb-b-compute-b19 13 reading(s) in 22.4s: check_contracts PASS, clock_check PASS, derate PASS, edge_length INCONCLUSIVE, energy_chain_b PASS, erc_gate PASS, inhibit_chain_b INCONCLUSIVE, intent_rails PASS, interfaces_b PASS, pin_map_lands_b PASS, port_protect_b PASS, power_sequence PASS, safe_lines_b PASS; 14 file(s) copied to routed/
board C   pcb-c-display-c8 10 reading(s) in 14.0s: check_contracts PASS, clock_check PASS, derate PASS, edge_length INCONCLUSIVE, erc_gate PASS, inhibit_chain_c PASS, intent_rails PASS, interfaces_c PASS, pin_map_lands_c PASS, port_protect_c PASS; 11 file(s) copied to routed/
board D   pcb-d-aprs-d9 11 reading(s) in 14.9s: check_contracts PASS, clock_check PASS, derate PASS, edge_length INCONCLUSIVE, erc_gate PASS, inhibit_chain_d INCONCLUSIVE, intent_rails PASS, interfaces_d PASS, pin_map_lands_d PASS, port_protect_d PASS, safe_lines_d PASS; 12 file(s) copied to routed/
board E   pcb-e1-dock-e7 14 reading(s) in 16.7s: check_contracts PASS, clock_check PASS, derate PASS, edge_length INCONCLUSIVE, energy_chain PASS, energy_chain_e PASS, erc_gate PASS, inhibit_chain_e PASS, intent_rails PASS, interfaces_e PASS, pin_map_lands_e PASS, port_protect_e PASS, power_sequence PASS, safe_lines_e PASS; 15 file(s) copied to routed/
board E5  pcb-e5-block 7 reading(s) in 7.0s: check_contracts_e5 FAIL, derate PASS, energy_chain PASS, energy_chain_e5 PASS, interfaces_e5 PASS, port_protect_e5 PASS, safe_lines_e5 PASS; 7 file(s) copied to routed/
board P   pcb-p-pack-p2 14 reading(s) in 16.5s: check_contracts PASS, derate PASS, edge_length INCONCLUSIVE, energy_chain PASS, energy_chain_p PASS, erc_gate PASS, inhibit_chain_p PASS, intent_rails PASS, interfaces_p PASS, pack_protection FAIL, pin_map_lands_p PASS, port_protect_p PASS, power_sequence PASS, safe_lines_p PASS; 15 file(s) copied to routed/
retake_schematic_phase: done in 110.7s
