** Drc report for pcb-a-power.kicad_pcb **
** Created on 2026-09-07T12:36:43+0000 **
** Report includes: Errors, Warnings, Exclusions **

** Found 87 DRC violations **
[items_not_allowed]: Items not allowed (keepout area 'nut keep-out R3')
    Rule: keepout area 'nut keep-out R3'; error
    @(37.2550 mm, 43.3750 mm): Pad 5 [/VIN_RAW] of Q2 on F.Cu
[items_not_allowed]: Items not allowed (keepout area 'nut keep-out R3')
    Rule: keepout area 'nut keep-out R3'; error
    @(39.3600 mm, 41.4700 mm): Pad 5 [/VIN_RAW] of Q2 on F.Cu
[silk_overlap]: Silkscreen overlap
    Rule: board setup constraints silk; warning
    @(266.7675 mm, 175.1500 mm): Segment of J_AB1 on F.Silkscreen
    @(265.0000 mm, 170.0000 mm): PCB text 'STARBOARD (+X)' on F.Silkscreen
[silk_overlap]: Silkscreen overlap
    Rule: board setup constraints silk; warning
    @(260.5000 mm, 176.0000 mm): PCB text 'R2' on F.Silkscreen
    @(266.7675 mm, 175.1500 mm): Segment of J_AB1 on F.Silkscreen
[silk_overlap]: Silkscreen overlap
    Rule: board setup constraints silk; warning
    @(268.0775 mm, 176.4500 mm): Segment of J_AB1 on F.Silkscreen
    @(265.0000 mm, 170.0000 mm): PCB text 'STARBOARD (+X)' on F.Silkscreen
[silk_overlap]: Silkscreen overlap
    Rule: board setup constraints silk; warning
    @(260.5000 mm, 176.0000 mm): PCB text 'R2' on F.Silkscreen
    @(268.0775 mm, 176.4500 mm): Segment of J_AB1 on F.Silkscreen
[silk_overlap]: Silkscreen overlap
    Rule: board setup constraints silk; warning
    @(243.9000 mm, 31.7250 mm): Segment of J_MAINSW on F.Silkscreen
    @(205.0000 mm, 33.5000 mm): PCB text 'MESHSAT FIELD KIT  -  PCB-A POWER + I/O  -  REV A (A18)' on F.Silkscreen
[silk_overlap]: Silkscreen overlap
    Rule: board setup constraints silk; warning
    @(244.1900 mm, 32.0150 mm): Rectangle of J_MAINSW on F.Silkscreen
    @(200.0000 mm, 36.7000 mm): PCB text 'MESHSAT-830  |  240 x 160 x 1.6 mm FR-4, 6 layers JLC06161H-3313  |  matte black  |  2026-09-07' on F.Silkscreen
[silk_overlap]: Silkscreen overlap
    Rule: board setup constraints silk; warning
    @(244.9500 mm, 34.2750 mm): Segment of J_MAINSW on F.Silkscreen
    @(200.0000 mm, 36.7000 mm): PCB text 'MESHSAT-830  |  240 x 160 x 1.6 mm FR-4, 6 layers JLC06161H-3313  |  matte black  |  2026-09-07' on F.Silkscreen
[silk_overlap]: Silkscreen overlap
    Rule: board setup constraints silk; warning
    @(244.9500 mm, 37.2250 mm): Segment of J_MAINSW on F.Silkscreen
    @(200.0000 mm, 36.7000 mm): PCB text 'MESHSAT-830  |  240 x 160 x 1.6 mm FR-4, 6 layers JLC06161H-3313  |  matte black  |  2026-09-07' on F.Silkscreen
[silk_overlap]: Silkscreen overlap
    Rule: board setup constraints silk; warning
    @(205.0000 mm, 33.5000 mm): PCB text 'MESHSAT FIELD KIT  -  PCB-A POWER + I/O  -  REV A (A18)' on F.Silkscreen
    @(250.0000 mm, 32.0250 mm): Rectangle of J_MAINSW on F.Silkscreen
[silk_overlap]: Silkscreen overlap
    Rule: board setup constraints silk; warning
    @(205.0000 mm, 33.5000 mm): PCB text 'MESHSAT FIELD KIT  -  PCB-A POWER + I/O  -  REV A (A18)' on F.Silkscreen
    @(260.5000 mm, 37.0000 mm): Circle on F.Silkscreen
[silk_overlap]: Silkscreen overlap
    Rule: board setup constraints silk; warning
    @(257.3400 mm, 43.7375 mm): Segment of J_PA on F.Silkscreen
    @(260.5000 mm, 44.0000 mm): PCB text 'R4' on F.Silkscreen
[silk_overlap]: Silkscreen overlap
    Rule: board setup constraints silk; warning
    @(205.0000 mm, 33.5000 mm): PCB text 'MESHSAT FIELD KIT  -  PCB-A POWER + I/O  -  REV A (A18)' on F.Silkscreen
    @(244.1900 mm, 32.0150 mm): Rectangle of J_MAINSW on F.Silkscreen
[silk_overlap]: Silkscreen overlap
    Rule: board setup constraints silk; warning
    @(205.0000 mm, 33.5000 mm): PCB text 'MESHSAT FIELD KIT  -  PCB-A POWER + I/O  -  REV A (A18)' on F.Silkscreen
    @(251.0500 mm, 34.2750 mm): Segment of J_MAINSW on F.Silkscreen
[silk_overlap]: Silkscreen overlap
    Rule: board setup constraints silk; warning
    @(205.0000 mm, 33.5000 mm): PCB text 'MESHSAT FIELD KIT  -  PCB-A POWER + I/O  -  REV A (A18)' on F.Silkscreen
    @(251.8000 mm, 34.2750 mm): Segment of J_MAINSW on F.Silkscreen
[silk_overlap]: Silkscreen overlap
    Rule: board setup constraints silk; warning
    @(150.0000 mm, 70.0000 mm): Segment on F.Silkscreen
    @(142.0000 mm, 121.0000 mm): PCB text 'J_MEZZ_PWR1 VH2 (5 V)' on F.Silkscreen
[silk_overlap]: Silkscreen overlap
    Rule: board setup constraints silk; warning
    @(34.2779 mm, 88.0150 mm): Segment of R17 on F.Silkscreen
    @(35.0000 mm, 90.0000 mm): PCB text 'PORT (-X)' on F.Silkscreen
[silk_overlap]: Silkscreen overlap
    Rule: board setup constraints silk; warning
    @(39.5000 mm, 37.0000 mm): Circle on F.Silkscreen
    @(33.6200 mm, 40.8050 mm): Segment of Q2 on F.Silkscreen
[silk_overlap]: Silkscreen overlap
    Rule: board setup constraints silk; warning
    @(130.0000 mm, 33.0000 mm): PCB text 'BACK WALL (+Y)' on F.Silkscreen
    @(121.0625 mm, 32.3400 mm): Segment of J_5V_S3 on F.Silkscreen
[silk_overlap]: Silkscreen overlap
    Rule: board setup constraints silk; warning
    @(130.0000 mm, 33.0000 mm): PCB text 'BACK WALL (+Y)' on F.Silkscreen
    @(122.2625 mm, 32.3400 mm): Segment of J_5V_S3 on F.Silkscreen
[silk_overlap]: Silkscreen overlap
    Rule: board setup constraints silk; warning
    @(134.2625 mm, 32.3400 mm): Segment of J_5V_DEV on F.Silkscreen
    @(130.0000 mm, 33.0000 mm): PCB text 'BACK WALL (+Y)' on F.Silkscreen
[silk_overlap]: Silkscreen overlap
    Rule: board setup constraints silk; warning
    @(130.0000 mm, 33.0000 mm): PCB text 'BACK WALL (+Y)' on F.Silkscreen
    @(133.0625 mm, 32.3400 mm): Segment of J_5V_DEV on F.Silkscreen
[silk_overlap]: Silkscreen overlap
    Rule: board setup constraints silk; warning
    @(130.0000 mm, 33.0000 mm): PCB text 'BACK WALL (+Y)' on F.Silkscreen
    @(126.1825 mm, 39.3600 mm): Segment of J_5V_DEV on F.Silkscreen
[silk_overlap]: Silkscreen overlap
    Rule: board setup constraints silk; warning
    @(130.0000 mm, 33.0000 mm): PCB text 'BACK WALL (+Y)' on F.Silkscreen
    @(126.1825 mm, 32.3400 mm): Segment of J_5V_DEV on F.Silkscreen
[silk_over_copper]: Silkscreen clipped by solder mask
    Local override; warning
    @(39.5000 mm, 37.0000 mm): Circle on F.Silkscreen
[silk_over_copper]: Silkscreen clipped by solder mask
    Local override; warning
    @(98.0000 mm, 176.0000 mm): Circle on B.Silkscreen
[silk_over_copper]: Silkscreen clipped by solder mask
    Local override; warning
    @(112.0000 mm, 176.0000 mm): Circle on B.Silkscreen
[silk_over_copper]: Silkscreen clipped by solder mask
    Local override; warning
    @(126.0000 mm, 176.0000 mm): Circle on B.Silkscreen
[silk_over_copper]: Silkscreen clipped by solder mask
    Local override; warning
    @(140.0000 mm, 176.0000 mm): Circle on B.Silkscreen
[silk_over_copper]: Silkscreen clipped by solder mask
    Local override; warning
    @(154.0000 mm, 176.0000 mm): Circle on B.Silkscreen
[silk_over_copper]: Silkscreen clipped by solder mask
    Local override; warning
    @(168.0000 mm, 176.0000 mm): Circle on B.Silkscreen
[silk_over_copper]: Silkscreen clipped by solder mask
    Local override; warning
    @(182.0000 mm, 176.0000 mm): Circle on B.Silkscreen
[silk_over_copper]: Silkscreen clipped by solder mask
    Local override; warning
    @(210.0000 mm, 176.0000 mm): Circle on B.Silkscreen
[silk_over_copper]: Silkscreen clipped by solder mask
    Local override; warning
    @(224.0000 mm, 176.0000 mm): Circle on B.Silkscreen
[silk_over_copper]: Silkscreen clipped by solder mask
    Local override; warning
    @(238.0000 mm, 176.0000 mm): Circle on B.Silkscreen
[silk_over_copper]: Silkscreen clipped by solder mask
    Local override; warning
    @(250.0000 mm, 176.0000 mm): Circle on B.Silkscreen
[silk_over_copper]: Silkscreen clipped by solder mask
    Local override; warning
    @(35.0000 mm, 90.0000 mm): PCB text 'PORT (-X)' on F.Silkscreen
[silk_over_copper]: Silkscreen clipped by solder mask
    Local override; warning
    @(265.0000 mm, 170.0000 mm): PCB text 'STARBOARD (+X)' on F.Silkscreen
[silk_over_copper]: Silkscreen clipped by solder mask
    Local override; warning
    @(130.0000 mm, 33.0000 mm): PCB text 'BACK WALL (+Y)' on F.Silkscreen
[silk_over_copper]: Silkscreen clipped by solder mask
    Local override; warning
    @(39.5000 mm, 44.0000 mm): PCB text 'R3' on F.Silkscreen
[silk_over_copper]: Silkscreen clipped by solder mask
    Local override; warning
    @(260.5000 mm, 44.0000 mm): PCB text 'R4' on F.Silkscreen
[silk_over_copper]: Silkscreen clipped by solder mask
    Local override; warning
    @(205.0000 mm, 33.5000 mm): PCB text 'MESHSAT FIELD KIT  -  PCB-A POWER + I/O  -  REV A (A18)' on F.Silkscreen
[silk_edge_clearance]: Silkscreen clipped by board edge
    Rule: board setup constraints silk; warning
    @(265.0000 mm, 30.0000 mm): Segment on Edge.Cuts
    @(130.2225 mm, 29.5500 mm): Reference field of J_5V_DEV
[silk_edge_clearance]: Silkscreen clipped by board edge
    Rule: board setup constraints silk; warning
    @(265.0000 mm, 30.0000 mm): Segment on Edge.Cuts
    @(118.2225 mm, 29.5500 mm): Reference field of J_5V_S3
[silk_edge_clearance]: Silkscreen clipped by board edge
    Rule: board setup constraints silk; warning
    @(265.0000 mm, 30.0000 mm): Segment on Edge.Cuts
    @(106.2225 mm, 29.5500 mm): Reference field of J_5V_S2
[silk_edge_clearance]: Silkscreen clipped by board edge
    Rule: board setup constraints silk; warning
    @(265.0000 mm, 30.0000 mm): Segment on Edge.Cuts
    @(94.2225 mm, 29.5500 mm): Reference field of J_5V_S1
[track_dangling]: Track has unconnected end
    Local override; warning
    @(119.7750 mm, 81.0125 mm): Track [+3V3] on F.Cu, length 1.1662 mm
[track_dangling]: Track has unconnected end
    Local override; warning
    @(126.5250 mm, 82.0125 mm): Track [/+5V_DEV] on F.Cu, length 0.7000 mm
[track_dangling]: Track has unconnected end
    Local override; warning
    @(90.3750 mm, 81.5125 mm): Track [/+5V_S1] on F.Cu, length 0.9014 mm
[track_dangling]: Track has unconnected end
    Local override; warning
    @(102.5250 mm, 82.0125 mm): Track [/+5V_S2] on F.Cu, length 0.7000 mm
[track_dangling]: Track has unconnected end
    Local override; warning
    @(114.5250 mm, 82.0125 mm): Track [/+5V_S3] on F.Cu, length 0.7000 mm
[track_dangling]: Track has unconnected end
    Local override; warning
    @(111.1375 mm, 139.9725 mm): Track [/+12V_HF] on F.Cu, length 1.6375 mm
[track_dangling]: Track has unconnected end
    Local override; warning
    @(138.3750 mm, 81.5125 mm): Track [/+13V8_PA] on F.Cu, length 0.9014 mm
[via_dangling]: Via is not connected or connected on only one layer
    Local override; warning
    @(57.8375 mm, 99.6222 mm): Via [/CH_CELL] on F.Cu - B.Cu
[via_dangling]: Via is not connected or connected on only one layer
    Local override; warning
    @(56.9521 mm, 101.2222 mm): Via [/CH_COMP1] on F.Cu - B.Cu
[via_dangling]: Via is not connected or connected on only one layer
    Local override; warning
    @(57.5021 mm, 100.4222 mm): Via [/CH_COMP2] on F.Cu - B.Cu
[via_dangling]: Via is not connected or connected on only one layer
    Local override; warning
    @(57.8375 mm, 96.4222 mm): Via [/CH_SW2] on F.Cu - B.Cu
[track_dangling]: Track has unconnected end
    Local override; warning
    @(97.3250 mm, 131.9250 mm): Track [/DEV_EN] on F.Cu, length 2.3375 mm
[track_dangling]: Track has unconnected end
    Local override; warning
    @(94.8625 mm, 138.7325 mm): Track [/EMCON_HW] on F.Cu, length 2.3375 mm
[track_dangling]: Track has unconnected end
    Local override; warning
    @(85.3250 mm, 125.4250 mm): Track [/EXP_INT] on F.Cu, length 2.3375 mm
[track_dangling]: Track has unconnected end
    Local override; warning
    @(89.1375 mm, 139.3825 mm): Track [/HF_EN] on F.Cu, length 2.3375 mm
[track_dangling]: Track has unconnected end
    Local override; warning
    @(111.1375 mm, 139.3225 mm): Track [/HF_FB] on F.Cu, length 2.3375 mm
[track_dangling]: Track has unconnected end
    Local override; warning
    @(116.8625 mm, 133.4725 mm): Track [/HF_HDRV1] on F.Cu, length 2.3375 mm
[track_dangling]: Track has unconnected end
    Local override; warning
    @(116.8625 mm, 138.6725 mm): Track [/HF_HDRV2] on F.Cu, length 2.3375 mm
[via_dangling]: Via is not connected or connected on only one layer
    Local override; warning
    @(50.8729 mm, 100.8000 mm): Via [/IADPT] on F.Cu - B.Cu
[via_dangling]: Via is not connected or connected on only one layer
    Local override; warning
    @(51.4229 mm, 101.6000 mm): Via [/IBAT] on F.Cu - B.Cu
[track_dangling]: Track has unconnected end
    Local override; warning
    @(108.8625 mm, 101.1225 mm): Track [/PA_BOOT1] on F.Cu, length 1.6375 mm
[track_dangling]: Track has unconnected end
    Local override; warning
    @(108.8625 mm, 104.3725 mm): Track [/PA_LDRV2] on F.Cu, length 2.3375 mm
[track_dangling]: Track has unconnected end
    Local override; warning
    @(103.1375 mm, 101.7725 mm): Track [/PA_MODE] on F.Cu, length 1.6375 mm
[via_dangling]: Via is not connected or connected on only one layer
    Local override; warning
    @(110.5000 mm, 106.3225 mm): Via [/PA_SW2] on F.Cu - B.Cu
[track_dangling]: Track has unconnected end
    Local override; warning
    @(162.8375 mm, 46.2500 mm): Track [/PD_DVDD] on F.Cu, length 1.2500 mm
[via_dangling]: Via is not connected or connected on only one layer
    Local override; warning
    @(190.5000 mm, 48.3225 mm): Via [/PD_SW2] on F.Cu - B.Cu
[track_dangling]: Track has unconnected end
    Local override; warning
    @(183.1375 mm, 49.6225 mm): Track [/PD_VPWR] on F.Cu, length 2.3375 mm
[track_dangling]: Track has unconnected end
    Local override; warning
    @(56.8625 mm, 133.1225 mm): Track [/POE_BOOT1] on F.Cu, length 1.6375 mm
[track_dangling]: Track has unconnected end
    Local override; warning
    @(56.8625 mm, 132.4725 mm): Track [/POE_HDRV1] on F.Cu, length 2.3375 mm
[via_dangling]: Via is not connected or connected on only one layer
    Local override; warning
    @(49.5000 mm, 136.3725 mm): Via [/POE_SS] on F.Cu - B.Cu
[via_dangling]: Via is not connected or connected on only one layer
    Local override; warning
    @(58.5000 mm, 138.3225 mm): Via [/POE_SW2] on F.Cu - B.Cu
[via_dangling]: Via is not connected or connected on only one layer
    Local override; warning
    @(53.1875 mm, 101.6500 mm): Via [/PROCHOT] on F.Cu - B.Cu
[via_dangling]: Via is not connected or connected on only one layer
    Local override; warning
    @(52.3875 mm, 101.6500 mm): Via [/PSYS] on F.Cu - B.Cu
[via_dangling]: Via is not connected or connected on only one layer
    Local override; warning
    @(103.2250 mm, 80.4125 mm): Via [/S2_OUT] on F.Cu - B.Cu
[via_dangling]: Via is not connected or connected on only one layer
    Local override; warning
    @(115.2250 mm, 80.4125 mm): Via [/S3_OUT] on F.Cu - B.Cu
[track_dangling]: Track has unconnected end
    Local override; warning
    @(163.1375 mm, 138.0500 mm): Track [/USB_WALL_N] on F.Cu, length 1.4625 mm
[track_dangling]: Track has unconnected end
    Local override; warning
    @(163.1375 mm, 136.1500 mm): Track [/USB_WALL_P] on F.Cu, length 1.4625 mm
[via_dangling]: Via is not connected or connected on only one layer
    Local override; warning
    @(109.2550 mm, 149.9800 mm): Via [/VBAT] on F.Cu - B.Cu
[via_dangling]: Via is not connected or connected on only one layer
    Local override; warning
    @(180.8000 mm, 43.1225 mm): Via [/VBAT] on F.Cu - B.Cu
[track_dangling]: Track has unconnected end
    Local override; warning
    @(53.1375 mm, 51.1225 mm): Track [/VIN_RAW] on F.Cu, length 2.3375 mm

** Found 0 unconnected pads **

** Found 0 Footprint errors **

** End of Report **
