UNKNOWN GENERATOR for pcb-a-power: pcb-a-power.net was written by generator 1a1056c4dd5ad4de and this tree's generator is b3ba8f977ea264e2: the two describe different designs (changed inputs: gen_sch_a.py)
MISSING netlist for A (pcb-a-power), run its chain first
UNKNOWN GENERATOR for pcb-b-compute: pcb-b-compute.net was written by generator 0373c0b8d839c643 and this tree's generator is d242446f0eef3122: the two describe different designs (changed inputs: gen_sch_b.py)
MISSING netlist for B (pcb-b-compute), run its chain first
UNKNOWN GENERATOR for pcb-c-display: pcb-c-display.net was written by generator 854973987f55a837 and this tree's generator is 0ace9f5aaf1f36b2: the two describe different designs (changed inputs: gen_sch_c.py)
MISSING netlist for C (pcb-c-display), run its chain first
UNKNOWN GENERATOR for pcb-d-aprs: pcb-d-aprs.net was written by generator 394244608d236f10 and this tree's generator is 7115ba51403902b8: the two describe different designs (changed inputs: gen_sch_d.py)
MISSING netlist for D (pcb-d-aprs), run its chain first
UNKNOWN GENERATOR for pcb-e1-dock: pcb-e1-dock.net was written by generator b43c5351edb2f98e and this tree's generator is 9586ab74099e1706: the two describe different designs (changed inputs: gen_sch_e.py)
MISSING netlist for E (pcb-e1-dock), run its chain first
UNKNOWN GENERATOR for pcb-p-pack: pcb-p-pack.net was written by generator ee62fdb195a9f217 and this tree's generator is d0b17cbd0f545abd: the two describe different designs (changed inputs: gen_sch_p.py)
MISSING netlist for P (pcb-p-pack), run its chain first
MISSING J_PANEL map on B: its netlist names no pin of the connector, so the ribbon contract is not judged
MISSING J_PANEL map on C: its netlist names no pin of the connector, so the ribbon contract is not judged
UNJUDGED  J_PANEL 2x13 map identical on B and C   (B, C absent from this tree)
UNJUDGED  transmit inhibit present on C (SW_EMCON)   (C absent from this tree)
UNJUDGED  transmit inhibit present on B (J_PANEL)   (B absent from this tree)
UNJUDGED  transmit inhibit present on A (J_AB1)   (A absent from this tree)
UNJUDGED  transmit inhibit present on D (J_HARN1)   (D absent from this tree)
UNJUDGED  rail +5V_S1 leaves A on J_5V_S1 and enters B on J_5V_S1   (A, B absent from this tree)
UNJUDGED  rail +5V_S2 leaves A on J_5V_S2 and enters B on J_5V_S2   (A, B absent from this tree)
UNJUDGED  rail +5V_S3 leaves A on J_5V_S3 and enters B on J_5V_S3   (A, B absent from this tree)
UNJUDGED  rail +5V_DEV leaves A on J_5V_DEV and enters B on J_5V_DEV   (A, B absent from this tree)
UNJUDGED  dock 2x6 contact map identical on A (J_DOCK) and E (J_BLK)   (A, E absent from this tree)
UNJUDGED  A J_DOCK pin 8 is SHORE_INHIBIT   (A absent from this tree)
UNJUDGED  E6: SHORE_INHIBIT reaches the sensor controller U10 (directly or through its series resistor)   (E absent from this tree)
UNJUDGED  A22: four CELL+ pins and four return pins (GND, the In1 plane, 32.56) on the dock block   (A absent from this tree)
UNJUDGED  A: the pre-charge pin lands on a cell node net   (A absent from this tree)
UNJUDGED  E: the 12 AWG lands P_CP and P_CN exist   (E absent from this tree)
UNJUDGED  E6: the pack return lands on GND (the 14.4 V node's return is the ground plane, 32.56)   (E absent from this tree)
UNJUDGED  A: four VIN_RAW power pins and four return pins on the dock block (EQ-16)   (A absent from this tree)
UNJUDGED  E: the 12 AWG lands P_VR on VIN_RAW and P_VN on GND to the block's VIN_RAW pins (EQ-16)   (E absent from this tree)
UNJUDGED  no Preci-Dip 813 signal contact of the dock carries VIN_RAW (EQ-16)   (A, E absent from this tree)
UNJUDGED  ribbon net PI_SHDN_REQ exists on A and B   (A, B absent from this tree)
UNJUDGED  ribbon net PI_KILL exists on A and B   (A, B absent from this tree)
UNJUDGED  J_AB1 2x13 map identical on A and B   (A, B absent from this tree)
UNJUDGED  J_AB2 2x5 map identical on A and B   (A, B absent from this tree)
UNJUDGED  J_AB2 carries the wall pair on its END row (pins 1 and 2)   (A, B absent from this tree)
UNJUDGED  J_MEZZ1 (A) and J_HARN1 (D) 2x8 maps identical   (A, D absent from this tree)
UNJUDGED  D8 USB pair USB_D8_P: B16 J_AB1 -> A22 J_AB1/J_MEZZ1 -> D8 J_HARN1   (A, B, D absent from this tree)
UNJUDGED  D8 USB pair USB_D8_N: B16 J_AB1 -> A22 J_AB1/J_MEZZ1 -> D8 J_HARN1   (A, B, D absent from this tree)
UNJUDGED  wall-port pair USB_WALL_P: B16 slot hub -> J_AB2 -> A22 J_USBW   (A, B absent from this tree)
UNJUDGED  wall-port pair USB_WALL_N: B16 slot hub -> J_AB2 -> A22 J_USBW   (A, B absent from this tree)
UNJUDGED  +3V3 on A J_MEZZ1   (A absent from this tree)
UNJUDGED  +3V3 on D J_HARN1   (D absent from this tree)
UNJUDGED  panel controller USB pair USB_PNL_P on B16 and C7 J_PANEL   (B, C absent from this tree)
UNJUDGED  panel controller USB pair USB_PNL_N on B16 and C7 J_PANEL   (B, C absent from this tree)
UNJUDGED  C7: SW_EMCON drives TX_INHIBIT_n, EMCON_HW leaves on J_PANEL   (C absent from this tree)
UNJUDGED  D8: TX_INHIBIT_n from J_HARN1 into the KEY gate   (D absent from this tree)
UNJUDGED  A: no device drives TX_INHIBIT_n, the panel toggle is its only source (a device on it is a gate input by its maker's pin table)   (A absent from this tree)
UNJUDGED  B: no device drives TX_INHIBIT_n, the panel toggle is its only source (a device on it is a gate input by its maker's pin table)   (B absent from this tree)
UNJUDGED  A: EMCON_HW reaches only gate inputs on this board, never an output   (A absent from this tree)
UNJUDGED  A: TX_INHIBIT_n is pulled DOWN on this board, so a missing panel inhibits   (A absent from this tree)
UNJUDGED  B: TX_INHIBIT_n is pulled DOWN on this board, so a missing panel inhibits   (B absent from this tree)
UNJUDGED  D: TX_INHIBIT_n is pulled DOWN on this board, so a missing panel inhibits   (D absent from this tree)
UNJUDGED  C7: U9 buffers TX_INHIBIT_n into EMCON_HW rather than inverting it   (C absent from this tree)
UNJUDGED  RF-002 LimeSDR Mini 2.4 in its USB 3 bay: EMCON reaches it in hardware   board absent   [inhibit only]
UNJUDGED  RF-002 RockBLOCK 9704 (Iridium): EMCON reaches it in hardware   board absent   [inhibit only]
UNJUDGED  RF-002 E22-900M30S LoRa: EMCON reaches it in hardware   board absent   [inhibit only]
UNJUDGED  RF-002 E72 CC2652P Zigbee coordinator: EMCON reaches it in hardware   board absent   [inhibit only]
UNJUDGED  RF-002 E72 CC2652P OpenThread RCP: EMCON reaches it in hardware   board absent   [inhibit only]
UNJUDGED  RF-002 RM520N-GL 5G module: EMCON reaches it in hardware   board absent   [inhibit only]
UNJUDGED  RF-002 AW7915-AED WiFi link card, slot 1: EMCON reaches it in hardware   board absent   [inhibit only]
UNJUDGED  RF-002 AW7915-AED WiFi link card, slot 3: EMCON reaches it in hardware   board absent   [inhibit only]
UNJUDGED  RF-002 Compute Module 5 slot S1 on-module WiFi: EMCON reaches it in hardware   board absent   [inhibit only]
UNJUDGED  RF-002 Compute Module 5 slot S1 on-module Bluetooth: EMCON reaches it in hardware   board absent   [inhibit only]
UNJUDGED  RF-002 Compute Module 5 slot S2 on-module WiFi: EMCON reaches it in hardware   board absent   [inhibit only]
UNJUDGED  RF-002 Compute Module 5 slot S2 on-module Bluetooth: EMCON reaches it in hardware   board absent   [inhibit only]
UNJUDGED  RF-002 Compute Module 5 slot S3 on-module WiFi: EMCON reaches it in hardware   board absent   [inhibit only]
UNJUDGED  RF-002 Compute Module 5 slot S3 on-module Bluetooth: EMCON reaches it in hardware   board absent   [inhibit only]
UNJUDGED  RF-002 SA868 VHF exciter: EMCON reaches it in hardware   board absent   [inhibit only]
UNJUDGED  RF-002 30 W VHF power amplifier (RA30H1317M1 on the plate): EMCON reaches it in hardware   board absent   [inhibit only]
UNJUDGED  RF-002 QMX HF transceiver: EMCON reaches it in hardware   board absent   [inhibit only]
UNJUDGED  P and E: the pack SMBus lead has a J_SMB at both ends   (E, P absent from this tree)
UNJUDGED  P and E: J_SMB is the same connector family, pitch and pin count at both ends of the pack SMBus lead   (E, P absent from this tree)
UNJUDGED  P and E: J_SMB pin n carries the same role at both ends (clock, data, return; E may leave P's PRES open or ground it)   (E, P absent from this tree)
UNJUDGED  P: the SMBus lead's return is the pack's own negative lead W_N (the load side of the shunt), not the cell side   (P absent from this tree)
UNJUDGED  P: every clamp on the SMBus lead's clock and data lines returns to W_N, the net the lead's return pin carries   (P absent from this tree)
UNJUDGED  rail +3V3: the shares sum to 3.0% within the 3.0% the rail declares   (A, D, C absent from this tree)
UNJUDGED  rail +54V_POE: the shares sum to 2.0% within the 2.0% the rail declares   (A, B absent from this tree)
UNJUDGED  rail +5V_D8: the shares sum to 6.0% within the 6.0% the rail declares   (A, D absent from this tree)
UNJUDGED  rail +5V_DEV: the shares sum to 2.0% within the 2.0% the rail declares   (A, B absent from this tree)
UNJUDGED  rail +5V_S1: the shares sum to 2.0% within the 2.0% the rail declares   (A, B absent from this tree)
UNJUDGED  rail +5V_S2: the shares sum to 2.0% within the 2.0% the rail declares   (A, B absent from this tree)
UNJUDGED  rail +5V_S3: the shares sum to 2.0% within the 2.0% the rail declares   (A, B absent from this tree)
UNJUDGED  rail CELL+: the shares sum to 1.0% within the 2.0% the rail declares   (A, E absent from this tree)
UNJUDGED  rail VIN_RAW: the shares sum to 2.0% within the 2.0% the rail declares   (A, E absent from this tree)

6 board netlist(s) absent from this tree: A, B, C, D, E, P. Every contract that names one of them was judged against nothing, so this is INCONCLUSIVE and not a verdict on the design; generate those boards and run it again.

RF-002's transmitter walk (section 15a, decides inhibit_chain_<letter> only): 17 UNJUDGED
verdict: check_contracts        INCONCLUSIVE of 56 {"boards_without_intent": 0, "fail": 0, "missing_boards": 6, "pass": 0, "rails_unsplit": 0, "undecided": 0, "unjudged": 56} | no contract was evaluated (56 of the set's contracts name a board absent from this tree)
exit 3
