** Drc report for pcb-b-compute.kicad_pcb **
** Created on 2026-09-03T17:42:56+0200 **
** Report includes: Errors, Warnings, Exclusions **

** Found 12 DRC violations **
[silk_overlap]: Silkscreen overlap
    Rule: board setup constraints silk; warning
    @(176,0000 mm, 130,0000 mm): Segment on F.Silkscreen
    @(184,7000 mm, 183,5400 mm): Segment of J_USB_UP2 on F.Silkscreen
[silk_over_copper]: Silkscreen clipped by solder mask
    Local override; warning
    @(176,0000 mm, 130,0000 mm): Segment on F.Silkscreen
[silk_over_copper]: Silkscreen clipped by solder mask
    Local override; warning
    @(176,0000 mm, 186,0000 mm): Segment on F.Silkscreen
[via_dangling]: Via is not connected or connected on only one layer
    Local override; warning
    @(143,3270 mm, 179,2000 mm): Via [/A_CT] on F.Cu - B.Cu
[via_dangling]: Via is not connected or connected on only one layer
    Local override; warning
    @(144,7050 mm, 174,9000 mm): Via [/A_FUSED] on F.Cu - B.Cu
[via_dangling]: Via is not connected or connected on only one layer
    Local override; warning
    @(129,9500 mm, 180,5500 mm): Via [/EXP_SPARE0] on F.Cu - B.Cu
[via_dangling]: Via is not connected or connected on only one layer
    Local override; warning
    @(129,2500 mm, 181,2000 mm): Via [/EXP_SPARE1] on F.Cu - B.Cu
[via_dangling]: Via is not connected or connected on only one layer
    Local override; warning
    @(138,9500 mm, 179,9000 mm): Via [/FLT_RB] on F.Cu - B.Cu
[via_dangling]: Via is not connected or connected on only one layer
    Local override; warning
    @(87,3500 mm, 169,0500 mm): Via [/HUB_RST] on F.Cu - B.Cu
[via_dangling]: Via is not connected or connected on only one layer
    Local override; warning
    @(130,8020 mm, 75,2000 mm): Via [/TC_CT] on F.Cu - B.Cu
[via_dangling]: Via is not connected or connected on only one layer
    Local override; warning
    @(163,2850 mm, 175,0500 mm): Via [/USB_A_P] on F.Cu - B.Cu
[via_dangling]: Via is not connected or connected on only one layer
    Local override; warning
    @(155,4350 mm, 176,0000 mm): Via [/USB_UP_VBUS] on F.Cu - B.Cu

** Found 0 unconnected pads **

** Found 0 Footprint errors **

** End of Report **
