M1'S MODELLED HISTORICAL COVERAGE, THE STORE EACH WEATHER BASIS WOULD NEED, AND CREDIBLE IMPROVEMENTS (weather_basis.py,
stream l3plane, MESHSAT-1357). PROTOTYPE DESIGN: nothing built, powered or measured. MODELED on a1elec's energy_two_pack.py
through energy_basis.py's set-up (pinned); every coverage figure is a MODELLED HISTORICAL COVERAGE, not a success
probability. The author's analysis, AI arithmetic; not a qualified review and not the independent check.

0. REPRODUCTION: this script's window runs reproduce energy_basis.out section 8's six counts, and its mean-day runs the six
   WE rows of section 5: yes

A. THE MODELLED HISTORICAL COVERAGE, EXACTLY
   dataset: PVGIS 5.2, the seriescalc API (https://re.jrc.ec.europa.eu/api/v5_2/seriescalc), radiation PVGIS-SARAH2, meteorology ERA5, horizon DEM-calculated; hourly averages,
     UTC, stamped at HH:11; the September rows filed as v2/vendor/solar/pvgis-series/pvgis-leiden-seriescalc-2005-2020-september-slope40-aspect0.json
   years: 2005 to 2020 (16 Septembers); the panel orientation: slope 40 degrees, azimuth 0 (south), latitude 52.160, longitude 4.497
   windows: 864 of 72 hours, one starting at 06:00 and one at 18:00 UTC on each of 1 to 27 September of each year, so they
     OVERLAP (starts 12 h apart); none crosses the month's end (the last window's last hour is 30 September 17:11 UTC);
     the series is used as PVGIS gives it, not scaled to the 2015 to 2020 monthly mean
   initial charge: both packs full (their aged usable energy) at each window's start; no carry-over between windows
   ageing: REQ-014's 80 percent of the cells' specification minimum (energy_inputs.yaml aged_80), the 3.00 V line with the
     5 percent reserve; pack temperatures: the base at +20 C, the lid at the window's own minimum air (T2m)
   load: PS-IDLE-SPEC 42.8 W at the pack terminals (POWER-THERMAL.md section 4), plus in every WE case the lid path's standby
     drain, 1.8 Wh over 72 h (reconcile_lid_panel.out NOTES), both split between the packs by capacity
   array: 400 Wp, four Renogy RNG-100DB-H in 2S2P, a 200 W stage window; each calendar day's own TYP or WAB ratio
   failure criteria, all three reported: STOP, the kit stops (both packs at their 3.00 V line: the model's M1 verdict);
     COMB, the two packs' combined lowest store at or under 4.2 Wh; EACH, either pack's own lowest store at or under 4.2 Wh
   the cases: WE, energy_basis.out 1c's restated WE (conditional on the stage 0.93, front end 0.93 and charge 0.95 declared);
     WE-LO, the same three at their brackets' lower ends (0.90, 0.90, 0.90); WE-MKR, the same three at the makers' readings
     (stage 0.965 and front end 0.978, curve_readings.out; charge 0.9924, the cell sheet's resistive bound, energy_basis.out 2):
     INFERRED readings of other circuits and an upper bound, not established; NOM, energy_basis.out 1c's nominal inputs

   lid                case       windows kept: no STOP      COMB above the floor       EACH above the floor      
   4S9P both kept     WE TYP        0 of 864 (  0.0 %)           0 of 864 (  0.0 %)           0 of 864 (  0.0 %)       
   4S9P both kept     WE WAB        0 of 864 (  0.0 %)           0 of 864 (  0.0 %)           0 of 864 (  0.0 %)       
   4S9P both kept     WE-LO TYP     0 of 864 (  0.0 %)           0 of 864 (  0.0 %)           0 of 864 (  0.0 %)       
   4S9P both kept     WE-MKR TYP    0 of 864 (  0.0 %)           0 of 864 (  0.0 %)           0 of 864 (  0.0 %)       
   4S9P both kept     NOM TYP       0 of 864 (  0.0 %)           0 of 864 (  0.0 %)           0 of 864 (  0.0 %)       
   4S14P tablet out   WE TYP      166 of 864 ( 19.2 %)         164 of 864 ( 19.0 %)         115 of 864 ( 13.3 %)       
   4S14P tablet out   WE WAB      121 of 864 ( 14.0 %)         114 of 864 ( 13.2 %)          85 of 864 (  9.8 %)       
   4S14P tablet out   WE-LO TYP   118 of 864 ( 13.7 %)         114 of 864 ( 13.2 %)          79 of 864 (  9.1 %)       
   4S14P tablet out   WE-MKR TYP  216 of 864 ( 25.0 %)         213 of 864 ( 24.7 %)         147 of 864 ( 17.0 %)       
   4S14P tablet out   NOM TYP     207 of 864 ( 24.0 %)         200 of 864 ( 23.1 %)         145 of 864 ( 16.8 %)       
   4S15P QMX out      WE TYP      190 of 864 ( 22.0 %)         186 of 864 ( 21.5 %)         141 of 864 ( 16.3 %)       
   4S15P QMX out      WE WAB      151 of 864 ( 17.5 %)         146 of 864 ( 16.9 %)         108 of 864 ( 12.5 %)       
   4S15P QMX out      WE-LO TYP   139 of 864 ( 16.1 %)         136 of 864 ( 15.7 %)         104 of 864 ( 12.0 %)       
   4S15P QMX out      WE-MKR TYP  255 of 864 ( 29.5 %)         252 of 864 ( 29.2 %)         188 of 864 ( 21.8 %)       
   4S15P QMX out      NOM TYP     235 of 864 ( 27.2 %)         232 of 864 ( 26.9 %)         177 of 864 ( 20.5 %)       
   MODELLED HISTORICAL COVERAGE: the share of these past September windows the model carries; not a probability of success.

B. THE STORE EACH WEATHER BASIS WOULD NEED (the owner's decision L3-OD6; ILLUSTRATIVE targets, not proposals)
   Method: for each window, the least lid pack (the base held at 4S6P) with which the window passes COMB at WE, by bisection
   on the lid's parallel count (a real number, so the store is continuous); the store it amounts to is the base's and the
   lid's usable energy at the window's own lid temperature (aged, to the 3.00 V line with the reserve, at the load's rate).
   A target of X % takes the X-th percentile of those stores over the 864 windows. The mean-day basis (SC-37) uses the same
   bisection on the reference day at 40/0, both starts.
   cells (MAKER, v2/vendor/battery/samsung-35e-orbtronic.pdf): 3.35 Ah minimum x 3.60 V nominal = 12.06 Wh a cell (3.1, 3.3); 50 g maximum (3.10); 65.25 mm high by
     18.55 mm across (3.11): 17.63 cm3 as a cylinder, 22.45 cm3 as its square footprint. Cells only: holders, protection
     boards, wiring and enclosures are not counted. Established places (a1mech README section 2's table; the base 4S6P,
     24 cells): lid A 39, B 56, C 61, so at most 60 (4S9P both kept), 80 (4S14P tablet out), 84 (4S15P QMX out) cells in 4S groups.
   the current stores at WE on the mean day (the model's usable at the reference lid temperature 13.23 C):
     4S9P both kept      60 cells, 723.6 Wh nominal, 502.6 Wh usable (0.695 of nominal: ageing 0.80, the 3.00 V line with the reserve,
                        rate and temperature, as the model computes them)
     4S14P tablet out    80 cells, 964.8 Wh nominal, 660.5 Wh usable (0.685 of nominal: ageing 0.80, the 3.00 V line with the reserve,
                        rate and temperature, as the model computes them)
     4S15P QMX out       84 cells, 1013.0 Wh nominal, 692.1 Wh usable (0.683 of nominal: ageing 0.80, the 3.00 V line with the reserve,
                        rate and temperature, as the model computes them)
   the allowances between nominal and usable, per pack of the 4S21P kit (energy_budget.py's Pack.usable_wh, its factors):
     base 4S6P at +20 C     0.141 A a cell: rate 1.000, temperature 1.000, mean voltage 3.624 V (1.007 of 3.60 V), to the 3.00 V line or the
                            5 % reserve 0.937, ageing 0.80: 0.755 of nominal, 218.4 Wh
     lid 4S15P at 13.23 C   0.141 A a cell: rate 1.000, temperature 0.867, mean voltage 3.624 V (1.007 of 3.60 V), to the 3.00 V line or the
                            5 % reserve 0.937, ageing 0.80: 0.655 of nominal, 473.7 Wh
   cell limits: charge at most 1.020 A a cell for cycle life (REQ-075; the sheet's 3.5), against U3's 3.968 A over 6 cells and
     U3B's 7.936 A over the lid's cells (0.529 A a cell at 4S15P, less for a larger lid); discharge far under the sheet's 8 A (3.8)

   Third issue (CHECK-2 minors 2 and 3): the cells are the percentile of each window's own cell count (the least 4S
   group that carries it), not the count of the window at the store's percentile; the multiples are given both in usable
   Wh (against the 4S21P kit at the reference lid temperature) and in cells (against its 84 cells, the physical quantity).
   basis                          build  usable, Wh     lid, 4SnP    cells (4S)   nominal, Wh  mass, kg     volume, l (cyl / box)  x the 4S21P: Wh; cells fits?
   (i) SC-37's mean day, 40/0     TYP    619.0          4S13P        76           916.6        3.80         1.3 / 1.7              0.89; 0.90             fits 4S14P tablet out, 4S15P QMX out
   (ii) 50 % of the windows       TYP    981.8          4S26P        128          1543.7       6.40         2.3 / 2.9              1.42; 1.52             fits no established arrangement
   (ii) 80 % of the windows       TYP    1331.0         4S37P        172          2074.3       8.60         3.0 / 3.9              1.92; 2.05             fits no established arrangement
   (ii) 95 % of the windows       TYP    1688.9         4S49P        220          2653.2       11.00        3.9 / 4.9              2.44; 2.62             fits no established arrangement
   (i) SC-37's mean day, 40/0     WAB    676.2          4S15P        84           1013.0       4.20         1.5 / 1.9              0.98; 1.00             fits 4S15P QMX out
   (ii) 50 % of the windows       WAB    1055.5         4S28P        136          1640.2       6.80         2.4 / 3.1              1.53; 1.62             fits no established arrangement
   (ii) 80 % of the windows       WAB    1420.6         4S40P        184          2219.0       9.20         3.2 / 4.1              2.05; 2.19             fits no established arrangement
   (ii) 95 % of the windows       WAB    1760.5         4S51P        228          2749.7       11.40        4.0 / 5.1              2.54; 2.71             fits no established arrangement
   The store needed per window (TYP): median 982.4 Wh, the largest 2174.5 Wh; the model's store of the 4S21P kit 692.1 Wh.
   'Several times more energy': the illustrative targets need 1.42 to 2.54 times the 4S21P kit's usable store, and 1.52 to
   2.71 times its 84 cells.
   Assumptions: WE's inputs (conditional on the three undocumented efficiencies); 400 Wp; the load as in A; the store grown on
   the lid's side with U3B's code 62 charge current unchanged; a full store at each window's start; the percentile is over
   overlapping windows of 16 Septembers, not independent trials.

C. CREDIBLE IMPROVEMENTS, EACH ALONE FROM WE (TYP): the modelled historical coverage (COMB) of the 4S14P and 4S15P lids,
   and the mean-day margin on 40/0 (the lowest combined store, TYP / WAB, or NOT MET); nothing designed, nothing adopted
   improvement                                                                                          4S14P coverage   4S15P coverage   mean-day margin 4S14P; 4S15P service
   WE as restated (the reference)                                                                       19.0 %           21.5 %           44.0 / NOT MET; 74.3 / 19.5 the reference
   PS-IDLE-SPEC with both WiFi link cards held off, 36.9 W (5.9 W less; POWER-THERMAL.md section 4)     45.6 %           48.4 %           175.4 / 172.6; 206.9 / 204.1 REDUCES the approved service: the kit-to-kit link card is off (valid only while no peer kit is linked); a proposal
   the array at 600 Wp (2S3P, six panels; each day's 2S2P ratio kept, INFERRED)                         41.0 %           43.5 %           109.3 / 105.1; 140.8 / 136.6 PRESERVES the service; outside the owner's stated 'about 400 Wp into a 200 W stage': his call
   U3's input limit set to its 6.35 A clamp (energy_two_pack.py u3_iin_max_a, MAKER), 6.25 A minimum (INFERRED as for 6.1 A) 20.1 %           23.6 %           70.7 / 19.4; 101.6 / 49.5  PRESERVES the service; a register setting inside the drafted entry (R16 10 mOhm, the front end's 6.94 A)
   board E's stage at its maker curve's reading 0.965 (curve_readings.out 2, INFERRED)                  19.7 %           23.6 %           69.3 / 12.7; 99.9 / 42.9   PRESERVES the service; a figure to be established, not an improvement one can apply
   Not in the table: PS-IDLE-SPEC's documented LOW, 33.1 W (POWER-THERMAL.md section 4), is a bound from the loads' lowest
   documented figures, not an established idle load; no measured load exists.

END. Each line is the model's arithmetic; nothing is measured.
