** Drc report for pcb-b-compute.kicad_pcb **
** Created on 2026-09-03T23:58:46+0200 **
** Report includes: Errors, Warnings, Exclusions **

** Found 34 DRC violations **
[silk_overlap]: Silkscreen overlap
    Rule: board setup constraints silk; warning
    @(128,8000 mm, 67,5000 mm): Segment on F.Silkscreen
    @(88,0000 mm, 66,9000 mm): PCB text '1x M2 + tie slots; u.FL -> LoRa bulkhead' on F.Silkscreen
[silk_overlap]: Silkscreen overlap
    Rule: board setup constraints silk; warning
    @(96,9500 mm, 64,2325 mm): Segment of J_GPIO1 on F.Silkscreen
    @(88,0000 mm, 63,9000 mm): PCB text 'XIAO ESP32S3 + Wio-SX1262' on F.Silkscreen
[silk_overlap]: Silkscreen overlap
    Rule: board setup constraints silk; warning
    @(127,0400 mm, 64,2325 mm): Segment of J_GPIO1 on F.Silkscreen
    @(88,0000 mm, 63,9000 mm): PCB text 'XIAO ESP32S3 + Wio-SX1262' on F.Silkscreen
[silk_overlap]: Silkscreen overlap
    Rule: board setup constraints silk; warning
    @(33,0000 mm, 90,0000 mm): PCB text 'PORT (-X)' on F.Silkscreen
    @(32,8000 mm, 67,5000 mm): Segment on F.Silkscreen
[silk_overlap]: Silkscreen overlap
    Rule: board setup constraints silk; warning
    @(74,3700 mm, 66,9325 mm): Segment of J_GPIO1 on F.Silkscreen
    @(88,0000 mm, 66,9000 mm): PCB text '1x M2 + tie slots; u.FL -> LoRa bulkhead' on F.Silkscreen
[silk_overlap]: Silkscreen overlap
    Rule: board setup constraints silk; warning
    @(88,0000 mm, 66,9000 mm): PCB text '1x M2 + tie slots; u.FL -> LoRa bulkhead' on F.Silkscreen
    @(74,8700 mm, 65,9325 mm): Segment of J_GPIO1 on F.Silkscreen
[silk_overlap]: Silkscreen overlap
    Rule: board setup constraints silk; warning
    @(88,0000 mm, 63,9000 mm): PCB text 'XIAO ESP32S3 + Wio-SX1262' on F.Silkscreen
    @(101,0500 mm, 64,2325 mm): Segment of J_GPIO1 on F.Silkscreen
[silk_overlap]: Silkscreen overlap
    Rule: board setup constraints silk; warning
    @(96,9500 mm, 65,5425 mm): Segment of J_GPIO1 on F.Silkscreen
    @(88,0000 mm, 63,9000 mm): PCB text 'XIAO ESP32S3 + Wio-SX1262' on F.Silkscreen
[silk_overlap]: Silkscreen overlap
    Rule: board setup constraints silk; warning
    @(90,4750 mm, 37,9900 mm): Segment of U12 on F.Silkscreen
    @(95,0000 mm, 38,5000 mm): PCB text 'BACK WALL (+Y)' on F.Silkscreen
[silk_overlap]: Silkscreen overlap
    Rule: board setup constraints silk; warning
    @(90,4750 mm, 37,9400 mm): Segment of U12 on F.Silkscreen
    @(95,0000 mm, 38,5000 mm): PCB text 'BACK WALL (+Y)' on F.Silkscreen
[silk_overlap]: Silkscreen overlap
    Rule: board setup constraints silk; warning
    @(95,0000 mm, 38,5000 mm): PCB text 'BACK WALL (+Y)' on F.Silkscreen
    @(99,0250 mm, 37,9200 mm): Segment of U11 on F.Silkscreen
[silk_overlap]: Silkscreen overlap
    Rule: board setup constraints silk; warning
    @(100,8450 mm, 37,9200 mm): Segment of U11 on F.Silkscreen
    @(95,0000 mm, 38,5000 mm): PCB text 'BACK WALL (+Y)' on F.Silkscreen
[silk_overlap]: Silkscreen overlap
    Rule: board setup constraints silk; warning
    @(233,2675 mm, 39,9500 mm): Segment of J_PANEL on F.Silkscreen
    @(236,0000 mm, 34,5000 mm): PCB text 'J_PANEL ribbon up to PCB-C' on F.Silkscreen
[silk_overlap]: Silkscreen overlap
    Rule: board setup constraints silk; warning
    @(236,0000 mm, 34,5000 mm): PCB text 'J_PANEL ribbon up to PCB-C' on F.Silkscreen
    @(239,7675 mm, 26,6600 mm): Segment of J_PANEL on F.Silkscreen
[silk_overlap]: Silkscreen overlap
    Rule: board setup constraints silk; warning
    @(231,9575 mm, 58,6400 mm): Segment of J_PANEL on F.Silkscreen
    @(272,3600 mm, 57,2500 mm): Segment on F.Silkscreen
[silk_overlap]: Silkscreen overlap
    Rule: board setup constraints silk; warning
    @(233,2675 mm, 57,3400 mm): Segment of J_PANEL on F.Silkscreen
    @(272,3600 mm, 57,2500 mm): Segment on F.Silkscreen
[silk_overlap]: Silkscreen overlap
    Rule: board setup constraints silk; warning
    @(272,3600 mm, 57,2500 mm): Segment on F.Silkscreen
    @(239,7675 mm, 26,6600 mm): Segment of J_PANEL on F.Silkscreen
[silk_overlap]: Silkscreen overlap
    Rule: board setup constraints silk; warning
    @(239,7675 mm, 57,3400 mm): Segment of J_PANEL on F.Silkscreen
    @(272,3600 mm, 57,2500 mm): Segment on F.Silkscreen
[silk_overlap]: Silkscreen overlap
    Rule: board setup constraints silk; warning
    @(241,0775 mm, 25,3600 mm): Segment of J_PANEL on F.Silkscreen
    @(272,3600 mm, 57,2500 mm): Segment on F.Silkscreen
[silk_overlap]: Silkscreen overlap
    Rule: board setup constraints silk; warning
    @(176,0000 mm, 130,0000 mm): Segment on F.Silkscreen
    @(184,7000 mm, 183,5400 mm): Segment of J_USB_UP2 on F.Silkscreen
[silk_overlap]: Silkscreen overlap
    Rule: board setup constraints silk; warning
    @(195,0000 mm, 191,5000 mm): PCB text 'FRONT WALL (-Y)   v v v' on F.Silkscreen
    @(220,0000 mm, 192,5000 mm): PCB text 'MESHSAT-709 | 245x170x1.6 4L | matte black | 2026-09-04' on F.Silkscreen
[silk_overlap]: Silkscreen overlap
    Rule: board setup constraints silk; warning
    @(138,0000 mm, 100,5000 mm): PCB text 'J_RTL1' on F.Silkscreen
    @(136,1744 mm, 100,9000 mm): Segment of C12 on F.Silkscreen
[silk_over_copper]: Silkscreen clipped by solder mask
    Local override; warning
    @(176,0000 mm, 130,0000 mm): Segment on F.Silkscreen
[silk_over_copper]: Silkscreen clipped by solder mask
    Local override; warning
    @(176,0000 mm, 186,0000 mm): Segment on F.Silkscreen
[silk_over_copper]: Silkscreen clipped by solder mask
    Local override; warning
    @(236,0000 mm, 34,5000 mm): PCB text 'J_PANEL ribbon up to PCB-C' on F.Silkscreen
[silk_over_copper]: Silkscreen clipped by solder mask
    Local override; warning
    @(138,0000 mm, 100,5000 mm): PCB text 'J_RTL1' on F.Silkscreen
[silk_over_copper]: Silkscreen clipped by solder mask
    Local override; warning
    @(95,0000 mm, 38,5000 mm): PCB text 'BACK WALL (+Y)' on F.Silkscreen
[silk_over_copper]: Silkscreen clipped by solder mask
    Local override; warning
    @(88,0000 mm, 63,9000 mm): PCB text 'XIAO ESP32S3 + Wio-SX1262' on F.Silkscreen
[silk_over_copper]: Silkscreen clipped by solder mask
    Local override; warning
    @(195,0000 mm, 191,5000 mm): PCB text 'FRONT WALL (-Y)   v v v' on F.Silkscreen
[via_dangling]: Via is not connected or connected on only one layer
    Local override; warning
    @(166,3100 mm, 175,6550 mm): Via [/5V_A] on F.Cu - B.Cu
[via_dangling]: Via is not connected or connected on only one layer
    Local override; warning
    @(143,1020 mm, 179,2200 mm): Via [/A_CT] on F.Cu - B.Cu
[via_dangling]: Via is not connected or connected on only one layer
    Local override; warning
    @(129,9500 mm, 180,5500 mm): Via [/EXP_SPARE0] on F.Cu - B.Cu
[via_dangling]: Via is not connected or connected on only one layer
    Local override; warning
    @(87,2750 mm, 167,6000 mm): Via [/HUB_BUSJ] on F.Cu - B.Cu
[via_dangling]: Via is not connected or connected on only one layer
    Local override; warning
    @(87,2750 mm, 168,9000 mm): Via [/HUB_RST] on F.Cu - B.Cu

** Found 0 unconnected pads **

** Found 0 Footprint errors **

** End of Report **
