r8int3: regen start 2026-09-27T04:51:07Z
9.0.9
Python 3.12.3
r8int3: base footprint generators: 9 lines; meshsat.pretty status after them: []
r8int3: tauth footprint generators: 9 lines; meshsat.pretty status after them: []
r8int3: tree footprint generators: 10 lines; meshsat.pretty status after them: []
base b phase B21 gen_sch exit 0 build_sch exit 0 04:53:08
tauth b phase B21 gen_sch exit 0 build_sch exit 0 04:53:37
tree a phase A65 gen_sch exit 0 build_sch exit 0 04:51:39
tree b phase B21 gen_sch exit 0 build_sch exit 0 04:53:37
tree c phase C24 gen_sch exit 0 build_sch exit 0 04:51:20
tree d phase D37P gen_sch exit 0 build_sch exit 0 04:51:21
tree e phase E42P gen_sch exit 0 build_sch exit 0 04:51:19
tree p phase P4 gen_sch exit 0 build_sch exit 0 04:51:17
r8int3: determinism pcb-b-compute.kicad_sch: IDENTICAL
r8int3: determinism pcb-b-compute.net: differs
r8int3: determinism pcb-b-compute-intent.json: differs
r8int3: base status after regen:
r8int3: tauth status after regen:
r8int3: tree status after regen:
overlay          80G   17G   64G  22% /
r8int3: regen done 2026-09-27T04:53:50Z
