l8r2_gndret.py: Layer 8 record l8r2, round 7 (task T5b): board B's ground return, its load basis and its current capacity
reconciled (the owner's review of 4 October 2026, RSM-01). PROTOTYPE DESIGN: nothing is built, bought, powered or measured;
nothing here is applied to the tree; no figure is a measurement. Case rows cited (inputs/coordinator-cases-2026-10-04-rev3.md):
C-DEV rev 1 for the device rail; C-ALLTX rev 3 where a state of it applies; the slots' loads per state as record l9pwr prints them.

0. INPUTS (sha256/16)
   3698cc04d8eaf75b v2/ecad/tools/gen_sch_b.py
   6a136feec6c9cf4e v2/ecad/tools/gen_sch_a.py
   6c40250c47195ebb v2/ecad/pcb-a-power-a23/out/pcb-a-power.net
   3ef9b8c49a01b728 v2/ecad/pcb-b-compute-b19/out/pcb-b-compute.net
   6e46bc5651e17d8d v2/ecad/pcb-b-compute-b19/out/pcb-b-compute-intent.json
   a491b0cc0a960626 v2/docs/records/l4e9/L4-POWER-ARCHITECTURE.md
   7190699c2f27fdc2 v2/docs/records/l9pwr/l9pwr_budget.out
   e5e8b9083cb087ff v2/docs/records/l8r2/inputs/l9pwr_budget-f70d3085.txt
   e78a17359462e4e5 v2/docs/records/l8r2/inputs/l9t5_drafts-f70d3085.txt
   0be579949c22eab1 v2/docs/records/l8r2/inputs/coordinator-cases-2026-10-04-rev3.md
   d236df36ee6785e6 v2/docs/records/l8r2/inputs/SOURCES.txt
   3bdd5e3ebba68b07 v2/docs/records/l4e12/l4e12_thermal.out
   3a23036c57859f1d v2/docs/records/l9stk/L9-STACKUPS.md
   29dbe3a0c4938274 v2/docs/ASSEMBLY.md
   393305bed4edfd26 v2/ecad/tools/pcb_interfaces.yaml
   da98e9d508d8146d v2/docs/records/l8r2/apply_gen_sch_a_packrtn.py
   3e28374d15be25e0 v2/ecad/tools/kisch.py
   0071fe553548eb5d v2/ecad/tools/intent.py
   359895768625712d v2/ecad/tools/idc_pads.py
   fd750e4dc429a790 v2/ecad/tools/track_current.py
   0b28f57e0a09a385 v2/ecad/tools/dc_drop.py
   f3339d09604757d3 v2/docs/records/l8p/gen_netlist.py
   a533c3262b835db7 v2/docs/records/l8r2/check_l8r2_netlist.py
   e7702dbde301e4ae v2/docs/records/l8r2/check_gndret_netlist.py
   701f6181c41fcf83 v2/docs/records/l8r2/l8r2_drafts.py
   6b9d1d051c21e052 v2/docs/records/l6r2/apply_gen_sch_b_intent.py
   a96c72c07fca8671 v2/docs/records/l6r2/apply_gen_sch_b_lcsc.py
   8016267ff0da3889 v2/docs/records/l6r2/apply_gen_sch_b_xal_land.py
   74937ea4717a9556 v2/docs/records/l8gnd/apply_gen_sch_b_gnd002.py
   f6381296fc8ad657 v2/docs/records/l8r2/apply_gen_sch_b_fandec.py
   cb03ff040b0ef784 v2/docs/records/l8r2/apply_gen_sch_b_fans12.py
   f5d15853e9ca5af8 v2/docs/records/l8r2/apply_gen_sch_b_gndret.py
   3d2750a188913fef v2/docs/records/l8r2/apply_gen_sch_b_panel5v.py
   576eefdf4ce0026a v2/docs/records/l8r2/apply_gen_sch_b_ph4.py
   c81cd7ffa60561fe v2/docs/records/l8r2/apply_gen_sch_b_rt500.py
   afb77ab72e0d2d4c v2/docs/records/l8r2/inputs/l9t5-apply_gen_sch_b_iocbuck-f70d3085.py
   3861922c585a4019 v2/docs/records/l6r2/l6r2_apply.py
   0365bbd0a8ccc368 v2/docs/records/l6r2/l6r2_land.py
   eef9321261f5dfb1 v2/docs/records/l6r2/l6r2_intent.py
   d51e669c597988b2 v2/vendor/connectors/jst-vh-catalogue.pdf
   38509e478ba394d0 v2/vendor/connectors/wurth-wr-bhd-box-header-61202621621.pdf
   6f7254b5bcf6f837 v2/vendor/connectors/wurth-wr-bhd-idc-socket-61202623021.pdf
   fdee657377aed9ac v2/vendor/connectors/wurth-wr-cab-ribbon-63912615521cab.pdf
   the session's choices (authority SESSION, each reversible by editing the constant and regenerating):
     T_RATED_RISE 30 K: the rise at the rated current JST's 10 A is taken to stand for (ASSUMPTION; the held catalogue prints the range
       -40 to +105 C 'including temperature rise in applying electrical current' and no rise, no derating curve); it is used only to
       label a hot-air figure beside the printed rating, never to pass a row
     CU_ALPHA 0.00393 /K: ideal copper (ASSUMPTION, as records cx1 and l4e11); rho 1.72e-08 Ohm m is dc_drop.py's own (parsed)
     the J_5V_IOC lead at AWG 16 and 150 mm: record l9t5's draft names no gauge or length (ASSUMPTION, as the four 5 V leads)
     J_AB2's ribbon at J_AB1's 80 mm: its length is TBD in its contract IF-AB-WALL (ASSUMPTION)
     RIB_DERATE 0.5: a ribbon conductor held to that share of its 25 C rating in section 3j's acceptance figure (ASSUMPTION: its
       maker states a derating at higher ambient and prints no curve)

1. THE REPRODUCTION (scratch copies of v2/ecad/tools/gen_sch_b.py; each draft applied with --write, the generator run as record l8p's gen_netlist.py runs it)
   L4-E9's change list, board B's rows in application order (v2/docs/records/l4e9/L4-POWER-ARCHITECTURE.md section 3, parsed):
     step 60 R-107 none: a missing draft
     step 61 R-163 none: a missing draft
     step 62 R-166 none: a missing draft
     step 63 R-195 apply_gen_sch_b_gnd002.py
     step 64 R-190 apply_gen_sch_b_fans12.py
     step 65 R-203 apply_gen_sch_b_rt500.py
     step 66 R-211 none: a missing draft
   its drafted rows are apply_gen_sch_b_gnd002.py, apply_gen_sch_b_fans12.py, apply_gen_sch_b_rt500.py: as this record composes them; this record's panel5v and ph4 (Layer 5's findings L5R2-F03 and F04, no change-list row) are
   composed between them as rounds 1 to 6 and record l9t5 compose them; Layer 9's draft follows the circuit drafts (its own text)
   as committed                       GND handed to intent: 10.0 A typical, 21.0 A peak, 4 sources, 38 loads summing 19.743 A (limit 1.02 x peak = 21.42 A): RUNS to its end
   + gnd002                           GND handed to intent: 10.0 A typical, 21.0 A peak, 4 sources, 38 loads summing 19.743 A (limit 1.02 x peak = 21.42 A): RUNS to its end
       the list does not move
   + fans12                           GND handed to intent: 10.0 A typical, 21.0 A peak, 4 sources, 38 loads summing 21.513 A (limit 1.02 x peak = 21.42 A): STOPS
       intent: rail GND declares a 21.00 A peak and its loads sum to 21.51 A. The loads are a claim about the same current as the peak: correct one of them.
       the sum moves +1.770 A: J_FAN1 0.100 A leaves; J_FAN2 0.100 A leaves; J_FAN3 0.100 A leaves; U701 0.690 A enters; U731 0.690 A enters; U761 0.690 A enters
   + panel5v                          GND handed to intent: 10.0 A typical, 21.0 A peak, 4 sources, 38 loads summing 21.513 A (limit 1.02 x peak = 21.42 A): STOPS
       intent: rail GND declares a 21.00 A peak and its loads sum to 21.51 A. The loads are a claim about the same current as the peak: correct one of them.
       the list does not move
   + ph4                              GND handed to intent: 10.0 A typical, 21.0 A peak, 4 sources, 38 loads summing 21.513 A (limit 1.02 x peak = 21.42 A): STOPS
       intent: rail GND declares a 21.00 A peak and its loads sum to 21.51 A. The loads are a claim about the same current as the peak: correct one of them.
       the list does not move
   + rt500                            GND handed to intent: 10.0 A typical, 21.0 A peak, 4 sources, 38 loads summing 21.513 A (limit 1.02 x peak = 21.42 A): STOPS
       intent: rail GND declares a 21.00 A peak and its loads sum to 21.51 A. The loads are a claim about the same current as the peak: correct one of them.
       the list does not move
   + l9t5-iocbuck-f70d3085            GND handed to intent: 10.0 A typical, 21.0 A peak, 5 sources, 38 loads summing 21.513 A (limit 1.02 x peak = 21.42 A): STOPS
       intent: rail GND declares a 21.00 A peak and its loads sum to 21.51 A. The loads are a claim about the same current as the peak: correct one of them.
       the list does not move
   WHICH DRAFT MOVES THE SUM: fans12 alone, by +1.770 A (three slots, each fan header's 0.100 A becoming its step-up's 0.690 A at the
   slot rail); Layer 9's draft moves it by +0.000 A (the three LDOs' 0.12 A leave +5V_DEV's list and re-enter as its own)
   the stop is reproduced after fans12 and at every later stage, without Layer 9's draft (rt500's line) and with it (iocbuck's line): yes

2. THE LOAD BASIS
2a. what _GND_LOADS is: the union of the arriving 5 V rails' own allocations, each at the part its branch returns at (the generator's
    comment of 13 September). Read from the recorded calls, composed through rt500 (with Layer 9's draft in brackets):
      +5V_S1   at J_5V_S1   declared 2.50 A typical, 6.60 A peak; its loads sum 5.341 A (2.50 / 6.60 A, loads 5.341 A)
      +5V_S2   at J_5V_S2   declared 4.20 A typical, 6.60 A peak; its loads sum 5.341 A (4.20 / 6.60 A, loads 5.341 A)
      +5V_S3   at J_5V_S3   declared 2.50 A typical, 6.60 A peak; its loads sum 5.341 A (2.50 / 6.60 A, loads 5.341 A)
      +5V_DEV  at J_5V_DEV  declared 3.80 A typical, 6.00 A peak; its loads sum 5.490 A (3.44 / 6.00 A, loads 5.130 A)
      +5V_IOC  at J_5V_IOC  (Layer 9's draft only: 0.36 A typical, 1.38 A peak, loads 0.360 A)
      the leads' allocations sum to 21.513 A (21.513 A); GND's list sums 21.513 A (21.513 A): the same amperes, EQUAL
      keys the return lists at another part than the supply: F2, F3, U901 on the supply side, J_PANEL, J_QMX, U3, U4 on the return side (a polyfuse or an eFuse has
      no ground pin that carries its load: PANEL_5V returns at J_PANEL, VBUS_QMX at J_QMX, +5V_HDMI's allocation at U3 and U4)
2b. is it the return current? By Kirchhoff the board's return to board A is the sum of what arrives on its leads; the cables that
    leave the board (panel, QMX, camera, LimeSDR, RockBLOCK, HDMI) carry their own return back to this board's ground.
    NAMED TWICE, each judged: J_PANEL and J_QMX are loads of a series segment of the device rail (PANEL_5V, VBUS_QMX), the same current further
    along its own path, listed once in the return, where it comes back. U3 and U4 are also loads of a rail this board converts (+3V3_DEV,
    0.01 A each, inside U25's 5 V input); the return's entries at those two parts are the 0.20 A allocation of the polyfuse F2
    (+5V_HDMI) split in two, another branch's amperes. No ampere is in the return's list twice. (A LOCATION only: +5V_HDMI
    declares its own load at J_HDMI, so that return comes back at the HDMI connector, not at the switches: finding L8R2-F37.)
    THE COOLER BRANCH (the brief's example): the return lists the step-up's 5 V input at U701 (0.69 A; 2.75 W of fan over 0.80 at 5.0 V)
    and NOT the fan's 12 V current (CFAN1_12V's load U702 0.22 A, CFAN1_V's load J_FAN1): 0.22 A leaves at J_FAN1 pin 2 and the
    rest of the 0.69 A at the step-up's ground. One count.
    MISSING: the PoE port's return. +54V_POE (0.30 A typical, 0.60 A peak) arrives on J_54V, whose pin 2 is on GND on both boards;
    the port's current comes back through POE_DRAIN, Q1 and POE_SEN to the sense resistor R12 and enters GND there. The list has
    no entry for it and the declaration does not name J_54V. Corrected by this round's draft (R12 at the rail's peak; J_54V a source).
    RETURNS ELSEWHERE: none found (board B has no second ground and no chassis bond; record l8gnd's GND-002 moves only the
    RJ45 shell and C33 to CHASSIS, which carry no supply current).
2c. the three figures the declaration could hold (A; composed through rt500, with Layer 9's draft in brackets):
    (i) THE SUM OF THE LEADS' DECLARED PEAKS, an UPPER BOUND (every lead at its own peak at once): 26.40 A (27.78 A) with the PoE
        lead's 0.60 A; 22.23 A on the committed generator. The typicals sum to 13.30 A (13.30 A). DECLARED.
    (ii) LAYER 9'S BUDGET, the tree's budget (set 29's candidate): the four 5.1 V stages' output summed per state (MODEL, record l9pwr section 5b; the PoE
         stage is off in every state of that budget):
         state                            PLAN     HIGH HIGH least V    + one start    + every start
         PS-IDLE                         5.793   13.147       13.679         14.778           16.974
         PS-IDLE-SPEC                    5.793   13.147       13.679         14.778           16.974
         PS-TYP                          9.385   19.646       20.440         21.539           23.736
         PS-BUSY                        14.465   21.944       22.832         23.931           26.127
         PS-RED (slot 3 alone)           3.350    7.435        7.735          8.834            8.834
         PS-RED-b                        5.793   13.147       13.679         14.778           16.974
         PS-EMCON                        6.766   12.965       13.488         14.587           16.785
         PS-ALLTX                       16.785   22.093       22.988         24.087           26.283
         PS-RED2 (slots 2 and 3)         4.822    9.526        9.911         11.010           12.108
         PS-SURV (slot 2 alone)          3.344    6.850        7.128          8.226            8.226
         PS-SURV-R (the heat stage)      3.350    7.435        7.735          8.834            8.834
         the largest state: PS-ALLTX, 22.988 A at HIGH at the least load voltage (22.093 A at 5.1 V, 16.785 A at PLAN); with one cooler's
         bounded start 24.087 A, with every running slot's at once 26.283 A (the starts are 100 us averages, record l8r2 round 6)
    (ii) LAYER 9'S BUDGET, Layer 9's rounds 4 and 5 (the copy of fnd/l9t5 at f70d3085): the four 5.1 V stages' output summed per state (MODEL, record l9pwr section 5b; the PoE
         stage is off in every state of that budget):
         state                            PLAN     HIGH HIGH least V    + one start    + every start
         PS-IDLE                         5.793   13.147       13.679         14.778           16.974
         PS-IDLE-SPEC                    5.793   13.147       13.679         14.778           16.974
         PS-TYP                          9.385   19.646       20.440         21.539           23.736
         PS-BUSY                        14.465   21.944       22.832         23.931           26.127
         PS-RED (slot 3 alone)           3.350    7.435        7.735          8.834            8.834
         PS-RED-b                        5.793   13.147       13.679         14.778           16.974
         PS-EMCON                        6.766   12.965       13.488         14.587           16.785
         PS-ALLTX                       16.554   20.135       20.950         22.049           24.246
         PS-RED2 (slots 2 and 3)         4.822    9.526        9.911         11.010           12.108
         PS-SURV (slot 2 alone)          3.344    6.850        7.128          8.226            8.226
         PS-SURV-R (the heat stage)      3.350    7.435        7.735          8.834            8.834
         the largest state: PS-BUSY, 22.832 A at HIGH at the least load voltage (21.944 A at 5.1 V, 14.465 A at PLAN); with one cooler's
         bounded start 23.931 A, with every running slot's at once 26.127 A (the starts are 100 us averages, record l8r2 round 6)
         on C-DEV rev 1 the device rail is 7.4717 A of that state's figure; with Layer 9's draft composed U7 carries 6.0359 A and
         U601 1.4358 A (record l9t5, MODEL), the same 7.4717 A on two leads: the board's total return does not move
    (iii) WHAT THE SOURCES CAN DELIVER (a fault bound): each LM5176 5.1 V stage's average loop limits between 7.0957 and 9.5960 A (VSNS
         43 to 57 mV PRINTED, SNVSAI1D, over the 6 mOhm shunt at 1 %, DECLARED; record l9t5 prints 9.5960 A); with this record's
         slotlm draft all four leads are such stages: 4 x 9.596 = 38.38 A (with Layer 9's U601 at its output bound 5.15 A: 43.53 A).
         One stage in its limit with the others at the largest state: 25.112 A.
    WHICH ONE THE DECLARATION HOLDS, AND WHY: the peak holds (i), named an upper bound in its note; the typical holds the sum of the
    leads' typicals; the loads stay the union of the leads' allocations, with the PoE return added.
      - (i) is the only figure that is true by construction: the return cannot carry more than its leads are declared to carry,
        and those declarations are Layer 5's contract at both ends of each lead. Derived in the generator, it follows a lead
        that is declared again; typed, it went stale on 28 September (S-98) and again with fans12.
      - (ii) against (i), like for like (the PoE stage is off in the budget, so the 5 V leads alone): with Layer 9's draft composed
        the largest state with every start at once is 26.283 A against 27.18 A: inside. Without that draft it is 26.283 A against
        25.80 A: OVER by 0.483 A, because the device lead declares 6.0 A where C-DEV rev 1 has 7.4717 A. That is I-03 itself
        (OPEN, Layer 9's): the return follows what that lead declares and does not paper over it.
      - (iii) is a fault current of four independent limits at once; intent.py's own rule puts a fault current in the note,
        not in the peak (the barrel rule PI-003 reads the peak). One stage in its limit is inside (i).
      - what the peak is NOT: a claim that 27.78 A flows. The copper rules solve the return's mesh at the declared loads,
        22.113 A with the PoE return; the peak is what a barrel is judged at.

3. THE CAPACITY BASIS
3a. THE GROUND CONDUCTORS BETWEEN BOARDS A AND B, read on both committed netlists (v2/ecad/pcb-a-power-a23/out/pcb-a-power.net, v2/ecad/pcb-b-compute-b19/out/pcb-b-compute.net):
      lead contacts, pin 2 on GND: board A J_54V, J_5V_DEV, J_5V_S1, J_5V_S2, J_5V_S3; board B J_54V, J_5V_DEV, J_5V_S1, J_5V_S2, J_5V_S3: the same five
      ribbon conductors on GND: J_AB1 pins 3,4,5,6,7,8,22,23,24 (board A) and 3,4,5,6,7,8,22,23,24 (board B); J_AB2 pins 3,4,5,6,7,8,9,10 and 3,4,5,6,7,8,9,10: 17 conductors, the same on both boards
      so the two boards' grounds are ONE net joined by five lead contacts and seventeen ribbon conductors in parallel (six leads
      with Layer 9's draft). Nothing makes a lead's pin 2 carry its own rail's current: the return divides by resistance.
      NOT IN THE MODEL (each takes current off the conductors below; none has a held resistance): the shields of the GNSS and
      LoRa pigtails if board A bonds its jacks to GND, and each board's own plane resistance, taken as one node a board.
3b. THE MAKERS' PRINTED FIGURES
      JST VH (v2/vendor/connectors/jst-vh-catalogue.pdf, catalogue, revision not printed): 10 A 'when using AWG #16 with the standard type header' (PRINTED); 7 A
        'when using AWG #18 with the shrouded type header' (PRINTED; the fitted B2P-VH is the standard header, so J_54V's AWG 18 lead
        has NO STATED RATING, Layer 5's own INCONCLUSIVE); range to +105 C including the rise (PRINTED); contact resistance 10 mOhm
        maximum initial, 20 mOhm after test (PRINTED; NO MINIMUM and no typical); conductors 1.25 mm2 (AWG 16) and 0.83 mm2 (AWG 18)
        (PRINTED). Its note (PRINTED): 'Do not branch in parallel current which exceeds the rated current. If branched in parallel,
        current imbalance or other problems may occur. If it is absolutely necessary to branch such a large current in parallel,
        design the circuits without causing any imbalance and provide extra margin for each circuit.'
      Wurth WR-CAB ribbon (v2/vendor/connectors/wurth-wr-cab-ribbon-63912615521cab.pdf): rated current 1 A a conductor at 25 C ambient, 'the current rating may decrease due to the derating
        effect at higher temperatures' with no curve (PRINTED); conductor resistance 237 Ohm/km maximum, AWG 28 (PRINTED).
      Wurth WR-BHD IDC socket (v2/vendor/connectors/wurth-wr-bhd-idc-socket-61202623021.pdf): 1 A a contact, contact resistance 20 mOhm maximum (PRINTED). Box header: 3 A at 25 C (PRINTED).
      THE INSIDE AIR (L4-E12, MODELED): 71.25 C in E3-O, 76.25 C in E5's dwell. The VH contact may add 28.75 K at 76.25 C before its range's
        top. The catalogue prints no rise at 10 A and no derating curve: if that rise is 30 K (ASSUMPTION) the contact carries
        9.789 A at 76.25 C; the printed 10 A is what the rows below are judged at, and this figure is shown beside it. The budget's
        largest state at E5's air is a conservative pairing: L4-E12's states at that air run less than PS-ALLTX.
3c. THE CONDUCTORS' RESISTANCE (MODEL: rho 1.72e-08 Ohm m at 20 C from dc_drop.py, the catalogue's sections, 150 mm leads and the 80 mm
    ribbon from ASSEMBLY.md section 4; at 20 C and at 76.25 C):
      J_5V_S1   AWG16  1 conductor     2.064 mOhm each at 20 C,   2.520 at 76.25 C
      J_5V_S2   AWG16  1 conductor     2.064 mOhm each at 20 C,   2.520 at 76.25 C
      J_5V_S3   AWG16  1 conductor     2.064 mOhm each at 20 C,   2.520 at 76.25 C
      J_5V_DEV  AWG16  1 conductor     2.064 mOhm each at 20 C,   2.520 at 76.25 C
      J_54V     AWG18  1 conductor     3.108 mOhm each at 20 C,   3.796 at 76.25 C
      J_AB1     AWG28  9 conductors   18.960 mOhm each at 20 C,  23.151 at 76.25 C  (the maker's maximum)
      J_AB2     AWG28  8 conductors   18.960 mOhm each at 20 C,  23.151 at 76.25 C  (the maker's maximum)
      a lead's two contacts may add up to 20 mOhm initial and 40 mOhm after test, four to sixteen times the lead itself: the
      division between the leads is set by the contacts, which the maker bounds from above only.
3d. THE RETURN DIVIDED BY RESISTANCE (MODEL at 76.25 C; A per conductor; 'OVER' against the PRINTED 10 A of a VH contact with AWG 16
    and 1 A of a ribbon conductor at 25 C; J_54V's AWG 18 contact has no stated rating and is shown against the shrouded header's 7 A
    as a comparator only). The ribbon's resistance is its maker's MAXIMUM: a conductor under it carries more than its row.
    the declared loads composed, with the PoE return: 22.113 A
      contacts                                                                          5 V lead (largest)     J_54V  a ribbon in ribbons  drop mV
      K0 every contact 0 mOhm (the leads and conductors alone)                             3.394     3.394     2.254     0.370      6.282      8.6  MODEL
      K1 every contact at its printed initial maximum (VH 10, IDC 20 mOhm)                 2.009     2.009     1.901     0.716     12.177     45.2  MODEL on PRINTED maxima
      K2 VH at the printed after-test maximum 20 mOhm, IDC 20 mOhm                         1.347     1.347     1.308     0.907     15.417     57.3  MODEL on PRINTED maxima
      K3 one 5 V lead's two contacts at 0, every other contact at its initial maximum      1.167    10.430     1.105     0.416      7.076     26.3  BOUND: VH OVER
      K4 every IDC contact 0, every VH contact at its initial maximum                      1.029     1.029     0.974     1.001     17.022     23.2  BOUND: RIBBON OVER
      K5 every IDC contact 0, every VH contact at its after-test maximum                   0.611     0.611     0.593     1.122     19.076     26.0  BOUND: RIBBON OVER
    Layer 9's largest state (the tree's budget, PS-ALLTX, HIGH at the least load voltage): 22.988 A
      contacts                                                                          5 V lead (largest)     J_54V  a ribbon in ribbons  drop mV
      K0 every contact 0 mOhm (the leads and conductors alone)                             3.529     3.529     2.343     0.384      6.530      8.9  MODEL
      K1 every contact at its printed initial maximum (VH 10, IDC 20 mOhm)                 2.088     2.088     1.976     0.745     12.659     47.0  MODEL on PRINTED maxima
      K2 VH at the printed after-test maximum 20 mOhm, IDC 20 mOhm                         1.400     1.400     1.359     0.943     16.028     59.5  MODEL on PRINTED maxima
      K3 one 5 V lead's two contacts at 0, every other contact at its initial maximum      1.213    10.843     1.148     0.433      7.356     27.3  BOUND: VH OVER
      K4 every IDC contact 0, every VH contact at its initial maximum                      1.070     1.070     1.013     1.041     17.695     24.1  BOUND: RIBBON OVER
      K5 every IDC contact 0, every VH contact at its after-test maximum                   0.635     0.635     0.617     1.167     19.831     27.0  BOUND: RIBBON OVER
    C-DEV rev 1's state (PS-ALLTX, HIGH, the least load voltage) with Layer 9's draft composed, six leads: 22.988 A
      contacts                                                                          5 V lead (largest)     J_54V  a ribbon in ribbons  drop mV
      K0 every contact 0 mOhm (the leads and conductors alone)                             3.059     3.059     2.031     0.333      5.661      7.7  MODEL
      K1 every contact at its printed initial maximum (VH 10, IDC 20 mOhm)                 1.914     1.914     1.812     0.683     11.605     43.1  MODEL on PRINTED maxima
      K2 VH at the printed after-test maximum 20 mOhm, IDC 20 mOhm                         1.320     1.320     1.281     0.889     15.107     56.1  MODEL on PRINTED maxima
      K3 one 5 V lead's two contacts at 0, every other contact at its initial maximum      1.153    10.299     1.091     0.411      6.987     26.0  BOUND: VH OVER
      K4 every IDC contact 0, every VH contact at its initial maximum                      1.022     1.022     0.968     0.995     16.908     23.0  BOUND
      K5 every IDC contact 0, every VH contact at its after-test maximum                   0.618     0.618     0.600     1.135     19.297     26.3  BOUND: RIBBON OVER
    the upper bound (i), five leads: 26.400 A
      contacts                                                                          5 V lead (largest)     J_54V  a ribbon in ribbons  drop mV
      K0 every contact 0 mOhm (the leads and conductors alone)                             4.052     4.052     2.691     0.441      7.500     10.2  MODEL
      K1 every contact at its printed initial maximum (VH 10, IDC 20 mOhm)                 2.398     2.398     2.270     0.855     14.538     54.0  MODEL on PRINTED maxima
      K2 VH at the printed after-test maximum 20 mOhm, IDC 20 mOhm                         1.608     1.608     1.561     1.083     18.406     68.4  MODEL on PRINTED maxima: RIBBON OVER
      K3 one 5 V lead's two contacts at 0, every other contact at its initial maximum      1.394    12.452     1.319     0.497      8.448     31.4  BOUND: VH OVER
      K4 every IDC contact 0, every VH contact at its initial maximum                      1.229     1.229     1.163     1.195     20.321     27.7  BOUND: RIBBON OVER
      K5 every IDC contact 0, every VH contact at its after-test maximum                   0.729     0.729     0.708     1.340     22.774     31.0  BOUND: RIBBON OVER
    the upper bound (i) with Layer 9's draft, six leads: 27.780 A
      contacts                                                                          5 V lead (largest)     J_54V  a ribbon in ribbons  drop mV
      K0 every contact 0 mOhm (the leads and conductors alone)                             3.697     3.697     2.455     0.402      6.841      9.3  MODEL
      K1 every contact at its printed initial maximum (VH 10, IDC 20 mOhm)                 2.313     2.313     2.189     0.825     14.024     52.1  MODEL on PRINTED maxima
      K2 VH at the printed after-test maximum 20 mOhm, IDC 20 mOhm                         1.595     1.595     1.549     1.074     18.257     67.8  MODEL on PRINTED maxima: RIBBON OVER
      K3 one 5 V lead's two contacts at 0, every other contact at its initial maximum      1.393    12.446     1.318     0.497      8.444     31.4  BOUND: VH OVER
      K4 every IDC contact 0, every VH contact at its initial maximum                      1.236     1.236     1.169     1.202     20.433     27.8  BOUND: RIBBON OVER
      K5 every IDC contact 0, every VH contact at its after-test maximum                   0.747     0.747     0.725     1.372     23.320     31.8  BOUND: RIBBON OVER
    READ.
    EQUAL CONTACTS, zero or the initial maxima (K0, K1): no conductor passes its printed rating at any total. A 5 V lead's contact carries at most 4.052 A of 10 A
      (9.789 A at 76.25 C on the 30 K ASSUMPTION), J_54V's at most 2.691 A, a ribbon conductor at most 0.855 A of 1 A at 25 C.
    EQUAL CONTACTS, the VH contacts aged to JST's after-test limit (K2): a ribbon conductor carries 0.943 A at Layer 9's largest
      state and 1.083 A at the upper bound: OVER its printed 1 A.
    The ribbons carry 24.6 to 69.7 % of the whole return over K0 to K2. Their contracts (IF-AB-RIBBON, IF-AB-WALL: signals, 1 A a
      contact) never counted it, and at 76.25 C the maker prints a derating and no curve.
    THE PRINTED EXTREMES (K3 to K5, BOUNDS: no sheet prints a minimum contact resistance): a lead contact reads 12.452 A and a ribbon
      conductor 1.372 A.
    AT 20 C (the ribbon rating's own condition; copper colder, the contacts unchanged) the ribbon rows are higher: 0.959 A at K2 at
      the largest state, 1.101 A at K2 at the upper bound, 1.411 A at the extremes; a lead contact 13.494 A at the extremes.
3e. WHAT WOULD HAVE TO BE TRUE OF THE CONTACTS (MODEL; the worse of 20 C and 76.25 C; what a harness measurement would be judged against):
      at 22.988 A (Layer 9's largest state (the tree's budget, PS-ALLTX, HIGH at the least load voltage)):
        a ribbon conductor whose own contacts are at 0 stays at or under 1 A only while EVERY VH contact is at or under 6.78 mOhm;
        a 5 V lead whose two contacts are at 0 stays at or under 10 A only while the other VH contacts are at or under 4.71 mOhm
      at 26.400 A (the upper bound (i), five leads):
        a ribbon conductor whose own contacts are at 0 stays at or under 1 A only while EVERY VH contact is at or under 3.91 mOhm;
        a 5 V lead whose two contacts are at 0 stays at or under 10 A only while the other VH contacts are at or under 2.80 mOhm
      at 27.780 A (the upper bound (i) with Layer 9's draft, six leads):
        a ribbon conductor whose own contacts are at 0 stays at or under 1 A only while EVERY VH contact is at or under 4.16 mOhm;
        a 5 V lead whose two contacts are at 0 stays at or under 10 A only while the other VH contacts are at or under 3.24 mOhm
      JST's own limit is 10 mOhm initial and 20 mOhm after test: a harness INSIDE its maker's limits can put more than its printed
      rating through a ribbon conductor or a lead contact. The design holds only while the VH contacts are better than their maker's printed limit.
3f. THE SUPPLY PINS (pin 1 carries its own rail and nothing else; PRINTED 10 A with AWG 16; 9.789 A at 76.25 C on the ASSUMPTION):
      J_5V_S1 pin 1: 5.434 A at the largest state (HIGH, least voltage), 6.532 A at its bounded start; declared peak 6.6 A: within
      J_5V_S2 pin 1: 4.648 A at the largest state (HIGH, least voltage), 5.747 A at its bounded start; declared peak 6.6 A: within
      J_5V_S3 pin 1: 5.434 A at the largest state (HIGH, least voltage), 6.532 A at its bounded start; declared peak 6.6 A: within
      J_5V_DEV pin 1: 7.4717 A on C-DEV rev 1 as committed and composed without Layer 9's draft, over the lead's declared 6.0 A peak
        (I-03, OPEN, Layer 9's); 6.0359 A with Layer 9's draft; the stage's loop can hold up to 9.5960 A, under the contact's 10 A (PRINTED)
        and over 9.789 A at 76.25 C on the ASSUMPTION: a fault current, named for Layer 9's author
      J_5V_IOC pin 1 (Layer 9's draft): 1.4358 A on the case; J_54V pin 1: 0.60 A peak on AWG 18 (no stated rating; 7 A the comparator)
      THE LEAD: AWG 16, 150 mm; JST's 10 A is stated for the crimped contact WITH that gauge, so it is the lead's rating too. The wire
      itself (its part, its insulation's temperature class) is named nowhere in the tree: OWED to Layer 7 (finding L8R2-F34).
3g. THE GROUND COPPER WHERE THE RETURNS ENTER (decision 35's function, track_current.width_for_current, 10 K, inner layers; Layer 9's
    stackup for board B is JLC08161H-2116, layer use S G S G P S G S: 3 ground planes at 0.5 oz; board A's has 2 at 0.5 oz):
      a 5 V lead's contact at balance, the largest (K0 to K2)         4.052 A:  11.10 mm of 0.5 oz plane in all; board B  3.70 mm on each of 3 planes (a solid ring at radius 0.59 mm),
                                                                               board A  5.55 mm on each of 2 (radius 0.88 mm)
      a lead's declared peak 6.6 A (its own rail returning alone)     6.600 A:  27.10 mm of 0.5 oz plane in all; board B  9.03 mm on each of 3 planes (a solid ring at radius 1.44 mm),
                                                                               board A 13.55 mm on each of 2 (radius 2.16 mm)
      the contact's printed 10 A                                     10.000 A:  57.98 mm of 0.5 oz plane in all; board B 19.33 mm on each of 3 planes (a solid ring at radius 3.08 mm),
                                                                               board A 28.99 mm on each of 2 (radius 4.61 mm)
      READ (MODEL: the ruled function applied to the plane's section around the pin): a pin 2 land joined SOLIDLY to every ground
      plane has the width within a few millimetres of the pin on either board; four thermal-relief spokes of 0.5 mm on each
      plane give 6.0 mm on board B and 4.0 mm on board A, under the least row above (11.10 mm). A LAYOUT CONSTRAINT for both boards
      (finding L8R2-F33): no thermal relief on the VH leads' pin 2, or spokes summing to the row's width. The routed board's own
      reading is dc_drop's, at the declared loads, with the five (six) leads as sources.
3h. BOARD A'S END. Its committed generator declares GND as a node, which no copper rule solves; this record's round 3 draft (apply_gen_sch_a_packrtn.py) declares it
    a rail returning CELL+ from the dock contacts to the stages' input ends at the pack's 18.0 A. Neither says that the 5 V returns
    enter at J_5V_S1..3, J_5V_DEV and J_54V pin 2 and at the ribbons and close at each stage's output: intent.rail has one set of
    sources and takes no current entering at a load, so the rule set cannot solve that loop on board A as it stands (finding
    L8R2-F33: the same currents and the same layout constraint as board B's, stated for board A's layout).
3i. LAYER 5'S CONTRACT ROWS (v2/ecad/tools/pcb_interfaces.yaml). IF-AB-POWER: harness 'JST-VH pairs, 16 AWG on the four 5 V leads and 18 AWG on J_54V, 150 mm (cable; ASSEMBLY.md section 4)'; pins '1 = the rail, 2 = GND, on both ends'; its currents rows declare each rail lead by lead
    (5.0, 5.63 and 6.0 A peaks, INTERIM) and its contact_rating reads the 10 A as this record does. It carries NO ROW for the return's
    division, and IF-AB-RIBBON and IF-AB-WALL declare their ground pins as signal returns at 1 A a contact. The row texts this
    round proposes are in the record's section 3g (Layer 5's files are its own).
3j. THE CORRECTIONS COMPARED on the upper bound with Layer 9's draft (27.78 A, six leads; every contact case K0 to K5; the worse of
    20 C and 76.25 C; MODEL):
    A0 MORE VH RETURN CONTACTS (the plain remedy): with every return an AWG 16 lead of 150 mm, the rows that take the contacts at
       their initial maxima (K0, K1, K3, K4) hold from 14 contacts, and every row (the after-test maxima too) from 24, against
       the six drawn. Not a small correction: REJECTED.
    A1 A DEDICATED GROUND RETURN between the two boards' grounds (a strap on bolted lands, or the bay spacers bonded to both
       grounds), R_s end to end with its joints: every row is inside the printed ratings (a VH contact 10 A, a ribbon conductor
       1 A) while R_s is at or under 2.34 mOhm; with a ribbon conductor held to 0.5 A (RIB_DERATE, ASSUMPTION) while R_s is at or
       under 0.53 mOhm. The added return then carries up to 22.8 A and needs its own rating and a bond-resistance check at
       assembly. It takes the dependence on the VH contacts away: no contact case fails.
    A2 THE RIBBONS' GROUND CONDUCTORS BALLASTED (1 Ohm in series with each, on one board; an illustration): a ribbon conductor
       carries at most 0.173 A in every row; the leads then carry the whole return, 4.875 A a contact with equal contacts and
       18.562 A on the extreme K3 (BOUND, over the printed 10 A). The ribbons are protected on printed figures; the lead contacts
       are left to JST's 'no imbalance' and 'extra margin'; every ribbon signal's return gains that impedance (the signal
       return rules RET-001 to RET-003 would have to be re-read).
    A3 NO CIRCUIT CHANGE, a harness acceptance: every VH contact at or under 4.16 mOhm for the ribbons and 3.24 mOhm for the leads
       (3e at this total), under the maker's own 10 mOhm limit, measured four-wire at assembly and again as the contacts age. An
       assigned test is not a corrected circuit.
    SELECTED AS THE DIRECTION (authority SESSION): A1. Reason: it is the one approach under which every row holds on the makers'
       printed maxima, it leaves the signal ribbons' returns as they are, and its own unknown (the joints) is a bond resistance
       a four-wire reading at assembly settles. NOT DRAFTED in this round: it adds a land and a part on boards A and B, a
       strap or spacer row (Layer 7), a contract row (Layer 5), and it must be read against GND-002's single chassis bond
       (record l8gnd: joining the two boards' grounds is no second bond; touching the plate would be). To reverse: take A2 or A3
       in L4-E9's register. L8R2-F31 stays OPEN until a draft composes, is read on both netlists and holds these rows.

4. THE JUDGMENT
   (a) THE DECLARATION IS WRONG, and is corrected (section 5). Its peak was a typed sum of the leads' peaks that went stale twice;
       its typical 10.0 A is under the leads' own 13.30 A; its sources omit J_54V. The basis supports: typical 13.30 A and peak 26.40 A
       (27.78 A with Layer 9's draft), derived in the generator from the leads' declarations, the peak an UPPER BOUND.
   (b) THE LOAD LIST IS RIGHT IN WHAT IT COUNTS AND MISSED ONE RETURN: no ampere is counted twice and none returns elsewhere; the PoE
       port's 0.60 A at R12 is added. Against Layer 9's budget the device rail's ALLOCATIONS (5.49 A) and its declared 6.0 A peak are
       under C-DEV rev 1's 7.4717 A: that is I-03 (OPEN), corrected by Layer 9's draft, not by this round.
   (c) THE RETURN PATH DOES NOT HOLD ON THE MAKERS' PRINTED FIGURES: a circuit defect of the A to B interface, finding L8R2-F31,
       OPEN. The return is branched in parallel over five (six) VH contacts and the seventeen ground conductors of two signal
       ribbons, and nothing sets its division.
       - New contacts at one value (K0, K1): every conductor is inside its printed rating at every total.
       - VH contacts aged to JST's own after-test limit, still equal (K2): a ribbon conductor carries 0.959 A at Layer 9's largest
         state, inside its printed 1 A at 25 C by 4.1 % in air where its maker states a derating and prints no curve; and
         1.101 A at the upper bound, over it.
       - Unequal contacts inside the makers' limits (K3 to K5, BOUNDS): at the largest state already a ribbon conductor reads
         1.195 A and a lead contact 11.7 A; at the upper bound 1.41 A and 13.5 A.
       The division holds only while the VH contacts stay under 2.8 to 6.8 mOhm, better than their maker's 10 mOhm limit (3e);
       JST's note asks a parallel branch to be designed 'without causing any imbalance' with 'extra margin for each circuit',
       and the ribbons' contracts never counted supply current. These are the MODEL's answers on printed maxima: no harness
       exists and no contact has been measured, so they are not a measured overload, and a balanced reading is not evidence
       either. More return contacts close it only from 24 VH contacts in place of six (3j, A0); 3j scopes the correction (A1,
       a dedicated return, selected as the direction; not drafted: boards A and B, the harness and two contracts).
   NOT RAISED TO MAKE THE GENERATOR PASS: the declaration is derived, the same text reads 22.23 A on the committed generator, a lead
       declared lower lowers it, and the capacity finding stays OPEN beside it.

5. THE CORRECTION (two drafts, release-guarded, on scratch copies)
   v2/docs/records/l8r2/apply_gen_sch_b_gndret.py sha256 f5d15853e9ca5af8
     --check exit 0 (target unchanged: yes); --write exit 0 (parses: yes); a second --write exit 3 (apply_gen_sch_b_gndret: already applied (_gnd_return is defined in the target); refusing);
     on the tree's own generator exit 3 (apply_gen_sch_b_gndret: NOT RELEASED: no RELEASE.md; l8r2's drafts wait on an accepted check; refusing)
   v2/docs/records/l8r2/apply_gen_sch_b_fandec.py sha256 f6381296fc8ad657
     --check exit 0 (target unchanged: yes); --write exit 0 (parses: yes); a second --write exit 3 (apply_gen_sch_b_fandec: already applied (_dec_rule names the TPS61089); refusing);
     on the tree's own generator exit 3 (apply_gen_sch_b_fandec: NOT RELEASED: no RELEASE.md; l8r2's drafts wait on an accepted check; refusing)
   THE COMPOSITION WITH Layer 9's draft and Layer 6's three (xal_land, lcsc, intent), in four orders:
     the round's order, this record's two in place, Layer 9's draft, Layer 6's    generator sha256 2a8a75a99cef041f: RUNS to its end, 1476 parts, GND 13.30 A typical, 27.78 A peak, loads 22.113 A
     Layer 9's draft before this record's two                                     generator sha256 2a8a75a99cef041f: RUNS to its end, 1476 parts, GND 13.30 A typical, 27.78 A peak, loads 22.113 A
     this record's two first                                                      generator sha256 2a8a75a99cef041f: RUNS to its end, 1476 parts, GND 13.30 A typical, 27.78 A peak, loads 22.113 A
     the round reversed                                                           generator sha256 2a8a75a99cef041f: RUNS to its end, 1476 parts, GND 13.30 A typical, 27.78 A peak, loads 22.113 A
     the four orders give one generator, byte for byte: yes; every order runs to its end: yes
     without Layer 9's draft (this record's round alone): RUNS to its end, 1473 parts
     the gndret draft alone on the committed generator: RUNS, GND 13.30 A typical and 22.23 A peak, loads 20.343 A: the same text, a smaller figure (nothing typed)
   THE NETLIST CHECK (check_gndret_netlist.py; the regenerated netlists are the generator's own part tables, no KiCad: the box
   export is the reading of record):
     the committed netlist and intent (v2/ecad/pcb-b-compute-b19/out/pcb-b-compute.net sha256 3ef9b8c49a01b728): NOT DRAWN
       leads read from the netlist and the intent: J_54V (+54V_POE), J_5V_DEV (+5V_DEV), J_5V_S1 (+5V_S1), J_5V_S2 (+5V_S2), J_5V_S3 (+5V_S3)
       GND as declared: 10.0000 A typical, 21.0000 A peak, sources J_5V_S1, J_5V_S2, J_5V_S3, J_5V_DEV, 38 loads summing 19.7430 A
       the leads' own declarations sum to 13.3000 A typical and 22.2300 A peak
       board-to-board ground conductors on the netlist: 5 lead contacts (J_54V.2, J_5V_DEV.2, J_5V_S1.2, J_5V_S2.2, J_5V_S3.2) and 17 ribbon conductors (J_AB1 pins 3,4,5,6,7,8,22,23,24; J_AB2 pins 3,4,5,6,7,8,9,10)
       the return is the committed typed declaration (10.0 A, 21.0 A, four leads)
     composed without Layer 9's draft (netlist sha256 6863b37ae9b40792): DRAWN
       leads read from the netlist and the intent: J_54V (+54V_POE), J_5V_DEV (+5V_DEV), J_5V_S1 (+5V_S1), J_5V_S2 (+5V_S2), J_5V_S3 (+5V_S3)
       GND as declared: 13.3000 A typical, 26.4000 A peak, sources J_5V_S1, J_5V_S2, J_5V_S3, J_5V_DEV, J_54V, 39 loads summing 22.1130 A
       the leads' own declarations sum to 13.3000 A typical and 26.4000 A peak
       board-to-board ground conductors on the netlist: 5 lead contacts (J_54V.2, J_5V_DEV.2, J_5V_S1.2, J_5V_S2.2, J_5V_S3.2) and 17 ribbon conductors (J_AB1 pins 3,4,5,6,7,8,22,23,24; J_AB2 pins 3,4,5,6,7,8,9,10)
     composed with Layer 9's draft and Layer 6's (netlist sha256 31552f2eca22bca4): DRAWN
       leads read from the netlist and the intent: J_54V (+54V_POE), J_5V_DEV (+5V_DEV), J_5V_IOC (+5V_IOC), J_5V_S1 (+5V_S1), J_5V_S2 (+5V_S2), J_5V_S3 (+5V_S3)
       GND as declared: 13.3000 A typical, 27.7800 A peak, sources J_5V_S1, J_5V_S2, J_5V_S3, J_5V_DEV, J_5V_IOC, J_54V, 39 loads summing 22.1130 A
       the leads' own declarations sum to 13.3000 A typical and 27.7800 A peak
       board-to-board ground conductors on the netlist: 6 lead contacts (J_54V.2, J_5V_DEV.2, J_5V_IOC.2, J_5V_S1.2, J_5V_S2.2, J_5V_S3.2) and 17 ribbon conductors (J_AB1 pins 3,4,5,6,7,8,22,23,24; J_AB2 pins 3,4,5,6,7,8,9,10)
   THE MUTATIONS (each must stop the generator or FAIL the check):
     m1 the old state: the full composition without the gndret draft
        STOPS: intent: rail GND declares a 21.00 A peak and its loads sum to 21.51 A. The loads are a claim about the same current as the peak: correct one of them.
     m2 the gndret draft without its companion fandec (the second stop behind the first)
        STOPS: gen_sch_b: decoupling entry C704 -> U701.9 (TPS61089 boost 12.0 V: S1's cooler fan () carries no class (decision 42): add its maker's clause to _dec_rule
     m3 the typed declaration kept and simply raised: 21.0 written as 30.0 on the old text (the refused outcome)
        runs; the check reads FAIL: R1 J_54V carries +54V_POE on pin 1 and GND on pin 2 and is not named a return lead; R2 the declared 10.0000 A typical and 30.0000 A peak are not the leads' sums 13.3000 A and 27.7800 A; R3 the PoE ...
     m4 J_54V dropped from the return's sources in the helper
        runs; the check reads FAIL: R1 J_54V carries +54V_POE on pin 1 and GND on pin 2 and is not named a return lead; R2 the declared 13.0000 A typical and 27.1800 A peak are not the leads' sums 13.3000 A and 27.7800 A
     m5 a lead named on the return whose rail is declared on another connector (+5V_S2's source J_5V_S2 written J_5V_S9)
        STOPS: gen_sch_b: GND's return leads ['J_54V', 'J_5V_DEV', 'J_5V_IOC', 'J_5V_S1', 'J_5V_S2', 'J_5V_S3'] do not each carry exactly one arriving rail (found ['+54V_POE', '+5V_D...
     m6 a slot's card buck allocation raised from 2.2 to 4.2 A (a lead over its own peak: the derived return must not hide it)
        STOPS: intent: rail +5V_S1 declares a 6.60 A peak and its loads sum to 7.34 A. The loads are a claim about the same current as the peak: correct one of them.
     m7 J_5V_S2's pins 1 and 2 exchanged on the netlist (the lead reversed)
        the check reads FAIL: R1 J_5V_S2 is named a return lead and is none: pin 1 on 'GND', pin 2 on '+5V_S2'; R2 the declared 13.3000 A typical and 27.7800 A peak are not the leads' sums 9.1000 A and 21.1800 A
     m8 R12's pin 2 taken off GND on the netlist (the PoE return's entry gone)
        the check reads FAIL: R3 loads with no pin on GND: R12
     every mutation stops or fails: yes (8 of 8)

6. FOR LAYER 9'S AUTHOR AND THE INDEPENDENT RECHECK (V3)
   board B's composition in L4-E9's order with Layer 9's draft RUNS TO ITS END once this round's two drafts are in it (section 5):
     gnd002, fans12, fandec, panel5v, ph4, rt500, gndret, iocbuck, then Layer 6's three; fandec and gndret anywhere in the round.
   the corrected declaration with Layer 9's draft composed (read from the regenerated intent):
     GND: 13.30 A typical, 27.78 A peak (the UPPER BOUND, DECLARED), sources J_5V_S1, J_5V_S2, J_5V_S3, J_5V_DEV, J_5V_IOC, J_54V; 39 loads summing 22.113 A
     the load list: _GND_LOADS as Layer 9's draft leaves it (U40, U50 and U60 at 0.12 A each from _IOC_LOADS) plus R12 0.60 A
   THE RETURN EACH CONNECTOR CARRIES ON C-DEV rev 1 WITH LAYER 9'S DRAFT COMPOSED (the state PS-ALLTX at HIGH at the least load voltage
   4.9019 V; total 22.9877 A = S1 5.434 + S2 4.648 + S3 5.434 + U7 6.0359 + U601 1.4358, MODEL: records l9pwr and l9t5; MODEL at 76.25 C):
     connector   pin 1 (MODEL)      pin 2, K0 (MODEL)      pin 2, K1 (MODEL) pin 2, K3 (BOUND, J_5V_DEV at 0)
     J_5V_S1          5.4340 A                3.059 A                1.914 A                        1.153 A
     J_5V_S2          4.6480 A                3.059 A                1.914 A                        1.153 A
     J_5V_S3          5.4340 A                3.059 A                1.914 A                        1.153 A
     J_5V_DEV         6.0359 A                3.059 A                1.914 A                       10.299 A
     J_5V_IOC         1.4358 A                3.059 A                1.914 A                        1.153 A
     J_54V            0.0000 A                2.031 A                1.812 A                        1.091 A
     J_AB1             signals            0.333 A x 9            0.683 A x 9                    0.411 A x 9
     J_AB2             signals            0.333 A x 8            0.683 A x 8                    0.411 A x 8
     labels: pin 1 is each rail's own current (J_54V's 0: the PoE stage is off in PS-ALLTX; 0.60 A DECLARED peak when the outlet is on);
     pin 2 is the SAME total divided by resistance, so J_5V_IOC's pin 2 carries about a sixth of the leads' share whatever U601
     supplies, and 'J_5V_DEV's return falls by the same current' (record l9t5's line) holds for pin 1 and not for pin 2. The J_5V_IOC
     lead's gauge and length are ASSUMPTIONS here (AWG 16, 150 mm): record l9t5's draft names neither.
     On Layer 9's own rounds 4 and 5 (PS-ALLTX with the standby card off) slot 3 reads 3.396 A and the total 20.9497 A; every row above
     scales by 0.9113.
   CREDIT (the common brief's three criteria) for this round's two drafts: (a) composes in L4-E9's order and the generator runs: yes;
   (b) the changed declaration read on the regenerated netlist and intent with mutations that fail: yes; (c) electrical acceptance on
   the makers' printed figures: the DECLARATION is supported as an upper bound (section 2c); the RETURN PATH does not hold on
   the makers' printed figures (section 3, L8R2-F31 OPEN): NOT accepted. A netlist check is not electrical qualification.

7. FINDINGS
   L8R2-F30 CORRECTED BY DRAFT (not applied): board B's GND declaration was typed and stale (10.0 A, 21.0 A, four leads, a note of
            19.4 A); derived by apply_gen_sch_b_gndret.py; the PoE return and J_54V added. Credit (a) and (b) above; UNCHECKED by
            an independent check.
   L8R2-F31 OPEN (KNOWN DEFECT of the A to B power interface, boards A and B, Layers 5 and 7): the return is branched in parallel
            over five (six) VH contacts and seventeen ribbon conductors with nothing that sets its division. New equal contacts:
            inside every printed rating; the ribbons carry 25 to 70 % of the return; VH contacts at JST's after-test limit: a
            ribbon conductor over its printed 1 A at the upper bound; printed extremes: a lead contact 13.5 A, a ribbon conductor
            1.41 A (BOUNDS). Correction scoped in 3j (A1 selected, not drafted); acceptance figures in 3e and 3j.
   L8R2-F32 CORRECTED BY DRAFT (not applied): fans12's two TPS61089 capacitors carried their class at the call, which board B's
            decision 42 block does not read; the composed generator stopped there once the ground's stop was gone;
            apply_gen_sch_b_fandec.py. Rounds 1 to 6's composition proof never ran the generator: a finding against this record.
   L8R2-F33 OPEN (layout constraint, boards A and B; Layer 9's layout-constraints and record l9stk): each VH lead's pin 2 joins its
            ground planes without thermal relief (or with spokes of the width section 3g prints); board A's intent has no
            declaration that makes a rule solve the 5 V returns' loop.
   L8R2-F34 OWED (Layer 7): the leads' wire part and its insulation class at the inside air; J_54V's AWG 18 lead on the standard
            header has no stated rating and now shares the 5 V return (up to 2.691 A balanced): an AWG 16 lead gives it the printed row.
   L8R2-F35 FOR LAYER 9'S AUTHOR (record l9t5): its line 'J_5V_DEV's return falls by the same current' holds for the supply pin only;
            name J_5V_IOC's lead gauge and length; the device lead's declared 6.0 A peak is under its own 6.0359 A on C-DEV rev 1
            at the least load voltage; add fandec and gndret to its board B order.
   L8R2-F36 FOR L4-E9 (the change list): two new board B rows in R-190's release (fandec with fans12; gndret); R-190's row says the
            slot's budget is re-derived, and the return's was not; a register row for L8R2-F31 (the interface's return).
   L8R2-F37 MINOR (board B's generator owner): the return places +5V_HDMI's 0.20 A at the display switches U3 and U4 while the rail
            +5V_HDMI declares its load at J_HDMI; a location, no ampere.

8. PREDICATES
   the stop is reproduced after fans12, without and with Layer 9's draft                                                  yes
   fans12 alone moves the sum, by 1.770 A; Layer 9's draft by 0.000 A                                                     yes
   the return's list is the union of the leads' allocations (no ampere twice)                                             yes
   both netlists carry the same five lead contacts and seventeen ribbon conductors on GND                                 yes
   each draft checks, applies once, refuses twice and refuses the tree's generator                                        yes
   the four orders give one generator and each runs to its end                                                            yes
   the composed netlist and intent read DRAWN, the committed ones NOT DRAWN                                               yes
   every mutation stops the generator or fails the check                                                                  yes
   the derived peak equals the leads' sum and is not typed (22.23 A alone, 26.40 A composed, 27.78 A with Layer 9's)      yes
   with Layer 9's draft the 5 V leads' declared peaks hold the budget's largest state with every start at once            yes
   without it they do not, by the device lead's shortfall (I-03, OPEN, Layer 9's)                                         yes
   new equal contacts (K0, K1): no conductor passes its printed rating at any total, at 20 C and at the inside air        yes
   VH contacts at JST's after-test limit (K2): a ribbon conductor passes its printed 1 A at the upper bound               yes
   the printed extremes (K3 to K5): a lead contact and a ribbon conductor pass their ratings                              yes
   the contacts' acceptance figures (3e) are all under JST's printed initial maximum                                      yes
   a dedicated return holds every row on the printed maxima (3j, A1)                                                      yes
   more VH return contacts alone would take more than twice the six drawn (3j, A0)                                        yes

END
