l8r2_dist: record l8r2, the P0 round's correction set after cx45 (Q2; Slot A, MESHSAT-1357, 5 October 2026): A PLACEMENT AND
DISTRIBUTED-NETWORK STUDY OF THE DEDICATED RETURN ON ASSUMED GEOMETRY, SITES AND FILL; after cx46 (the second negative, which ends the
method) V6-B1 stays OPEN as REMAINING ENGINEERING (section 6). PROTOTYPE DESIGN, DESK ARITHMETIC: nothing built, bought, powered or
measured. Labels: PRINTED, TYPICAL, DECLARED, MODEL, ASSUMPTION, INFERRED, MISSING, PROVISIONAL.

0. PINS (sha256/16 path)
   3a4225fa409cb0cf v2/docs/records/l8r2/l8r2_gndret.py
   6963c627ab37427c v2/docs/records/l8r2/l8r2_gndret.out
   872cbf961ddd515e v2/docs/records/l8r2/l8r2_p0.py
   4e6fa442cc3f45ee v2/docs/records/l8r2/l8r2_p0.out
   4adb13047770eb1c v2/docs/records/l8r2/apply_gen_sch_a_gndrtn.py
   b9048dcbb1ff023f v2/docs/records/l8r2/apply_gen_sch_b_gndrtn.py
   1718e43d23fe0cc0 v2/docs/records/l9t5/l9t5_connected.py
   39b34accbd29b4fd v2/docs/records/l9pwr/l9pwr_budget.out
   58e26c67987b1daa v2/ecad/pcb-a-power-a23/pcb-a-power.kicad_pcb
   2e64b5bf2d9cd3bc v2/ecad/pcb-b-compute-b19/pcb-b-compute.kicad_pcb
   a462ac2620b9b8d3 v2/ecad/pcb-e1-dock-e7/pcb-e1-dock.kicad_pcb

1. THE PLACED BOARDS AS READ (footprint blocks and Edge.Cuts parsed; no KiCad)
   board A: 400 footprints, 400 with a courtyard; the outline 36 segments
   board B: 957 footprints, 957 with a courtyard; the outline 36 segments
   the XT60's courtyard: board E's placed J_BATT (AMASS_XT60-M_1x02_P7.20mm_Vertical), 16.50 x 9.20 mm; the VH 1x2's: board B's J_5V_DEV, 8.86 x 9.50 mm
   the return drafts select AMASS_XT60-F_1x02_P7.20mm_Vertical (LAND in apply_gen_sch_b_gndrtn.py): the tree draws no such land,
     so the XT60-M courtyard and its 7.2 mm pad pitch STAND IN for it (ASSUMPTION, cx46 item 4)

2. THE PLACEMENT DRAFT (SESSION decision L8R2-D10: the sites below are reserved for the return; Layer 10 places from them; each
   courtyard 0.25 mm clear of every placed courtyard on either side and 0.5 mm inside the outline; the least largest distance from
   the part's ground pins' centre to its group's ground lands)
   board B J_5V_IOC at (25.48, 49.65) rotated 270: courtyard (20.18, 47.20)-(29.68, 56.06), 0.39 mm from the nearest placed courtyard; ground
     pins (25.48, 49.65), (25.48, 53.61), at most 11.0 mm from its group's ground lands
   board B J_GR1    at (53.70, 183.95) rotated   0: courtyard (49.05, 179.35)-(65.55, 188.55), 0.67 mm from the nearest placed courtyard; ground
     pins (53.70, 183.95), (60.90, 183.95), at most 10.3 mm from its group's ground lands
   board B J_GR2    at (192.45, 183.70) rotated 180: courtyard (180.60, 179.10)-(197.10, 188.30), 0.41 mm from the nearest placed courtyard; ground
     pins (192.45, 183.70), (185.25, 183.70), at most 13.7 mm from its group's ground lands
   board B J_GR3    at (16.98, 61.63) rotated   0: courtyard (12.33, 57.03)-(28.83, 66.23), 0.79 mm from the nearest placed courtyard; ground
     pins (16.98, 61.63), (24.18, 61.63), at most 18.8 mm from its group's ground lands
   board A J_5V_IOC at (156.20, 37.45) rotated  90: courtyard (152.00, 31.04)-(161.50, 39.90), 0.35 mm from the nearest placed courtyard; ground
     pins (156.20, 37.45), (156.20, 33.49), at most 7.1 mm from its group's ground lands
   board A J_GR1    at (82.20, 35.45) rotated   0: courtyard (77.55, 30.85)-(94.05, 40.05), 0.74 mm from the nearest placed courtyard; ground
     pins (82.20, 35.45), (89.40, 35.45), at most 15.4 mm from its group's ground lands
   board A J_GR2    at (168.20, 42.45) rotated  90: courtyard (163.60, 30.60)-(172.80, 47.10), 0.82 mm from the nearest placed courtyard; ground
     pins (168.20, 42.45), (168.20, 35.25), at most 51.2 mm from its group's ground lands
   board A J_GR3    at (177.70, 35.97) rotated   0: courtyard (173.05, 31.37)-(189.55, 40.57), 0.25 mm from the nearest placed courtyard; ground
     pins (177.70, 35.97), (184.90, 35.97), at most 32.1 mm from its group's ground lands

3. THE NETWORK (MODEL): board A 17108 nodes, board B 29252 nodes at 1.5 mm; planes A 2, B 3 at 0.5 oz (record l9stk), 15 % thin at one
   corner, fill 100 % and 50 % (ASSUMPTION); the conductors of the composed netlists between the boards:
   6 VH lead pin 2s, 17 ribbon ground conductors (J_AB1 pins 3,4,5,6,7,8,22,23,24; J_AB2 pins 3,4,5,6,7,8,9,10), 6 XT60 return contacts (J_GR1 to J_GR3 pins 1 and 2)
   each lead's return enters board B at its rail's loads' ground pads (the intent's loads as weights) and leaves board A at the lead's
   pin 2 land (the stage beside its connector: a Layer 10 placement condition, ASSUMPTION); a load not placed on board B yet is taken
   at the placed parts one net beyond it (a series element: a sense resistor, a switch), else at its rail's entry and, as the bound
   adverse to the ribbons, at J_AB1's ground pins, the larger of the two kept: J_54V: R13; J_5V_DEV: U901; J_5V_S1: U701; J_5V_S2: U731; J_5V_S3: U761
   the probe: the supervisors' LDOs' ground pads on board B (U40, U50, U60: 3 pads) less J_5V_IOC's pin 2 on board A (T10-A3's shift);
     their AVERAGE (one unit spread over the pads), which does not establish each LDO's own largest shift (cx46 item 4)

4. THE RETURN SOLVED (MODEL on the assumed geometry, sites and fill of sections 1 to 3; per case, the largest current of each kind
   over the copper and fill corners, both injections and the contact vertices (each conductor at the LOCAL vertex its search reaches,
   and the two uniform vertices; not a global bound over the tolerance box), against its ratings)
   C-DEV rev 2 (the active row; conditional on FW-B20/B21): 20.4746 A (J_5V_S1 5.4340, J_5V_S2 4.6480, J_5V_S3 3.3960, J_5V_DEV 6.0359, J_54V 0.0000, J_5V_IOC 0.9607)
     +76.25 C VH  J_5V_S2    4.6150 A (searched vertex, 0 other contacts low, copper thin, fill 50 %, entry): printed 10.0000 A holds; least 5.9948 A holds
     +76.25 C RIB J_AB1.23   0.4470 A (searched vertex, 0 other contacts low, copper thin, fill 50 %, ribbon): printed 1.0000 A holds; least 0.5995 A holds
     +76.25 C RET J_GR1.2    5.5836 A (searched vertex, 0 other contacts low, copper nominal, fill 100 %, entry): printed 35.0000 A holds; least 25.1101 A holds
     +76.25 C the ground shift at the supervisors' LDOs, every vertex evaluated: at most 0.0180 V
     -20.00 C VH  J_5V_S2    5.0023 A (searched vertex, 0 other contacts low, copper thin, fill 50 %, entry): printed 10.0000 A holds; least 10.0000 A holds
     -20.00 C RIB J_AB1.23   0.5505 A (searched vertex, 0 other contacts low, copper thin, fill 50 %, ribbon): printed 1.0000 A holds; least 1.0000 A holds
     -20.00 C RET J_GR1.2    6.3978 A (searched vertex, 0 other contacts low, copper nominal, fill 100 %, entry): printed 35.0000 A holds; least 35.0000 A holds
     -20.00 C the ground shift at the supervisors' LDOs, every vertex evaluated: at most 0.0144 V
   C-DEV rev 1 (the labelled scenario): 20.9888 A (J_5V_S1 5.4340, J_5V_S2 4.6480, J_5V_S3 3.3960, J_5V_DEV 6.0359, J_54V 0.0000, J_5V_IOC 1.4749)
     +76.25 C VH  J_5V_S2    4.6655 A (searched vertex, 0 other contacts low, copper thin, fill 50 %, entry): printed 10.0000 A holds; least 5.9948 A holds
     +76.25 C RIB J_AB1.23   0.4556 A (searched vertex, 0 other contacts low, copper thin, fill 50 %, ribbon): printed 1.0000 A holds; least 0.5995 A holds
     +76.25 C RET J_GR1.2    5.6906 A (searched vertex, 0 other contacts low, copper nominal, fill 100 %, entry): printed 35.0000 A holds; least 25.1101 A holds
     +76.25 C the ground shift at the supervisors' LDOs, every vertex evaluated: at most 0.0191 V
     -20.00 C VH  J_5V_S2    5.0634 A (searched vertex, 0 other contacts low, copper thin, fill 50 %, entry): printed 10.0000 A holds; least 10.0000 A holds
     -20.00 C RIB J_AB1.23   0.5615 A (searched vertex, 0 other contacts low, copper thin, fill 50 %, ribbon): printed 1.0000 A holds; least 1.0000 A holds
     -20.00 C RET J_GR1.2    6.5257 A (searched vertex, 0 other contacts low, copper nominal, fill 100 %, entry): printed 35.0000 A holds; least 35.0000 A holds
     -20.00 C the ground shift at the supervisors' LDOs, every vertex evaluated: at most 0.0152 V
   the largest steady state (PS-BUSY, HIGH, the least load voltage): 22.8711 A (J_5V_S1 5.4340, J_5V_S2 4.6480, J_5V_S3 5.4340, J_5V_DEV 5.8802, J_5V_IOC 1.4749, J_54V 0.0000)
     +76.25 C VH  J_5V_S3    5.2787 A (searched vertex, 0 other contacts low, copper thin, fill 50 %, entry): printed 10.0000 A holds; least 5.9948 A holds
     +76.25 C RIB J_AB1.23   0.5054 A (searched vertex, 0 other contacts low, copper thin, fill 50 %, ribbon): printed 1.0000 A holds; least 0.5995 A holds
     +76.25 C RET J_GR1.2    6.1346 A (searched vertex, 0 other contacts low, copper nominal, fill 100 %, entry): printed 35.0000 A holds; least 25.1101 A holds
     +76.25 C the ground shift at the supervisors' LDOs, every vertex evaluated: at most 0.0205 V
     -20.00 C VH  J_5V_S3    5.7119 A (searched vertex, 0 other contacts low, copper thin, fill 50 %, entry): printed 10.0000 A holds; least 10.0000 A holds
     -20.00 C RIB J_AB1.23   0.6217 A (searched vertex, 0 other contacts low, copper thin, fill 50 %, ribbon): printed 1.0000 A holds; least 1.0000 A holds
     -20.00 C RET J_GR1.2    7.0463 A (searched vertex, 0 other contacts low, copper nominal, fill 100 %, entry): printed 35.0000 A holds; least 35.0000 A holds
     -20.00 C the ground shift at the supervisors' LDOs, every vertex evaluated: at most 0.0164 V
   the declared upper bound (every lead at its declared peak, the composed intent): 27.8159 A (J_5V_S1 6.6000, J_5V_S2 6.6000, J_5V_S3 6.6000, J_5V_DEV 6.0359, J_5V_IOC 1.3800, J_54V 0.6000)
     +76.25 C VH  J_5V_S2    6.4485 A (searched vertex, 0 other contacts low, copper thin, fill 50 %, entry): printed 10.0000 A holds; least 5.9948 A OVER
     +76.25 C RIB J_AB1.23   0.6299 A (searched vertex, 0 other contacts low, copper thin, fill 50 %, ribbon): printed 1.0000 A holds; least 0.5995 A OVER
     +76.25 C RET J_GR1.2    7.5531 A (searched vertex, 0 other contacts low, copper nominal, fill 100 %, entry): printed 35.0000 A holds; least 25.1101 A holds
     +76.25 C the ground shift at the supervisors' LDOs, every vertex evaluated: at most 0.0237 V
     -20.00 C VH  J_5V_S2    6.9741 A (searched vertex, 0 other contacts low, copper thin, fill 50 %, entry): printed 10.0000 A holds; least 10.0000 A holds
     -20.00 C RIB J_AB1.23   0.7729 A (searched vertex, 0 other contacts low, copper thin, fill 50 %, ribbon): printed 1.0000 A holds; least 1.0000 A holds
     -20.00 C RET J_GR1.2    8.6613 A (searched vertex, 0 other contacts low, copper nominal, fill 100 %, entry): printed 35.0000 A holds; least 35.0000 A holds
     -20.00 C the ground shift at the supervisors' LDOs, every vertex evaluated: at most 0.0190 V
   the vertex search (from each conductor's own contacts low and every other high, every contact whose move raises its current set
   low in turn until no single move raises it): 0 searches ended away from the own-low vertex, at most 0 other contacts low

5. AGAINST THE ONE-NODE MODEL OF l8r2_p0.py (Rs = 0, the same totals; MODEL)
   C-DEV rev 2 (the active row; conditional on FW-B20/B21)      +76.25 C: one node VH 2.8847, RIB 0.3580, RET 6.8187 A; distributed VH 4.6150, RIB 0.4470, RET 5.5836 A
   C-DEV rev 2 (the active row; conditional on FW-B20/B21)      -20.00 C: one node VH 3.6143, RIB 0.4659, RET 8.0922 A; distributed VH 5.0023, RIB 0.5505, RET 6.3978 A
   C-DEV rev 1 (the labelled scenario)                          +76.25 C: one node VH 2.9571, RIB 0.3670, RET 6.9900 A; distributed VH 4.6655, RIB 0.4556, RET 5.6906 A
   C-DEV rev 1 (the labelled scenario)                          -20.00 C: one node VH 3.7050, RIB 0.4776, RET 8.2954 A; distributed VH 5.0634, RIB 0.5615, RET 6.5257 A
   the largest steady state (PS-BUSY, HIGH, the least load volt +76.25 C: one node VH 3.2223, RIB 0.3999, RET 7.6168 A; distributed VH 5.2787, RIB 0.5054, RET 6.1346 A
   the largest steady state (PS-BUSY, HIGH, the least load volt -20.00 C: one node VH 4.0373, RIB 0.5204, RET 9.0393 A; distributed VH 5.7119, RIB 0.6217, RET 7.0463 A
   the declared upper bound (every lead at its declared peak, t +76.25 C: one node VH 3.9190, RIB 0.4864, RET 9.2636 A; distributed VH 6.4485, RIB 0.6299, RET 7.5531 A
   the declared upper bound (every lead at its declared peak, t -20.00 C: one node VH 4.9102, RIB 0.6329, RET 10.9936 A; distributed VH 6.9741, RIB 0.7729, RET 8.6613 A

5b. THE ROUTE FOR THE DECLARED UPPER BOUND'S RIBBON ROW (a what-if on the same model, NOT drafted: no service row needs it): a fourth
   return lead J_GR4 placed beside J_AB1 (board B at (280.66, 154.82), 20.3 mm from its ground pins; board A at (253.66, 149.18), 19.4 mm), the
   declared upper bound at +76.25 C over every corner: the ribbon's largest 0.4107 A against the least 0.5995 A (holds)

6. VERDICT OF THE STUDY (MODEL; the sockets placed in section 2 on the stand-in geometry, the composed netlists, the corners and the
   local vertex family above)
   every case row on the printed ratings: HOLDS (the ribbon's largest 0.7729 A against 1 A: the declared upper bound's printed row, STILL OPEN
     on the one-node model, holds in this study); on the least ratings at the inside air: DOES NOT HOLD
   the service cases (C-DEV rev 2, the active row, and the largest steady state) on the printed ratings: HOLD; on the least: HOLD
     over the least rating: the declared upper bound at +76.25 C, RIB: 0.6299 A against 0.5995 A, the least rating the sheet allows (INFERRED)
       Wurth's WR-CAB derating against ambient is not held: the vendor task L8R2-F44 (Wurth, UNSENT); the route if its curve is
       lower is a fourth return lead beside the ribbon headers (5b)
     over the least rating: the declared upper bound at +76.25 C, VH: 6.4485 A against 5.9948 A, the least rating the sheet allows (INFERRED)
       the same lead's pin 1 carries its rail's whole declared peak on the same derating: L8R2-F43's vendor task (JST's curve)
       decides both pins; a return design cannot remove a pin 1 row
   the AVERAGED ground shift at the supervisors' LDOs on the service cases: at most 0.0205 V (each LDO's own not established; the
     T10-A3 chain took 0.0114 V with the dedicated return and 0.0681 V as drawn, both from the one-node model)
   DISPOSITION OF V6-B1 AFTER cx46 (kept as given; the second negative ends the method): OPEN, REMAINING ENGINEERING for the receiving
     company. What this record holds is a STUDY, not a correction: the three drafted sockets placed (section 2, L8R2-D10) on
     the XT60-M stand-in for the selected XT60-F land and the return solved as a distributed network at the copper, temperature, fill and
     local contact corners (every printed row and the service cases' least rows holding), with
     the sources at the loads' pads where placed and the stages at their connector lands (ASSUMPTION), uniform fill scaling (no bound on
     a split or a neck), a local vertex search (no global tolerance bound) and an averaged LDO probe. The receiving company's scope:
     the selected female lands, the real source and load sites, a justified distributed resistance with tolerance coverage, each LDO's
     own shift; the declared upper bound's least rows with L8R2-F43 and L8R2-F44. SESSION decision L8R2-D11 stands as a route only (the
     fourth lead of 5b, not drafted); L8R2-F33a's 'within 17 mm' stays withdrawn as the condition's form

7. PREDICATES
   every placed part's courtyard is clear of every placed courtyard and inside the outline                                  yes
   the conductors read from the composed netlists are the record's six VH, seventeen ribbon and six XT60 contacts           yes
   every case row holds on the printed ratings in this study (assumed geometry, sites and fill; MODEL)                      yes
   the service cases hold on the printed and the least ratings in this study (MODEL)                                        yes
   every search ended at a stable LOCAL vertex (no single contact's move raises its current or the shift there)             yes
   the study's AVERAGED ground shift at the LDOs on the service cases stays under the T10-A3 chain's as-drawn figure        yes
   V6-B1 reads OPEN, REMAINING ENGINEERING: the study stands on a stand-in land, assumed sites and fill and an averaged probe (cx46) yes

l8r2_dist: done
