l8r2_drafts: the Layer 8 record l8r2 (round 2): the known engineering defects a desk design corrects (MESHSAT-1357)
prototype design; nothing built, powered or measured; nothing applied to the tree

1. INPUTS, pinned by sha256
6a136feec6c9cf4e v2/ecad/tools/gen_sch_a.py
3698cc04d8eaf75b v2/ecad/tools/gen_sch_b.py
55ff8ede88513049 v2/ecad/tools/gen_sch_c.py
54f17c8187d3bd19 v2/ecad/tools/gen_sch_d.py
eb1f5e9f5e1ca9ae v2/ecad/tools/lcsc_fill.py
a760101cde41633a v2/docs/records/l4e9/L4-POWER-ARCHITECTURE.md
5ff0cf542b98a586 v2/docs/records/s120/README.md
469d0820b046ef6f v2/docs/records/rv-pwr/pwr_budget.py
29dbe3a0c4938274 v2/docs/ASSEMBLY.md
393305bed4edfd26 v2/ecad/tools/pcb_interfaces.yaml
863eda98cbb08535 v2/vendor/power/ti-tps61089-boost.pdf
66f6bae4494f7bfe v2/vendor/power/tps2596.pdf
6e610db955ed8763 v2/vendor/power/littelfuse-smcj-series-tvs.pdf
447624f4f2f7d37c v2/vendor/connectors/jst-ph-catalogue.pdf
fdee657377aed9ac v2/vendor/connectors/wurth-wr-cab-ribbon-63912615521cab.pdf
6f7254b5bcf6f837 v2/vendor/connectors/wurth-wr-bhd-idc-socket-61202623021.pdf
353ce937cff0b719 v2/vendor/power/ti-csd19532q5b-n-fet.pdf
518a45fa2ecddc6f v2/docs/records/l8r2/inputs/l7pwr-cooler-identity-2087060b.md
acd61db263e3cfda v2/docs/records/l8r2/inputs/l5r2-findings-and-rows-6902db8f.md
42f50a0da36e83e3 v2/docs/records/l8r2/inputs/SOURCES.txt
f35d7ed49845d4a2 v2/docs/records/l8r2/check_l8r2_netlist.py
292383193915b424 v2/docs/records/l8r2/fetch_held_back.py
c27ebbe0e5987043 v2/docs/records/d8dec31/apply_gen_sch_a_mainpb.py
28d4d8d8dacd8c99 v2/docs/records/d8dec31/genpatch.py
2ae78e5865ee308c v2/docs/records/d8dec31/netread.py
6c40250c47195ebb v2/ecad/pcb-a-power-a23/out/pcb-a-power.net
9fd2b4e3c6edf86e v2/docs/PANEL.md
55ff8ede88513049 v2/ecad/tools/gen_sch_c.py
9b5cc24c3c9e286a v2/vendor/ti/ti-pca9555.pdf
528fee9c7a3ebd46 v2/docs/records/l8r2/apply_gen_sch_c_pibtn.py
668223530e45e19b v2/docs/records/l8r2/inputs/fw-panel-F01-42c27369.md
e4e4cea729995d59 v2/docs/records/l8r2/inputs/l6r2-apply_gen_sch_c_lcsc-7633ae0a.py
3861922c585a4019 v2/docs/records/l8r2/inputs/l6r2-l6r2_apply-7633ae0a.py
a2fe27d3f2cf1ddf v2/docs/records/l8r2/inputs/l9pwr_budget-38ef774c.txt
5af6b7c043df43f3 v2/docs/records/l8r2/inputs/l9stk_stackups-7388a84b.txt
4affe7feaf7cf37a v2/docs/records/l8r2/inputs/l9stk-L9-STACKUPS-7388a84b.md
f846e138cb53a8c6 v2/ecad/tools/gen_sch_e.py
2ed95a0e8069ebf8 v2/ecad/pcb-e1-dock-e7/out/pcb-e1-dock.net
a09ca0293afd1f7c v2/ecad/tools/pcb_energy_chain.yaml
796ff817aecd4bba v2/docs/records/l8r2/apply_energy_chain_e1oz.py
823a6b32baf41481 v2/ecad/tools/pcb_decisions.yaml
2eb665d0e50ee781 v2/ecad/tools/energy_chain.py
fd750e4dc429a790 v2/ecad/tools/track_current.py
0071fe553548eb5d v2/ecad/tools/intent.py
d3bcdc7dd4ca44cb v2/vendor/diodes/diodes-ap64500.pdf
3a8eb81d3f58e0a5 v2/ecad/tools/gen_pcb_e3.py
7a722a674d00c448 v2/docs/records/l4e6/apply_gen_sch_a_r12.py
af44e991efdc0908 v2/docs/records/l4e11/apply_gen_sch_a_guard.py
d857a70256d1c77e v2/docs/records/l4e11/apply_gen_sch_a_charger.py
bbc9a12c20a8a272 v2/docs/records/l4e4/apply_gen_sch_a_r11.py
0d9abf89d3675d55 v2/docs/records/l4e8/apply_gen_sch_a_bank.py
347387f6c4fbf48d v2/docs/records/l4e4/apply_gen_sch_a_r138.py
88908ca2202b33ad v2/docs/records/l4e9/apply_gen_sch_a_u17.py
352dcd1100627686 v2/docs/records/l8gnd/apply_gen_sch_a_gnd002.py
cbc0970ce1540e44 v2/docs/records/l8gnd/apply_gen_sch_a_hotr1.py
98094838eff5ceea v2/docs/records/l8r2/apply_gen_sch_a_d8v3.py
c2d16dba8dc5204f v2/docs/records/l8r2/apply_gen_sch_a_vbus20ov.py
67d9b81bc951ac2e v2/docs/records/l8r2/apply_gen_sch_a_packrtn.py
74937ea4717a9556 v2/docs/records/l8gnd/apply_gen_sch_b_gnd002.py
248ffd956403819f v2/docs/records/l8r2/apply_gen_sch_b_fans12.py
3d2750a188913fef v2/docs/records/l8r2/apply_gen_sch_b_panel5v.py
576eefdf4ce0026a v2/docs/records/l8r2/apply_gen_sch_b_ph4.py
d587db1f0cbda88e v2/docs/records/l4e9/apply_gen_sch_e_q1.py
a6a60bac82c40000 v2/docs/records/l4e7/apply_gen_sch_e_u5_grade.py
d58b41eb3e3238e7 v2/docs/records/l4e7/apply_gen_sch_e_hold.py
cec278427751b16b v2/docs/records/l4e7/apply_gen_sch_e_input_limit.py
261cb597dc70dc85 v2/docs/records/l4e7/apply_gen_sch_e_backstop.py
b73235009afed2e3 v2/docs/records/l4e9/apply_gen_sch_e_f1.py
ed22896891676446 v2/docs/records/l4e9/apply_gen_sch_e_hotswap.py
418ea548a833b49f v2/docs/records/l4e11/apply_gen_sch_e_entry.py
eda720a68db60cd3 v2/docs/records/l4e7/apply_gen_sch_e_solar_guard.py
715eb965d4527d35 v2/docs/records/l4e11/apply_gen_sch_e_aux.py
78fb4e2ac0a9a9c9 v2/docs/records/d8dec31/apply_gen_sch_e_cin.py
858611469545569c v2/docs/records/l8r2/apply_gen_sch_e_packrtn.py
3cfe41fef1407b85 v2/vendor/ti/held/ti-tps4811-q1-slusee5e.pdf (held back by its terms, fetched by fetch_held_back.py)

   the figures and their classes
   vref         (1.188, 1.212, 1.236)              MAKER      TPS61089 VREF, PWM mode (SLVSD38C 7.5)
   ifb          1e-07                              MAKER      TPS61089 FB leakage at most 100 nA (SLVSD38C 7.5)
   r1           88700                              BOUND      FB top 88.7 k 1 %
   r2           10000                              BOUND      FB bottom 10 k 1 %
   rtol         0.01                               BOUND      1 % resistors
   rfreq        301000                             BOUND      FSW resistor 301 k
   cfreq        2.4e-11                            MAKER      Equation 3: CFREQ 24 pF
   tdel         8.6e-08                            MAKER      Equation 3: tDELAY 86 ns
   vin_nom      5.1                                BOUND      the slot rail +5V_Sn, 5.1 V nominal (gen_sch_b.py)
   vin_min      4.9                                BOUND      the slot rail at its low end at board B, 4.9 V
   eta_lo       0.8                                ASSUMPTION TI's advice (9.2.2.5): a low efficiency for the inductor's worst case
   eta          0.85                               ASSUMPTION the step-up's efficiency at 0.17 A for the budget
   ifan         0.17                               MAKER      9WPA0412P6G001 rated current 0.17 A (Sanyo Denki's page, inputs/)
   pfan         2                                  MAKER      9WPA0412P6G001 rated input 2.0 W (Sanyo Denki's page, inputs/)
   vfan         (10.8, 13.2)                       MAKER      9WPA0412P6G001 operating range (Sanyo Denki's page, inputs/)
   l            4.7e-06                            MAKER      XAL6060-472ME 4.7 uH, Isat 11 A (board A's own part)
   ltol         0.3                                MAKER      TI's -30 % for the worst case (9.2.2.5)
   isat         11                                 MAKER      XAL6060-472ME Isat 11 A
   ilim         (7.3, 8.1, 8.9)                    MAKER      TPS61089 ILIM at RILIM 127 k (SLVSD38C 7.5)
   fsw_tol      0.1                                ASSUMPTION fsw -10 % for the ripple (the sheet prints only typical rows)
   co_eff       3.3e-05                            ASSUMPTION 3 x 22 uF 25 V X7R 1210 at 12 V, 50 % under DC bias (no curve held)
   rsense       0.08                               MAKER      Equation 11: Rsense 0.08 Ohm
   gea          0.00019                            MAKER      GEA 190 uS (SLVSD38C 7.5)
   resr         0.005                              ASSUMPTION the ceramic output bank's ESR 5 mOhm
   fc           10000                              BOUND      the chosen crossover 10 kHz
   r5           23700                              BOUND      COMP resistor 23.7 k (E96)
   c5           4.7e-08                            BOUND      COMP capacitor 47 nF
   ovp          (12.7, 13.6)                       MAKER      TPS61089 output OVP 12.7 to 13.6 V (SLVSD38C 7.5)
   ilim_rows    ((909.0, 0.949, 1.005, 1.051), (453.0, 1.83, 2.004, 2.147), (3830.0, 0.224, 0.247, 0.269)) MAKER      TPS2596 ILIM rows (SLVSET8A 7.5)
   vovlo_r      (1.17, 1.22)                       MAKER      VOVLO(R) 1.17 to 1.22 V (SLVSET8A 7.5)
   vovlo_f      (1.08, 1.13)                       MAKER      VOVLO(F) 1.08 to 1.13 V
   ron_lo       0.1434                             MAKER      RON at VIN under 4 V, -40 to 125 C, at most 143.4 mOhm (SLVSET8A 7.5)
   rilm_fan     1870                               BOUND      the coolers' eFuse ILM 1.87 k
   rilm_pnl     604                                BOUND      PANEL_5V's eFuse ILM 604 Ohm
   rilm_d8      3830                               BOUND      board D's 3.3 V eFuse ILM 3.83 k (the printed row)
   smcj22a      (22.0, 24.4, 26.9, 35.5, 42.3, 6.5) MAKER      SMCJ22A VRWM 22.0, VBR 24.40 to 26.90 at 1 mA, VC 35.5 at IPP 42.3 A; PD 6.5 W on an infinite heat sink at TL 50 C (Littelfuse SMCJ, 11/20/15)
   brk_oc       (6.364, 7.136)                     INFERRED   board E's entry breaker trip 6.364 to 7.136 A (L4-E11 3c)
   vin_service  (9.0, 36.0)                        MAKER      REQ-015's vehicle input 9 to 36 V in service
   ovr          (1.16, 1.2)                        MAKER      TPS48110 V(OVR) 1.16 to 1.20 V (SLUSEE5E 6.5)
   ovf          (1.1, 1.13)                        MAKER      V(OVF) 1.10 to 1.13 V
   iov          3e-07                              MAKER      I(OV) at most 300 nA
   uvlor        (1.16, 1.2)                        MAKER      V(UVLOR) 1.16 to 1.20 V
   rt_ov        200000                             BOUND      OV top 200 k 0.1 %
   rb_ov        10000                              BOUND      OV bottom 10.0 k 0.1 %
   tol_ov       0.001                              BOUND      0.1 % resistors
   rt_en        33200                              BOUND      EN top 33.2 k 1 %
   rb_en        10000                              BOUND      EN bottom 10.0 k 1 %
   bus_bound    23.4                               INFERRED   VBUS20's in-service bound (records/s120 section 4)
   u3_abs       32                                 MAKER      U3's VBUS, ACP, ACN absolute 32 V (SLUSE66A p.8)
   u3_rec       26                                 MAKER      U3's recommended 26 V and ACOV's 26.0 V minimum
   q7_abs       30                                 MAKER      Q7's VDS 30 V (SLPS526); Q8's VSD 1.0 V (SLPS516) while the charger switches
   c_bank       0.0012672                          INFERRED   the six EEHZK1V331P at -20 %, 1.267 mF, ceramics not counted (records/s120 section 4)
   c_vin        3.2e-05                            INFERRED   board A's VIN_RAW 20 to 32 uF (the restart guard's comment, gen_sch_a.py)
   vin_ov       41.22                              INFERRED   board E's entry OV maximum 41.22 V (L4-E11 3c)
   uv_fall      8.08                               INFERRED   U34's UV fall 8.08 V nominal
   e_l1_first   0.01257                            INFERRED   L1's first-on-time energy, s120's MODEL term (records/s120 section 4)
   i_brk_sc     13.87                              INFERRED   board E's short-circuit trip at most 13.87 A (L4-E11 3c)
   i_cond       1                                  MAKER      Wurth WR-CAB 63912615521CAB and WR-BHD 61202623021: 1 A per conductor and contact at most (inputs/ R2-03)
   f1           (1.1, 2.2)                         MAKER      MF-MSMF110-2 hold 1.10 A, trip 2.20 A at 23 C (inputs/ R2-04)
   c_peak       1                                  BOUND      board C's +5V declared peak 1.0 A (gen_sch_c.py)
   d_peak       0.1                                BOUND      board D's +3V3 declared peak 0.10 A (gen_sch_d.py)
   mismatch     0.2                                ASSUMPTION a 20 % resistance mismatch between the two PANEL_5V conductors
   rt_pnl       42200                              BOUND      PANEL_5V eFuse OVLO top 42.2 k 1 %
   rt_d8        30100                              BOUND      board D eFuse OVLO top 30.1 k 1 %
   rb_ovlo      10000                              BOUND      OVLO bottom 10 k 1 %
   v5dev        5.1                                BOUND      +5V_DEV 5.1 V
   v3           3.3                                BOUND      +3V3 3.3 V
   budget_fan   (0.36, 0.51, 0.56)                 INFERRED   pwr_budget.py's cooler row per slot, a representative 30 mm 5 V fan (records/rv-pwr)
   eta_a        0.89                               ASSUMPTION board A's 12 V buck-boost for choice (b)
   duty_max     0.7                                BOUND      the modules' Fan_PWM maximum duty for the coolers (round 3, L9P-F02), a firmware rule (section 1's text for HW-FW-CONTRACT)
   ap_ipk       (6.8, 8.0, 9.2)                    MAKER      AP64500 HS peak current limit, minimum / typical / maximum (Diodes DS41979, electrical characteristics, Note 8)
   ap_l         4.7e-06                            BOUND      board A's slot inductors L3 and L5, 4.7 uH XAL6060-472ME (gen_sch_a.py, buck5)
   ap_ltol      0.2                                ASSUMPTION the slot inductor taken 20 % low for the ripple
   ap_fsw       500000                             BOUND      RT 68 k, 500 kHz (gen_sch_a.py, buck5)
   vsys_max     17.375                             INFERRED   the system node's highest, on shore (L4-E11 15a: VSYS_E 9.494 to 17.375 V)

2. ITEM 1, BOARD B'S COOLERS (E11-40, R-190): a per-slot TPS61089 step-up to 12 V behind an eFuse
  output 11.508 / 11.962 / 12.430 V (VREF and the 1 % divider, FB leakage), inside the fan's 10.8 to 13.2 V: YES
  fsw 498.1 kHz at 5.1 V in (Equation 3); duty 0.6376 at efficiency 0.85; RO 70.4 Ohm at the rated 0.17 A
  inductor at the rated current: DC 0.539 A, ripple 2.013 A, peak 1.545 A (4.9 V in, the highest output, L -30 %, fsw -10 %, efficiency 0.80)
  inductor at the eFuse's highest limit 0.538 A: DC 1.706 A, ripple 2.013 A, peak 2.713 A; ILIM 7.3 to 8.9 A over both, Isat 11.0 A over ILIM's 8.9 A maximum
  RHP zero 313 kHz; the crossover limit min(fsw/10, fRHPZ/5) 49.8 kHz; the chosen 10 kHz under it
  COMP: Equation 17 gives R5 23.8 k at CO 33 uF effective (ASSUMPTION), drawn 23.7 k; Equation 18 C5 49.0 nF, drawn 47 nF; Equation 19 C6 7.0 pF, under 10 pF: open
  the crossover with R5 23.7 k against the effective output capacitance: 22 uF 15.0 kHz, 33 uF 10.0 kHz, 66 uF 5.0 kHz
  eFuse ILM 1.87 k: 0.448 / 0.494 / 0.538 A, INFERRED (the wider neighbouring row's tolerance); OVLO 100 k over 10 k cuts at 12.64 to 13.67 V, 0.21 V over the rail's highest; the boost's own OVP 12.7 to 13.6 V
  power, the fan row: pwr_budget.py's cooler row 0.36 / 0.51 / 0.56 W per slot (a representative 30 mm 5 V fan, not the pick); the pick prints 2.0 W at full speed
  choice (a), a step-up per slot (SELECTED): 2.353 W on +5V_Sn per slot at full speed, 0.461 A at 5.1 V (0.480 A at 4.9 V), +0.353 W of conversion per slot; the three 7.56 W at VBAT behind the slot converters (record l9pwr's R9 on each slot rail's own converter; round 2 printed 7.84 W on a flat 0.90)
  choice (b), one 12 V feed from board A over the bay harness: the three 6.74 W at VBAT (board A's converter at 0.89, an ASSUMPTION); (b) is 0.82 W lower at full speed, 0.23 W at the budget's 0.56 W a fan

2b. ROUND 3: ITEM 1 RE-DECIDED ON RECORD l9pwr'S FIGURES (inputs/l9pwr_budget-38ef774c.txt, its section 5 parsed: 11 states; nothing typed)
  L9P-F02 (ASSUMPTION TO BOUND): PS-ALLTX, PS-BUSY at HIGH: 5.010 A against the AP64500's 5 A (DS41979 p.1), 0.010 A over; at PLAN at most 4.666 A; DRAWN at most 4.658 A at HIGH (the representative 5 V fan); the step-up takes 0.461 A of the slot rail at full speed
  L9P-F03 (ASSUMPTION TO BOUND): 7.181 A DRAFTED, 7.154 A DRAWN, against the loop's least 7.0957 A (VSNS 43 mV over 6 mOhm at +1 %); PLAN 5.269 A
  the efficiency: round 2's 7.84 W for the three coolers at VBAT took board A's slot converters at a flat 0.90; record l9pwr's R9 (theirs (2.353, 0.461, 7.84), reproduced: EQUAL) reads 7.5638 W on each slot rail's own converter, the figure item 1 now carries
  the slot rail's declared loads on board B (gen_sch_b.py's _SLOT_LOADS and its +5V_Sn rail's peak, read with ast), judged by intent.rail itself (loads at most 1.02 times the peak):
    as drawn (J_FAN1 0.1 A)                              slot 1: 4.751 A against 5.000 A: accepted
    round 2 (the step-up at full speed, 0.47 A)          slot 1: 5.121 A against 5.000 A: REFUSED (intent: rail +5V_S1 declares a 5.00 A peak and its loads sum to 5.12 A)
    round 3 (the step-up at the 70 % maximum, 0.33 A)    slot 1: 4.981 A against 5.000 A: accepted
    (b), the cooler off the slot rail (no fan row)       slot 1: 4.651 A against 5.000 A: accepted
  the options at HIGH on each slot's converter, every state (A on its output, the margin to its limit in brackets); record l9pwr's rails:
    (a) as drafted at full speed; (a) with the 70 % Fan_PWM maximum, the linear bound (1.4 W of fan) at the step-up's 0.85, at its low 0.80, and by the fan law (0.343 of full power);
    (b) the cooler off the slot rail (one feed from board A or one per slot alike); released: Fan_PWM released and the card socket's supply off (PCIE_PWR_EN low), the fan at full speed
    state        slot converter (limit)        (a) drafted       (a) cap           (a) cap eta 0.80  (a) cap fan law   (b)               released         
    PS-IDLE      1    AP64500 U4 (5.000 A)     3.054 (+1.946)    2.916 (+2.084)    2.936 (+2.064)    2.751 (+2.249)    2.593 (+2.407)    1.485 (+3.515)   
    PS-IDLE      2    LM5176 U5 (7.096 A)      1.388 (+5.708)    1.250 (+5.846)    1.270 (+5.826)    1.085 (+6.011)    0.927 (+6.169)    1.345 (+5.751)   
    PS-IDLE      3    AP64500 U6 (5.000 A)     3.294 (+1.706)    3.155 (+1.845)    3.176 (+1.824)    2.991 (+2.009)    2.832 (+2.168)    1.509 (+3.491)   
    PS-IDLE-SPEC 1    AP64500 U4 (5.000 A)     3.054 (+1.946)    2.916 (+2.084)    2.936 (+2.064)    2.751 (+2.249)    2.593 (+2.407)    1.485 (+3.515)   
    PS-IDLE-SPEC 2    LM5176 U5 (7.096 A)      1.388 (+5.708)    1.250 (+5.846)    1.270 (+5.826)    1.085 (+6.011)    0.927 (+6.169)    1.345 (+5.751)   
    PS-IDLE-SPEC 3    AP64500 U6 (5.000 A)     3.294 (+1.706)    3.155 (+1.845)    3.176 (+1.824)    2.991 (+2.009)    2.832 (+2.168)    1.509 (+3.491)   
    PS-TYP       1    AP64500 U4 (5.000 A)     4.084 (+0.916)    3.945 (+1.055)    3.966 (+1.034)    3.781 (+1.219)    3.622 (+1.378)    2.515 (+2.485)   
    PS-TYP       2    LM5176 U5 (7.096 A)      3.569 (+3.527)    3.431 (+3.665)    3.451 (+3.645)    3.266 (+3.830)    3.108 (+3.988)    2.473 (+4.623)   
    PS-TYP       3    AP64500 U6 (5.000 A)     4.324 (+0.676)    4.185 (+0.815)    4.205 (+0.795)    4.020 (+0.980)    3.862 (+1.138)    2.539 (+2.461)   
    PS-BUSY      1    AP64500 U4 (5.000 A)     5.010 (-0.010)    4.871 (+0.129)    4.892 (+0.108)    4.707 (+0.293)    4.548 (+0.452)    3.225 (+1.775)   
    PS-BUSY      2    LM5176 U5 (7.096 A)      4.255 (+2.841)    4.117 (+2.979)    4.137 (+2.959)    3.952 (+3.144)    3.794 (+3.302)    3.159 (+3.937)   
    PS-BUSY      3    AP64500 U6 (5.000 A)     5.010 (-0.010)    4.871 (+0.129)    4.892 (+0.108)    4.707 (+0.293)    4.548 (+0.452)    3.225 (+1.775)   
    PS-RED       3    AP64500 U6 (5.000 A)     1.825 (+3.175)    1.687 (+3.313)    1.707 (+3.293)    1.522 (+3.478)    1.364 (+3.636)    1.825 (+3.175)   
    PS-RED-b     1    AP64500 U4 (5.000 A)     3.054 (+1.946)    2.916 (+2.084)    2.936 (+2.064)    2.751 (+2.249)    2.593 (+2.407)    1.485 (+3.515)   
    PS-RED-b     2    LM5176 U5 (7.096 A)      1.388 (+5.708)    1.250 (+5.846)    1.270 (+5.826)    1.085 (+6.011)    0.927 (+6.169)    1.345 (+5.751)   
    PS-RED-b     3    AP64500 U6 (5.000 A)     3.294 (+1.706)    3.155 (+1.845)    3.176 (+1.824)    2.991 (+2.009)    2.832 (+2.168)    1.509 (+3.491)   
    PS-EMCON     1    AP64500 U4 (5.000 A)     2.365 (+2.635)    2.226 (+2.774)    2.247 (+2.753)    2.062 (+2.938)    1.904 (+3.096)    2.365 (+2.635)   
    PS-EMCON     2    LM5176 U5 (7.096 A)      2.369 (+4.727)    2.231 (+4.865)    2.251 (+4.845)    2.066 (+5.030)    1.908 (+5.188)    2.366 (+4.730)   
    PS-EMCON     3    AP64500 U6 (5.000 A)     2.365 (+2.635)    2.226 (+2.774)    2.247 (+2.753)    2.062 (+2.938)    1.904 (+3.096)    2.365 (+2.635)   
    PS-ALLTX     1    AP64500 U4 (5.000 A)     5.010 (-0.010)    4.871 (+0.129)    4.892 (+0.108)    4.707 (+0.293)    4.548 (+0.452)    3.225 (+1.775)   
    PS-ALLTX     2    LM5176 U5 (7.096 A)      4.255 (+2.841)    4.117 (+2.979)    4.137 (+2.959)    3.952 (+3.144)    3.794 (+3.302)    3.159 (+3.937)   
    PS-ALLTX     3    AP64500 U6 (5.000 A)     5.010 (-0.010)    4.871 (+0.129)    4.892 (+0.108)    4.707 (+0.293)    4.548 (+0.452)    3.225 (+1.775)   
    PS-RED2      2    LM5176 U5 (7.096 A)      1.878 (+5.218)    1.740 (+5.356)    1.760 (+5.336)    1.575 (+5.521)    1.417 (+5.679)    1.835 (+5.261)   
    PS-RED2      3    AP64500 U6 (5.000 A)     1.825 (+3.175)    1.687 (+3.313)    1.707 (+3.293)    1.522 (+3.478)    1.364 (+3.636)    1.825 (+3.175)   
    PS-SURV      2    LM5176 U5 (7.096 A)      1.878 (+5.218)    1.740 (+5.356)    1.760 (+5.336)    1.575 (+5.521)    1.417 (+5.679)    1.835 (+5.261)   
    PS-SURV-R    3    AP64500 U6 (5.000 A)     1.825 (+3.175)    1.687 (+3.313)    1.707 (+3.293)    1.522 (+3.478)    1.364 (+3.636)    1.825 (+3.175)   
    (a) drafted, from the rail's watts, equals record l9pwr's printed current in every row: YES
  the least margin at HIGH over every state, AP64500 (AP64500 U4, AP64500 U6): (a) drafted -0.010 A (-0.2 %, PS-BUSY); (a) cap +0.129 A (+2.6 %, PS-BUSY); (a) cap eta 0.80 +0.108 A (+2.2 %, PS-BUSY); (a) cap fan law +0.293 A (+5.9 %, PS-BUSY); (b) +0.452 A (+9.0 %, PS-BUSY); released +1.775 A (+35.5 %, PS-BUSY)
  the least margin at HIGH over every state, LM5176 (LM5176 U5): (a) drafted +2.841 A (+40.0 %, PS-BUSY); (a) cap +2.979 A (+42.0 %, PS-BUSY); (a) cap eta 0.80 +2.959 A (+41.7 %, PS-BUSY); (a) cap fan law +3.144 A (+44.3 %, PS-BUSY); (b) +3.302 A (+46.5 %, PS-BUSY); released +3.937 A (+55.5 %, PS-BUSY)
  the device rail (L9P-F03): no option feeds a cooler from +5V_DEV, so every option leaves it as record l9pwr prints it:
    PS-IDLE      LM5176 U7 4.773 A DRAFTED against 7.096 A, margin +2.323 A (+32.7 %); DRAWN 4.746 A; U901's RON loss (record l8r2 item 3) 0.027 A of the difference
    PS-IDLE-SPEC LM5176 U7 4.773 A DRAFTED against 7.096 A, margin +2.323 A (+32.7 %); DRAWN 4.746 A; U901's RON loss (record l8r2 item 3) 0.027 A of the difference
    PS-TYP       LM5176 U7 7.032 A DRAFTED against 7.096 A, margin +0.064 A (+0.9 %); DRAWN 7.005 A; U901's RON loss (record l8r2 item 3) 0.027 A of the difference
    PS-BUSY      LM5176 U7 7.032 A DRAFTED against 7.096 A, margin +0.064 A (+0.9 %); DRAWN 7.005 A; U901's RON loss (record l8r2 item 3) 0.027 A of the difference
    PS-RED       LM5176 U7 5.397 A DRAFTED against 7.096 A, margin +1.699 A (+23.9 %); DRAWN 5.370 A; U901's RON loss (record l8r2 item 3) 0.027 A of the difference
    PS-RED-b     LM5176 U7 4.773 A DRAFTED against 7.096 A, margin +2.323 A (+32.7 %); DRAWN 4.746 A; U901's RON loss (record l8r2 item 3) 0.027 A of the difference
    PS-EMCON     LM5176 U7 5.227 A DRAFTED against 7.096 A, margin +1.869 A (+26.3 %); DRAWN 5.200 A; U901's RON loss (record l8r2 item 3) 0.027 A of the difference
    PS-ALLTX     LM5176 U7 7.181 A DRAFTED against 7.096 A, margin -0.086 A (-1.2 %); DRAWN 7.155 A; U901's RON loss (record l8r2 item 3) 0.027 A of the difference
    PS-RED2      LM5176 U7 5.397 A DRAFTED against 7.096 A, margin +1.699 A (+23.9 %); DRAWN 5.370 A; U901's RON loss (record l8r2 item 3) 0.027 A of the difference
    PS-SURV      LM5176 U7 4.759 A DRAFTED against 7.096 A, margin +2.336 A (+32.9 %); DRAWN 4.733 A; U901's RON loss (record l8r2 item 3) 0.027 A of the difference
    PS-SURV-R    LM5176 U7 5.397 A DRAFTED against 7.096 A, margin +1.699 A (+23.9 %); DRAWN 5.370 A; U901's RON loss (record l8r2 item 3) 0.027 A of the difference
    U901's RON (at most 0.1434 Ohm, record l9pwr's D5) at the panel's 0.980 A at HIGH: 0.138 W on +5V_DEV, 0.027 A at 5.1 V
  the linear bound fails only if more than 54.3 % of the fan's full-speed input does not fall with its speed (the fan law with a fixed share f: f + (1 - f) x 0.343 > 0.70)
  if the bound fails open (Fan_PWM uncapped with the card on): 5.010 A on slots 1 and 3, the AP64500's inductor peak 6.075 A (ripple 2.129 A at VSYS's 17.375 V, L 20 % low, fsw 10 % low) under its least HS peak current limit 6.8 A by 0.725 A: no limit acts
  the coolers at VBAT: 7.5638 W at full speed (R9); at the 70 % maximum at most 5.29 W (the linear bound, the slot converters' efficiency taken flat over the change): 2.27 W less at HIGH, a figure for L9P-F01's owner
  SELECTED (SESSION): (a) with the modules' 70 % Fan_PWM maximum; (b) as one 12 V feed would make one converter common to the three modules' coolers, a shared element ASM-002 does not name

3. ITEM 2, VBUS20 AGAINST U2's SINGLE FAULTS (S-111, R-48)
  the SMCJ22A: standoff 22.0 V over the regulated band's 20.96 V; breakdown 24.40 to 26.90 V, inside REQ-015's 9 to 36 V in service: YES
  a source holding the bus under the entry breaker's 6.364 A: the clamp at 28.19 V carries 179.4 W, 28 times its 6.5 W on an infinite heat sink; at 1 A, 27.1 W: REJECTED
  the cut-off: OV trip 24.25 to 25.31 V of VBUS20 (V(OVR), the 0.1 % divider, I(OV)), 0.85 V over the in-service bound 23.40 V, 0.69 V under U3's recommended 26.0 V
  release 23.00 to 23.84 V; EN on at 4.93 to 5.26 V of VIN_RAW_IN, under U34's 8.08 V UV
  after the cut, a shorted Q2: VIN_RAW's 32 uF from 41.22 V into the bank (1.267 mF) with L1 at 13.87 A: at most 25.85 V
  after the cut, an open FB: U2 pumping VIN_RAW's 32 uF down to 8.08 V and L1's 12.57 mJ into the bank: at most 26.49 V
  margins: 5.51 V under U3's absolute 32.0 V; 2.51 V under Q7's 30.0 V with Q8's 1.0 V; at most 0.49 V over U3's recommended 26.0 V, for the event

4. ITEM 3, LAYER 5'S ROUND 2 FINDINGS
  L5R2-F03, PANEL_5V: as drawn F1 lets up to 1.10 A a conductor (its 2.20 A trip over two); with U901 (ILM 604 Ohm) 1.375 / 1.506 / 1.614 A, INFERRED (the wider neighbouring row's tolerance);
    a conductor 0.807 A (equal split) or 0.880 A (20 % mismatch), under the 1.0 A; the lowest limit 1.375 A over board C's 1.0 A peak
    its OVLO 42.2 k over 10 k: the pin at 0.961 to 0.993 V on 5.1 V (0.5 to 2 V recommended); cut at 6.01 to 6.47 V
  L5R2-F05, board D's 3.3 V: U44 (ILM 3.83 k) 0.224 / 0.247 / 0.269 A, printed row; 2.2 times board D's 0.10 A peak, 27 % of the conductor's 1 A at most; drop 14.3 mV at the peak
    its OVLO 30.1 k over 10 k: the pin at 0.811 to 0.860 V on 3.3 V (+3 %); cut at 4.62 to 4.97 V
  L5R2-F04, J_QMX and J_CAM: PH1x4 is a 2.54 mm pin header in board B's table; ASSEMBLY.md and IF-LID-HF say JST PH 1x4; corrected to PH4,
    Connector_JST:JST_PH_B4B-PH-K_1x04_P2.00mm_Vertical with C131334 (B4B-PH-K-S), the part boards A (J_USBW) and D (J_USB3) carry

5. COMPOSITION ON BOARD A (scratch copies of gen_sch_a.py; OK = applied and the result parses)
  L4-E9's power order, l8gnd's two, this record's three, then d8dec31's mainpb:
    l4e6/apply_gen_sch_a_r12.py                OK
    l4e11/apply_gen_sch_a_guard.py             OK
    l4e11/apply_gen_sch_a_charger.py           OK
    l4e4/apply_gen_sch_a_r11.py                OK
    l4e8/apply_gen_sch_a_bank.py               OK
    l4e4/apply_gen_sch_a_r138.py               OK
    l4e9/apply_gen_sch_a_u17.py                OK
    l8gnd/apply_gen_sch_a_gnd002.py            OK
    l8gnd/apply_gen_sch_a_hotr1.py             OK
    l8r2/apply_gen_sch_a_d8v3.py               OK
    l8r2/apply_gen_sch_a_vbus20ov.py           OK
    l8r2/apply_gen_sch_a_packrtn.py            OK
    d8dec31/apply_gen_sch_a_mainpb.py          OK (apply_gen_sch_a_mainpb (R248, C247): a_fwd.py, 10 line(s) added)
  this record's three first, then the power order, l8gnd's two and mainpb (every anchor of theirs still applies after these):
    l8r2/apply_gen_sch_a_d8v3.py               OK
    l8r2/apply_gen_sch_a_vbus20ov.py           OK
    l8r2/apply_gen_sch_a_packrtn.py            OK
    l4e6/apply_gen_sch_a_r12.py                OK
    l4e11/apply_gen_sch_a_guard.py             OK
    l4e11/apply_gen_sch_a_charger.py           OK
    l4e4/apply_gen_sch_a_r11.py                OK
    l4e8/apply_gen_sch_a_bank.py               OK
    l4e4/apply_gen_sch_a_r138.py               OK
    l4e9/apply_gen_sch_a_u17.py                OK
    l8gnd/apply_gen_sch_a_gnd002.py            OK
    l8gnd/apply_gen_sch_a_hotr1.py             OK
    d8dec31/apply_gen_sch_a_mainpb.py          OK (apply_gen_sch_a_mainpb (R248, C247): a_rev.py, 10 line(s) added)
  each power draft alone after this record's three (the bank after r12, which it requires):
    l4e6/apply_gen_sch_a_r12.py                OK
    l4e11/apply_gen_sch_a_guard.py             OK
    l4e11/apply_gen_sch_a_charger.py           OK
    l4e4/apply_gen_sch_a_r11.py                OK
    l4e8/apply_gen_sch_a_bank.py               OK
    l4e4/apply_gen_sch_a_r138.py               OK
    l4e9/apply_gen_sch_a_u17.py                OK
  the five Layer 8 drafts of board A in reverse order: OK

6. COMPOSITION ON BOARD B (no power draft targets gen_sch_b.py)
  forward: _b_gnd002 OK; _b_fans12 OK; _b_panel5v OK; _b_ph4 OK
  reverse: _b_ph4 OK; _b_panel5v OK; _b_fans12 OK; _b_gnd002 OK
  alone l8gnd/apply_gen_sch_b_gnd002.py OK
  alone l8r2/apply_gen_sch_b_fans12.py OK
  alone l8r2/apply_gen_sch_b_panel5v.py OK
  alone l8r2/apply_gen_sch_b_ph4.py    OK

6b. COMPOSITION ON BOARD E (scratch copies of gen_sch_e.py; the change list's board E round, d8dec31's cin last, and this record's pack return)
  the change list's board E round as L4-POWER-ARCHITECTURE.md's table gives it: apply_gen_sch_e_q1.py, apply_gen_sch_e_u5_grade.py, apply_gen_sch_e_hold.py, apply_gen_sch_e_input_limit.py, apply_gen_sch_e_backstop.py, apply_gen_sch_e_f1.py, apply_gen_sch_e_hotswap.py, apply_gen_sch_e_entry.py, apply_gen_sch_e_solar_guard.py, apply_gen_sch_e_aux.py, apply_gen_sch_e_cin.py: the same as this script's E_ROUND
  the round, then this record's packrtn:             OK at every step (12 drafts)
  this record's packrtn first, then the round:       OK at every step (12 drafts)
  the round with this record's packrtn before cin:   OK at every step (12 drafts)
  this record's packrtn after every prefix of the round (0 to 11 drafts; the round's drafts depend on one another, so none is applied alone): OK at every prefix

7. DESIGNATORS
  A l4e6/apply_gen_sch_a_r12.py                none
  A l4e11/apply_gen_sch_a_guard.py             none
  A l4e11/apply_gen_sch_a_charger.py           C236, C237, C238, C239, D23, Q39, Q40, R228, U42
  A l4e4/apply_gen_sch_a_r11.py                none
  A l4e8/apply_gen_sch_a_bank.py               R221, R222, R223, R224, R225, R226
  A l4e4/apply_gen_sch_a_r138.py               none
  A l4e9/apply_gen_sch_a_u17.py                R227
  A l8gnd/apply_gen_sch_a_gnd002.py            H1, R229
  A l8gnd/apply_gen_sch_a_hotr1.py             C240, R230, R231, R232, U43
  A l8r2/apply_gen_sch_a_d8v3.py               C242, C243, R234, R235, R236, R237, R238, U44
  A l8r2/apply_gen_sch_a_vbus20ov.py           C244, C245, C246, Q41, R239, R240, R241, R242, R243, R244, R245, R246, R247, U45
  A l8r2/apply_gen_sch_a_packrtn.py            none
  A d8dec31/apply_gen_sch_a_mainpb.py          C247, R248
  B l8gnd/apply_gen_sch_b_gnd002.py            none
  B l8r2/apply_gen_sch_b_fans12.py             C701, C702, C703, C704, C705, C706, C707, C708, C709, C710, C731, C732, C733, C734, C735, C736, C737, C738, C739, C740, C761, C762, C763, C764, C765, C766, C767, C768, C769, C770, L701, L731, L761, Q701, Q702, Q731, Q732, Q761, Q762, R701, R702, R703, R704, R705, R706, R707, R708, R709, R710, R711, R712, R731, R732, R733, R734, R735, R736, R737, R738, R739, R740, R741, R742, R761, R762, R763, R764, R765, R766, R767, R768, R769, R770, R771, R772, U701, U702, U731, U732, U761, U762
  B l8r2/apply_gen_sch_b_panel5v.py            C901, C902, R901, R902, R903, R904, R905, U901
  B l8r2/apply_gen_sch_b_ph4.py                none
  board A pairwise intersections: none (DISJOINT)
  board B pairwise intersections: none (DISJOINT)
  literal designators drawn twice in the composed board A generator: none
  literal designators drawn twice in the composed board B generator: none
  board B's 700 and 900 blocks against every designator the generator builds from a base: free
  board E, what this record's pack return adds after the change list's round: none (the round's own designators are held by test_l4e9)
  literal designators drawn twice in the composed board E generator: none

7b. ITEM 4, BOARD C'S PI BUTTON (the panel firmware's F-01): PIJ2_A2 on U1 P1.3 (PI_BTN_n)
  R57 10 k to +3V3 with C27 100 nF to GND: tau 1.00 ms; a release reaches VIH (2.31 V, 0.7 x VCC) after 1.20 ms; a press pulls under VIL (0.99 V)
    through FB3 and the contact; the pull-up's 0.33 mA through the closed contact
  l6 then pibtn    OK
  pibtn then l6    OK
  the two orders give the same generator: YES
  designators: Layer 6's draft none; this record's R57; intersection none (DISJOINT)
  literal designators drawn twice in the composed board C generator: none

8. THE NETLIST CHECK (check_l8r2_netlist.py)
  v2/ecad/pcb-a-power-a23/out/pcb-a-power.net sha256 6c40250c47195ebb
    A VCO   NOT DRAWN: Q41.5 is on None, not VIN_RAW_IN
    A D8V3  NOT DRAWN: J_MEZZ1.13 is on '+3V3', not +3V3_A2D
  v2/ecad/pcb-b-compute-b19/out/pcb-b-compute.net sha256 3ef9b8c49a01b728
    B FANS  NOT DRAWN: J_FAN1.1 is on '+5V_S1', not CFAN1_V
    B PNL   NOT DRAWN: U901.5 is on None, not PANEL_5V_EF
    B PH4   NOT DRAWN: J_CAM on Connector_PinHeader_2.54mm:PinHeader_1x04_P2.54mm_Vertical; J_QMX on Connector_PinHeader_2.54mm:PinHeader_1x04_P2.54mm_Vertical
  v2/ecad/pcb-c-display-c8/out/pcb-c-display.net sha256 c9f7394594201045
    C PIBTN NOT DRAWN: U1.16 is on 'SPARE1', not PIJ2_A2
  record l8r2's corrections on the netlists: NOT DRAWN
  on fixtures carrying the drafts (built in check_l8r2_netlist.py, not files of the tree):
    A VCO   DRAWN
    A D8V3  DRAWN
    fixture A: DRAWN
    B FANS  DRAWN
    B PNL   DRAWN
    B PH4   DRAWN
    fixture B: DRAWN
    C PIBTN DRAWN
    fixture C: DRAWN

9. ITEM 5, THE PACK PATH'S RETURN ON BOARDS A AND E (record l9stk's finding, its output: "returns declared in the intents: board A none; board E none")
  record l9stk's widths, board A CELL+ at 18.00 A (governing): one 1 oz face 23.91 mm, each of two 6.72 mm; one 2 oz face 11.95 mm, each of two 3.36 mm
  record l9stk's widths, board E CELL_F at 18.00 A (governing): one 1 oz face 23.91 mm, each of two 6.72 mm; one 2 oz face 11.95 mm, each of two 3.36 mm
  board A, the draft alone: GND a rail, sources J_CN1, J_CN2, J_CN3, J_CN4, loads U4 2, R170 2.22, U6 2, R177 1.61, U41 0.4, R56 1.5, R122 0.3, U12 0.2, U22 0.65, U21 0.69 (11.57 A), 10.0 / 18.0 A, returns CELL+, share 0.5 %; intent.py on the file's CELL+ and GND declarations: CELL+ accepted; GND accepted
    on the committed netlist (pcb-a-power.net), each source and load's pins on GND: J_CN1 1; J_CN2 1; J_CN3 1; J_CN4 1; U4 7,9; R170 2; U6 7,9; R177 2; U41 4; R56 2; R122 2; U12 4; U22 1,9; U21 1,9: YES
    after the whole round (12 drafts, this one last): CELL+ accepted; GND accepted
  board E, the draft alone: GND a rail, sources J_BATT, loads P_CN 10 (10.00 A), 10.0 / 18.0 A, returns CELL_F, share 0.5 %; intent.py on the file's CELL_F and GND declarations: CELL_F accepted; GND accepted
    on the committed netlist (pcb-e1-dock.net), each source and load's pins on GND: J_BATT 1; P_CN 1: YES
    after the whole round (12 drafts, this one last): CELL_F accepted; GND accepted
  the bar each return is judged against (dc_drop, PI-002): its share, 0.5 %, of the rail it returns, 72.0 mV of 14.4 V; the rules that then judge it: PI-001 (conductor capacity at the declared 18 A), PI-002 (the drop), PI-003 (the barrels), PWR-001 (the rail on the netlist), THM-001 (its watts not counted twice)

10. ITEM 6, THE ENERGY CHAIN'S BOARD E TEXTS AT 1 OZ (record l9stk's second finding; v2/ecad/tools/pcb_energy_chain.yaml)
  lines naming 2 oz: 50 (PACK_CELLS, board P); 51 (PACK_CELLS, board P); 71 (PACK_FETS, board P); 108 (DOCK_ENTRY, board E); 109 (DOCK_ENTRY, board E); 128 (DOCK_BLOCK, board E5 to A); 201 (SHORE_INPUT, board E)
  the correction rewrites DOCK_ENTRY, SHORE_INPUT; board P's and E5's 2 oz (owner ruling 7) stay
  widths at 10 K, decision 35's model (track_current.width_for_current), each of two 1 oz faces (one face): 25 A 12.26 mm (43.62); 18 A 6.72 mm (23.91), record l9stk's 6.72 (23.91): EQUAL; 10 A 2.76 mm (8.15)
  the corrected texts name those widths: YES
  the apply script: on the tree's register (exit 3) the register v2/ecad/tools/pcb_decisions.yaml carries 0 decisions marked (L9STK E), not one: l9stk's board E decision is not integrated, and this correction follows it; refusing
    on a copy of the register carrying a ruled "(L9STK E)" decision: --check exit 0 (CHECK OK, 2 edit(s), nothing written); --write exit 0 (WRITTEN, 2 edit(s)); again exit 0 (ALREADY CORRECTED, nothing to write (DOCK_ENTRY, SHORE_INPUT))
  energy_chain.check on the tree's chain and on the corrected copy (98 and 98 checks): fails 0 / 0, stage_fails 0 / 0, derate_fails 0 / 0; IDENTICAL
  lines naming 2 oz after the correction: 50 (PACK_CELLS, board P); 51 (PACK_CELLS, board P); 71 (PACK_FETS, board P); 128 (DOCK_BLOCK, board E5 to A)
  what the copper must carry for the chain's coordination (the blade at or below its conductor's rating): DOCK_ENTRY's 25 A needs 12.26 mm on each of two 1 oz faces; record l9stk's band of 6.72 mm on each of two carries 18.00 A: FINDING
  board E's input band as gen_pcb_e3.py lays it (DC_HS, one B.Cu band: run 5.5 mm, leg 4.5 mm): 8.07 and 7.13 A at 1 oz (11.78 and 10.56 at 2 oz), under SHORE_INPUT's F1 10 A at 1 oz: FINDING

END
