** Drc report for pcb-d-aprs.kicad_pcb **
** Created on 2026-09-03T17:43:10+0200 **
** Report includes: Errors, Warnings, Exclusions **

** Found 8 DRC violations **
[silk_over_copper]: Silkscreen clipped by solder mask
    Local override; warning
    @(81,9450 mm, 83,2550 mm): Rectangle of U2 on F.Silkscreen
[text_height]: Text height out of range (board setup constraints silk text height min height 0,8000 mm; actual 0,7500 mm)
    Rule: board setup constraints silk text height; warning
    @(160,0000 mm, 118,5000 mm): PCB text 'DMR858M on 2x 1x12 sockets + M2.5 x 11 standoffs, heatsink up' on B.Silkscreen
[text_height]: Text height out of range (board setup constraints silk text height min height 0,8000 mm; actual 0,7500 mm)
    Rule: board setup constraints silk text height; warning
    @(160,0000 mm, 121,5000 mm): PCB text 'SMA east -> UHF bulkhead | USB-C west | pin 1 = VCC (NE)' on B.Silkscreen
[text_height]: Text height out of range (board setup constraints silk text height min height 0,8000 mm; actual 0,7500 mm)
    Rule: board setup constraints silk text height; warning
    @(160,0000 mm, 124,5000 mm): PCB text 'rows and holes per NiceRF datasheet V1.2 p.10' on B.Silkscreen
[via_dangling]: Via is not connected or connected on only one layer
    Local override; warning
    @(110,6030 mm, 87,4750 mm): Via [/LED_A] on F.Cu - B.Cu
[via_dangling]: Via is not connected or connected on only one layer
    Local override; warning
    @(106,4750 mm, 91,9875 mm): Via [/OSCIN] on F.Cu - B.Cu
[via_dangling]: Via is not connected or connected on only one layer
    Local override; warning
    @(106,4750 mm, 95,9875 mm): Via [/OUT2] on F.Cu - B.Cu
[via_dangling]: Via is not connected or connected on only one layer
    Local override; warning
    @(79,4750 mm, 73,0100 mm): Via [/VIN_CELL] on F.Cu - B.Cu

** Found 0 unconnected pads **

** Found 0 Footprint errors **

** End of Report **
