21:34:30: Debug: Adding duplicate image handler for 'PNG file'
21:34:30: Debug: Adding duplicate image handler for 'JPEG file'
21:34:30: Debug: Adding duplicate image handler for 'TIFF file'
21:34:30: Debug: Adding duplicate image handler for 'GIF file'
21:34:30: Debug: Adding duplicate image handler for 'PNM file'
21:34:30: Debug: Adding duplicate image handler for 'PCX file'
21:34:30: Debug: Adding duplicate image handler for 'IFF file'
21:34:30: Debug: Adding duplicate image handler for 'Windows icon file'
21:34:30: Debug: Adding duplicate image handler for 'Windows cursor file'
21:34:30: Debug: Adding duplicate image handler for 'Windows animated cursor file'
21:34:30: Debug: Adding duplicate image handler for 'TGA file'
21:34:30: Debug: Adding duplicate image handler for 'XPM file'
21:34:30: Debug: Adding duplicate image handler for 'PNG file'
21:34:30: Debug: Adding duplicate image handler for 'JPEG file'
21:34:30: Debug: Adding duplicate image handler for 'TIFF file'
21:34:30: Debug: Adding duplicate image handler for 'GIF file'
21:34:30: Debug: Adding duplicate image handler for 'PNM file'
21:34:30: Debug: Adding duplicate image handler for 'PCX file'
21:34:30: Debug: Adding duplicate image handler for 'IFF file'
21:34:30: Debug: Adding duplicate image handler for 'Windows icon file'
21:34:30: Debug: Adding duplicate image handler for 'Windows cursor file'
21:34:30: Debug: Adding duplicate image handler for 'Windows animated cursor file'
21:34:30: Debug: Adding duplicate image handler for 'TGA file'
21:34:30: Debug: Adding duplicate image handler for 'XPM file'
21:34:31: Debug: Adding duplicate image handler for 'PNG file'
21:34:31: Debug: Adding duplicate image handler for 'JPEG file'
21:34:31: Debug: Adding duplicate image handler for 'TIFF file'
21:34:31: Debug: Adding duplicate image handler for 'GIF file'
21:34:31: Debug: Adding duplicate image handler for 'PNM file'
21:34:31: Debug: Adding duplicate image handler for 'PCX file'
21:34:31: Debug: Adding duplicate image handler for 'IFF file'
21:34:31: Debug: Adding duplicate image handler for 'Windows icon file'
21:34:31: Debug: Adding duplicate image handler for 'Windows cursor file'
21:34:31: Debug: Adding duplicate image handler for 'Windows animated cursor file'
21:34:31: Debug: Adding duplicate image handler for 'TGA file'
21:34:31: Debug: Adding duplicate image handler for 'XPM file'
21:34:31: Debug: Adding duplicate image handler for 'PNG file'
21:34:31: Debug: Adding duplicate image handler for 'JPEG file'
21:34:31: Debug: Adding duplicate image handler for 'TIFF file'
21:34:31: Debug: Adding duplicate image handler for 'GIF file'
21:34:31: Debug: Adding duplicate image handler for 'PNM file'
21:34:31: Debug: Adding duplicate image handler for 'PCX file'
21:34:31: Debug: Adding duplicate image handler for 'IFF file'
21:34:31: Debug: Adding duplicate image handler for 'Windows icon file'
21:34:31: Debug: Adding duplicate image handler for 'Windows cursor file'
21:34:31: Debug: Adding duplicate image handler for 'Windows animated cursor file'
21:34:31: Debug: Adding duplicate image handler for 'TGA file'
21:34:31: Debug: Adding duplicate image handler for 'XPM file'
A /root/r2/A09-rf-x-and-d8-z/repo/v2/ecad/pcb-a-power-a23/pcb-a-power.kicad_pcb 58e26c67987b1daa thickness 1.6
  J_BM10  pos (88.0, -66.0) side B pad1 [(88.0, -66.0)] bbox (83.03, -70.97, 92.97, -61.03) value SMP-MAX slide-on receptacle R222M00720 (underside), IRID to the dock plug
  J_BM11  pos (100.0, -66.0) side B pad1 [(100.0, -66.0)] bbox (95.03, -70.97, 104.97, -61.03) value SMP-MAX slide-on receptacle R222M00720 (underside), LORA to the dock plug
  J_RF11  pos (100.0, -56.0) side F pad1 [(100.0, -56.0)] bbox (95.81, -60.19, 104.19, -51.81) value SMA jack, Amphenol 132134-11 vertical (pigtail to the LORA device)
  H2      pos (110.5, -73.0) side F pad1 [] bbox (107.02, -76.47, 113.98, -69.53) value M3 rod R2
  H5      pos (5.0, -35.0) side F pad1 [] bbox (1.53, -38.47, 8.47, -31.53) value M3 standoff, mezzanine
  H6      pos (95.0, -35.0) side F pad1 [] bbox (91.53, -38.47, 98.47, -31.53) value M3 standoff, mezzanine
  H7      pos (5.0, 35.0) side F pad1 [] bbox (1.53, 31.53, 8.47, 38.47) value M3 standoff, mezzanine
  H8      pos (95.0, 35.0) side F pad1 [] bbox (91.53, 31.53, 98.47, 38.47) value M3 standoff, mezzanine
  J_AB2   pos (95.752, -16.08) side F pad1 [(95.752, -16.08)] bbox (89.51, -21.71, 100.49, -0.3) value A-B wall-port ribbon (IDC 2x5): the wall USB pair on the END row with eight grounds behind it
  A top parts inside D8's footprint X 0..100 Y -40..40 (0402/0603/0805 R and C, test points and holes left out):
      ('C65', 'C_1210_3225Metric', (9.38, -13.83, 12.62, -9.17))
      ('C66', 'C_1210_3225Metric', (12.88, -13.83, 16.12, -9.17))
      ('C67', 'C_1210_3225Metric', (16.38, -13.83, 19.62, -9.17))
      ('J_AB2', 'IDC-Header_2x05_P2.54mm_Vertical_NarrowPad', (89.51, -21.71, 100.49, -0.3))
      ('Q1', 'SOT-23', (52.6, -28.05, 56.51, -24.6))
      ('R55', 'R_2512_6332Metric', (0.15, -13.45, 7.85, -9.55))
      ('U14', 'VSSOP-10_3x3mm_P0.5mm', (16.79, -6.29, 23.21, -2.71))
E /root/r2/A09-rf-x-and-d8-z/repo/v2/ecad/pcb-e1-dock-e7/pcb-e1-dock.kicad_pcb a462ac2620b9b8d3
  silk: MESHSAT PCB-E1 DOCK (E17)  -  pack 14.4 
  holes east of X 80: [(88.0, -76.0), (88.0, -56.0), (102.0, -76.0), (102.0, -56.0), (110.5, -73.0)]
  rule area clamp LORA: no copper under the float clamp (top face) bbox X 96.00..108.00 Y -72.00..-60.00
  rule area standoff keep-out H2                          bbox X 106.00..115.00 Y -77.50..-68.50
E /root/r2/A09-rf-x-and-d8-z/repo/v2/ecad/pcb-e1-dock-e7/routed/pcb-e1-dock.kicad_pcb 1309202460f2149d
  silk: MESHSAT PCB-E1 DOCK (E9)  -  pack 14.4 V
  holes east of X 80: [(88.0, -76.0), (88.0, -56.0), (102.0, -76.0), (102.0, -56.0), (110.5, -73.0)]
  rule area clamp LORA: no copper under the float clamp (top face) bbox X 96.00..108.00 Y -72.00..-60.00
  rule area standoff keep-out H2                          bbox X 106.00..115.00 Y -77.50..-68.50
E /root/r2/A09-rf-x-and-d8-z/repo/v2/ecad/pcb-e1-dock/pcb-e1-dock.kicad_pcb b146d85a0a3c537f
  silk: MESHSAT PCB-E1 DOCK (E6)  -  pack 14.4 V
  holes east of X 80: [(88.0, -76.0), (88.0, -56.0), (102.0, -76.0), (102.0, -56.0), (110.5, -73.0)]
  rule area clamp LORA: no copper under the float clamp (top face) bbox X 96.00..108.00 Y -72.00..-60.00
  rule area standoff keep-out H2                          bbox X 106.00..115.00 Y -77.50..-68.50
D /root/r2/A09-rf-x-and-d8-z/repo/v2/ecad/pcb-d-aprs-d9/pcb-d-aprs.kicad_pcb 929bf82d2bf6eed4 thickness 1.6
  outline local X -50.0..50.1 Y -40.1..40.0 -> case X -0.0..100.1
  C12      C_0603_1608Metric                             B local (31.805, 14.645) case (81.81, 14.64) bbox_local (30.3, 13.89, 33.31, 15.4)
  C15      C_0603_1608Metric                             B local (36.015, 14.645) case (86.02, 14.64) bbox_local (34.51, 13.89, 37.52, 15.4)
  C16      C_0603_1608Metric                             B local (40.225, 14.645) case (90.22, 14.64) bbox_local (38.72, 13.89, 41.73, 15.4)
  C17      C_0805_2012Metric                             B local (6.325, 14.395) case (56.33, 14.39) bbox_local (4.6, 13.39, 8.05, 15.4)
  C18      C_0603_1608Metric                             B local (39.785, -12.065) case (89.78, -12.06) bbox_local (38.28, -12.82, 41.29, -11.31)
  C28      C_0603_1608Metric                             B local (6.105, -14.775) case (56.11, -14.78) bbox_local (4.6, -15.53, 7.61, -14.02)
  C3       C_0805_2012Metric                             B local (-34.675, 32.395) case (15.33, 32.40) bbox_local (-36.4, 31.39, -32.95, 33.4)
  C34      C_0603_1608Metric                             B local (10.315, -14.775) case (60.31, -14.78) bbox_local (8.81, -15.53, 11.82, -14.02)
  C4       C_0603_1608Metric                             B local (-25.595, 32.645) case (24.41, 32.65) bbox_local (-27.1, 31.89, -24.09, 33.4)
  C41      C_0603_1608Metric                             B local (14.525, -14.775) case (64.53, -14.78) bbox_local (13.02, -15.53, 16.03, -14.02)
  C42      C_0603_1608Metric                             B local (18.735, -14.775) case (68.73, -14.78) bbox_local (17.23, -15.53, 20.24, -14.02)
  C43      C_0402_1005Metric                             B local (35.005, -14.505) case (85.00, -14.51) bbox_local (34.07, -14.99, 35.94, -14.02)
  C44      C_0402_1005Metric                             B local (38.075, -14.505) case (88.08, -14.51) bbox_local (37.14, -14.99, 39.01, -14.02)
  C45      C_0402_1005Metric                             B local (41.145, -14.505) case (91.15, -14.51) bbox_local (40.21, -14.99, 42.08, -14.02)
  C46      C_0603_1608Metric                             B local (22.945, -14.775) case (72.94, -14.78) bbox_local (21.44, -15.53, 24.45, -14.02)
  C47      C_0603_1608Metric                             B local (27.155, -14.775) case (77.16, -14.78) bbox_local (25.65, -15.53, 28.66, -14.02)
  C48      C_0603_1608Metric                             B local (31.365, -14.775) case (81.36, -14.78) bbox_local (29.86, -15.53, 32.87, -14.02)
  C51      C_0603_1608Metric                             B local (-15.9, -5.855) case (34.10, -5.86) bbox_local (-17.41, -6.61, -14.39, -5.1)
  C52      C_0603_1608Metric                             B local (-11.69, -5.855) case (38.31, -5.86) bbox_local (-13.19, -6.61, -10.19, -5.1)
  C53      C_0603_1608Metric                             B local (-7.48, -5.855) case (42.52, -5.86) bbox_local (-8.98, -6.61, -5.97, -5.1)
  C54      C_0603_1608Metric                             B local (-21.895, -9.405) case (28.11, -9.40) bbox_local (-23.4, -10.16, -20.39, -8.65)
  C55      C_0603_1608Metric                             B local (-17.685, -9.405) case (32.31, -9.40) bbox_local (-19.19, -10.16, -16.18, -8.65)
  C57      C_0603_1608Metric                             B local (-21.895, -14.825) case (28.11, -14.82) bbox_local (-23.4, -15.58, -20.39, -14.07)
  C6       C_0603_1608Metric                             B local (-34.895, 29.435) case (15.10, 29.43) bbox_local (-36.4, 28.68, -33.39, 30.19)
  C8       C_0603_1608Metric                             B local (-26.475, 29.435) case (23.52, 29.43) bbox_local (-27.98, 28.68, -24.97, 30.19)
  C9       C_0805_2012Metric                             B local (-30.025, 32.395) case (19.98, 32.40) bbox_local (-31.75, 31.39, -28.3, 33.4)
  D2       D_SOD-123                                     B local (-20.98, -6.275) case (29.02, -6.28) bbox_local (-23.4, -7.45, -18.61, -5.1)
  H1       MountingHole_3.2mm_M3                         F local (-45.0, -35.0) case (5.00, -35.00) bbox_local (-48.48, -38.47, -41.52, -31.53)
  H2       MountingHole_3.2mm_M3                         F local (45.0, -35.0) case (95.00, -35.00) bbox_local (41.53, -38.47, 48.47, -31.53)
  H3       MountingHole_3.2mm_M3                         F local (-45.0, 35.0) case (5.00, 35.00) bbox_local (-48.48, 31.53, -41.52, 38.48)
  H4       MountingHole_3.2mm_M3                         F local (45.0, 35.0) case (95.00, 35.00) bbox_local (41.53, 31.53, 48.47, 38.48)
  JP1      SolderJumper-2_P1.3mm_Open_RoundedPad1.0x1.5mm F local (6.275, -17.075) case (56.27, -17.07) bbox_local (4.6, -18.35, 7.95, -15.8)
  JP2      SolderJumper-2_P1.3mm_Open_RoundedPad1.0x1.5mm F local (10.825, -17.075) case (60.83, -17.07) bbox_local (9.15, -18.35, 12.5, -15.8)
  J_ANT    SMA_Amphenol_132134_Vertical                  F local (-31.0, -33.0) case (19.00, -33.00) bbox_local (-35.19, -37.19, -26.81, -28.81)21:34:31: Debug: Adding duplicate image handler for 'PNG file'
21:34:31: Debug: Adding duplicate image handler for 'JPEG file'
21:34:31: Debug: Adding duplicate image handler for 'TIFF file'
21:34:31: Debug: Adding duplicate image handler for 'GIF file'
21:34:31: Debug: Adding duplicate image handler for 'PNM file'
21:34:31: Debug: Adding duplicate image handler for 'PCX file'
21:34:31: Debug: Adding duplicate image handler for 'IFF file'
21:34:31: Debug: Adding duplicate image handler for 'Windows icon file'
21:34:31: Debug: Adding duplicate image handler for 'Windows cursor file'
21:34:31: Debug: Adding duplicate image handler for 'Windows animated cursor file'
21:34:31: Debug: Adding duplicate image handler for 'TGA file'
21:34:31: Debug: Adding duplicate image handler for 'XPM file'

  J_HARN1  IDC-Header_2x08_P2.54mm_Vertical_NarrowPad    F local (-42.752, 16.89) case (7.25, 16.89) bbox_local (-47.49, -6.52, -36.51, 22.52)
  J_HS1    JST_PH_B5B-PH-K_1x05_P2.00mm_Vertical         F local (45.95, 8.0) case (95.95, 8.00) bbox_local (43.72, 5.53, 49.28, 18.47)
  J_HS2    JST_PH_B5B-PH-K_1x05_P2.00mm_Vertical         F local (45.95, -16.0) case (95.95, -16.00) bbox_local (43.72, -18.47, 49.28, -5.53)
  J_PAIN   U.FL_Hirose_U.FL-R-SMT-1_Vertical             F local (8.87, -29.0) case (58.87, -29.00) bbox_local (6.83, -31.53, 11.17, -26.47)
  J_PAOUT  SMA_Amphenol_132134_Vertical                  F local (35.0, -30.0) case (85.00, -30.00) bbox_local (30.81, -34.19, 39.19, -25.81)
  J_PWR1   JST_VH_B2P-VH_1x02_P3.96mm_Vertical           F local (-42.55, -17.757) case (7.45, -17.76) bbox_local (-46.77, -20.68, -37.23, -11.32)
  J_USB3   JST_PH_B4B-PH-K_1x04_P2.00mm_Vertical         F local (45.45, 21.0) case (95.45, 21.00) bbox_local (43.22, 18.53, 48.78, 29.47)
  J_VGG    JST_PH_B2B-PH-K_1x02_P2.00mm_Vertical         F local (42.5, -21.95) case (92.50, -21.95) bbox_local (40.03, -25.28, 46.97, -19.72)
  K1       Relay_DPDT_Omron_G6K-2F-Y                     F local (-14.0, -26.0) case (36.00, -26.00) bbox_local (-18.67, -31.28, -9.33, -20.72)
  R1       R_0603_1608Metric                             B local (-22.265, 29.435) case (27.73, 29.43) bbox_local (-23.77, 28.68, -20.76, 30.19)
  R10      R_0603_1608Metric                             B local (23.385, 14.645) case (73.39, 14.64) bbox_local (21.88, 13.89, 24.89, 15.4)
  R11      R_0603_1608Metric                             B local (27.595, 14.645) case (77.59, 14.64) bbox_local (26.09, 13.89, 29.1, 15.4)
  R2       R_0603_1608Metric                             B local (-34.895, 26.725) case (15.10, 26.73) bbox_local (-36.4, 25.97, -33.39, 27.48)
  R3       R_0603_1608Metric                             B local (-30.685, 26.725) case (19.32, 26.73) bbox_local (-32.19, 25.97, -29.18, 27.48)
  R31      R_0603_1608Metric                             B local (6.105, -9.355) case (56.11, -9.36) bbox_local (4.6, -10.11, 7.61, -8.6)
  R32      R_0603_1608Metric                             B local (10.315, -9.355) case (60.31, -9.36) bbox_local (8.81, -10.11, 11.82, -8.6)
  R33      R_0603_1608Metric                             B local (14.525, -9.355) case (64.53, -9.36) bbox_local (13.02, -10.11, 16.03, -8.6)
  R34      R_0603_1608Metric                             B local (18.735, -9.355) case (68.73, -9.36) bbox_local (17.23, -10.11, 20.24, -8.6)
  R35      R_0603_1608Metric                             B local (22.945, -9.355) case (72.94, -9.36) bbox_local (21.44, -10.11, 24.45, -8.6)
  R36      R_0603_1608Metric                             B local (27.155, -9.355) case (77.16, -9.36) bbox_local (25.65, -10.11, 28.66, -8.6)
  R37      R_0603_1608Metric                             B local (31.365, -9.355) case (81.36, -9.36) bbox_local (29.86, -10.11, 32.87, -8.6)
  R38      R_0603_1608Metric                             B local (35.575, -9.355) case (85.58, -9.36) bbox_local (34.07, -10.11, 37.08, -8.6)
  R39      R_0603_1608Metric                             B local (39.785, -9.355) case (89.78, -9.36) bbox_local (38.28, -10.11, 41.29, -8.6)
  R4       R_0603_1608Metric                             B local (10.755, 14.645) case (60.76, 14.64) bbox_local (9.25, 13.89, 12.26, 15.4)
  R40      R_0603_1608Metric                             B local (6.105, -12.065) case (56.11, -12.06) bbox_local (4.6, -12.82, 7.61, -11.31)
  R41      R_0603_1608Metric                             B local (10.315, -12.065) case (60.31, -12.06) bbox_local (8.81, -12.82, 11.82, -11.31)
  R42      R_0603_1608Metric                             B local (14.525, -12.065) case (64.53, -12.06) bbox_local (13.02, -12.82, 16.03, -11.31)
  R43      R_0603_1608Metric                             B local (18.735, -12.065) case (68.73, -12.06) bbox_local (17.23, -12.82, 20.24, -11.31)
  R44      R_0603_1608Metric                             B local (22.945, -12.065) case (72.94, -12.06) bbox_local (21.44, -12.82, 24.45, -11.31)
  R45      R_0603_1608Metric                             B local (27.155, -12.065) case (77.16, -12.06) bbox_local (25.65, -12.82, 28.66, -11.31)
  R46      R_0603_1608Metric                             B local (31.365, -12.065) case (81.36, -12.06) bbox_local (29.86, -12.82, 32.87, -11.31)
  R47      R_0603_1608Metric                             B local (35.575, -12.065) case (85.58, -12.06) bbox_local (34.07, -12.82, 37.08, -11.31)
  R48      R_0603_1608Metric                             B local (-9.265, -9.405) case (40.73, -9.40) bbox_local (-10.77, -10.16, -7.76, -8.65)
  R49      R_0603_1608Metric                             B local (-21.895, -12.115) case (28.11, -12.12) bbox_local (-23.4, -12.87, -20.39, -11.36)
  R5       R_0603_1608Metric                             B local (-9.265, -12.115) case (40.73, -12.12) bbox_local (-10.77, -12.87, -7.76, -11.36)
  R50      R_0603_1608Metric                             B local (-17.685, -12.115) case (32.31, -12.12) bbox_local (-19.19, -12.87, -16.18, -11.36)
  R51      R_0603_1608Metric                             B local (-13.475, -12.115) case (36.52, -12.12) bbox_local (-14.98, -12.87, -11.97, -11.36)
  R66      R_0603_1608Metric                             B local (-17.895, 32.645) case (32.11, 32.65) bbox_local (-19.4, 31.89, -16.39, 33.4)
  R67      R_0603_1608Metric                             B local (-13.685, 32.645) case (36.31, 32.65) bbox_local (-15.19, 31.89, -12.18, 33.4)
  R68      R_0603_1608Metric                             B local (-9.475, 32.645) case (40.52, 32.65) bbox_local (-10.98, 31.89, -7.97, 33.4)
  R69      R_0603_1608Metric                             B local (-5.265, 32.645) case (44.73, 32.65) bbox_local (-6.77, 31.89, -3.76, 33.4)
  R70      R_0603_1608Metric                             B local (-1.055, 32.645) case (48.95, 32.65) bbox_local (-2.56, 31.89, 0.45, 33.4)
  R71      R_0603_1608Metric                             B local (-17.895, 29.935) case (32.11, 29.93) bbox_local (-19.4, 29.18, -16.39, 30.69)
  R72      R_0603_1608Metric                             B local (-13.685, 29.935) case (36.31, 29.93) bbox_local (-15.19, 29.18, -12.18, 30.69)
  R73      R_0603_1608Metric                             B local (-9.475, 29.935) case (40.52, 29.93) bbox_local (-10.98, 29.18, -7.97, 30.69)
  R74      R_0603_1608Metric                             B local (-5.265, 29.935) case (44.73, 29.93) bbox_local (-6.77, 29.18, -3.76, 30.69)
  R75      R_0603_1608Metric                             B local (-1.055, 29.935) case (48.95, 29.93) bbox_local (-2.56, 29.18, 0.45, 30.69)
  R76      R_0603_1608Metric                             B local (-17.895, 27.225) case (32.11, 27.23) bbox_local (-19.4, 26.47, -16.39, 27.98)
  R77      R_0603_1608Metric                             B local (-13.685, 27.225) case (36.31, 27.23) bbox_local (-15.19, 26.47, -12.18, 27.98)
  R78      R_0603_1608Metric                             B local (-9.475, 27.225) case (40.52, 27.23) bbox_local (-10.98, 26.47, -7.97, 27.98)
  R79      R_0603_1608Metric                             B local (-5.265, 27.225) case (44.73, 27.23) bbox_local (-6.77, 26.47, -3.76, 27.98)
  R8       R_0603_1608Metric                             B local (14.965, 14.645) case (64.97, 14.64) bbox_local (13.46, 13.89, 16.47, 15.4)
  R9       R_0603_1608Metric                             B local (19.175, 14.645) case (69.17, 14.64) bbox_local (17.67, 13.89, 20.68, 15.4)
  U2       NiceRF_SA868                                  F local (-15.5, 7.433) case (34.50, 7.43) bbox_local (-34.12, -3.79, 4.12, 19.79)
B /root/r2/A09-rf-x-and-d8-z/repo/v2/ecad/pcb-b-compute-b19/pcb-b-compute.kicad_pcb 2e64b5bf2d9cd3bc thickness 1.6
  B underside footprints inside D8's footprint: {'R_0603_1608Metric': 31, 'C_0603_1608Metric': 22, 'C_0402_1005Metric': 11, 'C_0805_2012Metric': 2}
