1. LEAST STORE WITH W13, added usable Wh at the lid (share at 42.8 W / at the load with HF)
   HF available 48 h NOM   TYP lid 4S11.16P, +68.1 / +68.1 Wh
   HF available 48 h NOM   WAB lid 4S12.00P, +94.8 / +94.8 Wh
   HF available 48 h NOM90 TYP lid 4S12.63P, +114.7 / +114.7 Wh
   HF available 48 h NOM90 WAB lid 4S13.77P, +150.7 / +150.7 Wh
   HF available 48 h WE    TYP lid 4S12.67P, +116.0 / +116.0 Wh
   HF available 48 h WE    WAB lid 4S13.59P, +144.8 / +144.8 Wh
   HF available 48 h WE90  TYP lid 4S14.20P, +164.3 / +164.3 Wh
   HF available 48 h WE90  WAB lid 4S15.11P, +193.1 / +193.1 Wh
   HF available 72 h NOM   TYP lid 4S11.79P, +88.0 / +88.0 Wh
   HF available 72 h NOM   WAB lid 4S13.64P, +146.4 / +146.4 Wh
   HF available 72 h NOM90 TYP lid 4S14.91P, +186.7 / +186.7 Wh
   HF available 72 h NOM90 WAB lid 4S17.17P, +257.9 / +257.9 Wh
   HF available 72 h WE    TYP lid 4S15.01P, +189.9 / +189.9 Wh
   HF available 72 h WE    WAB lid 4S16.81P, +246.6 / +246.6 Wh
   HF available 72 h WE90  TYP lid 4S18.06P, +286.0 / +286.0 Wh
   HF available 72 h WE90  WAB lid 4S19.84P, +342.5 / +342.5 Wh
   HF listening 48 h NOM   TYP lid 4S12.33P, +105.1 / +105.1 Wh
   HF listening 48 h NOM   WAB lid 4S13.34P, +137.1 / +137.1 Wh
   HF listening 48 h NOM90 TYP lid 4S13.95P, +156.3 / +156.3 Wh
   HF listening 48 h NOM90 WAB lid 4S15.09P, +192.2 / +192.2 Wh
   HF listening 48 h WE    TYP lid 4S14.02P, +158.4 / +158.4 Wh
   HF listening 48 h WE    WAB lid 4S14.93P, +187.1 / +187.1 Wh
   HF listening 48 h WE90  TYP lid 4S15.52P, +206.0 / +206.0 Wh
   HF listening 48 h WE90  WAB lid 4S16.43P, +234.7 / +234.7 Wh
   HF listening 72 h NOM   TYP lid 4S13.85P, +153.2 / +153.2 Wh
   HF listening 72 h NOM   WAB lid 4S15.85P, +216.3 / +216.3 Wh
   HF listening 72 h NOM90 TYP lid 4S17.08P, +255.3 / +255.3 Wh
   HF listening 72 h NOM90 WAB lid 4S19.33P, +326.1 / +326.1 Wh
   HF listening 72 h WE    TYP lid 4S17.24P, +260.1 / +260.1 Wh
   HF listening 72 h WE    WAB lid 4S19.02P, +316.5 / +316.5 Wh
   HF listening 72 h WE90  TYP lid 4S20.23P, +354.5 / +354.5 Wh
   HF listening 72 h WE90  WAB lid 4S22.01P, +410.8 / +410.8 Wh
2. OPTION A's 48 h store (TYP, HF available) run for 72 h with W13
   NOM   lid 4S11.16P: NOT MET, unserved 15.2 Wh, stops h 48/60
   NOM90 lid 4S12.63P: NOT MET, unserved 65.7 Wh, stops h 48/59
   WE    lid 4S12.67P: NOT MET, unserved 66.5 Wh, stops h 48/59
   WE90  lid 4S14.20P: NOT MET, unserved 113.3 Wh, stops h 48/58
3. PRESENT STORE 4S9P with W13, TYP, HF available: unserved and stop hours
   48 h NOM unserved 102.2 Wh, stops h 23/11
   48 h WE  unserved 104.6 Wh, stops h 23/11
   72 h NOM unserved 165.7 Wh, stops h 23/11
   72 h WE  unserved 169.2 Wh, stops h 23/11
4. BATTERY ONLY, the window in the run (38.71 Wh), at 42.825 W, +20 C / -10 C
   present 4S9P  lid 4S9.00P: 546.1 / 225.2 Wh -> 11.85 / 4.35 h (their +20 C form: (544.4 + add) -> 11.81 h)
   A NOM         lid 4S11.16P: 624.6 / 257.6 Wh -> 13.68 / 5.11 h (their +20 C form: (544.4 + add) -> 13.40 h)
   A WE          lid 4S12.67P: 679.8 / 280.3 Wh -> 14.97 / 5.64 h (their +20 C form: (544.4 + add) -> 14.52 h)
   B NOM         lid 4S11.79P: 647.5 / 267.0 Wh -> 14.22 / 5.33 h (their +20 C form: (544.4 + add) -> 13.86 h)
   B WE          lid 4S15.01P: 765.0 / 315.5 Wh -> 16.96 / 6.46 h (their +20 C form: (544.4 + add) -> 16.24 h)
