** Drc report for pcb-d-aprs.kicad_pcb **
** Created on 2026-09-11T23:02:21+0000 **
** Report includes: Errors, Warnings, Exclusions **

** Found 102 DRC violations **
[solder_mask_bridge]: Front solder mask aperture bridges items with different nets
    Rule: board setup solder mask min width; error
    @(108.3550 mm, 128.0600 mm): Rectangle of J_PAIN on F.Mask
    @(107.8200 mm, 129.0000 mm): Pad 1 [/RF_DRV] of J_PAIN on F.Cu
[solder_mask_bridge]: Front solder mask aperture bridges items with different nets
    Rule: board setup solder mask min width; error
    @(108.3550 mm, 128.0600 mm): Rectangle of J_PAIN on F.Mask
    @(107.8200 mm, 129.0000 mm): Pad 1 [/RF_DRV] of J_PAIN on F.Cu
[solder_mask_bridge]: Front solder mask aperture bridges items with different nets
    Rule: board setup solder mask min width; error
    @(108.3550 mm, 128.0600 mm): Rectangle of J_PAIN on F.Mask
    @(107.8200 mm, 129.0000 mm): Pad 1 [/RF_DRV] of J_PAIN on F.Cu
[starved_thermal]: Thermal relief connection to zone incomplete (layer In2.Cu; zone min spoke count 2; actual 1)
    Local override; error
    @(50.0000 mm, 140.0000 mm): Zone 'GND pour In2.Cu' [GND] on In2.Cu, priority 0
    @(145.9500 mm, 114.0000 mm): PTH pad 2 [GND] of J_HS2
[starved_thermal]: Thermal relief connection to zone incomplete (layer In2.Cu; zone min spoke count 2; actual 1)
    Local override; error
    @(50.0000 mm, 140.0000 mm): Zone 'GND pour In2.Cu' [GND] on In2.Cu, priority 0
    @(145.9500 mm, 110.0000 mm): PTH pad 4 [GND] of J_HS2
[starved_thermal]: Thermal relief connection to zone incomplete (layer B.Cu; zone min spoke count 2; actual 1)
    Local override; error
    @(50.0000 mm, 140.0000 mm): Zone 'GND pour B.Cu' [GND] on B.Cu, priority 0
    @(136.7900 mm, 85.3550 mm): Pad 2 [GND] of C15 on B.Cu
[starved_thermal]: Thermal relief connection to zone incomplete (layer F.Cu; zone min spoke count 2; actual 1)
    Local override; error
    @(50.0000 mm, 140.0000 mm): Zone 'GND pour F.Cu' [GND] on F.Cu, priority 0
    @(122.4000 mm, 105.3375 mm): Pad 28 [GND] of U6 on F.Cu
[starved_thermal]: Thermal relief connection to zone incomplete (layer F.Cu; 1 spokes connected to isolated island)
    Local override; error
    @(50.0000 mm, 140.0000 mm): Zone 'GND pour F.Cu' [GND] on F.Cu, priority 0
    @(59.7875 mm, 98.3500 mm): PTH pad 14 [GND] of J_HARN1
[starved_thermal]: Thermal relief connection to zone incomplete (layer F.Cu; zone min spoke count 2; actual 1)
    Local override; error
    @(50.0000 mm, 140.0000 mm): Zone 'GND pour F.Cu' [GND] on F.Cu, priority 0
    @(78.2625 mm, 107.9500 mm): Pad 3 [GND] of U9 on F.Cu
[starved_thermal]: Thermal relief connection to zone incomplete (layer F.Cu; zone min spoke count 2; actual 1)
    Local override; error
    @(50.0000 mm, 140.0000 mm): Zone 'GND pour F.Cu' [GND] on F.Cu, priority 0
    @(120.0000 mm, 81.8250 mm): Pad 31 [GND] of U4 on F.Cu
[silk_overlap]: Silkscreen overlap
    Rule: board setup constraints silk; warning
    @(105.0000 mm, 137.5000 mm): PCB text 'T/R relay K1 and the 5-pole low-pass filter along the south edge; J_ANT -> A22 VHF jack J_RF1 pigtail' on F.Silkscreen
    @(135.0000 mm, 137.5000 mm): PCB text 'J_PAOUT' on F.Silkscreen
[silk_overlap]: Silkscreen overlap
    Rule: board setup constraints silk; warning
    @(142.0000 mm, 138.5000 mm): PCB text 'CASE EAST (+X) ->' on F.Silkscreen
    @(135.0000 mm, 137.5000 mm): PCB text 'J_PAOUT' on F.Silkscreen
[silk_overlap]: Silkscreen overlap
    Rule: board setup constraints silk; warning
    @(105.0000 mm, 137.5000 mm): PCB text 'T/R relay K1 and the 5-pole low-pass filter along the south edge; J_ANT -> A22 VHF jack J_RF1 pigtail' on F.Silkscreen
    @(142.0000 mm, 138.5000 mm): PCB text 'CASE EAST (+X) ->' on F.Silkscreen
[silk_overlap]: Silkscreen overlap
    Rule: board setup constraints silk; warning
    @(109.0000 mm, 125.5000 mm): PCB text 'J_PAIN' on F.Silkscreen
    @(109.3450 mm, 125.8000 mm): Reference field of J_PAIN
[silk_overlap]: Silkscreen overlap
    Rule: board setup constraints silk; warning
    @(123.2627 mm, 98.8725 mm): Segment of R17 on F.Silkscreen
    @(130.0000 mm, 99.2000 mm): PCB text 'headset leads J_HS1 / J_HS2 from the face plate jacks (SPK MIC PTT GND GND)' on F.Silkscreen
[silk_overlap]: Silkscreen overlap
    Rule: board setup constraints silk; warning
    @(130.0000 mm, 99.2000 mm): PCB text 'headset leads J_HS1 / J_HS2 from the face plate jacks (SPK MIC PTT GND GND)' on F.Silkscreen
    @(134.2050 mm, 100.0300 mm): Reference field of U8
[silk_overlap]: Silkscreen overlap
    Rule: board setup constraints silk; warning
    @(143.5000 mm, 118.5000 mm): PCB text 'J_VGG' on F.Silkscreen
    @(144.1400 mm, 118.0600 mm): Rectangle of J_HS2 on F.Silkscreen
[silk_overlap]: Silkscreen overlap
    Rule: board setup constraints silk; warning
    @(145.0000 mm, 135.0000 mm): Circle on F.Silkscreen
    @(142.0000 mm, 138.5000 mm): PCB text 'CASE EAST (+X) ->' on F.Silkscreen
[silk_overlap]: Silkscreen overlap
    Rule: board setup constraints silk; warning
    @(143.5000 mm, 118.5000 mm): PCB text 'J_VGG' on F.Silkscreen
    @(143.5000 mm, 119.0500 mm): Reference field of J_VGG
[silk_overlap]: Silkscreen overlap
    Rule: board setup constraints silk; warning
    @(143.8400 mm, 117.1100 mm): Segment of J_HS2 on F.Silkscreen
    @(143.5000 mm, 118.5000 mm): PCB text 'J_VGG' on F.Silkscreen
[silk_overlap]: Silkscreen overlap
    Rule: board setup constraints silk; warning
    @(143.8400 mm, 118.3600 mm): Segment of J_HS2 on F.Silkscreen
    @(143.5000 mm, 118.5000 mm): PCB text 'J_VGG' on F.Silkscreen
[silk_overlap]: Silkscreen overlap
    Rule: board setup constraints silk; warning
    @(58.0000 mm, 62.5000 mm): PCB text 'NORTH (+Y)' on F.Silkscreen
    @(55.0000 mm, 65.0000 mm): Circle on F.Silkscreen
[silk_overlap]: Silkscreen overlap
    Rule: board setup constraints silk; warning
    @(58.0000 mm, 62.5000 mm): PCB text 'NORTH (+Y)' on F.Silkscreen
    @(61.8750 mm, 63.3750 mm): Circle of TP17 on F.Silkscreen
[silk_overlap]: Silkscreen overlap
    Rule: board setup constraints silk; warning
    @(60.0000 mm, 79.0000 mm): PCB text 'J_HARN1 <- A22 J_MEZZ1' on F.Silkscreen
    @(55.2675 mm, 79.2000 mm): Segment of J_HARN1 on F.Silkscreen
[silk_overlap]: Silkscreen overlap
    Rule: board setup constraints silk; warning
    @(60.0000 mm, 79.0000 mm): PCB text 'J_HARN1 <- A22 J_MEZZ1' on F.Silkscreen
    @(61.7675 mm, 79.2000 mm): Segment of J_HARN1 on F.Silkscreen
[silk_overlap]: Silkscreen overlap
    Rule: board setup constraints silk; warning
    @(65.6750 mm, 76.3000 mm): Reference field of U1
    @(87.0000 mm, 75.5000 mm): PCB text 'SA868 VHF exciter (bench-fitted): PTT and audio to the codec set, ANT to the T/R relay' on F.Silkscreen
[silk_overlap]: Silkscreen overlap
    Rule: board setup constraints silk; warning
    @(65.2137 mm, 75.3350 mm): Segment of C2 on F.Silkscreen
    @(87.0000 mm, 75.5000 mm): PCB text 'SA868 VHF exciter (bench-fitted): PTT and audio to the codec set, ANT to the T/R relay' on F.Silkscreen
[silk_overlap]: Silkscreen overlap
    Rule: board setup constraints silk; warning
    @(60.0000 mm, 79.0000 mm): PCB text 'J_HARN1 <- A22 J_MEZZ1' on F.Silkscreen
    @(66.5850 mm, 78.3100 mm): Segment of U1 on F.Silkscreen
[silk_overlap]: Silkscreen overlap
    Rule: board setup constraints silk; warning
    @(71.0637 mm, 75.3350 mm): Segment of C5 on F.Silkscreen
    @(87.0000 mm, 75.5000 mm): PCB text 'SA868 VHF exciter (bench-fitted): PTT and audio to the codec set, ANT to the T/R relay' on F.Silkscreen
[silk_overlap]: Silkscreen overlap
    Rule: board setup constraints silk; warning
    @(105.0000 mm, 62.5000 mm): PCB text 'PA leads on the south edge: J_PAIN drive U.FL, J_PAOUT output SMA, J_VGG gate bias; VDD 13.8 V from A22 J_PA direct' on F.Silkscreen
    @(65.6250 mm, 63.3750 mm): Circle of TP18 on F.Silkscreen
[silk_overlap]: Silkscreen overlap
    Rule: board setup constraints silk; warning
    @(105.0000 mm, 62.5000 mm): PCB text 'PA leads on the south edge: J_PAIN drive U.FL, J_PAOUT output SMA, J_VGG gate bias; VDD 13.8 V from A22 J_PA direct' on F.Silkscreen
    @(69.3750 mm, 63.3750 mm): Circle of TP19 on F.Silkscreen
[silk_overlap]: Silkscreen overlap
    Rule: board setup constraints silk; warning
    @(105.0000 mm, 62.5000 mm): PCB text 'PA leads on the south edge: J_PAIN drive U.FL, J_PAOUT output SMA, J_VGG gate bias; VDD 13.8 V from A22 J_PA direct' on F.Silkscreen
    @(73.1250 mm, 63.3750 mm): Circle of TP20 on F.Silkscreen
[silk_overlap]: Silkscreen overlap
    Rule: board setup constraints silk; warning
    @(105.0000 mm, 62.5000 mm): PCB text 'PA leads on the south edge: J_PAIN drive U.FL, J_PAOUT output SMA, J_VGG gate bias; VDD 13.8 V from A22 J_PA direct' on F.Silkscreen
    @(76.8750 mm, 63.3750 mm): Circle of TP21 on F.Silkscreen
[silk_overlap]: Silkscreen overlap
    Rule: board setup constraints silk; warning
    @(105.0000 mm, 62.5000 mm): PCB text 'PA leads on the south edge: J_PAIN drive U.FL, J_PAOUT output SMA, J_VGG gate bias; VDD 13.8 V from A22 J_PA direct' on F.Silkscreen
    @(80.6250 mm, 63.3750 mm): Circle of TP22 on F.Silkscreen
[silk_overlap]: Silkscreen overlap
    Rule: board setup constraints silk; warning
    @(105.0000 mm, 62.5000 mm): PCB text 'PA leads on the south edge: J_PAIN drive U.FL, J_PAOUT output SMA, J_VGG gate bias; VDD 13.8 V from A22 J_PA direct' on F.Silkscreen
    @(84.3750 mm, 63.3750 mm): Circle of TP23 on F.Silkscreen
[silk_overlap]: Silkscreen overlap
    Rule: board setup constraints silk; warning
    @(85.0000 mm, 80.5000 mm): PCB text 'SA868 (bench fit)' on F.Silkscreen
    @(84.5000 mm, 81.0675 mm): Reference field of U2
[silk_overlap]: Silkscreen overlap
    Rule: board setup constraints silk; warning
    @(60.0000 mm, 79.0000 mm): PCB text 'J_HARN1 <- A22 J_MEZZ1' on F.Silkscreen
    @(58.0000 mm, 79.5000 mm): PCB text 'J_HARN1' on F.Silkscreen
[silk_overlap]: Silkscreen overlap
    Rule: board setup constraints silk; warning
    @(58.0000 mm, 79.5000 mm): PCB text 'J_HARN1' on F.Silkscreen
    @(55.2675 mm, 79.2000 mm): Segment of J_HARN1 on F.Silkscreen
[silk_overlap]: Silkscreen overlap
    Rule: board setup constraints silk; warning
    @(55.2675 mm, 89.9500 mm): Segment of J_HARN1 on F.Silkscreen
    @(60.0000 mm, 79.0000 mm): PCB text 'J_HARN1 <- A22 J_MEZZ1' on F.Silkscreen
[silk_overlap]: Silkscreen overlap
    Rule: board setup constraints silk; warning
    @(55.2675 mm, 89.9500 mm): Segment of J_HARN1 on F.Silkscreen
    @(58.0000 mm, 79.5000 mm): PCB text 'J_HARN1' on F.Silkscreen
[silk_overlap]: Silkscreen overlap
    Rule: board setup constraints silk; warning
    @(60.0000 mm, 79.0000 mm): PCB text 'J_HARN1 <- A22 J_MEZZ1' on F.Silkscreen
    @(53.9575 mm, 106.1000 mm): Segment of J_HARN1 on F.Silkscreen
[silk_overlap]: Silkscreen overlap
    Rule: board setup constraints silk; warning
    @(105.8750 mm, 63.3750 mm): Circle of TP1 on F.Silkscreen
    @(105.0000 mm, 62.5000 mm): PCB text 'PA leads on the south edge: J_PAIN drive U.FL, J_PAOUT output SMA, J_VGG gate bias; VDD 13.8 V from A22 J_PA direct' on F.Silkscreen
[silk_overlap]: Silkscreen overlap
    Rule: board setup constraints silk; warning
    @(109.6250 mm, 63.3750 mm): Circle of TP2 on F.Silkscreen
    @(105.0000 mm, 62.5000 mm): PCB text 'PA leads on the south edge: J_PAIN drive U.FL, J_PAOUT output SMA, J_VGG gate bias; VDD 13.8 V from A22 J_PA direct' on F.Silkscreen
[silk_overlap]: Silkscreen overlap
    Rule: board setup constraints silk; warning
    @(105.0000 mm, 62.5000 mm): PCB text 'PA leads on the south edge: J_PAIN drive U.FL, J_PAOUT output SMA, J_VGG gate bias; VDD 13.8 V from A22 J_PA direct' on F.Silkscreen
    @(113.3750 mm, 63.3750 mm): Circle of TP3 on F.Silkscreen
[silk_overlap]: Silkscreen overlap
    Rule: board setup constraints silk; warning
    @(105.0000 mm, 62.5000 mm): PCB text 'PA leads on the south edge: J_PAIN drive U.FL, J_PAOUT output SMA, J_VGG gate bias; VDD 13.8 V from A22 J_PA direct' on F.Silkscreen
    @(88.1250 mm, 63.3750 mm): Circle of TP24 on F.Silkscreen
[silk_overlap]: Silkscreen overlap
    Rule: board setup constraints silk; warning
    @(113.8472 mm, 75.9350 mm): Segment of C13 on F.Silkscreen
    @(87.0000 mm, 75.5000 mm): PCB text 'SA868 VHF exciter (bench-fitted): PTT and audio to the codec set, ANT to the T/R relay' on F.Silkscreen
[silk_overlap]: Silkscreen overlap
    Rule: board setup constraints silk; warning
    @(105.0000 mm, 62.5000 mm): PCB text 'PA leads on the south edge: J_PAIN drive U.FL, J_PAOUT output SMA, J_VGG gate bias; VDD 13.8 V from A22 J_PA direct' on F.Silkscreen
    @(117.1250 mm, 63.3750 mm): Circle of TP4 on F.Silkscreen
[silk_overlap]: Silkscreen overlap
    Rule: board setup constraints silk; warning
    @(105.0000 mm, 62.5000 mm): PCB text 'PA leads on the south edge: J_PAIN drive U.FL, J_PAOUT output SMA, J_VGG gate bias; VDD 13.8 V from A22 J_PA direct' on F.Silkscreen
    @(120.8750 mm, 63.3750 mm): Circle of TP5 on F.Silkscreen
[silk_overlap]: Silkscreen overlap
    Rule: board setup constraints silk; warning
    @(105.0000 mm, 62.5000 mm): PCB text 'PA leads on the south edge: J_PAIN drive U.FL, J_PAOUT output SMA, J_VGG gate bias; VDD 13.8 V from A22 J_PA direct' on F.Silkscreen
    @(124.6250 mm, 63.3750 mm): Circle of TP6 on F.Silkscreen
[silk_overlap]: Silkscreen overlap
    Rule: board setup constraints silk; warning
    @(105.0000 mm, 62.5000 mm): PCB text 'PA leads on the south edge: J_PAIN drive U.FL, J_PAOUT output SMA, J_VGG gate bias; VDD 13.8 V from A22 J_PA direct' on F.Silkscreen
    @(128.3750 mm, 63.3750 mm): Circle of TP7 on F.Silkscreen
[silk_overlap]: Silkscreen overlap
    Rule: board setup constraints silk; warning
    @(105.0000 mm, 62.5000 mm): PCB text 'PA leads on the south edge: J_PAIN drive U.FL, J_PAOUT output SMA, J_VGG gate bias; VDD 13.8 V from A22 J_PA direct' on F.Silkscreen
    @(135.8750 mm, 63.3750 mm): Circle of TP9 on F.Silkscreen
[silk_overlap]: Silkscreen overlap
    Rule: board setup constraints silk; warning
    @(105.0000 mm, 62.5000 mm): PCB text 'PA leads on the south edge: J_PAIN drive U.FL, J_PAOUT output SMA, J_VGG gate bias; VDD 13.8 V from A22 J_PA direct' on F.Silkscreen
    @(132.1250 mm, 63.3750 mm): Circle of TP8 on F.Silkscreen
[silk_overlap]: Silkscreen overlap
    Rule: board setup constraints silk; warning
    @(105.0000 mm, 62.5000 mm): PCB text 'PA leads on the south edge: J_PAIN drive U.FL, J_PAOUT output SMA, J_VGG gate bias; VDD 13.8 V from A22 J_PA direct' on F.Silkscreen
    @(145.0000 mm, 65.0000 mm): Circle on F.Silkscreen
[silk_overlap]: Silkscreen overlap
    Rule: board setup constraints silk; warning
    @(146.5000 mm, 81.0000 mm): PCB text 'J_HS1' on F.Silkscreen
    @(144.2500 mm, 80.4500 mm): Segment of J_USB3 on F.Silkscreen
[silk_overlap]: Silkscreen overlap
    Rule: board setup constraints silk; warning
    @(143.6400 mm, 81.0600 mm): Rectangle of J_USB3 on F.Silkscreen
    @(146.5000 mm, 81.0000 mm): PCB text 'J_HS1' on F.Silkscreen
[silk_overlap]: Silkscreen overlap
    Rule: board setup constraints silk; warning
    @(146.2500 mm, 81.0600 mm): Segment of J_USB3 on F.Silkscreen
    @(146.5000 mm, 81.0000 mm): PCB text 'J_HS1' on F.Silkscreen
[silk_overlap]: Silkscreen overlap
    Rule: board setup constraints silk; warning
    @(144.9500 mm, 81.0600 mm): Segment of J_USB3 on F.Silkscreen
    @(146.5000 mm, 81.0000 mm): PCB text 'J_HS1' on F.Silkscreen
[silk_overlap]: Silkscreen overlap
    Rule: board setup constraints silk; warning
    @(146.5000 mm, 81.0000 mm): PCB text 'J_HS1' on F.Silkscreen
    @(143.3400 mm, 81.3600 mm): Segment of J_USB3 on F.Silkscreen
[silk_overlap]: Silkscreen overlap
    Rule: board setup constraints silk; warning
    @(105.0000 mm, 137.5000 mm): PCB text 'T/R relay K1 and the 5-pole low-pass filter along the south edge; J_ANT -> A22 VHF jack J_RF1 pigtail' on F.Silkscreen
    @(69.0000 mm, 137.5000 mm): PCB text 'J_ANT' on F.Silkscreen
[silk_overlap]: Silkscreen overlap
    Rule: board setup constraints silk; warning
    @(82.7000 mm, 120.9100 mm): Segment of K1 on F.Silkscreen
    @(86.0000 mm, 121.0000 mm): PCB text 'T/R' on F.Silkscreen
[silk_overlap]: Silkscreen overlap
    Rule: board setup constraints silk; warning
    @(122.0000 mm, 80.1200 mm): Reference field of U4
    @(118.9400 mm, 80.2100 mm): Segment of Y1 on F.Silkscreen
[silk_overlap]: Silkscreen overlap
    Rule: board setup constraints silk; warning
    @(127.5775 mm, 99.6100 mm): Segment of U3 on F.Silkscreen
    @(130.0000 mm, 99.2000 mm): PCB text 'headset leads J_HS1 / J_HS2 from the face plate jacks (SPK MIC PTT GND GND)' on F.Silkscreen
[silk_overlap]: Silkscreen overlap
    Rule: board setup constraints silk; warning
    @(128.3025 mm, 99.6100 mm): Segment of U3 on F.Silkscreen
    @(130.0000 mm, 99.2000 mm): PCB text 'headset leads J_HS1 / J_HS2 from the face plate jacks (SPK MIC PTT GND GND)' on F.Silkscreen
[silk_overlap]: Silkscreen overlap
    Rule: board setup constraints silk; warning
    @(132.7975 mm, 99.6100 mm): Segment of U3 on F.Silkscreen
    @(130.0000 mm, 99.2000 mm): PCB text 'headset leads J_HS1 / J_HS2 from the face plate jacks (SPK MIC PTT GND GND)' on F.Silkscreen
[silk_over_copper]: Silkscreen clipped by solder mask
    Local override; warning
    @(60.0000 mm, 79.0000 mm): PCB text 'J_HARN1 <- A22 J_MEZZ1' on F.Silkscreen
[silk_over_copper]: Silkscreen clipped by solder mask
    Local override; warning
    @(87.0000 mm, 75.5000 mm): PCB text 'SA868 VHF exciter (bench-fitted): PTT and audio to the codec set, ANT to the T/R relay' on F.Silkscreen
[silk_over_copper]: Silkscreen clipped by solder mask
    Local override; warning
    @(105.0000 mm, 62.5000 mm): PCB text 'PA leads on the south edge: J_PAIN drive U.FL, J_PAOUT output SMA, J_VGG gate bias; VDD 13.8 V from A22 J_PA direct' on F.Silkscreen
[silk_over_copper]: Silkscreen clipped by solder mask
    Local override; warning
    @(105.0000 mm, 137.5000 mm): PCB text 'T/R relay K1 and the 5-pole low-pass filter along the south edge; J_ANT -> A22 VHF jack J_RF1 pigtail' on F.Silkscreen
[silk_over_copper]: Silkscreen clipped by solder mask
    Local override; warning
    @(130.0000 mm, 99.2000 mm): PCB text 'headset leads J_HS1 / J_HS2 from the face plate jacks (SPK MIC PTT GND GND)' on F.Silkscreen
[silk_over_copper]: Silkscreen clipped by solder mask
    Local override; warning
    @(58.0000 mm, 62.5000 mm): PCB text 'NORTH (+Y)' on F.Silkscreen
[silk_over_copper]: Silkscreen clipped by solder mask
    Local override; warning
    @(76.3750 mm, 114.1500 mm): Reference field of U14
[silk_over_copper]: Silkscreen clipped by solder mask
    Local override; warning
    @(66.7000 mm, 102.0675 mm): Segment of U2 on F.Silkscreen
[silk_over_copper]: Silkscreen clipped by solder mask
    Local override; warning
    @(122.0000 mm, 80.1200 mm): Reference field of U4
[holes_co_located]: Drilled holes co-located
    Local override; warning
    @(58.5320 mm, 85.3944 mm): Via [GND] on F.Cu - B.Cu
    @(58.5320 mm, 85.3944 mm): Via [GND] on F.Cu - B.Cu
[holes_co_located]: Drilled holes co-located
    Local override; warning
    @(58.5320 mm, 85.3944 mm): Via [GND] on F.Cu - B.Cu
    @(58.5320 mm, 85.3944 mm): Via [GND] on F.Cu - B.Cu
[holes_co_located]: Drilled holes co-located
    Local override; warning
    @(58.5320 mm, 85.3944 mm): Via [GND] on F.Cu - B.Cu
    @(58.5320 mm, 85.3944 mm): Via [GND] on F.Cu - B.Cu
[holes_co_located]: Drilled holes co-located
    Local override; warning
    @(58.5052 mm, 88.4461 mm): Via [GND] on F.Cu - B.Cu
    @(58.5052 mm, 88.4461 mm): Via [GND] on F.Cu - B.Cu
[holes_co_located]: Drilled holes co-located
    Local override; warning
    @(58.5052 mm, 88.4461 mm): Via [GND] on F.Cu - B.Cu
    @(58.5052 mm, 88.4461 mm): Via [GND] on F.Cu - B.Cu
[holes_co_located]: Drilled holes co-located
    Local override; warning
    @(58.5052 mm, 88.4461 mm): Via [GND] on F.Cu - B.Cu
    @(58.5052 mm, 88.4461 mm): Via [GND] on F.Cu - B.Cu
[holes_co_located]: Drilled holes co-located
    Local override; warning
    @(58.5036 mm, 86.9061 mm): Via [GND] on F.Cu - B.Cu
    @(58.5036 mm, 86.9061 mm): Via [GND] on F.Cu - B.Cu
[holes_co_located]: Drilled holes co-located
    Local override; warning
    @(58.5036 mm, 86.9061 mm): Via [GND] on F.Cu - B.Cu
    @(58.5036 mm, 86.9061 mm): Via [GND] on F.Cu - B.Cu
[holes_co_located]: Drilled holes co-located
    Local override; warning
    @(58.5036 mm, 86.9061 mm): Via [GND] on F.Cu - B.Cu
    @(58.5036 mm, 86.9061 mm): Via [GND] on F.Cu - B.Cu
[holes_co_located]: Drilled holes co-located
    Local override; warning
    @(58.5320 mm, 85.3944 mm): Via [GND] on F.Cu - B.Cu
    @(58.5320 mm, 85.3944 mm): Via [GND] on F.Cu - B.Cu
[holes_co_located]: Drilled holes co-located
    Local override; warning
    @(58.5320 mm, 85.3944 mm): Via [GND] on F.Cu - B.Cu
    @(58.5320 mm, 85.3944 mm): Via [GND] on F.Cu - B.Cu
[holes_co_located]: Drilled holes co-located
    Local override; warning
    @(58.5052 mm, 88.4461 mm): Via [GND] on F.Cu - B.Cu
    @(58.5052 mm, 88.4461 mm): Via [GND] on F.Cu - B.Cu
[holes_co_located]: Drilled holes co-located
    Local override; warning
    @(58.5052 mm, 88.4461 mm): Via [GND] on F.Cu - B.Cu
    @(58.5052 mm, 88.4461 mm): Via [GND] on F.Cu - B.Cu
[holes_co_located]: Drilled holes co-located
    Local override; warning
    @(58.5320 mm, 85.3944 mm): Via [GND] on F.Cu - B.Cu
    @(58.5320 mm, 85.3944 mm): Via [GND] on F.Cu - B.Cu
[holes_co_located]: Drilled holes co-located
    Local override; warning
    @(58.5036 mm, 86.9061 mm): Via [GND] on F.Cu - B.Cu
    @(58.5036 mm, 86.9061 mm): Via [GND] on F.Cu - B.Cu
[holes_co_located]: Drilled holes co-located
    Local override; warning
    @(58.5036 mm, 86.9061 mm): Via [GND] on F.Cu - B.Cu
    @(58.5036 mm, 86.9061 mm): Via [GND] on F.Cu - B.Cu
[holes_co_located]: Drilled holes co-located
    Local override; warning
    @(58.5052 mm, 88.4461 mm): Via [GND] on F.Cu - B.Cu
    @(58.5052 mm, 88.4461 mm): Via [GND] on F.Cu - B.Cu
[holes_co_located]: Drilled holes co-located
    Local override; warning
    @(58.5036 mm, 86.9061 mm): Via [GND] on F.Cu - B.Cu
    @(58.5036 mm, 86.9061 mm): Via [GND] on F.Cu - B.Cu
[track_dangling]: Track has unconnected end
    Local override; warning
    @(127.0375 mm, 98.5000 mm): Track [/+5V_D8] on F.Cu, length 1.1662 mm
[track_dangling]: Track has unconnected end
    Local override; warning
    @(136.3175 mm, 102.1550 mm): Track [/OPB_OUT] on F.Cu, length 2.5422 mm
[track_dangling]: Track has unconnected end
    Local override; warning
    @(136.3175 mm, 102.8050 mm): Track [/OPB_OUT] on F.Cu, length 1.7125 mm
[track_dangling]: Track has unconnected end
    Local override; warning
    @(130.1880 mm, 93.7000 mm): Track [/SA_TXD] on F.Cu, length 0.0007 mm
[track_dangling]: Track has unconnected end
    Local override; warning
    @(72.9125 mm, 107.0000 mm): Track [/SCL] on F.Cu, length 1.6375 mm
[track_dangling]: Track has unconnected end
    Local override; warning
    @(72.9125 mm, 106.3500 mm): Track [/SDA] on F.Cu, length 2.4672 mm
[track_dangling]: Track has unconnected end
    Local override; warning
    @(111.4060 mm, 83.0687 mm): Track [/USB_D8_P] on F.Cu, length 1.1373 mm
[via_dangling]: Via is not connected or connected on only one layer
    Local override; warning
    @(137.3769 mm, 95.3700 mm): Via [/VGG_CT] on F.Cu - B.Cu
[track_dangling]: Track has unconnected end
    Local override; warning
    @(137.7176 mm, 91.5575 mm): Track [/VGG_SW] on F.Cu, length 0.0001 mm
[track_dangling]: Track has unconnected end
    Local override; warning
    @(67.1875 mm, 111.5500 mm): Track [/X_AMP_EN] on F.Cu, length 1.6375 mm
[track_dangling]: Track has unconnected end
    Local override; warning
    @(67.1875 mm, 108.3000 mm): Track [/X_PTT_HS1_n] on F.Cu, length 2.4672 mm

** Found 0 unconnected pads **

** Found 0 Footprint errors **

** End of Report **
