v2/docs/ARCHITECTURE.md
v2/docs/diagrams/MANIFEST.json
v2/docs/diagrams/README.md
v2/docs/diagrams/case-drawings.md
v2/docs/diagrams/control-lines.md
v2/docs/diagrams/pdf/arch-2-context.pdf
v2/docs/diagrams/pdf/arch-3-2-board-interconnect.pdf
v2/docs/diagrams/pdf/arch-4-1-power-tree.pdf
v2/docs/diagrams/pdf/arch-4-3-power-up.pdf
v2/docs/diagrams/pdf/arch-5-5-lanes-and-fabric.pdf
v2/docs/diagrams/pdf/battery-charger-states.pdf
v2/docs/diagrams/pdf/battery-protection-states.pdf
v2/docs/diagrams/pdf/case-plan.pdf
v2/docs/diagrams/pdf/control-lines.pdf
v2/docs/diagrams/pdf/power-tree.pdf
v2/docs/diagrams/power-tree.md
v2/docs/diagrams/src/arch-2-context.mmd
v2/docs/diagrams/src/arch-3-2-board-interconnect.mmd
v2/docs/diagrams/src/arch-4-1-power-tree.mmd
v2/docs/diagrams/src/arch-4-3-power-up.mmd
v2/docs/diagrams/src/arch-5-5-lanes-and-fabric.mmd
v2/docs/diagrams/src/battery-charger-states.mmd
v2/docs/diagrams/src/battery-protection-states.mmd
v2/docs/diagrams/src/control-lines.mmd
v2/docs/diagrams/src/power-tree.mmd
v2/docs/diagrams/svg/arch-2-context.svg
v2/docs/diagrams/svg/arch-3-2-board-interconnect.svg
v2/docs/diagrams/svg/arch-4-1-power-tree.svg
v2/docs/diagrams/svg/arch-4-3-power-up.svg
v2/docs/diagrams/svg/arch-5-5-lanes-and-fabric.svg
v2/docs/diagrams/svg/battery-charger-states.svg
v2/docs/diagrams/svg/battery-protection-states.svg
v2/docs/diagrams/svg/case-plan.svg
v2/docs/diagrams/svg/control-lines.svg
v2/docs/diagrams/svg/power-tree.svg
v2/docs/diagrams/tools/build.py
v2/docs/diagrams/tools/case_drawings.py
v2/docs/diagrams/tools/control_lines.py
v2/docs/diagrams/tools/extract_mermaid.py
v2/docs/diagrams/tools/netlist.py
v2/docs/diagrams/tools/power_tree.py
v2/docs/diagrams/tools/readback.py
v2/docs/diagrams/tools/render.sh
