v2/ecad/out/agent-2026-09-13/agent.jsonl
v2/ecad/out/agent-2026-09-13/review-20260913T111439Z.json
v2/ecad/out/agent-2026-09-13/review-material-20260913T111439Z.txt
v2/ecad/out/agent-2026-09-13/review.verdict.json
v2/ecad/out/agent/agent.jsonl
v2/ecad/out/agent/agent_loop.verdict.json
v2/ecad/out/agent/agent_selftest.verdict.json
v2/ecad/out/agent/arms.jsonl
v2/ecad/out/agent/attempts-20260912T115828Z.json
v2/ecad/out/agent/attempts-20260912T120220Z.json
v2/ecad/out/agent/attempts-20260912T122646Z.json
v2/ecad/out/agent/attempts-20260912T123625Z.json
v2/ecad/out/agent/attempts-20260912T125147Z.json
v2/ecad/out/agent/draft-20260912T115828Z.md
v2/ecad/out/agent/draft-20260912T120220Z.md
v2/ecad/out/agent/draft-20260912T122646Z-0.md
v2/ecad/out/agent/draft-20260912T122646Z-1.md
v2/ecad/out/agent/draft-20260912T125147Z-0.md
v2/ecad/out/agent/draft-20260912T125147Z-1.md
v2/ecad/out/agent/numbers-20260912T115828Z.txt
v2/ecad/out/agent/numbers-20260912T120220Z.txt
v2/ecad/out/agent/numbers-20260912T122646Z.txt
v2/ecad/out/agent/numbers-20260912T125147Z.txt
v2/ecad/out/agent/pack-20260912T115828Z.txt
v2/ecad/out/agent/pack-20260912T120220Z.txt
v2/ecad/out/agent/pack-20260912T122646Z.txt
v2/ecad/out/agent/pack-20260912T123625Z.txt
v2/ecad/out/agent/pack-20260912T125147Z.txt
v2/ecad/out/agent/proposal-20260912T115828Z.json
v2/ecad/out/agent/proposal-20260912T120220Z.json
v2/ecad/out/agent/proposal-20260912T122646Z.json
v2/ecad/out/agent/proposal-20260912T123625Z.json
v2/ecad/out/agent/proposal-20260912T125147Z.json
v2/ecad/out/agent/review-20260912T115828Z.json
v2/ecad/out/agent/review-20260912T120220Z.json
v2/ecad/out/agent/review-20260912T121652Z.json
v2/ecad/out/agent/review-20260912T122646Z-0.json
v2/ecad/out/agent/review-20260912T122646Z-1.json
v2/ecad/out/agent/review-20260912T124010Z.json
v2/ecad/out/agent/review-20260912T125147Z-0.json
v2/ecad/out/agent/review-20260912T125147Z-1.json
v2/ecad/out/agent/review-material-20260912T121652Z.txt
v2/ecad/out/agent/review-material-20260912T124010Z.txt
v2/ecad/out/agent/review.verdict.json
v2/ecad/out/assembly_set.verdict.json
v2/ecad/out/b19-profile.json
v2/ecad/out/check_contracts.verdict.json
v2/ecad/out/check_contracts_a.verdict.json
v2/ecad/out/check_contracts_b.verdict.json
v2/ecad/out/check_contracts_c.verdict.json
v2/ecad/out/check_contracts_d.verdict.json
v2/ecad/out/check_contracts_e.verdict.json
v2/ecad/out/check_contracts_e5.verdict.json
v2/ecad/out/check_contracts_p.verdict.json
v2/ecad/out/claims_check.verdict.json
v2/ecad/out/clock_check.verdict.json
v2/ecad/out/derate.verdict.json
v2/ecad/out/doc_provenance.verdict.json
v2/ecad/out/doc_provenance_a.verdict.json
v2/ecad/out/doc_provenance_b.verdict.json
v2/ecad/out/doc_provenance_c.verdict.json
v2/ecad/out/doc_provenance_d.verdict.json
v2/ecad/out/doc_provenance_e.verdict.json
v2/ecad/out/doc_provenance_e5.verdict.json
v2/ecad/out/doc_provenance_p.verdict.json
v2/ecad/out/energy_chain.verdict.json
v2/ecad/out/energy_chain_a.verdict.json
v2/ecad/out/energy_chain_b.verdict.json
v2/ecad/out/energy_chain_e.verdict.json
v2/ecad/out/energy_chain_e5.verdict.json
v2/ecad/out/energy_chain_p.verdict.json
v2/ecad/out/fab_limits.verdict.json
v2/ecad/out/final_gate.json
v2/ecad/out/final_gate.verdict.json
v2/ecad/out/final_gate_a.verdict.json
v2/ecad/out/final_gate_b.verdict.json
v2/ecad/out/final_gate_c.verdict.json
v2/ecad/out/final_gate_d.verdict.json
v2/ecad/out/final_gate_e.verdict.json
v2/ecad/out/final_gate_e5.verdict.json
v2/ecad/out/final_gate_p.verdict.json
v2/ecad/out/hardset.verdict.json
v2/ecad/out/inhibit_chain_a.verdict.json
v2/ecad/out/inhibit_chain_b.verdict.json
v2/ecad/out/inhibit_chain_c.verdict.json
v2/ecad/out/inhibit_chain_d.verdict.json
v2/ecad/out/interfaces.verdict.json
v2/ecad/out/interfaces_a.verdict.json
v2/ecad/out/interfaces_b.verdict.json
v2/ecad/out/interfaces_c.verdict.json
v2/ecad/out/interfaces_d.verdict.json
v2/ecad/out/interfaces_e.verdict.json
v2/ecad/out/interfaces_e5.verdict.json
v2/ecad/out/interfaces_p.verdict.json
v2/ecad/out/jlc-certified-b.tsv
v2/ecad/out/jlc_certify.verdict.json
v2/ecad/out/jlc_certify_a.verdict.json
v2/ecad/out/jlc_certify_b.verdict.json
v2/ecad/out/jlc_certify_c.verdict.json
v2/ecad/out/jlc_certify_d.verdict.json
v2/ecad/out/jlc_certify_e.verdict.json
v2/ecad/out/jlc_certify_e5.verdict.json
v2/ecad/out/jlc_certify_p.verdict.json
v2/ecad/out/layer_audit.json
v2/ecad/out/layer_judge.verdict.json
v2/ecad/out/ledger_verify.verdict.json
v2/ecad/out/open_pairs.json
v2/ecad/out/pack_protection.verdict.json
v2/ecad/out/port_protect.verdict.json
v2/ecad/out/routeflow_validate.verdict.json
v2/ecad/out/rule-audit/a.json
v2/ecad/out/rule-audit/b.json
v2/ecad/out/rule-audit/c.json
v2/ecad/out/rule-audit/d.json
v2/ecad/out/rule-audit/e.json
v2/ecad/out/rule-audit/e5.json
v2/ecad/out/rule-audit/p.json
v2/ecad/out/rule-audit/rules_complete.verdict.json
v2/ecad/out/rule-audit/rules_status.verdict.json
v2/ecad/out/rule-audit/summary.json
v2/ecad/out/rules_complete.verdict.json
v2/ecad/out/verify_deliverable.verdict.json
v2/ecad/out/verify_deliverable_a.verdict.json
v2/ecad/out/verify_deliverable_b.verdict.json
v2/ecad/out/verify_deliverable_c.verdict.json
v2/ecad/out/verify_deliverable_d.verdict.json
v2/ecad/out/verify_deliverable_e.verdict.json
v2/ecad/out/verify_deliverable_e5.verdict.json
v2/ecad/out/verify_deliverable_p.verdict.json
v2/ecad/pcb-a-power-a23/out/build_sch.log
v2/ecad/pcb-a-power-a23/out/check_a.log
v2/ecad/pcb-a-power-a23/out/check_a1.log
v2/ecad/pcb-a-power-a23/out/check_contracts.verdict.json
v2/ecad/pcb-a-power-a23/out/check_contracts_a.verdict.json
v2/ecad/pcb-a-power-a23/out/check_contracts_b.verdict.json
v2/ecad/pcb-a-power-a23/out/check_contracts_c.verdict.json
v2/ecad/pcb-a-power-a23/out/check_contracts_d.verdict.json
v2/ecad/pcb-a-power-a23/out/check_contracts_e.verdict.json
v2/ecad/pcb-a-power-a23/out/check_contracts_p.verdict.json
v2/ecad/pcb-a-power-a23/out/check_pcb_a.verdict.json
v2/ecad/pcb-a-power-a23/out/clock_check.verdict.json
v2/ecad/pcb-a-power-a23/out/derate.verdict.json
v2/ecad/pcb-a-power-a23/out/edge_length.table.json
v2/ecad/pcb-a-power-a23/out/edge_length.verdict.json
v2/ecad/pcb-a-power-a23/out/energy_chain.verdict.json
v2/ecad/pcb-a-power-a23/out/energy_chain_a.verdict.json
v2/ecad/pcb-a-power-a23/out/energy_chain_b.verdict.json
v2/ecad/pcb-a-power-a23/out/energy_chain_e.verdict.json
v2/ecad/pcb-a-power-a23/out/energy_chain_e5.verdict.json
v2/ecad/pcb-a-power-a23/out/energy_chain_p.verdict.json
v2/ecad/pcb-a-power-a23/out/erc_gate.log
v2/ecad/pcb-a-power-a23/out/erc_gate.verdict.json
v2/ecad/pcb-a-power-a23/out/gen3.log
v2/ecad/pcb-a-power-a23/out/gen_pcb_a.log
v2/ecad/pcb-a-power-a23/out/gen_sch.log
v2/ecad/pcb-a-power-a23/out/inhibit_chain_a.verdict.json
v2/ecad/pcb-a-power-a23/out/inhibit_chain_b.verdict.json
v2/ecad/pcb-a-power-a23/out/inhibit_chain_c.verdict.json
v2/ecad/pcb-a-power-a23/out/inhibit_chain_d.verdict.json
v2/ecad/pcb-a-power-a23/out/inhibit_chain_e.verdict.json
v2/ecad/pcb-a-power-a23/out/inhibit_chain_p.verdict.json
v2/ecad/pcb-a-power-a23/out/intent_rails.verdict.json
v2/ecad/pcb-a-power-a23/out/interfaces.log
v2/ecad/pcb-a-power-a23/out/interfaces.verdict.json
v2/ecad/pcb-a-power-a23/out/interfaces_a.verdict.json
v2/ecad/pcb-a-power-a23/out/interfaces_b.verdict.json
v2/ecad/pcb-a-power-a23/out/interfaces_c.verdict.json
v2/ecad/pcb-a-power-a23/out/interfaces_d.verdict.json
v2/ecad/pcb-a-power-a23/out/interfaces_e.verdict.json
v2/ecad/pcb-a-power-a23/out/interfaces_e5.verdict.json
v2/ecad/pcb-a-power-a23/out/interfaces_p.verdict.json
v2/ecad/pcb-a-power-a23/out/netlist_board.log
v2/ecad/pcb-a-power-a23/out/netlist_board.verdict.json
v2/ecad/pcb-a-power-a23/out/pcb-a-power-bom.csv
v2/ecad/pcb-a-power-a23/out/pcb-a-power-erc.json
v2/ecad/pcb-a-power-a23/out/pcb-a-power-erc.json.prov.json
v2/ecad/pcb-a-power-a23/out/pcb-a-power-erc.rpt
v2/ecad/pcb-a-power-a23/out/pcb-a-power-erc.status
v2/ecad/pcb-a-power-a23/out/pcb-a-power-placed.kicad_pcb
v2/ecad/pcb-a-power-a23/out/pcb-a-power-schematic.pdf
v2/ecad/pcb-a-power-a23/out/pin_map_lands_a.verdict.json
v2/ecad/pcb-a-power-a23/out/port_protect.verdict.json
v2/ecad/pcb-a-power-a23/out/port_protect_a.verdict.json
v2/ecad/pcb-a-power-a23/out/power_sequence.verdict.json
v2/ecad/pcb-a-power-a23/out/safe_lines.log
v2/ecad/pcb-a-power-a23/out/safe_lines.verdict.json
v2/ecad/pcb-a-power-a23/out/safe_lines_a.verdict.json
v2/ecad/pcb-a-power-a23/pcb-a-power.kicad_prl
v2/ecad/pcb-a-power/logs/freerouting.log
v2/ecad/pcb-b-compute-b19/out/build_sch.log
v2/ecad/pcb-b-compute-b19/out/check_b.log
v2/ecad/pcb-b-compute-b19/out/check_b1.log
v2/ecad/pcb-b-compute-b19/out/check_contracts.verdict.json
v2/ecad/pcb-b-compute-b19/out/check_contracts_a.verdict.json
v2/ecad/pcb-b-compute-b19/out/check_contracts_b.verdict.json
v2/ecad/pcb-b-compute-b19/out/check_contracts_c.verdict.json
v2/ecad/pcb-b-compute-b19/out/check_contracts_d.verdict.json
v2/ecad/pcb-b-compute-b19/out/check_contracts_e.verdict.json
v2/ecad/pcb-b-compute-b19/out/check_contracts_p.verdict.json
v2/ecad/pcb-b-compute-b19/out/check_pcb_b.verdict.json
v2/ecad/pcb-b-compute-b19/out/clock_check.verdict.json
v2/ecad/pcb-b-compute-b19/out/derate.verdict.json
v2/ecad/pcb-b-compute-b19/out/edge_length.table.json
v2/ecad/pcb-b-compute-b19/out/edge_length.verdict.json
v2/ecad/pcb-b-compute-b19/out/energy_chain.verdict.json
v2/ecad/pcb-b-compute-b19/out/energy_chain_a.verdict.json
v2/ecad/pcb-b-compute-b19/out/energy_chain_b.verdict.json
v2/ecad/pcb-b-compute-b19/out/energy_chain_e.verdict.json
v2/ecad/pcb-b-compute-b19/out/energy_chain_e5.verdict.json
v2/ecad/pcb-b-compute-b19/out/energy_chain_p.verdict.json
v2/ecad/pcb-b-compute-b19/out/erc_gate.log
v2/ecad/pcb-b-compute-b19/out/erc_gate.verdict.json
v2/ecad/pcb-b-compute-b19/out/gen3.log
v2/ecad/pcb-b-compute-b19/out/gen_fp.log
v2/ecad/pcb-b-compute-b19/out/gen_pcb_b.log
v2/ecad/pcb-b-compute-b19/out/gen_sch.log
v2/ecad/pcb-b-compute-b19/out/inhibit_chain_a.verdict.json
v2/ecad/pcb-b-compute-b19/out/inhibit_chain_b.verdict.json
v2/ecad/pcb-b-compute-b19/out/inhibit_chain_c.verdict.json
v2/ecad/pcb-b-compute-b19/out/inhibit_chain_d.verdict.json
v2/ecad/pcb-b-compute-b19/out/inhibit_chain_e.verdict.json
v2/ecad/pcb-b-compute-b19/out/inhibit_chain_p.verdict.json
v2/ecad/pcb-b-compute-b19/out/intent_rails.verdict.json
v2/ecad/pcb-b-compute-b19/out/interfaces.log
v2/ecad/pcb-b-compute-b19/out/interfaces.verdict.json
v2/ecad/pcb-b-compute-b19/out/interfaces_a.verdict.json
v2/ecad/pcb-b-compute-b19/out/interfaces_b.verdict.json
v2/ecad/pcb-b-compute-b19/out/interfaces_c.verdict.json
v2/ecad/pcb-b-compute-b19/out/interfaces_d.verdict.json
v2/ecad/pcb-b-compute-b19/out/interfaces_e.verdict.json
v2/ecad/pcb-b-compute-b19/out/interfaces_e5.verdict.json
v2/ecad/pcb-b-compute-b19/out/interfaces_p.verdict.json
v2/ecad/pcb-b-compute-b19/out/netlist_board.log
v2/ecad/pcb-b-compute-b19/out/netlist_board.verdict.json
v2/ecad/pcb-b-compute-b19/out/pcb-b-compute-bom.csv
v2/ecad/pcb-b-compute-b19/out/pcb-b-compute-erc.json
v2/ecad/pcb-b-compute-b19/out/pcb-b-compute-erc.json.prov.json
v2/ecad/pcb-b-compute-b19/out/pcb-b-compute-erc.rpt
v2/ecad/pcb-b-compute-b19/out/pcb-b-compute-erc.status
v2/ecad/pcb-b-compute-b19/out/pcb-b-compute-placed.kicad_pcb
v2/ecad/pcb-b-compute-b19/out/pcb-b-compute-schematic.pdf
v2/ecad/pcb-b-compute-b19/out/pin_map_lands_b.verdict.json
v2/ecad/pcb-b-compute-b19/out/port_protect.verdict.json
v2/ecad/pcb-b-compute-b19/out/port_protect_b.verdict.json
v2/ecad/pcb-b-compute-b19/out/power_sequence.verdict.json
v2/ecad/pcb-b-compute-b19/out/safe_lines.log
v2/ecad/pcb-b-compute-b19/out/safe_lines.verdict.json
v2/ecad/pcb-b-compute-b19/out/safe_lines_b.verdict.json
v2/ecad/pcb-b-compute-b19/pcb-b-compute.kicad_prl
v2/ecad/pcb-c-display-c8/logs/freerouting.log
v2/ecad/pcb-c-display-c8/out/build_sch.log
v2/ecad/pcb-c-display-c8/out/check_c.log
v2/ecad/pcb-c-display-c8/out/check_contracts.verdict.json
v2/ecad/pcb-c-display-c8/out/check_contracts_a.verdict.json
v2/ecad/pcb-c-display-c8/out/check_contracts_b.verdict.json
v2/ecad/pcb-c-display-c8/out/check_contracts_c.verdict.json
v2/ecad/pcb-c-display-c8/out/check_contracts_d.verdict.json
v2/ecad/pcb-c-display-c8/out/check_contracts_e.verdict.json
v2/ecad/pcb-c-display-c8/out/check_contracts_p.verdict.json
v2/ecad/pcb-c-display-c8/out/check_pcb_c.verdict.json
v2/ecad/pcb-c-display-c8/out/check_zone_nets.verdict.json
v2/ecad/pcb-c-display-c8/out/clock_check.verdict.json
v2/ecad/pcb-c-display-c8/out/derate.verdict.json
v2/ecad/pcb-c-display-c8/out/edge_length.table.json
v2/ecad/pcb-c-display-c8/out/edge_length.verdict.json
v2/ecad/pcb-c-display-c8/out/erc_gate.log
v2/ecad/pcb-c-display-c8/out/erc_gate.verdict.json
v2/ecad/pcb-c-display-c8/out/gen3.log
v2/ecad/pcb-c-display-c8/out/gen_pcb_c.log
v2/ecad/pcb-c-display-c8/out/gen_sch.log
v2/ecad/pcb-c-display-c8/out/hardset-pre-route-drc.verdict.json
v2/ecad/pcb-c-display-c8/out/inhibit_chain_a.verdict.json
v2/ecad/pcb-c-display-c8/out/inhibit_chain_b.verdict.json
v2/ecad/pcb-c-display-c8/out/inhibit_chain_c.verdict.json
v2/ecad/pcb-c-display-c8/out/inhibit_chain_d.verdict.json
v2/ecad/pcb-c-display-c8/out/inhibit_chain_e.verdict.json
v2/ecad/pcb-c-display-c8/out/inhibit_chain_p.verdict.json
v2/ecad/pcb-c-display-c8/out/intent_rails.verdict.json
v2/ecad/pcb-c-display-c8/out/interfaces.log
v2/ecad/pcb-c-display-c8/out/interfaces.verdict.json
v2/ecad/pcb-c-display-c8/out/interfaces_a.verdict.json
v2/ecad/pcb-c-display-c8/out/interfaces_b.verdict.json
v2/ecad/pcb-c-display-c8/out/interfaces_c.verdict.json
v2/ecad/pcb-c-display-c8/out/interfaces_d.verdict.json
v2/ecad/pcb-c-display-c8/out/interfaces_e.verdict.json
v2/ecad/pcb-c-display-c8/out/interfaces_e5.verdict.json
v2/ecad/pcb-c-display-c8/out/interfaces_p.verdict.json
v2/ecad/pcb-c-display-c8/out/netlist_board.log
v2/ecad/pcb-c-display-c8/out/netlist_board.verdict.json
v2/ecad/pcb-c-display-c8/out/pair_preroute.log
v2/ecad/pcb-c-display-c8/out/parallel-c8.log
v2/ecad/pcb-c-display-c8/out/pcb-c-display-bom.csv
v2/ecad/pcb-c-display-c8/out/pcb-c-display-erc.json
v2/ecad/pcb-c-display-c8/out/pcb-c-display-erc.json.prov.json
v2/ecad/pcb-c-display-c8/out/pcb-c-display-erc.rpt
v2/ecad/pcb-c-display-c8/out/pcb-c-display-erc.status
v2/ecad/pcb-c-display-c8/out/pcb-c-display-placed.kicad_pcb
v2/ecad/pcb-c-display-c8/out/pcb-c-display-preroute-drc.json
v2/ecad/pcb-c-display-c8/out/pcb-c-display-preroute.kicad_pcb
v2/ecad/pcb-c-display-c8/out/pcb-c-display-schematic.pdf
v2/ecad/pcb-c-display-c8/out/pin_map_lands_c.verdict.json
v2/ecad/pcb-c-display-c8/out/place_audit.log
v2/ecad/pcb-c-display-c8/out/place_audit.png
v2/ecad/pcb-c-display-c8/out/place_audit.verdict.json
v2/ecad/pcb-c-display-c8/out/port_protect.verdict.json
v2/ecad/pcb-c-display-c8/out/port_protect_c.verdict.json
v2/ecad/pcb-c-display-c8/out/power_sequence.verdict.json
v2/ecad/pcb-c-display-c8/out/preroute-gate.txt
v2/ecad/pcb-c-display-c8/out/routeflow/20260911T131507Z-66e2eb8d/provenance.json
v2/ecad/pcb-c-display-c8/out/routeflow/20260911T131507Z-66e2eb8d/resolved-config.json
v2/ecad/pcb-c-display-c8/out/routeflow/20260911T131507Z-66e2eb8d/round1-pre.log
v2/ecad/pcb-c-display-c8/out/routeflow/20260911T131507Z-66e2eb8d/services.log
v2/ecad/pcb-c-display-c8/out/routeflow/20260911T131642Z-cdb08694/provenance.json
v2/ecad/pcb-c-display-c8/out/routeflow/20260911T131642Z-cdb08694/resolved-config.json
v2/ecad/pcb-c-display-c8/out/routeflow/20260911T131642Z-cdb08694/round1-pre.log
v2/ecad/pcb-c-display-c8/out/routeflow/20260911T131642Z-cdb08694/services.log
v2/ecad/pcb-c-display-c8/out/routeflow/20260911T132006Z-72f1c50d/provenance.json
v2/ecad/pcb-c-display-c8/out/routeflow/20260911T132006Z-72f1c50d/resolved-config.json
v2/ecad/pcb-c-display-c8/out/routeflow/20260911T132006Z-72f1c50d/round1-pre.log
v2/ecad/pcb-c-display-c8/out/routeflow/20260911T132006Z-72f1c50d/services.log
v2/ecad/pcb-c-display-c8/out/routeflow/20260911T133346Z-ec256eaa/provenance.json
v2/ecad/pcb-c-display-c8/out/routeflow/20260911T133346Z-ec256eaa/resolved-config.json
v2/ecad/pcb-c-display-c8/out/routeflow/20260911T133346Z-ec256eaa/round1-pre.log
v2/ecad/pcb-c-display-c8/out/routeflow/20260911T133346Z-ec256eaa/services.log
v2/ecad/pcb-c-display-c8/out/routeflow/journal.jsonl
v2/ecad/pcb-c-display-c8/out/safe_lines.log
v2/ecad/pcb-c-display-c8/out/safe_lines.verdict.json
v2/ecad/pcb-c-display-c8/out/safe_lines_c.verdict.json
v2/ecad/pcb-c-display-c8/out/zone_nets.log
v2/ecad/pcb-c-display-c8/pcb-c-display.kicad_prl
v2/ecad/pcb-c-display/logs/freerouting.log
v2/ecad/pcb-c-display/pcb-c-display.kicad_prl
v2/ecad/pcb-d-aprs-d9/logs/freerouting.log
v2/ecad/pcb-d-aprs-d9/out/build_sch.log
v2/ecad/pcb-d-aprs-d9/out/check_contracts.verdict.json
v2/ecad/pcb-d-aprs-d9/out/check_contracts_a.verdict.json
v2/ecad/pcb-d-aprs-d9/out/check_contracts_b.verdict.json
v2/ecad/pcb-d-aprs-d9/out/check_contracts_c.verdict.json
v2/ecad/pcb-d-aprs-d9/out/check_contracts_d.verdict.json
v2/ecad/pcb-d-aprs-d9/out/check_contracts_e.verdict.json
v2/ecad/pcb-d-aprs-d9/out/check_contracts_p.verdict.json
v2/ecad/pcb-d-aprs-d9/out/check_d.log
v2/ecad/pcb-d-aprs-d9/out/check_pcb_d.verdict.json
v2/ecad/pcb-d-aprs-d9/out/clock_check.verdict.json
v2/ecad/pcb-d-aprs-d9/out/derate.verdict.json
v2/ecad/pcb-d-aprs-d9/out/edge_length.table.json
v2/ecad/pcb-d-aprs-d9/out/edge_length.verdict.json
v2/ecad/pcb-d-aprs-d9/out/erc_gate.log
v2/ecad/pcb-d-aprs-d9/out/erc_gate.verdict.json
v2/ecad/pcb-d-aprs-d9/out/gen3.log
v2/ecad/pcb-d-aprs-d9/out/gen_fp.log
v2/ecad/pcb-d-aprs-d9/out/gen_pcb_d.log
v2/ecad/pcb-d-aprs-d9/out/gen_sch.log
v2/ecad/pcb-d-aprs-d9/out/inhibit_chain_a.verdict.json
v2/ecad/pcb-d-aprs-d9/out/inhibit_chain_b.verdict.json
v2/ecad/pcb-d-aprs-d9/out/inhibit_chain_c.verdict.json
v2/ecad/pcb-d-aprs-d9/out/inhibit_chain_d.verdict.json
v2/ecad/pcb-d-aprs-d9/out/inhibit_chain_e.verdict.json
v2/ecad/pcb-d-aprs-d9/out/inhibit_chain_p.verdict.json
v2/ecad/pcb-d-aprs-d9/out/intent_rails.verdict.json
v2/ecad/pcb-d-aprs-d9/out/interfaces.log
v2/ecad/pcb-d-aprs-d9/out/interfaces.verdict.json
v2/ecad/pcb-d-aprs-d9/out/interfaces_a.verdict.json
v2/ecad/pcb-d-aprs-d9/out/interfaces_b.verdict.json
v2/ecad/pcb-d-aprs-d9/out/interfaces_c.verdict.json
v2/ecad/pcb-d-aprs-d9/out/interfaces_d.verdict.json
v2/ecad/pcb-d-aprs-d9/out/interfaces_e.verdict.json
v2/ecad/pcb-d-aprs-d9/out/interfaces_e5.verdict.json
v2/ecad/pcb-d-aprs-d9/out/interfaces_p.verdict.json
v2/ecad/pcb-d-aprs-d9/out/netlist_board.log
v2/ecad/pcb-d-aprs-d9/out/netlist_board.verdict.json
v2/ecad/pcb-d-aprs-d9/out/pair_preroute.log
v2/ecad/pcb-d-aprs-d9/out/pcb-d-aprs-bom.csv
v2/ecad/pcb-d-aprs-d9/out/pcb-d-aprs-erc.json
v2/ecad/pcb-d-aprs-d9/out/pcb-d-aprs-erc.json.prov.json
v2/ecad/pcb-d-aprs-d9/out/pcb-d-aprs-erc.rpt
v2/ecad/pcb-d-aprs-d9/out/pcb-d-aprs-erc.status
v2/ecad/pcb-d-aprs-d9/out/pcb-d-aprs-placed.kicad_pcb
v2/ecad/pcb-d-aprs-d9/out/pcb-d-aprs-schematic.pdf
v2/ecad/pcb-d-aprs-d9/out/pin_map_lands_d.verdict.json
v2/ecad/pcb-d-aprs-d9/out/port_protect.verdict.json
v2/ecad/pcb-d-aprs-d9/out/port_protect_d.verdict.json
v2/ecad/pcb-d-aprs-d9/out/power_sequence.verdict.json
v2/ecad/pcb-d-aprs-d9/out/preroute-gate.txt
v2/ecad/pcb-d-aprs-d9/out/routeflow/20260911T131507Z-a1a0ba67/provenance.json
v2/ecad/pcb-d-aprs-d9/out/routeflow/20260911T131507Z-a1a0ba67/resolved-config.json
v2/ecad/pcb-d-aprs-d9/out/routeflow/20260911T131642Z-a1a0ba67/provenance.json
v2/ecad/pcb-d-aprs-d9/out/routeflow/20260911T131642Z-a1a0ba67/resolved-config.json
v2/ecad/pcb-d-aprs-d9/out/routeflow/20260911T131642Z-a1a0ba67/round1-pre.log
v2/ecad/pcb-d-aprs-d9/out/routeflow/20260911T131642Z-a1a0ba67/services.log
v2/ecad/pcb-d-aprs-d9/out/routeflow/20260911T132006Z-292c9b2a/provenance.json
v2/ecad/pcb-d-aprs-d9/out/routeflow/20260911T132006Z-292c9b2a/resolved-config.json
v2/ecad/pcb-d-aprs-d9/out/routeflow/20260911T132006Z-292c9b2a/round1-pre.log
v2/ecad/pcb-d-aprs-d9/out/routeflow/20260911T132006Z-292c9b2a/services.log
v2/ecad/pcb-d-aprs-d9/out/routeflow/journal.jsonl
v2/ecad/pcb-d-aprs-d9/out/safe_lines.log
v2/ecad/pcb-d-aprs-d9/out/safe_lines.verdict.json
v2/ecad/pcb-d-aprs-d9/out/safe_lines_d.verdict.json
v2/ecad/pcb-d-aprs-d9/pcb-d-aprs.kicad_prl
v2/ecad/pcb-d-aprs/logs/freerouting.log
v2/ecad/pcb-e1-dock-e7/logs/freerouting.log
v2/ecad/pcb-e1-dock-e7/out/build_sch.log
v2/ecad/pcb-e1-dock-e7/out/check_contracts.verdict.json
v2/ecad/pcb-e1-dock-e7/out/check_contracts_a.verdict.json
v2/ecad/pcb-e1-dock-e7/out/check_contracts_b.verdict.json
v2/ecad/pcb-e1-dock-e7/out/check_contracts_c.verdict.json
v2/ecad/pcb-e1-dock-e7/out/check_contracts_d.verdict.json
v2/ecad/pcb-e1-dock-e7/out/check_contracts_e.verdict.json
v2/ecad/pcb-e1-dock-e7/out/check_contracts_p.verdict.json
v2/ecad/pcb-e1-dock-e7/out/check_e.log
v2/ecad/pcb-e1-dock-e7/out/check_pcb_e.verdict.json
v2/ecad/pcb-e1-dock-e7/out/check_zone_nets.verdict.json
v2/ecad/pcb-e1-dock-e7/out/clock_check.verdict.json
v2/ecad/pcb-e1-dock-e7/out/derate.verdict.json
v2/ecad/pcb-e1-dock-e7/out/edge_length.table.json
v2/ecad/pcb-e1-dock-e7/out/edge_length.verdict.json
v2/ecad/pcb-e1-dock-e7/out/energy_chain.verdict.json
v2/ecad/pcb-e1-dock-e7/out/energy_chain_a.verdict.json
v2/ecad/pcb-e1-dock-e7/out/energy_chain_b.verdict.json
v2/ecad/pcb-e1-dock-e7/out/energy_chain_e.verdict.json
v2/ecad/pcb-e1-dock-e7/out/energy_chain_e5.verdict.json
v2/ecad/pcb-e1-dock-e7/out/energy_chain_p.verdict.json
v2/ecad/pcb-e1-dock-e7/out/erc_gate.log
v2/ecad/pcb-e1-dock-e7/out/erc_gate.verdict.json
v2/ecad/pcb-e1-dock-e7/out/gate-pcb-e1-dock.log
v2/ecad/pcb-e1-dock-e7/out/gen3.log
v2/ecad/pcb-e1-dock-e7/out/gen_pcb_e.log
v2/ecad/pcb-e1-dock-e7/out/gen_sch.log
v2/ecad/pcb-e1-dock-e7/out/gerbers/pcb-e1-dock-B_Cu.gbl
v2/ecad/pcb-e1-dock-e7/out/gerbers/pcb-e1-dock-B_Mask.gbs
v2/ecad/pcb-e1-dock-e7/out/gerbers/pcb-e1-dock-B_Paste.gbp
v2/ecad/pcb-e1-dock-e7/out/gerbers/pcb-e1-dock-B_Silkscreen.gbo
v2/ecad/pcb-e1-dock-e7/out/gerbers/pcb-e1-dock-Edge_Cuts.gm1
v2/ecad/pcb-e1-dock-e7/out/gerbers/pcb-e1-dock-F_Cu.gtl
v2/ecad/pcb-e1-dock-e7/out/gerbers/pcb-e1-dock-F_Mask.gts
v2/ecad/pcb-e1-dock-e7/out/gerbers/pcb-e1-dock-F_Paste.gtp
v2/ecad/pcb-e1-dock-e7/out/gerbers/pcb-e1-dock-F_Silkscreen.gto
v2/ecad/pcb-e1-dock-e7/out/gerbers/pcb-e1-dock-In1_Cu.g1
v2/ecad/pcb-e1-dock-e7/out/gerbers/pcb-e1-dock-In2_Cu.g2
v2/ecad/pcb-e1-dock-e7/out/gerbers/pcb-e1-dock-drl_map.gbr
v2/ecad/pcb-e1-dock-e7/out/gerbers/pcb-e1-dock-job.gbrjob
v2/ecad/pcb-e1-dock-e7/out/gerbers/pcb-e1-dock.drl
v2/ecad/pcb-e1-dock-e7/out/hardset-pre-route-drc.verdict.json
v2/ecad/pcb-e1-dock-e7/out/hardset.verdict.json
v2/ecad/pcb-e1-dock-e7/out/inhibit_chain_a.verdict.json
v2/ecad/pcb-e1-dock-e7/out/inhibit_chain_b.verdict.json
v2/ecad/pcb-e1-dock-e7/out/inhibit_chain_c.verdict.json
v2/ecad/pcb-e1-dock-e7/out/inhibit_chain_d.verdict.json
v2/ecad/pcb-e1-dock-e7/out/inhibit_chain_e.verdict.json
v2/ecad/pcb-e1-dock-e7/out/inhibit_chain_p.verdict.json
v2/ecad/pcb-e1-dock-e7/out/intent_rails.verdict.json
v2/ecad/pcb-e1-dock-e7/out/interfaces.log
v2/ecad/pcb-e1-dock-e7/out/interfaces.verdict.json
v2/ecad/pcb-e1-dock-e7/out/interfaces_a.verdict.json
v2/ecad/pcb-e1-dock-e7/out/interfaces_b.verdict.json
v2/ecad/pcb-e1-dock-e7/out/interfaces_c.verdict.json
v2/ecad/pcb-e1-dock-e7/out/interfaces_d.verdict.json
v2/ecad/pcb-e1-dock-e7/out/interfaces_e.verdict.json
v2/ecad/pcb-e1-dock-e7/out/interfaces_e5.verdict.json
v2/ecad/pcb-e1-dock-e7/out/interfaces_p.verdict.json
v2/ecad/pcb-e1-dock-e7/out/jlc/README-fab.txt
v2/ecad/pcb-e1-dock-e7/out/jlc/pcb-e1-dock-bom.csv
v2/ecad/pcb-e1-dock-e7/out/jlc/pcb-e1-dock-bom.status
v2/ecad/pcb-e1-dock-e7/out/jlc/pcb-e1-dock-cpl.csv
v2/ecad/pcb-e1-dock-e7/out/jlc/pos-all.csv
v2/ecad/pcb-e1-dock-e7/out/jlc/pos-smd.csv
v2/ecad/pcb-e1-dock-e7/out/netlist_board.log
v2/ecad/pcb-e1-dock-e7/out/netlist_board.verdict.json
v2/ecad/pcb-e1-dock-e7/out/parallel-e6.log
v2/ecad/pcb-e1-dock-e7/out/pcb-e1-dock-1to1-bottom-mirrored.pdf
v2/ecad/pcb-e1-dock-e7/out/pcb-e1-dock-1to1-top.pdf
v2/ecad/pcb-e1-dock-e7/out/pcb-e1-dock-bom.csv
v2/ecad/pcb-e1-dock-e7/out/pcb-e1-dock-build_pcb.log
v2/ecad/pcb-e1-dock-e7/out/pcb-e1-dock-cleaned.kicad_pcb
v2/ecad/pcb-e1-dock-e7/out/pcb-e1-dock-dc_drop.json
v2/ecad/pcb-e1-dock-e7/out/pcb-e1-dock-dc_drop.log
v2/ecad/pcb-e1-dock-e7/out/pcb-e1-dock-drc.rpt
v2/ecad/pcb-e1-dock-e7/out/pcb-e1-dock-erc.json
v2/ecad/pcb-e1-dock-e7/out/pcb-e1-dock-erc.json.prov.json
v2/ecad/pcb-e1-dock-e7/out/pcb-e1-dock-erc.rpt
v2/ecad/pcb-e1-dock-e7/out/pcb-e1-dock-erc.status
v2/ecad/pcb-e1-dock-e7/out/pcb-e1-dock-export_jlc.log
v2/ecad/pcb-e1-dock-e7/out/pcb-e1-dock-gerbers.zip
v2/ecad/pcb-e1-dock-e7/out/pcb-e1-dock-impedance.json
v2/ecad/pcb-e1-dock-e7/out/pcb-e1-dock-impedance.log
v2/ecad/pcb-e1-dock-e7/out/pcb-e1-dock-par-routed.kicad_pcb
v2/ecad/pcb-e1-dock-e7/out/pcb-e1-dock-placed.kicad_pcb
v2/ecad/pcb-e1-dock-e7/out/pcb-e1-dock-preroute-drc.json
v2/ecad/pcb-e1-dock-e7/out/pcb-e1-dock-preroute.kicad_pcb
v2/ecad/pcb-e1-dock-e7/out/pcb-e1-dock-preroute.kicad_pcb.np.kicad_pcb
v2/ecad/pcb-e1-dock-e7/out/pcb-e1-dock-preroute.kicad_pcb.np.kicad_prl
v2/ecad/pcb-e1-dock-e7/out/pcb-e1-dock-preroute.kicad_pcb.np.kicad_pro
v2/ecad/pcb-e1-dock-e7/out/pcb-e1-dock-quality-run.log
v2/ecad/pcb-e1-dock-e7/out/pcb-e1-dock-quality.log
v2/ecad/pcb-e1-dock-e7/out/pcb-e1-dock-render-bottom.png
v2/ecad/pcb-e1-dock-e7/out/pcb-e1-dock-render-top.png
v2/ecad/pcb-e1-dock-e7/out/pcb-e1-dock-schematic.pdf
v2/ecad/pcb-e1-dock-e7/out/pcb-e1-dock-stub.log
v2/ecad/pcb-e1-dock-e7/out/pcb-e1-dock-top.svg
v2/ecad/pcb-e1-dock-e7/out/pin_map_lands_e.verdict.json
v2/ecad/pcb-e1-dock-e7/out/place_audit.log
v2/ecad/pcb-e1-dock-e7/out/place_audit.png
v2/ecad/pcb-e1-dock-e7/out/place_audit.verdict.json
v2/ecad/pcb-e1-dock-e7/out/port_protect.verdict.json
v2/ecad/pcb-e1-dock-e7/out/port_protect_e.verdict.json
v2/ecad/pcb-e1-dock-e7/out/power_sequence.verdict.json
v2/ecad/pcb-e1-dock-e7/out/preroute-gate.txt
v2/ecad/pcb-e1-dock-e7/out/quality/before-drc.json
v2/ecad/pcb-e1-dock-e7/out/quality/cand-drc.json
v2/ecad/pcb-e1-dock-e7/out/quality/cand.kicad_pcb
v2/ecad/pcb-e1-dock-e7/out/quality/cand.kicad_prl
v2/ecad/pcb-e1-dock-e7/out/quality/cand.kicad_pro
v2/ecad/pcb-e1-dock-e7/out/quality/try.log
v2/ecad/pcb-e1-dock-e7/out/routeflow/20260911T131507Z-1981e812/provenance.json
v2/ecad/pcb-e1-dock-e7/out/routeflow/20260911T131507Z-1981e812/resolved-config.json
v2/ecad/pcb-e1-dock-e7/out/routeflow/20260911T131642Z-1981e812/provenance.json
v2/ecad/pcb-e1-dock-e7/out/routeflow/20260911T131642Z-1981e812/resolved-config.json
v2/ecad/pcb-e1-dock-e7/out/routeflow/20260911T131642Z-1981e812/round1-pre.log
v2/ecad/pcb-e1-dock-e7/out/routeflow/20260911T131642Z-1981e812/services.log
v2/ecad/pcb-e1-dock-e7/out/routeflow/20260911T132006Z-671afea1/provenance.json
v2/ecad/pcb-e1-dock-e7/out/routeflow/20260911T132006Z-671afea1/resolved-config.json
v2/ecad/pcb-e1-dock-e7/out/routeflow/20260911T132006Z-671afea1/round1-finish.log
v2/ecad/pcb-e1-dock-e7/out/routeflow/20260911T132006Z-671afea1/round1-pre.log
v2/ecad/pcb-e1-dock-e7/out/routeflow/20260911T132006Z-671afea1/round2-pre.log
v2/ecad/pcb-e1-dock-e7/out/routeflow/20260911T132006Z-671afea1/services.log
v2/ecad/pcb-e1-dock-e7/out/routeflow/20260911T133805Z-df1bcb75/provenance.json
v2/ecad/pcb-e1-dock-e7/out/routeflow/20260911T133805Z-df1bcb75/resolved-config.json
v2/ecad/pcb-e1-dock-e7/out/routeflow/20260911T133805Z-df1bcb75/round1-pre.log
v2/ecad/pcb-e1-dock-e7/out/routeflow/20260911T133805Z-df1bcb75/services.log
v2/ecad/pcb-e1-dock-e7/out/routeflow/20260911T134324Z-f0a71ad7/provenance.json
v2/ecad/pcb-e1-dock-e7/out/routeflow/20260911T134324Z-f0a71ad7/resolved-config.json
v2/ecad/pcb-e1-dock-e7/out/routeflow/20260911T134324Z-f0a71ad7/round1-pre.log
v2/ecad/pcb-e1-dock-e7/out/routeflow/20260911T134324Z-f0a71ad7/services.log
v2/ecad/pcb-e1-dock-e7/out/routeflow/20260911T134834Z-fb60f543/provenance.json
v2/ecad/pcb-e1-dock-e7/out/routeflow/20260911T134834Z-fb60f543/resolved-config.json
v2/ecad/pcb-e1-dock-e7/out/routeflow/20260911T134834Z-fb60f543/round1-finish.log
v2/ecad/pcb-e1-dock-e7/out/routeflow/20260911T134834Z-fb60f543/round1-pre.log
v2/ecad/pcb-e1-dock-e7/out/routeflow/20260911T134834Z-fb60f543/round2-pre.log
v2/ecad/pcb-e1-dock-e7/out/routeflow/20260911T134834Z-fb60f543/services.log
v2/ecad/pcb-e1-dock-e7/out/routeflow/20260911T141001Z-2fd185f2/provenance.json
v2/ecad/pcb-e1-dock-e7/out/routeflow/20260911T141001Z-2fd185f2/resolved-config.json
v2/ecad/pcb-e1-dock-e7/out/routeflow/20260911T141001Z-2fd185f2/round1-finish.log
v2/ecad/pcb-e1-dock-e7/out/routeflow/20260911T141001Z-2fd185f2/round1-pre.log
v2/ecad/pcb-e1-dock-e7/out/routeflow/20260911T141001Z-2fd185f2/round2-finish.log
v2/ecad/pcb-e1-dock-e7/out/routeflow/20260911T141001Z-2fd185f2/round2-pre.log
v2/ecad/pcb-e1-dock-e7/out/routeflow/20260911T141001Z-2fd185f2/round2-rules.log
v2/ecad/pcb-e1-dock-e7/out/routeflow/20260911T141001Z-2fd185f2/round2.rules
v2/ecad/pcb-e1-dock-e7/out/routeflow/20260911T141001Z-2fd185f2/round3-finish.log
v2/ecad/pcb-e1-dock-e7/out/routeflow/20260911T141001Z-2fd185f2/round3-pre.log
v2/ecad/pcb-e1-dock-e7/out/routeflow/20260911T141001Z-2fd185f2/round3-rules.log
v2/ecad/pcb-e1-dock-e7/out/routeflow/20260911T141001Z-2fd185f2/round3.rules
v2/ecad/pcb-e1-dock-e7/out/routeflow/20260911T141001Z-2fd185f2/services.log
v2/ecad/pcb-e1-dock-e7/out/routeflow/20260911T145843Z-e963ca6c/provenance.json
v2/ecad/pcb-e1-dock-e7/out/routeflow/20260911T145843Z-e963ca6c/resolved-config.json
v2/ecad/pcb-e1-dock-e7/out/routeflow/20260911T145843Z-e963ca6c/round1-finish.log
v2/ecad/pcb-e1-dock-e7/out/routeflow/20260911T145843Z-e963ca6c/round1-pre.log
v2/ecad/pcb-e1-dock-e7/out/routeflow/20260911T145843Z-e963ca6c/services.log
v2/ecad/pcb-e1-dock-e7/out/routeflow/20260921T120454Z-f9b8a70c/best-round1.kicad_pcb
v2/ecad/pcb-e1-dock-e7/out/routeflow/20260921T120454Z-f9b8a70c/best-round1.kicad_prl
v2/ecad/pcb-e1-dock-e7/out/routeflow/20260921T120454Z-f9b8a70c/best-round1.kicad_pro
v2/ecad/pcb-e1-dock-e7/out/routeflow/20260921T120454Z-f9b8a70c/finished-round1.kicad_pcb
v2/ecad/pcb-e1-dock-e7/out/routeflow/20260921T120454Z-f9b8a70c/provenance.json
v2/ecad/pcb-e1-dock-e7/out/routeflow/20260921T120454Z-f9b8a70c/resolved-config.json
v2/ecad/pcb-e1-dock-e7/out/routeflow/20260921T120454Z-f9b8a70c/round1-finish.log
v2/ecad/pcb-e1-dock-e7/out/routeflow/20260921T120454Z-f9b8a70c/round1-pre.log
v2/ecad/pcb-e1-dock-e7/out/routeflow/20260921T120454Z-f9b8a70c/round2-finish-best.log
v2/ecad/pcb-e1-dock-e7/out/routeflow/20260921T120454Z-f9b8a70c/round2-pre.log
v2/ecad/pcb-e1-dock-e7/out/routeflow/20260921T120454Z-f9b8a70c/round2-rules.dsn
v2/ecad/pcb-e1-dock-e7/out/routeflow/20260921T120454Z-f9b8a70c/round2-rules.log
v2/ecad/pcb-e1-dock-e7/out/routeflow/20260921T120454Z-f9b8a70c/round2.rules
v2/ecad/pcb-e1-dock-e7/out/routeflow/20260921T120454Z-f9b8a70c/services.log
v2/ecad/pcb-e1-dock-e7/out/routeflow/20260921T130912Z-1d918ee3/best-round1.kicad_pcb
v2/ecad/pcb-e1-dock-e7/out/routeflow/20260921T130912Z-1d918ee3/best-round1.kicad_prl
v2/ecad/pcb-e1-dock-e7/out/routeflow/20260921T130912Z-1d918ee3/best-round1.kicad_pro
v2/ecad/pcb-e1-dock-e7/out/routeflow/20260921T130912Z-1d918ee3/best-round2.kicad_pcb
v2/ecad/pcb-e1-dock-e7/out/routeflow/20260921T130912Z-1d918ee3/best-round2.kicad_prl
v2/ecad/pcb-e1-dock-e7/out/routeflow/20260921T130912Z-1d918ee3/best-round2.kicad_pro
v2/ecad/pcb-e1-dock-e7/out/routeflow/20260921T130912Z-1d918ee3/finished-round1.kicad_pcb
v2/ecad/pcb-e1-dock-e7/out/routeflow/20260921T130912Z-1d918ee3/finished-round2.kicad_pcb
v2/ecad/pcb-e1-dock-e7/out/routeflow/20260921T130912Z-1d918ee3/provenance.json
v2/ecad/pcb-e1-dock-e7/out/routeflow/20260921T130912Z-1d918ee3/resolved-config.json
v2/ecad/pcb-e1-dock-e7/out/routeflow/20260921T130912Z-1d918ee3/round1-finish.log
v2/ecad/pcb-e1-dock-e7/out/routeflow/20260921T130912Z-1d918ee3/round1-pre.log
v2/ecad/pcb-e1-dock-e7/out/routeflow/20260921T130912Z-1d918ee3/round2-finish.log
v2/ecad/pcb-e1-dock-e7/out/routeflow/20260921T130912Z-1d918ee3/round2-pre.log
v2/ecad/pcb-e1-dock-e7/out/routeflow/20260921T130912Z-1d918ee3/round2-rules.dsn
v2/ecad/pcb-e1-dock-e7/out/routeflow/20260921T130912Z-1d918ee3/round2-rules.log
v2/ecad/pcb-e1-dock-e7/out/routeflow/20260921T130912Z-1d918ee3/round2.rules
v2/ecad/pcb-e1-dock-e7/out/routeflow/20260921T130912Z-1d918ee3/services.log
v2/ecad/pcb-e1-dock-e7/out/routeflow/20260921T155925Z-9df36b11/best-round1.kicad_pcb
v2/ecad/pcb-e1-dock-e7/out/routeflow/20260921T155925Z-9df36b11/best-round1.kicad_prl
v2/ecad/pcb-e1-dock-e7/out/routeflow/20260921T155925Z-9df36b11/best-round1.kicad_pro
v2/ecad/pcb-e1-dock-e7/out/routeflow/20260921T155925Z-9df36b11/finished-round1.kicad_pcb
v2/ecad/pcb-e1-dock-e7/out/routeflow/20260921T155925Z-9df36b11/provenance.json
v2/ecad/pcb-e1-dock-e7/out/routeflow/20260921T155925Z-9df36b11/resolved-config.json
v2/ecad/pcb-e1-dock-e7/out/routeflow/20260921T155925Z-9df36b11/round1-finish.log
v2/ecad/pcb-e1-dock-e7/out/routeflow/20260921T155925Z-9df36b11/round1-pre.log
v2/ecad/pcb-e1-dock-e7/out/routeflow/20260921T155925Z-9df36b11/round2-finish-best.log
v2/ecad/pcb-e1-dock-e7/out/routeflow/20260921T155925Z-9df36b11/round2-pre.log
v2/ecad/pcb-e1-dock-e7/out/routeflow/20260921T155925Z-9df36b11/round2-rules.dsn
v2/ecad/pcb-e1-dock-e7/out/routeflow/20260921T155925Z-9df36b11/round2-rules.log
v2/ecad/pcb-e1-dock-e7/out/routeflow/20260921T155925Z-9df36b11/round2.rules
v2/ecad/pcb-e1-dock-e7/out/routeflow/20260921T155925Z-9df36b11/services.log
v2/ecad/pcb-e1-dock-e7/out/routeflow/journal.jsonl
v2/ecad/pcb-e1-dock-e7/out/safe_lines.log
v2/ecad/pcb-e1-dock-e7/out/safe_lines.verdict.json
v2/ecad/pcb-e1-dock-e7/out/safe_lines_e.verdict.json
v2/ecad/pcb-e1-dock-e7/out/zone_nets.log
v2/ecad/pcb-e1-dock-e7/pcb-e1-dock.kicad_prl
v2/ecad/pcb-e1-dock/logs/freerouting.log
v2/ecad/pcb-e5-block/out/check_contracts.verdict.json
v2/ecad/pcb-e5-block/out/check_contracts_a.verdict.json
v2/ecad/pcb-e5-block/out/check_contracts_b.verdict.json
v2/ecad/pcb-e5-block/out/check_contracts_c.verdict.json
v2/ecad/pcb-e5-block/out/check_contracts_d.verdict.json
v2/ecad/pcb-e5-block/out/check_contracts_e.verdict.json
v2/ecad/pcb-e5-block/out/check_contracts_p.verdict.json
v2/ecad/pcb-e5-block/out/derate.verdict.json
v2/ecad/pcb-e5-block/out/energy_chain.verdict.json
v2/ecad/pcb-e5-block/out/energy_chain_a.verdict.json
v2/ecad/pcb-e5-block/out/energy_chain_b.verdict.json
v2/ecad/pcb-e5-block/out/energy_chain_e.verdict.json
v2/ecad/pcb-e5-block/out/energy_chain_e5.verdict.json
v2/ecad/pcb-e5-block/out/energy_chain_p.verdict.json
v2/ecad/pcb-e5-block/out/inhibit_chain_a.verdict.json
v2/ecad/pcb-e5-block/out/inhibit_chain_b.verdict.json
v2/ecad/pcb-e5-block/out/inhibit_chain_c.verdict.json
v2/ecad/pcb-e5-block/out/inhibit_chain_d.verdict.json
v2/ecad/pcb-e5-block/out/inhibit_chain_e.verdict.json
v2/ecad/pcb-e5-block/out/inhibit_chain_p.verdict.json
v2/ecad/pcb-e5-block/out/interfaces.verdict.json
v2/ecad/pcb-e5-block/out/interfaces_a.verdict.json
v2/ecad/pcb-e5-block/out/interfaces_b.verdict.json
v2/ecad/pcb-e5-block/out/interfaces_c.verdict.json
v2/ecad/pcb-e5-block/out/interfaces_d.verdict.json
v2/ecad/pcb-e5-block/out/interfaces_e.verdict.json
v2/ecad/pcb-e5-block/out/interfaces_e5.verdict.json
v2/ecad/pcb-e5-block/out/interfaces_p.verdict.json
v2/ecad/pcb-e5-block/out/port_protect.verdict.json
v2/ecad/pcb-e5-block/out/port_protect_e5.verdict.json
v2/ecad/pcb-e5-block/out/safe_lines.verdict.json
v2/ecad/pcb-e5-block/out/safe_lines_e5.verdict.json
v2/ecad/pcb-e5-block/pcb-e5-block.kicad_prl
v2/ecad/pcb-p-pack-p2/logs/freerouting.log
v2/ecad/pcb-p-pack-p2/out/build_sch.log
v2/ecad/pcb-p-pack-p2/out/check_contracts.verdict.json
v2/ecad/pcb-p-pack-p2/out/check_contracts_a.verdict.json
v2/ecad/pcb-p-pack-p2/out/check_contracts_b.verdict.json
v2/ecad/pcb-p-pack-p2/out/check_contracts_c.verdict.json
v2/ecad/pcb-p-pack-p2/out/check_contracts_d.verdict.json
v2/ecad/pcb-p-pack-p2/out/check_contracts_e.verdict.json
v2/ecad/pcb-p-pack-p2/out/check_contracts_p.verdict.json
v2/ecad/pcb-p-pack-p2/out/check_p.log
v2/ecad/pcb-p-pack-p2/out/check_pcb_p.verdict.json
v2/ecad/pcb-p-pack-p2/out/check_zone_nets.verdict.json
v2/ecad/pcb-p-pack-p2/out/contracts.log
v2/ecad/pcb-p-pack-p2/out/dc_drop.verdict.json
v2/ecad/pcb-p-pack-p2/out/derate.verdict.json
v2/ecad/pcb-p-pack-p2/out/edge_length.table.json
v2/ecad/pcb-p-pack-p2/out/edge_length.verdict.json
v2/ecad/pcb-p-pack-p2/out/energy_chain.verdict.json
v2/ecad/pcb-p-pack-p2/out/energy_chain_a.verdict.json
v2/ecad/pcb-p-pack-p2/out/energy_chain_b.verdict.json
v2/ecad/pcb-p-pack-p2/out/energy_chain_e.verdict.json
v2/ecad/pcb-p-pack-p2/out/energy_chain_e5.verdict.json
v2/ecad/pcb-p-pack-p2/out/energy_chain_p.verdict.json
v2/ecad/pcb-p-pack-p2/out/erc_gate.log
v2/ecad/pcb-p-pack-p2/out/erc_gate.verdict.json
v2/ecad/pcb-p-pack-p2/out/gate-pcb-p-pack.log
v2/ecad/pcb-p-pack-p2/out/gen3.log
v2/ecad/pcb-p-pack-p2/out/gen_pcb_p.log
v2/ecad/pcb-p-pack-p2/out/gen_sch.log
v2/ecad/pcb-p-pack-p2/out/gerbers/pcb-p-pack-B_Cu.gbl
v2/ecad/pcb-p-pack-p2/out/gerbers/pcb-p-pack-B_Mask.gbs
v2/ecad/pcb-p-pack-p2/out/gerbers/pcb-p-pack-B_Paste.gbp
v2/ecad/pcb-p-pack-p2/out/gerbers/pcb-p-pack-B_Silkscreen.gbo
v2/ecad/pcb-p-pack-p2/out/gerbers/pcb-p-pack-Edge_Cuts.gm1
v2/ecad/pcb-p-pack-p2/out/gerbers/pcb-p-pack-F_Cu.gtl
v2/ecad/pcb-p-pack-p2/out/gerbers/pcb-p-pack-F_Mask.gts
v2/ecad/pcb-p-pack-p2/out/gerbers/pcb-p-pack-F_Paste.gtp
v2/ecad/pcb-p-pack-p2/out/gerbers/pcb-p-pack-F_Silkscreen.gto
v2/ecad/pcb-p-pack-p2/out/gerbers/pcb-p-pack-drl_map.gbr
v2/ecad/pcb-p-pack-p2/out/gerbers/pcb-p-pack-job.gbrjob
v2/ecad/pcb-p-pack-p2/out/gerbers/pcb-p-pack.drl
v2/ecad/pcb-p-pack-p2/out/hardset-after-stitch-prune.verdict.json
v2/ecad/pcb-p-pack-p2/out/hardset-after-stub-router.verdict.json
v2/ecad/pcb-p-pack-p2/out/hardset-deliverable-drc.verdict.json
v2/ecad/pcb-p-pack-p2/out/hardset-drc.verdict.json
v2/ecad/pcb-p-pack-p2/out/hardset-pre-route-drc.verdict.json
v2/ecad/pcb-p-pack-p2/out/hardset-routed-board-gate.verdict.json
v2/ecad/pcb-p-pack-p2/out/hardset.verdict.json
v2/ecad/pcb-p-pack-p2/out/impedance_check.verdict.json
v2/ecad/pcb-p-pack-p2/out/inhibit_chain_a.verdict.json
v2/ecad/pcb-p-pack-p2/out/inhibit_chain_b.verdict.json
v2/ecad/pcb-p-pack-p2/out/inhibit_chain_c.verdict.json
v2/ecad/pcb-p-pack-p2/out/inhibit_chain_d.verdict.json
v2/ecad/pcb-p-pack-p2/out/inhibit_chain_e.verdict.json
v2/ecad/pcb-p-pack-p2/out/inhibit_chain_p.verdict.json
v2/ecad/pcb-p-pack-p2/out/intent_rails.verdict.json
v2/ecad/pcb-p-pack-p2/out/interfaces.log
v2/ecad/pcb-p-pack-p2/out/interfaces.verdict.json
v2/ecad/pcb-p-pack-p2/out/interfaces_a.verdict.json
v2/ecad/pcb-p-pack-p2/out/interfaces_b.verdict.json
v2/ecad/pcb-p-pack-p2/out/interfaces_c.verdict.json
v2/ecad/pcb-p-pack-p2/out/interfaces_d.verdict.json
v2/ecad/pcb-p-pack-p2/out/interfaces_e.verdict.json
v2/ecad/pcb-p-pack-p2/out/interfaces_e5.verdict.json
v2/ecad/pcb-p-pack-p2/out/interfaces_p.verdict.json
v2/ecad/pcb-p-pack-p2/out/jlc/README-fab.txt
v2/ecad/pcb-p-pack-p2/out/jlc/pcb-p-pack-bom.csv
v2/ecad/pcb-p-pack-p2/out/jlc/pcb-p-pack-bom.status
v2/ecad/pcb-p-pack-p2/out/jlc/pcb-p-pack-cpl.csv
v2/ecad/pcb-p-pack-p2/out/jlc/pos-all.csv
v2/ecad/pcb-p-pack-p2/out/jlc/pos-smd.csv
v2/ecad/pcb-p-pack-p2/out/lcsc_fill.verdict.json
v2/ecad/pcb-p-pack-p2/out/netlist_board.log
v2/ecad/pcb-p-pack-p2/out/netlist_board.verdict.json
v2/ecad/pcb-p-pack-p2/out/p3-clean.txt
v2/ecad/pcb-p-pack-p2/out/pack_protection.verdict.json
v2/ecad/pcb-p-pack-p2/out/par-score.txt
v2/ecad/pcb-p-pack-p2/out/parallel-p2.log
v2/ecad/pcb-p-pack-p2/out/pcb-p-pack-1to1-bottom-mirrored.pdf
v2/ecad/pcb-p-pack-p2/out/pcb-p-pack-1to1-top.pdf
v2/ecad/pcb-p-pack-p2/out/pcb-p-pack-board.sha256
v2/ecad/pcb-p-pack-p2/out/pcb-p-pack-bom.csv
v2/ecad/pcb-p-pack-p2/out/pcb-p-pack-build_pcb.log
v2/ecad/pcb-p-pack-p2/out/pcb-p-pack-cleaned.kicad_pcb
v2/ecad/pcb-p-pack-p2/out/pcb-p-pack-dc_drop.json
v2/ecad/pcb-p-pack-p2/out/pcb-p-pack-dc_drop.log
v2/ecad/pcb-p-pack-p2/out/pcb-p-pack-deliverable-counts.txt
v2/ecad/pcb-p-pack-p2/out/pcb-p-pack-deliverable-gate.txt
v2/ecad/pcb-p-pack-p2/out/pcb-p-pack-drc-types.txt
v2/ecad/pcb-p-pack-p2/out/pcb-p-pack-drc.json
v2/ecad/pcb-p-pack-p2/out/pcb-p-pack-drc.rpt
v2/ecad/pcb-p-pack-p2/out/pcb-p-pack-erc.json
v2/ecad/pcb-p-pack-p2/out/pcb-p-pack-erc.json.prov.json
v2/ecad/pcb-p-pack-p2/out/pcb-p-pack-erc.rpt
v2/ecad/pcb-p-pack-p2/out/pcb-p-pack-erc.status
v2/ecad/pcb-p-pack-p2/out/pcb-p-pack-export_jlc.log
v2/ecad/pcb-p-pack-p2/out/pcb-p-pack-gerbers.zip
v2/ecad/pcb-p-pack-p2/out/pcb-p-pack-impedance.json
v2/ecad/pcb-p-pack-p2/out/pcb-p-pack-impedance.log
v2/ecad/pcb-p-pack-p2/out/pcb-p-pack-par-routed.kicad_pcb
v2/ecad/pcb-p-pack-p2/out/pcb-p-pack-placed.kicad_pcb
v2/ecad/pcb-p-pack-p2/out/pcb-p-pack-preroute-drc.json
v2/ecad/pcb-p-pack-p2/out/pcb-p-pack-preroute.kicad_pcb
v2/ecad/pcb-p-pack-p2/out/pcb-p-pack-preroute.kicad_pcb.np.kicad_pcb
v2/ecad/pcb-p-pack-p2/out/pcb-p-pack-preroute.kicad_pcb.np.kicad_prl
v2/ecad/pcb-p-pack-p2/out/pcb-p-pack-preroute.kicad_pcb.np.kicad_pro
v2/ecad/pcb-p-pack-p2/out/pcb-p-pack-prestitch.kicad_pcb
v2/ecad/pcb-p-pack-p2/out/pcb-p-pack-quality-run.log
v2/ecad/pcb-p-pack-p2/out/pcb-p-pack-quality.log
v2/ecad/pcb-p-pack-p2/out/pcb-p-pack-render-bottom.png
v2/ecad/pcb-p-pack-p2/out/pcb-p-pack-render-top.png
v2/ecad/pcb-p-pack-p2/out/pcb-p-pack-schematic.pdf
v2/ecad/pcb-p-pack-p2/out/pcb-p-pack-stub.log
v2/ecad/pcb-p-pack-p2/out/pcb-p-pack-top.svg
v2/ecad/pcb-p-pack-p2/out/pin_map_lands_p.verdict.json
v2/ecad/pcb-p-pack-p2/out/place_audit.log
v2/ecad/pcb-p-pack-p2/out/place_audit.png
v2/ecad/pcb-p-pack-p2/out/place_audit.verdict.json
v2/ecad/pcb-p-pack-p2/out/port_protect.verdict.json
v2/ecad/pcb-p-pack-p2/out/port_protect_p.verdict.json
v2/ecad/pcb-p-pack-p2/out/power_sequence.verdict.json
v2/ecad/pcb-p-pack-p2/out/preroute-gate.txt
v2/ecad/pcb-p-pack-p2/out/prune-score.txt
v2/ecad/pcb-p-pack-p2/out/quality/before-drc.json
v2/ecad/pcb-p-pack-p2/out/quality/cand-drc.json
v2/ecad/pcb-p-pack-p2/out/quality/cand.kicad_pcb
v2/ecad/pcb-p-pack-p2/out/quality/cand.kicad_prl
v2/ecad/pcb-p-pack-p2/out/quality/cand.kicad_pro
v2/ecad/pcb-p-pack-p2/out/quality/try.log
v2/ecad/pcb-p-pack-p2/out/routeflow/20260911T131507Z-d96341a0/provenance.json
v2/ecad/pcb-p-pack-p2/out/routeflow/20260911T131507Z-d96341a0/resolved-config.json
v2/ecad/pcb-p-pack-p2/out/routeflow/20260911T131642Z-d96341a0/provenance.json
v2/ecad/pcb-p-pack-p2/out/routeflow/20260911T131642Z-d96341a0/resolved-config.json
v2/ecad/pcb-p-pack-p2/out/routeflow/20260911T131642Z-d96341a0/round1-pre.log
v2/ecad/pcb-p-pack-p2/out/routeflow/20260911T131642Z-d96341a0/services.log
v2/ecad/pcb-p-pack-p2/out/routeflow/20260911T132006Z-a31937aa/provenance.json
v2/ecad/pcb-p-pack-p2/out/routeflow/20260911T132006Z-a31937aa/resolved-config.json
v2/ecad/pcb-p-pack-p2/out/routeflow/20260911T132006Z-a31937aa/round1-finish.log
v2/ecad/pcb-p-pack-p2/out/routeflow/20260911T132006Z-a31937aa/round1-pre.log
v2/ecad/pcb-p-pack-p2/out/routeflow/20260911T132006Z-a31937aa/round2-pre.log
v2/ecad/pcb-p-pack-p2/out/routeflow/20260911T132006Z-a31937aa/services.log
v2/ecad/pcb-p-pack-p2/out/routeflow/20260911T133346Z-b5dea7a1/provenance.json
v2/ecad/pcb-p-pack-p2/out/routeflow/20260911T133346Z-b5dea7a1/resolved-config.json
v2/ecad/pcb-p-pack-p2/out/routeflow/20260911T133346Z-b5dea7a1/round1-pre.log
v2/ecad/pcb-p-pack-p2/out/routeflow/20260911T133346Z-b5dea7a1/services.log
v2/ecad/pcb-p-pack-p2/out/routeflow/20260911T133813Z-cbe63891/provenance.json
v2/ecad/pcb-p-pack-p2/out/routeflow/20260911T133813Z-cbe63891/resolved-config.json
v2/ecad/pcb-p-pack-p2/out/routeflow/20260911T133813Z-cbe63891/round1-pre.log
v2/ecad/pcb-p-pack-p2/out/routeflow/20260911T133813Z-cbe63891/services.log
v2/ecad/pcb-p-pack-p2/out/routeflow/20260911T134324Z-e81c027a/provenance.json
v2/ecad/pcb-p-pack-p2/out/routeflow/20260911T134324Z-e81c027a/resolved-config.json
v2/ecad/pcb-p-pack-p2/out/routeflow/20260911T134324Z-e81c027a/round1-pre.log
v2/ecad/pcb-p-pack-p2/out/routeflow/20260911T134324Z-e81c027a/services.log
v2/ecad/pcb-p-pack-p2/out/routeflow/20260911T134834Z-6b66e5fe/provenance.json
v2/ecad/pcb-p-pack-p2/out/routeflow/20260911T134834Z-6b66e5fe/resolved-config.json
v2/ecad/pcb-p-pack-p2/out/routeflow/20260911T134834Z-6b66e5fe/round1-finish.log
v2/ecad/pcb-p-pack-p2/out/routeflow/20260911T134834Z-6b66e5fe/round1-pre.log
v2/ecad/pcb-p-pack-p2/out/routeflow/20260911T134834Z-6b66e5fe/round2-finish.log
v2/ecad/pcb-p-pack-p2/out/routeflow/20260911T134834Z-6b66e5fe/round2-pre.log
v2/ecad/pcb-p-pack-p2/out/routeflow/20260911T134834Z-6b66e5fe/round2-rules.log
v2/ecad/pcb-p-pack-p2/out/routeflow/20260911T134834Z-6b66e5fe/round2.rules
v2/ecad/pcb-p-pack-p2/out/routeflow/20260911T134834Z-6b66e5fe/round3-pre.log
v2/ecad/pcb-p-pack-p2/out/routeflow/20260911T134834Z-6b66e5fe/services.log
v2/ecad/pcb-p-pack-p2/out/routeflow/20260911T141001Z-0fbc27e5/provenance.json
v2/ecad/pcb-p-pack-p2/out/routeflow/20260911T141001Z-0fbc27e5/resolved-config.json
v2/ecad/pcb-p-pack-p2/out/routeflow/20260911T141001Z-0fbc27e5/round1-finish.log
v2/ecad/pcb-p-pack-p2/out/routeflow/20260911T141001Z-0fbc27e5/round1-pre.log
v2/ecad/pcb-p-pack-p2/out/routeflow/20260911T141001Z-0fbc27e5/round2-finish.log
v2/ecad/pcb-p-pack-p2/out/routeflow/20260911T141001Z-0fbc27e5/round2-pre.log
v2/ecad/pcb-p-pack-p2/out/routeflow/20260911T141001Z-0fbc27e5/round2-rules.log
v2/ecad/pcb-p-pack-p2/out/routeflow/20260911T141001Z-0fbc27e5/round2.rules
v2/ecad/pcb-p-pack-p2/out/routeflow/20260911T141001Z-0fbc27e5/round3-finish.log
v2/ecad/pcb-p-pack-p2/out/routeflow/20260911T141001Z-0fbc27e5/round3-pre.log
v2/ecad/pcb-p-pack-p2/out/routeflow/20260911T141001Z-0fbc27e5/round3-rules.log
v2/ecad/pcb-p-pack-p2/out/routeflow/20260911T141001Z-0fbc27e5/round3.rules
v2/ecad/pcb-p-pack-p2/out/routeflow/20260911T141001Z-0fbc27e5/services.log
v2/ecad/pcb-p-pack-p2/out/routeflow/20260911T145843Z-ca0888f0/provenance.json
v2/ecad/pcb-p-pack-p2/out/routeflow/20260911T145843Z-ca0888f0/resolved-config.json
v2/ecad/pcb-p-pack-p2/out/routeflow/20260911T145843Z-ca0888f0/round1-finish.log
v2/ecad/pcb-p-pack-p2/out/routeflow/20260911T145843Z-ca0888f0/round1-metrics.json
v2/ecad/pcb-p-pack-p2/out/routeflow/20260911T145843Z-ca0888f0/round1-pre.log
v2/ecad/pcb-p-pack-p2/out/routeflow/20260911T145843Z-ca0888f0/round1-quality.log
v2/ecad/pcb-p-pack-p2/out/routeflow/20260911T145843Z-ca0888f0/services.log
v2/ecad/pcb-p-pack-p2/out/routeflow/journal.jsonl
v2/ecad/pcb-p-pack-p2/out/safe_lines.log
v2/ecad/pcb-p-pack-p2/out/safe_lines.verdict.json
v2/ecad/pcb-p-pack-p2/out/safe_lines_p.verdict.json
v2/ecad/pcb-p-pack-p2/out/stitch_prune.verdict.json
v2/ecad/pcb-p-pack-p2/out/verify_deliverable.verdict.json
v2/ecad/pcb-p-pack-p2/out/zone_nets.log
v2/ecad/pcb-p-pack-p2/pcb-p-pack.kicad_prl
v2/ecad/pcb-p-pack/logs/freerouting.log
v2/ecad/pcb-p-pack/pcb-p-pack.kicad_prl
v2/ecad/tools/out/agent/agent_selftest.verdict.json
v2/ecad/tools/out/assembly_set.verdict.json
v2/ecad/tools/out/check_contracts.verdict.json
v2/ecad/tools/out/check_contracts_a.verdict.json
v2/ecad/tools/out/check_contracts_b.verdict.json
v2/ecad/tools/out/check_contracts_c.verdict.json
v2/ecad/tools/out/check_contracts_d.verdict.json
v2/ecad/tools/out/check_contracts_e.verdict.json
v2/ecad/tools/out/check_contracts_p.verdict.json
v2/ecad/tools/out/closer_audit.verdict.json
v2/ecad/tools/out/derate.verdict.json
v2/ecad/tools/out/doc_provenance.verdict.json
v2/ecad/tools/out/doc_provenance_a.verdict.json
v2/ecad/tools/out/doc_provenance_b.verdict.json
v2/ecad/tools/out/doc_provenance_c.verdict.json
v2/ecad/tools/out/doc_provenance_d.verdict.json
v2/ecad/tools/out/doc_provenance_e.verdict.json
v2/ecad/tools/out/doc_provenance_e5.verdict.json
v2/ecad/tools/out/doc_provenance_p.verdict.json
v2/ecad/tools/out/emc_sheet.verdict.json
v2/ecad/tools/out/energy_chain.verdict.json
v2/ecad/tools/out/energy_chain_a.verdict.json
v2/ecad/tools/out/energy_chain_b.verdict.json
v2/ecad/tools/out/energy_chain_e.verdict.json
v2/ecad/tools/out/energy_chain_e5.verdict.json
v2/ecad/tools/out/energy_chain_p.verdict.json
v2/ecad/tools/out/execution_paths.verdict.json
v2/ecad/tools/out/final_gate.verdict.json
v2/ecad/tools/out/final_gate_a.verdict.json
v2/ecad/tools/out/final_gate_b.verdict.json
v2/ecad/tools/out/final_gate_c.verdict.json
v2/ecad/tools/out/final_gate_d.verdict.json
v2/ecad/tools/out/final_gate_e.verdict.json
v2/ecad/tools/out/final_gate_e5.verdict.json
v2/ecad/tools/out/final_gate_p.verdict.json
v2/ecad/tools/out/ground_system.verdict.json
v2/ecad/tools/out/hardset.verdict.json
v2/ecad/tools/out/interfaces.verdict.json
v2/ecad/tools/out/interfaces_a.verdict.json
v2/ecad/tools/out/interfaces_b.verdict.json
v2/ecad/tools/out/interfaces_c.verdict.json
v2/ecad/tools/out/interfaces_d.verdict.json
v2/ecad/tools/out/interfaces_e.verdict.json
v2/ecad/tools/out/jlc-cache.json
v2/ecad/tools/out/jlc_certify.verdict.json
v2/ecad/tools/out/kb_inventory-excluded.txt
v2/ecad/tools/out/lcsc_fill.verdict.json
v2/ecad/tools/out/ledger_verify.verdict.json
v2/ecad/tools/out/pin_map_lands_a.verdict.json
v2/ecad/tools/out/pin_map_lands_e.verdict.json
v2/ecad/tools/out/port_protect.verdict.json
v2/ecad/tools/out/port_protect_e.verdict.json
v2/ecad/tools/out/power_sequence.verdict.json
v2/ecad/tools/out/reliability.verdict.json
v2/ecad/tools/out/reserved.verdict.json
v2/ecad/tools/out/routeflow_validate.verdict.json
v2/ecad/tools/out/sensitive_nodes.verdict.json
v2/ecad/tools/out/stale_readings.verdict.json
v2/ecad/tools/out/verify_deliverable.verdict.json
v2/ecad/tools/out/verify_deliverable_e.verdict.json
v2/ecad/tools/out/verify_deliverable_e5.verdict.json
v2/ecad/tools/tests/out/hardset.verdict.json
v2/ecad/tools/tests/out/lcsc_fill.verdict.json
v2/ecad/tools/tests/out/routeflow_validate.verdict.json
v2/out/claims_check.verdict.json
v2/out/energy_chain.verdict.json
