L5-PWR: LAYER 5'S POWER PASS, READ BACK (MESHSAT-1357, set 27, 3 October 2026). Prototype design: nothing built, powered or
measured; this is a check of the contracts' text against the Layer 4 records' text. Marks: MAKER (a maker's printed row),
INFERRED, MODELED, PROVISIONAL (an open condition, its trigger named), RULE (a session rule), TEST (a bench row), NETLIST;
DRAFTED (R-nn): true of a release-guarded Layer 4 draft that no generator carries yet. Restated at set 28 (finding F-12):
the rows whose cited figures set 27's Layer 4 corrections changed, against the tree's Layer 4 records (section 1a).

0. INPUTS (sha256; the targets as written at 1e18a1ca, read from this branch's history, and the sources read from the tree)
   yaml       22aeae7530c8f52361c248f7d923e2bbd0be700d71e353c188fedd3705d035fb  1e18a1ca@v2/ecad/tools/pcb_interfaces.yaml
   hwfw       7b8cb44aeb5547911ca04c2468f18d5dcdb19f03a533e093f31a1fce2e48e758  1e18a1ca@v2/docs/HW-FW-CONTRACT.md
   panel      3f380ef79c6bc54ab1053584a723e5b17d1c9ebf675d6c689c094715bf9284f6  1e18a1ca@v2/docs/PANEL.md
   l4e9md     d8882cd01e9df691591e94c5d5b979f7d16615d3d0f6d7fcfc0841d2fabaedd0  v2/docs/records/l4e9/L4-POWER-ARCHITECTURE.md
   l4e9out    20e0ba253a15a05bbc3515776e8d2b28fa6aa47db1c20fc94d572a881f1d0a69  v2/docs/records/l4e9/l4e9_power_path.out
   reg        a2e63ac72de835867aa27160dd9dff0bb634da11599745218e91ba99e8376e89  v2/docs/records/l4e9/DOWNSTREAM-REGISTER.md
   hand       2b9e8064e7c8e048d03ac000fb6adbb9fa3d95e0f18b3c05392cc6aa2c2cfe6f  v2/docs/records/l4e9/LAYER5-HANDOVER.md
   l4e11md    101b9896de5195619dda7fb97eafd24fd349abaeb879bb79edc4456ced6bf4b3  v2/docs/records/l4e11/L4E11-SOURCE-ONLY-AND-ENTRY.md
   l4e11out   f4e716036854db03704acb4263cf9f47ae1b0d02ac7ccd6bfc36f7a05c59c744  v2/docs/records/l4e11/l4e11_power.out
   l4e11entry a859aa4a63339f3aab927bc14afd7077cb66668e68858e41fcd53a926c7551f1  v2/docs/records/l4e11/apply_gen_sch_e_entry.py
   l4e12md    b0e303a557e38898dc2755db0c8ff25186ca38c65e439d2fe572899d433eefc9  v2/docs/records/l4e12/L4E12-ELECTRONICS-THERMAL.md
   l4e13md    1c7f11716db4c2f2d1fa31327050afac8eb225c8ed8552091845cbdb090bf191  v2/docs/records/l4e13/L4E13-PANEL.md
   l4e4md     8673066ddef038e483202b6d906960f2a83fcc84c5a0a7f299308f71f6706b74  v2/docs/records/l4e4/L4E4-CURRENT-LIMITS.md
   l4e7md     8f6b173d8329c5dd6003fc026bf7606f769d83c87b39a808c0b295e533c0c754  v2/docs/records/l4e7/L4E7-CONTROL-DECISION.md
   read at a commit for set 28's restatement (F-12): the restated rows' sources as this pass read them (2c240414) and the targets as
   set 28 carries them (5515ecc0), both from this branch's history
   hand@base     ebba684d01f219235aedf3ba20ccbae7f9c36a1c97443f18ed8997dee88dbeb9  2c240414@v2/docs/records/l4e9/LAYER5-HANDOVER.md
   hwfw@set28    d683b31a0ec5a9a4f34036c54a708f868cd8abd4d320c280e81db435fc5001d4  5515ecc0@v2/docs/HW-FW-CONTRACT.md
   l4e11md@base  188ac85879346be5f896e6f8212abf853f4751cc25ec6a6ee4b495ee3b705cbd  2c240414@v2/docs/records/l4e11/L4E11-SOURCE-ONLY-AND-ENTRY.md
   l4e11out@base e287cbffb247de4ab96a9cde4e046fb891f22b7d8425146efd08dee766ea84ef  2c240414@v2/docs/records/l4e11/l4e11_power.out
   l4e9md@base   5b818bceafdf1dfd8ba18738fe21ab0e839fe2c7f06ca11fb3a0ea1a842acfb4  2c240414@v2/docs/records/l4e9/L4-POWER-ARCHITECTURE.md
   reg@base      af4b17762723c20a6bf4dd0d8554319ffd8920fae2125495f2f5fd32ac963995  2c240414@v2/docs/records/l4e9/DOWNSTREAM-REGISTER.md
   yaml@set28    4784a61af08405343a774ca4951fc6ea4ef9be1ad5cc68787cd29a15c0641a22  5515ecc0@v2/ecad/tools/pcb_interfaces.yaml

1. THE TABLE AS WRITTEN (46 entries, 259 figures; every excerpt found in its target, every figure printed by a cited source but
   the 20 that no longer stand, which section 1a restates and checks as printed by their sources at 2c240414)
   LH-01a | IF-EXT-DC | levels (DC) | target v2/ecad/tools/pcb_interfaces.yaml
      text: per source at VBAT at the plug, the losses hot: 9 V 29.09 to 42.52 W, 12 V 32.22 to 47.72 W, 24 V 69.97 to 90.81 W, 36 V 84.55 to 99.64 W (INFERRED, U3 0.9733)
      source: v2/docs/records/l4e11/L4E11-SOURCE-ONLY-AND-ENTRY.md; 3h, the source envelope at the plug
      figures: 29.09, 42.52, 32.22, 47.72, 69.97, 90.81, 84.55, 99.64, 0.9733
      mark: INFERRED; PROVISIONAL (REQ-015 at 9.00 V a CONDITIONAL CANDIDATE)
      trigger: E11-06: P1 over 20.51 W or the front end under 0.88021 at a 9.00 V plug; E11-09 (the knee drawn); E11-23 (the warm-up time)
      criteria: 5.4
   LH-01b | IF-EXT-DC | current.dc | target v2/ecad/tools/pcb_interfaces.yaml
      text: in service at most 5.983 A from a 9.00 V plug (VIN_RAW 8.148 V), 6.4 percent under the breaker's lowest 6.364 A
      source: v2/docs/records/l4e9/L4-POWER-ARCHITECTURE.md; 1d, row IF-05 and the stages' summary
      figures: 5.983, 8.148, 6.4 %, 6.364, 0.88021
      mark: INFERRED (the breaker's rows MAKER, SLUSEE5E); DRAFTED R-123
      trigger: E11-06's measurement of the front end's efficiency at the operating point
      criteria: 5.5
   LH-01c | IF-EXT-DC | protection (the selected entry) | target v2/ecad/tools/pcb_interfaces.yaml
      text: UVLO on at 7.87 / 8.14 / 8.44 V and off at 7.46 / 7.66 / 7.95 V of DC_P; OV off above 39.6 / 40.36 / 41.22 V, clear of CS101's 38.83 V at 36 V and under D10's 44.4 V
      source: v2/docs/records/l4e9/L4-POWER-ARCHITECTURE.md, v2/docs/records/l4e9/LAYER5-HANDOVER.md; 1d rows IF-04 and IF-05, 4a, 4e; LH-01
      figures: 7.87 / 8.14 / 8.44, 7.46 / 7.66 / 7.95, 39.6 / 40.36 / 41.22, 38.83, 44.4, 6.364 / 6.8 / 7.136, 0.247 / 0.37 / 0.49, 10.36 / 12.04 / 13.87, 2.08 uH, 66.15, 0997010.WXN, 900 A
      mark: MAKER (SLUSEE5E rows), INFERRED; DRAFTED R-123, R-17, R-18; PROVISIONAL (the hard short, D-06)
      trigger: the loop's inductance under 2.08 uH for a hard short in service (R-134, OPEN); D-06's makers' installed and short-time ratings and F1's clearing I2t (R-113, R-115, R-129 to R-132)
      criteria: 5.4, 5.5
   LH-01d | IF-EXT-DC | tbd (the interconnect) | target v2/ecad/tools/pcb_interfaces.yaml
      text: the loop read four-wire at 58.51 to 64.21 mOhm on every assembly (R-130)
      source: v2/docs/records/l4e9/DOWNSTREAM-REGISTER.md; R-130
      figures: 58.51, 64.21
      mark: INFERRED; PROVISIONAL
      trigger: R-113, R-115, R-129 to R-132 filed
      criteria: 5.5
   LH-02a | IF-EXT-DC | levels (solar) | target v2/ecad/tools/pcb_interfaces.yaml
      text: Vm20 + U_V at most 25.000 V at -20 C and 1000 W/m2, Voc25 20.315 to 22.156 V for its curve shape
      source: v2/docs/records/l4e9/L4-POWER-ARCHITECTURE.md, v2/docs/records/l4e13/L4E13-PANEL.md; 1d rows IF-01 and IF-02; L4E13-PANEL.md (PANEL-ACC, the conditioned hold)
      figures: 25.000, 20.315, 22.156, 17.593, 16.970, 18.221, 16.420, 18.813, 31.6k, 2.5485, 2.9318, 44.84, 53.42, 3.0468, 3.7408, 93.5521, 168.8, 22.0 mA, 73.3436
      mark: MODELED (L4-E7R); PROVISIONAL (PANEL-ACC, no unit accepted; G_CM and the VIN+ bias)
      trigger: PANEL-ACC's measurement of the one unit (R-35); the makers' answers on G_CM and U18's VIN+ bias (R-101)
      criteria: 5.4
   LH-02b | IF-EXT-DC | current.solar | target v2/ecad/tools/pcb_interfaces.yaml
      text: in operation at most 3.987 A (PANEL-ACC A-3(a), INFERRED), the conservative bound over L4-E7R's regulation (RIMON_IN 31.6k, 2.5485 A nominal, at most 2.9337 A at 25 V)
      source: v2/docs/records/l4e9/L4-POWER-ARCHITECTURE.md, v2/docs/records/l4e13/L4E13-PANEL.md; 1d row IF-01; L4E13-PANEL.md A-3
      figures: 3.987, 2.9337, 8.1817, 1.25, 10 A
      mark: INFERRED (the 1.25 factor MAKER); PROVISIONAL
      trigger: R-29 (the lead's gauge named by Layer 7); R-148 (A-3(c))
      criteria: 5.5
   LH-02c | IF-EXT-DC | tbd (A-3(c)) | target v2/ecad/tools/pcb_interfaces.yaml
      text: J_SOLAR and PV_IN carry 13.82 A at the design level 2111.4 W/m2
      source: v2/docs/records/l4e9/DOWNSTREAM-REGISTER.md; R-148
      figures: 13.82, 2111.4
      mark: INFERRED (a COMPONENT_LIMITATION); PROVISIONAL
      trigger: R-148: a rating of at least 13.82 A or a bench row before the panel is accepted
      criteria: 5.5
   LH-02d | IF-EXT-DC | protection (the solar stage) | target v2/ecad/tools/pcb_interfaces.yaml
      text: the INB filter, five 100 nF C0G across R66 8.45k (3.960 to 4.496 ms); SWEN off by default below 2.662 V on TRK_LDO33; a response inside 1.087 ms after the filter's 0.4205 J held charge
      source: v2/docs/records/l4e9/L4-POWER-ARCHITECTURE.md; 1d rows IF-01 and IF-02, 4e
      figures: 8.45k, 3.960, 4.496, 2.662, 1.087, 0.4205, 0.0585, 0.1130, 2.51
      mark: MODELED (L4-E7R); DRAFTED R-12, R-19 to R-21, R-98; PROVISIONAL
      trigger: the loop's typical rows (break-even 2.51 times), the bulk's temperature and the bank's pulse capability: M2 (R-122)
      criteria: 5.4
   S27-B6 | IF-EXT-DC | protection (the guard already on) | target v2/ecad/tools/pcb_interfaces.yaml
      text: every rating with its margin only from a source loop of at least 3.30 uH (U5 0.2396 V of +-0.240 V, a DESIGN TARGET), NOT under it (at 1.00 uH U5 0.5287 V)
      source: v2/docs/records/l4e9/L4-POWER-ARCHITECTURE.md; 4e (the guard-on row), 8a D-10
      figures: 3.30 uH, 0.2396, 0.240, 1.00 uH, 0.5287, 28.55, 31.06, 27.07, 60.3, 11.4 us
      mark: MODELED (L4-E7 round 2); DRAFTED R-173; PROVISIONAL, NOT CLOSED
      trigger: B6-ENG-1: R-180 (the loop bounded and measured), R-186 (Analog Devices' answer on a sense-pin filter) or R-187 (the sense moved); L4-E7's round 3 on B6 is running and re-reads this sentence
      criteria: 5.4
      RESTATED AT SET 28 (F-12): section 1a
   LH-03a | IF-AE-DOCK | vin_raw.voltage | target v2/ecad/tools/pcb_interfaces.yaml
      text: solar 7.378 V (the corrected knee's certain HIZ, L4-E9 R-03, a specification) to 30.15 V (the tracker's raised ceiling, R10 232 k; L4-E5, DRAFTED); vehicle 9 to 36 V at the plug (VIN_RAW 8.148 V at 5.983 A from a 9.00 V plug; INFERRED); at most 41.22 V
      source: v2/docs/records/l4e9/L4-POWER-ARCHITECTURE.md; 1d row IF-06
      figures: 7.378, 30.15, 8.148, 5.983, 41.22, 43.18, 64.5
      mark: INFERRED; R-03 a specification; DRAFTED R-03, R-123
      trigger: R-03's network drawn to the knee (Layer 8); the OV maximum follows R-123's parts
      criteria: 5.4
   LH-03b | IF-AE-DOCK | vin_raw.in_service | target v2/ecad/tools/pcb_interfaces.yaml
      text: fault current at most 11.65 A at R11 8 mOhm and R12 12 mOhm (13.315 A at 7 mOhm), inside the declared 14.10 A and the four 9 A pins (3.88 A each with one open)
      source: v2/docs/records/l4e9/L4-POWER-ARCHITECTURE.md, v2/docs/records/l4e9/LAYER5-HANDOVER.md; 1d rows IF-06 and IF-07; LH-03 (the 3.88 A with one pin open)
      figures: 11.65, 13.315, 14.10, 3.88, 4.22
      mark: MODELED; R11 and R12 DRAFTED R-04, R-01
      trigger: R11's 7 mOhm fallback (V-A07) moves the fault bound to 13.315 A, still inside 14.10 A
      criteria: 5.5
   LH-03c | IF-AE-DOCK | vin_raw.properties | target v2/ecad/tools/pcb_interfaces.yaml
      text: U34's restart guard falls at 6.754 to 7.139 V (R14 76.8k, L4-E9 R-124, DRAFTED), at least 0.1 V under the knee's certain HIZ 7.378 V; as drawn it falls at up to 8.309 V
      source: v2/docs/records/l4e9/L4-POWER-ARCHITECTURE.md; 1d row IF-07, 4a
      figures: 6.754, 7.139, 76.8k, 8.309, 7.378
      mark: INFERRED; DRAFTED R-124
      trigger: R-124's fitted parts: the guard's fall read on the regenerated board
      criteria: 5.7
   LH-04a | IF-AE-DOCK pack_pins; IF-PE-PACK power | charge | target v2/ecad/tools/pcb_interfaces.yaml
      text: at most 3.0 A (FW-A02; REQ-075 3.06 A), under the gauge's OCC 5 A
      source: v2/docs/records/l4e9/L4-POWER-ARCHITECTURE.md; 1d row IF-10
      figures: 3.0 A, 3.06, OCC 5 A
      mark: MAKER (the gauge's OCC), INFERRED
      trigger: FW-A02's setting; R-28 re-derives it at bring-up
      criteria: 5.5
   LH-04b | IF-AE-DOCK pack_pins; IF-PE-PACK power | service | target v2/ecad/tools/pcb_interfaces.yaml
      text: PS-ALLTX's 18 A at an 11.48 V stack and OCD1's 20 A below 10.42 V (pwr_budget.out D-11 line; MODELED)
      source: v2/docs/records/l4e9/L4-POWER-ARCHITECTURE.md, v2/docs/records/l4e9/LAYER5-HANDOVER.md; 1d row IF-10; LH-04
      figures: 11.48, 10.42, PWR-F12
      mark: MODELED; PROVISIONAL
      trigger: PWR-F12 (FEA-004): the chain's short-time rating at 18 A and F2 near +60 C
      criteria: 5.5
      RESTATED AT SET 29 (L5-F13): section 1a
   S27-01 | IF-AE-DOCK | pin1_vsys_dock (the new row of set 27) | target v2/ecad/tools/pcb_interfaces.yaml
      text: U42's I(OL) 1.4713 to 1.8018 A at R(ILIM) 11.0 kOhm 0.1 percent
      source: v2/docs/records/l4e11/L4E11-SOURCE-ONLY-AND-ENTRY.md, v2/docs/records/l4e11/l4e11_power.out; 16e, 17a; out 16 and 17
      figures: 1.4713, 1.8018, 11.0 kOhm, 0.1486, 9.539, 11.905, 202 ms, 500 to 800 ms, 566 A, 4.5 us, 41.1 V, 20 nH, 1.7 mA, 0.1408, 2.238, 2.406, 79.3, 28.6
      mark: INFERRED from MAKER rows (SLVSET9G); DRAFTED R-157, R-177, R-178, R-181; PROVISIONAL (L4-F03: remedy drafted, qualification open)
      trigger: E11-38 (R-184): a limit read outside 1.471 to 1.802 A, the hard short's cases, the 813's resistance after them; E11-35 (R-179): a fan or U12 current over 1.471 A
      criteria: 5.2, 5.5, 5.7
      RESTATED AT SET 28 (F-12): section 1a
   S27-02a | IF-AE-DOCK pin1_vsys_dock; IF-E-FANS sequencing | the fans' start rule | target v2/ecad/tools/pcb_interfaces.yaml
      text: both fans together at most 0.3356 A each, one at a time at most 0.5713 A (the other running at 0.1 A), VSYS_E at the least limit at least 9.494 V at the supplement floor
      source: v2/docs/records/l4e11/L4E11-SOURCE-ONLY-AND-ENTRY.md, v2/docs/records/l4e11/l4e11_power.out; 17a; out 17
      figures: 0.3356, 0.5713, 0.1 A, 9.494, 1.471
      mark: INFERRED; DRAFTED R-177, R-181; PROVISIONAL
      trigger: a fan named whose start exceeds 0.5713 A (E11-35, R-179); U42's limit read outside its band (E11-38)
      criteria: 5.6, 5.11
      RESTATED AT SET 28 (F-12): section 1a
   S27-02b | FW-E11 | the fans' start stagger as a firmware row | target v2/docs/HW-FW-CONTRACT.md
      text: Start the mixer fans one at a time, each with a PWM ramp, never both within 1 s and never while U12 starts (E11-39, R-188)
      source: v2/docs/records/l4e11/l4e11_power.out, v2/docs/records/l4e9/DOWNSTREAM-REGISTER.md; out 17 (E11-39); R-188
      figures: 0.5713, 1.471, PWM ramp
      mark: RULE (L4-E11 17a, SESSION); DRAFTED R-177, R-181; PROVISIONAL
      trigger: a fan named whose start exceeds 0.5713 A (E11-35, R-179); U42's limit read outside 1.471 to 1.802 A (E11-38, R-184)
      criteria: 5.6, 5.11
      RESTATED AT SET 28 (F-12): section 1a
   S27-03 | V-E16 (IF-EXT-DC bench) | R-176 rows 1 to 6 where they bind the solar port | target v2/docs/HW-FW-CONTRACT.md
      text: (5) Q13's leakage at the hot end, under 32.1 uA; (6) no short-circuit trip with C126 at 330 pF in operation and under CS116 (R-174)
      source: v2/docs/records/l4e9/DOWNSTREAM-REGISTER.md; R-176
      figures: 28.55 to 31.06, 27.07, 75 V, 0.240, 61 A, 12 us, 31.80, 32.1 uA, 330 pF, 3.30 uH
      mark: TEST rows (the bounds MODELED and MAKER); DRAFTED R-173; row 3 PROVISIONAL
      trigger: row 3 a pass only for a loop at or over 3.30 uH until B6-ENG-1 is decided
      criteria: 5.4
      RESTATED AT SET 28 (F-12): section 1a
   LH-05 | IF-EXT-USB | current (the outlet's trip) | target v2/ecad/tools/pcb_interfaces.yaml
      text: U18's trip at 3.793 to 4.576 A (VI(TRIP) 19.2 to 22.6 mV, MAKER, with 1 percent and 50 ppm/K over 45 K), above every 3 A contract and under the Bulgin PXP4043/C receptacle's 5 A; as drawn R138 10 mOhm trips at 1.897 to 2.288 A
      source: v2/docs/records/l4e4/L4E4-CURRENT-LIMITS.md; the chosen values (R138); the outlet's bench procedure
      figures: 3.793, 4.576, 19.2, 22.6, 50 ppm/K, 45 K, PXP4043/C, 1.897, 2.288, 4.212, 5.810, C2903482
      mark: MAKER rows (SLVSDG8B), INFERRED; DRAFTED R-02
      trigger: VI(TRIP)'s row at L4-E4's bench (a); J_USBC_OUT's header and its rating (R-30)
      criteria: 5.5
   LH-06a | IF-AB-POWER currents (+54V_POE) | monitor | target v2/ecad/tools/pcb_interfaces.yaml
      text: full scale 81.92 mV over 5 mOhm is 16.384 A (Current_LSB 0.5 mA, CAL 2048); 3.682 A at a 10.0 V stack for 0.6 A at 54 V over 0.88, 14.33 A at the stage's fault bound (72.38 mV)
      source: v2/docs/records/l4e9/L4-POWER-ARCHITECTURE.md, v2/docs/records/l4e9/DOWNSTREAM-REGISTER.md; 1d row IF-13 and part A; R-27
      figures: 81.92, 16.384, 0.5 mA, 2048, 3.682, 14.33, 72.38, 1.731, 3.025, 76.25, 1.475, 20.135, 0.88
      mark: INFERRED from MAKER rows (SBOS547C); DRAFTED R-06; PROVISIONAL (R227's pulse rating)
      trigger: R-101 (R227's pulse rating and capacitance envelope); R-120, R-121 (L10's L(I) at temperature)
      criteria: 5.4, 5.11
   LH-06b | FW-A09 | U17's readings restated | target v2/docs/HW-FW-CONTRACT.md
      text: its readings are the PoE stage's INPUT current and POE_VIN (VBUS pin 8 is on POE_VIN; VBAT is POE_VIN plus the shunt's drop)
      source: v2/docs/records/l4e9/DOWNSTREAM-REGISTER.md; R-27
      figures: 16.384, 0.5 mA, 2048, 1.731, 3.025
      mark: INFERRED; DRAFTED R-06
      trigger: as LH-06a
      criteria: 5.11
   LH-07a | FW-A16 | LH-07's condition | target v2/docs/HW-FW-CONTRACT.md
      text: IIN_HOST is written 4.70 A only on a board A whose netlist carries the ILIM_HIZ network (H3, FW-A18); on a board without it the derated 4.00 A of r11dep applies (R11 10 mOhm)
      source: v2/docs/records/l4e9/LAYER5-HANDOVER.md, v2/docs/records/l4e9/DOWNSTREAM-REGISTER.md; LH-07; R-25
      figures: 4.70, 4.00, R11 10 mOhm
      mark: INFERRED (L4-E4, L4-E5, r11dep); FW-A18 OWED
      trigger: R-03's network drawn (Layer 8), after which the condition is met on every regenerated board
      criteria: 5.11
   LH-07b | V-A08 | restated for the selected entry | target v2/docs/HW-FW-CONTRACT.md
      text: the entry's U6 never asserts FLT_I (its current over the breaker's lowest 6.364 A for less than 0.247 ms, its filtered short-circuit sense under 10.36 A), VIN_RAW never falls below 7.24 V
      source: v2/docs/records/l4e9/DOWNSTREAM-REGISTER.md, v2/docs/records/l4e11/L4E11-SOURCE-ONLY-AND-ENTRY.md; R-135, R-76; 7a (E11-21)
      figures: 6.364, 0.247, 10.36, 7.24
      mark: MAKER rows; DRAFTED R-123
      trigger: R-123's parts; R-76 reads it on the bench
      criteria: 5.6, 5.11
   LH-08 | V-E14 | REQ-015's bench row | target v2/docs/HW-FW-CONTRACT.md
      text: the vehicle supply reversed at -36 V and then at +40 V: no damage; DC_P, DC_F and Q1's VDS recorded (at most 66.2 V reversed); the entry's OV trip inside 39.6 to 41.22 V
      source: v2/docs/records/l4e9/LAYER5-HANDOVER.md; LH-08
      figures: -36 V, +40 V, 66.2, 39.6 to 41.22, 8.44
      mark: TEST row (the bounds MAKER and INFERRED); DRAFTED R-123, R-17
      trigger: R-123 and R-17 applied; the interconnect's resistance ceiling (R-130)
      criteria: 5.4
   LH-09 | V-E15 | REQ-016's backstop bench row | target v2/docs/HW-FW-CONTRACT.md
      text: the input current at which SWEN falls, at 17.6 V and 25 V, inside 3.0468 to 3.7408 A at 25 V, at commissioning and at layer 8's interval
      source: v2/docs/records/l4e9/LAYER5-HANDOVER.md, v2/docs/records/l4e9/L4-POWER-ARCHITECTURE.md; LH-09; 1d row IF-02
      figures: 17.6, 3.0468, 3.7408
      mark: TEST row (the bounds MODELED, L4-E7R); DRAFTED R-19 to R-21
      trigger: L4-E7R's stocked RIMON_IN and R66
      criteria: 5.4
   LH-10a | FW-C08 | SHORE_INHIBIT restated | target v2/docs/HW-FW-CONTRACT.md
      text: Asserted only on the operator's 'inputs off' and on the water-on-floor isolation, never for a temperature or 'no charge' hold
      source: v2/docs/records/l4e11/L4E11-SOURCE-ONLY-AND-ENTRY.md; 7a
      figures: none (a rule or a state, not a figure)
      mark: RULE (L4-E11's R-a, SESSION)
      trigger: none: a rule, reversed only by L4-E11 reversing R-a
      criteria: 5.7, 5.11
   LH-10b | FW-A14 | CHG_INHIBIT restated | target v2/docs/HW-FW-CONTRACT.md
      text: asserted only by firmware, never as a charge hold (a hold is the CHRG_INHIBIT bit or ChargeCurrent 0, FW-A19), and never while the pack cannot discharge (S2, S4
      source: v2/docs/records/l4e11/L4E11-SOURCE-ONLY-AND-ENTRY.md; 7a
      figures: none (a rule or a state, not a figure)
      mark: RULE (SESSION)
      trigger: none
      criteria: 5.7, 5.11
   LH-10c | PANEL.md section 10 | the charge-hold sentence | target v2/docs/PANEL.md
      text: No hold uses the CHG_INHIBIT line or SHORE_INHIBIT.
      source: v2/docs/records/l4e11/L4E11-SOURCE-ONLY-AND-ENTRY.md; 7a
      figures: none (a rule or a state, not a figure)
      mark: RULE (SESSION)
      trigger: none
      criteria: 5.11
   LH-10d | FW-E13 | DCIN_PGD the entry's fault flag | target v2/docs/HW-FW-CONTRACT.md
      text: Read it as the entry's FAULT FLAG, no longer a power-good line
      source: v2/docs/records/l4e11/L4E11-SOURCE-ONLY-AND-ENTRY.md, v2/docs/records/l4e11/apply_gen_sch_e_entry.py; 7a; the entry draft's pin map
      figures: FLT_I, FLT_T, DCIN_PGD
      mark: DRAFTED R-123
      trigger: R-123 applied: until then the drawn line is the LM5069's power good
      criteria: 5.7
   LH-10e | FW-A19 | rule R-a, the hold's flag and the state table | target v2/docs/HW-FW-CONTRACT.md
      text: S4 (both off: below -9 C, SHUTDOWN, a permanent fail, no pack) the gauge holds and as drawn the bit is NOT set
      source: v2/docs/records/l4e11/L4E11-SOURCE-ONLY-AND-ENTRY.md; section 4 (rule R-a)
      figures: -9 C, SHUTDOWN, 256 mA, Q-TI-3
      mark: RULE (SESSION); S2's N2 OPEN; the (B1) half DRAFTED R-157, R-158
      trigger: N2 (Q-TI-3, E11-06): whether VSYS stays regulated in S2 with the charge inhibited; under (B1) S4's exception is withdrawn (R-158)
      criteria: 5.6, 5.11
   LH-10f | FW-A20 | rules R-b and R-b' | target v2/docs/HW-FW-CONTRACT.md
      text: exactly two settings, 0x0000 (no charge) and 0x0200 (1024 mA set), and no value under 0x0200
      source: v2/docs/records/l4e11/L4E11-SOURCE-ONLY-AND-ENTRY.md; section 4 (rule R-b), 15c (R-b')
      figures: 0x0000, 0x0200, 1024 mA, 14.0 V, 0.8314, 1.2567, 1.257 W, 124.9, 384 mA, 21.22, 17.59, 0x0080, 0.33616, 5.7 V
      mark: MAKER row (SLUSE66A p.10), INFERRED; PROVISIONAL
      trigger: E11-22: cases (ii) and (iii), and board P's copper giving TI's 50 C/W
      criteria: 5.11
   LH-10g | FW-A21 | rule R-c, the shedding sequence | target v2/docs/HW-FW-CONTRACT.md
      text: P1 shed, the two mixer fans, the HF module, the Geiger module and the 5G module held off, the bridge, GNSS, Iridium and the panel (the SOS path) kept, P1 at most 20.51 W at VBAT
      source: v2/docs/records/l4e11/L4E11-SOURCE-ONLY-AND-ENTRY.md; 3g, section 4 (rule R-c), 15b
      figures: 20.51, 8.58, 28.12, 0.98 W, 19.57, 35.24, 3.062
      mark: MODELED (hc2's and rv-pwr's models); PROVISIONAL
      trigger: E11-06 (P1 measured, the front end's efficiency), E11-23 (the warm-up time), E11-31 (the start's first window)
      criteria: 5.6, 5.11
   LH-10h | FW-A22 | rule R-d | target v2/docs/HW-FW-CONTRACT.md
      text: the image keeps PCHG_COMM 1 and the SUV check (SUV permanent fail at 1.0 V), with Q-TI-7 open
      source: v2/docs/records/l4e11/L4E11-SOURCE-ONLY-AND-ENTRY.md; section 4 (rule R-d)
      figures: PCHG_COMM 1, Q-TI-7
      mark: RULE (the image)
      trigger: Q-TI-7's answer
      criteria: 5.11
   S27-B1 | FW-A23 | (B1)'s registers at boot | target v2/docs/HW-FW-CONTRACT.md
      text: EN_OOA written 0 first (the printed VSYS accuracy holds only after that write, E11-31); ChargeCurrent written for any charge (0 A at POR and after the watchdog's 175 s
      source: v2/docs/records/l4e9/DOWNSTREAM-REGISTER.md, v2/docs/records/l4e11/L4E11-SOURCE-ONLY-AND-ENTRY.md; R-158; 15a, 12c
      figures: EN_OOA 0, D5h, 12.054, 12.546, 150 mV, 11.96
      mark: MAKER rows (SLUSE65A); DRAFTED R-157, R-158
      trigger: R-157's release record; R-161 (E11-31) reads the registers back on the build
      criteria: 5.6, 5.11
   LH-11a | FW-C15 | the margin hold as a mode | target v2/docs/HW-FW-CONTRACT.md
      text: Trigger: a reading at or over 68.65 C of mixed air plus the reference's calibrated offset
      source: v2/docs/records/l4e12/L4E12-ELECTRONICS-THERMAL.md; section 6 (the hold's trigger window)
      figures: 68.65, 0.899099, 67.55, 70.00, 2.45 K, 5.64 K, 2.159, 30 minutes
      mark: MODELED (L4-E12, SESSION); PROVISIONAL
      trigger: the hold's reference placed in the mixed air or calibrated at T-H1 to +-0.899099 K (U-02's line); a measured lag over the 61 s assumption re-derives 68.65 C
      criteria: 5.6, 5.11
   LH-11b | FW-E12 | the SGP41's own shutdown | target v2/docs/HW-FW-CONTRACT.md
      text: Power the SGP41 off at a reading of 54.0 C on a TMP117 on its carrier (54.095833 C exact, rounded down: the SGP41 then at most 54.904167 C, under Table 5's +55 C); power it on, and use its output for REQ-042, only at or under 49.0 C (49.095833 C exact)
      source: v2/docs/records/l4e12/L4E12-ELECTRONICS-THERMAL.md; section 6 (the SGP41), 17.1
      figures: 54.0, 54.095833, 54.904167, 49.0, 49.095833, 0.254167, 0.15
      mark: INFERRED on MAKER rows (Sensirion Tables 4 and 5, the TMP117's 0.15 C); PROVISIONAL; the switch and the carrier TMP117 OWED
      trigger: R-139's lag test: a lag over 0.254167 K (a time constant over 83.0 s) re-derives 54.0 and 49.0 C; the switch and the TMP117 drawn on board E
      criteria: 5.11
   SEQ-01 | board_to_board.power_line_states | SLOT_EN1..3 (reset, default, cable-out, the hold) | target v2/ecad/tools/pcb_interfaces.yaml
      text: SLOT_EN1..3: {reset: "LOW (A R30, R34, R38 100 k to GND; the RP2040's pads reset as inputs)"
      source: v2/docs/records/l4e9/L4-POWER-ARCHITECTURE.md; 4c (the cold start on the pack)
      figures: SLOT_EN one at a time
      mark: VERIFIED pulls (IF-BC-PANEL); the hold OWED (FW-C02)
      trigger: the SLOT_EN hold drawn (Layer 8, board C or A) closes 5.6's open item
      criteria: 5.6, 5.7
   SEQ-02 | board_to_board.power_line_states | VSYS_DOCK (DRAFTED) | target v2/ecad/tools/pcb_interfaces.yaml
      text: VSYS_DOCK: {reset: "DRAFTED (R-157, R-177, R-181): U42's dVdT ramp 3.99 to 8.75 ms once VSYS is present (C237 22 nF)
      source: v2/docs/records/l4e11/L4E11-SOURCE-ONLY-AND-ENTRY.md; 16e (the inrush)
      figures: 3.99 to 8.75 ms, 22 nF, 24.3 mA
      mark: INFERRED (TI's Equation 2); DRAFTED R-181
      trigger: R-181's release record
      criteria: 5.6, 5.7
   SEQ-03 | board_to_board.power_line_states | EN_OOA and ChargeCurrent at boot | target v2/ecad/tools/pcb_interfaces.yaml
      text: EN_OOA: {reset: "1b at POR (SLUSE65A; (B1) only, DRAFTED R-157)"
      source: v2/docs/records/l4e11/L4E11-SOURCE-ONLY-AND-ENTRY.md; 15a (the sequences), 12c
      figures: EN_OOA 0, ChargeCurrent 0 A
      mark: MAKER (SLUSE65A); DRAFTED R-157
      trigger: R-157's release record
      criteria: 5.6, 5.7
   SEQ-04 | IF-AE-DOCK cable_out_states | VSYS_DOCK open at E | target v2/ecad/tools/pcb_interfaces.yaml
      text: VSYS_DOCK: "DRAFTED: open at E; board E's auxiliary domain unpowered, its controller dark, read as HOT-R1 lost; U42 unloaded"
      source: v2/docs/records/l4e11/L4E11-SOURCE-ONLY-AND-ENTRY.md; 15a (a lost pin 1)
      figures: HOT-R1 as the detector lost
      mark: INFERRED; DRAFTED
      trigger: none
      criteria: 5.7
   SEQ-05 | IF-PE-PACK sequencing | the pack's connection pulse | target v2/ecad/tools/pcb_interfaces.yaml
      text: the inrush into VBAT's capacitors 242.9 A peak, time constant 33.8 us (over ASCD's 55.6 A for 61.5 us against its 183 us delay
      source: v2/docs/records/l4e9/L4-POWER-ARCHITECTURE.md, v2/docs/records/l4e11/L4E11-SOURCE-ONLY-AND-ENTRY.md; 4a (pack connected); 16d, 17b
      figures: 242.9, 33.8 us, 55.6, 61.5 us, 183 us, 123.3, 267.2, 37.2 us
      mark: MODELED; PROVISIONAL
      trigger: E11-30: the pulse qualification on six BUK6Y10-30PX samples at 267.2 A and 37.2 us; VF and ISM hot
      criteria: 5.6
   SEQ-06 | IF-PE-PACK sequencing | the held pack under (B1) | target v2/ecad/tools/pcb_interfaces.yaml
      text: VSYS piecewise (SRN under 12.054 V: at least 12.054 V; SRN over 12.546 V: VSRN + 150 mV within 2 percent; between: at least 11.96 V), the pack feeds no kit load (its monitor 0.1398 mA
      source: v2/docs/records/l4e9/L4-POWER-ARCHITECTURE.md, v2/docs/records/l4e11/L4E11-SOURCE-ONLY-AND-ENTRY.md; 4a (the charge inhibited); 15a, 15d
      figures: 12.054, 12.546, 150 mV, 11.96, 0.1398, 1 mA
      mark: MAKER rows (SLUSE65A), INFERRED; DRAFTED R-157; PROVISIONAL
      trigger: E11-31 (R-161): the held pack current at most 1 mA; D3's hot leakage and the body diodes' current not bounded on held evidence
      criteria: 5.6, 5.7
   SEQ-07 | IF-A-HEAT sequencing | the mat on measured headroom | target v2/ecad/tools/pcb_interfaces.yaml
      text: the mat runs on measured headroom (R-c, FW-A21): on only while the source's measured headroom over the load is at least its 8.58 W
      source: v2/docs/records/l4e11/L4E11-SOURCE-ONLY-AND-ENTRY.md; 3g
      figures: 8.58, 20.51
      mark: MODELED; PROVISIONAL
      trigger: E11-06
      criteria: 5.6
   SEQ-08 | IF-E-FANS power | the fans' supply under (B1) | target v2/ecad/tools/pcb_interfaces.yaml
      text: under (B1) VSYS_E, 9.539 to 17.375 V (L4-E11 15a, 16e; DRAFTED R-177): the fans are declared 12 V class, their maximum supply voltage against 17.375 V and their least operating voltage against 9.539 V TBD (HF-F05, E11-35, R-179)
      source: v2/docs/records/l4e11/L4E11-SOURCE-ONLY-AND-ENTRY.md; 15a (VSYS_E's range), 16e (the drop)
      figures: 17.375, 9.539
      mark: INFERRED; DRAFTED R-177; TBD (no fan named)
      trigger: E11-35 (R-179): a fan named with its range
      criteria: 5.4
      RESTATED AT SET 28 (F-12): section 1a
   SEQ-09 | IF-EXT-DC default_state | the charger before any host write | target v2/ecad/tools/pcb_interfaces.yaml
      text: the charger before any host write: as drawn ChargeCurrent 256 mA at POR (TI's E2E answer) and after the 175 s watchdog, under (B1) 0 A until firmware writes it
      source: v2/docs/records/l4e9/L4-POWER-ARCHITECTURE.md; 4c (power-on under (B1)), 4g
      figures: 256 mA, 175 s, 0 A
      mark: MAKER (TI's E2E answer; SLUSE65A); DRAFTED R-157
      trigger: none
      criteria: 5.7
   SEQ-10 | FW-C08 hardware fact | the entry's UVLO pin under SHORE_INHIBIT | target v2/docs/HW-FW-CONTRACT.md
      text: E's Q8 pulls the entry's UVLO pin low when it is high (as drawn the LM5069's HS_UVLO; on the selected entry the TPS48110-Q1's EN/UVLO on the same net, DRAFTED R-123)
      source: v2/docs/records/l4e11/apply_gen_sch_e_entry.py; the entry draft's pin map and part list (Q8 kept)
      figures: HS_UVLO, Q8, DCIN_PGD
      mark: NETLIST (the draft's text); DRAFTED R-123
      trigger: R-123 applied
      criteria: 5.7

1a. RESTATED AT SET 28 (finding F-12; authority SESSION): 6 rows whose cited figures set 27's Layer 4 corrections changed
    AND AT SET 29 (finding L5-F13; the coordinator's integration correction, authority SESSION): 1 row whose cited figures
    L4-E9's rounds 7 and 8 changed; it is marked 'restated at set 29' below
    S27-B6 and S27-03 re-read at set 31 (record l5pwr's correction W1, 6 October 2026): L4-E9's D-10 restated from record l4e7's
    P0-7 and R-186 withdrawn; their replacing texts as set 31 left them, their why naming the change
   S27-B6 | IF-EXT-DC | protection (the guard already on)
      no longer standing (printed by l4e9md at 2c240414): 0.2396, 0.5287, 60.3, 3.30 uH
      why: L4-E7's round 5 withdrew round 2's reference loop as a passing floor: at that loop a fault at the connector puts U5's pins past their absolute maximum, so D-10's guard-on case is OPEN and no loop is claimed to pass; set 31 (SET31-CHANGES.md items 2 and 23, the owner's part 23) restated D-10 from record l4e7's P0-7: an UNRESOLVED PROTECTION DEFECT in the present model, the receiving company's remaining engineering item E-1 (the port-level transient's failing cases F1 to F4 and the lower-source back-feed), with U5's absolute-rating violation corrected in draft by P0-7 (R-240, not applied), so set 28's D-10 sentence is no longer printed
      replaced by (the tree's Layer 4 text, matched once; its figures parsed, none typed):
         v2/docs/records/l4e9/L4-POWER-ARCHITECTURE.md:839: "OPEN: an UNRESOLVED PROTECTION DEFECT in the present model, the receiving company's remaining engineering item E-1: the guard's port-level transient (F1 and F2 absolute-rating violations below about 2.4 uH, F1 PV_F 321.9 V MODEL against the port's 100 V; F3 PV_F 83.48 V over the recommended 80 V row at 3.30 uH; F4 the arriving source's slew over its 54 V/us line) and the lower-source back-feed (S1's row (b)); U5's absolute-rating violation corrected in draft by P0-7 (R-240)"
         v2/docs/records/l4e9/L4-POWER-ARCHITECTURE.md:839: "E-1, then S1 and S2 on the correction (R-180 and R-187 inputs, no passing route; R-186 WITHDRAWN under R-240)"
         v2/docs/records/l4e9/L4-POWER-ARCHITECTURE.md:1026: "OPEN, REMAINING ENGINEERING: D-10 is an UNRESOLVED PROTECTION DEFECT in the present model ([P0SOL:101]), the receiving company's item E-1 (set 29's B6-ENG-1 as P0-7 restates it"
         v2/docs/records/l4e9/L4-POWER-ARCHITECTURE.md:1026: "PROVISIONAL until E-1's correction: IF-01's D-10 protection claim, R-173 as a protection, R-176 rows 2 and 3, R-180, the port's parts and layout"
         v2/docs/records/l4e9/L4-POWER-ARCHITECTURE.md:1009: "D-16 addressed in drafts (corrected in draft, R-240, PROVISIONAL on S3 and S4); D-10 restated as an unresolved protection defect, the receiving company's E-1"
         v2/docs/records/l4e9/L4-POWER-ARCHITECTURE.md:621: "at round 2's 3.30 uH reference loop, no loop claimed to pass (L4-E7's round 5)"
         v2/docs/records/l4e9/L4-POWER-ARCHITECTURE.md:621: "U5's pins, the complete budget, -0.3021 to +0.2591 V at a fault at the connector (past the -0.3 V ABSOLUTE MAXIMUM)"
         v2/docs/records/l4e9/L4-POWER-ARCHITECTURE.md:621: "inside 20 V; at 1.00 uH U5 0.5858 V"
         v2/docs/records/l4e9/L4-POWER-ARCHITECTURE.md:621: "turns Q12 off: at most 62.7 A within 11.4 us"
      figures in the replacing text (parsed): 2.4 uH, 321.9 V, 100 V, 83.48 V, 80 V, 3.30 uH, 54 V, -0.3021, +0.2591 V, -0.3 V, 20 V, 1.00 uH, 0.5858 V, 62.7 A, 11.4 us
      contract value: CHANGES: the guard-on case is no longer every rating with its margin from the reference loop; D-10 is OPEN, NOT CLOSED, an UNRESOLVED PROTECTION DEFECT in the present model, the receiving company's E-1 (the failing cases F1 to F4, MODELED, their figures as parsed above), and no loop is claimed to pass; U5's pins at the reference loop and at the low loop (the absolute-rating violation P0-7 corrects in draft, R-240, not applied) and the turn-off current are as section 4e still prints them (L4-E7's round 5); the stage question, set 29's B6-ENG-1, is E-1
      mark now: MODELED (L4-E7 round 5; P0-7's failing cases); DRAFTED R-173, R-240; OPEN (D-10, an UNRESOLVED PROTECTION DEFECT in the present model, the receiving company's E-1; F1 and F2 absolute-rating violations), PROVISIONAL
      trigger now: E-1, the receiving company's remaining engineering item (set 29's B6-ENG-1 as P0-7 restates it; record l4e7's SUPPLIER-P1-1-P0SOL.md, UNSENT): its correction or a measured model revision before any passing claim, then S1 and S2 on the correction (R-180 and R-187 inputs, no passing route; R-186 WITHDRAWN under R-240); B6-ENG-2's D-16 addressed in drafts by R-240, PROVISIONAL on S3 and S4
      where now: 1d row IF-01, 4e (the guard-on row), section 6's D-10 row, 8 (what the P0 round changed) and 8a D-10, as set 31 restated D-10
      the target at 5515ecc0: NOT RESTATED
         v2/ecad/tools/pcb_interfaces.yaml:1243: the text written
      finding: L5-F09 (L5-POWER-CONTRACTS.md section 9)
   LH-04b | IF-AE-DOCK pack_pins; IF-PE-PACK power | service
      restated at set 29, L5-F13
      no longer standing (printed by l4e9md, hand at 2c240414): 11.48, 10.42
      why: L4-E9's round 7 corrected LH-04's pointer, which had read rv-pwr's PS-ALLTX PLAN line and not the floor's basis (decision D-11's all-transmit basis), and its round 8 restated it on Layer 9's final drafts
      replaced by (the tree's Layer 4 text, matched once; its figures parsed, none typed):
         v2/docs/records/l4e9/LAYER5-HANDOVER.md:20: "decision D-11's all-transmit basis at 18 A from a 13.898 V stack as drawn and 14.774 V on the final drafts, OCD1's 20 A only below a 13.442 V stack there"
         v2/docs/records/l4e9/L4-POWER-ARCHITECTURE.md:143: "decision D-11's all-transmit basis at 18 A from a 13.9 V stack as drawn, 14.77 V on the final drafts, needing 16.214 V rest against REQ-018's 15.5 V (D-17 OPEN"
      figures in the replacing text (parsed): 18 A, 13.898 V, 14.774 V, 20 A, 13.442 V, 13.9 V, 14.77 V, 16.214 V, 15.5 V
      contract value: CHANGES: the pointer is no longer the PS-ALLTX PLAN line's stack voltages; it is decision D-11's all-transmit basis and OCD1's stack as parsed above, and that basis is not supplied from REQ-018's pass line (D-17 OPEN); the continuous and the peak service currents stand
      mark now: MODELED (L4-E9 out 30, on Layer 9's final drafts); PROVISIONAL; D-17 OPEN
      trigger now: PWR-F12 (FEA-004): the chain's short-time rating at the peak service current and F2 near its hot corner; D-17 (L4-E9 8a): the all-transmit basis against REQ-018's pass line
      where now: 1d row IF-10; LH-04 as L4-E9's rounds 7 and 8 corrected it (out 30)
      the target at 5515ecc0: NOT RESTATED
         v2/ecad/tools/pcb_interfaces.yaml:768: the text written
         v2/ecad/tools/pcb_interfaces.yaml:768: withdrawn text still there: "PS-ALLTX's 18 A at an 11.48 V stack and OCD1's 20 A below 10.42 V"
      finding: L5-F13 (L5-POWER-CONTRACTS.md section 9)
   S27-01 | IF-AE-DOCK | pin1_vsys_dock (the new row of set 27)
      no longer standing (printed by l4e11md, l4e11out at 2c240414): 0.1486, 9.539, 11.905, 28.6
      why: L4-E11 section 18 put the mixer fans on U22's regulated rail and declared the dock branch afresh (18b), so the drop, VSYS_E at the floor and the contact's share are re-derived (18b restates the floor, not VSYS_MIN's start); and L4-E11 17a, after the recheck, calls the hard short's figure a resistive extrapolation and E11-38's test target, not a bound
      replaced by (the tree's Layer 4 text, matched once; its figures parsed, none typed):
         v2/docs/records/l4e11/l4e11_power.out:1135: "with U12's 0.8 A: 1.3208 A DECLARED on IF-AE-DOCK pin 1 (was 1.0 A"
         v2/docs/records/l4e11/l4e11_power.out:1139: "the drop at the floor with 1.3208 A: 0.1795 V, VSYS_E 9.508 V; at U42's least limit 9.494 V"
         v2/docs/records/l4e11/l4e11_power.out:1137: "the contact at 37.7 % of 3.5 A"
         v2/docs/records/l4e11/l4e11_power.out:1075: "A resistive EXTRAPOLATION, not a bound (I): 566 A would flow"
         v2/docs/records/l4e11/l4e11_power.out:1077: "566 A for 4.5 us (1.441 A2s) is E11-38's TEST TARGET for the recorded peak"
      figures in the replacing text (parsed): 0.8 A, 1.3208 A, 1.0 A, 0.1795 V, 9.508 V, 9.494 V, 37.7 %, 3.5 A, 566 A, 4.5 us, 1.441 A2s
      contract value: CHANGES: the branch current, the drop, VSYS_E at the floor and the contact's share are 18b's, parsed above; the excerpt, U42's band at R(ILIM), stands (the resistor renamed R228); the hard short's figure keeps its number but is a test target, no longer a ceiling
      mark now: INFERRED from MAKER rows (SLVSET9G), the branch current MODELED (L4-E11 18b); DRAFTED R-157, R-177, R-178, R-181; PROVISIONAL (L4-F03: remedy drafted, qualification open)
      trigger now: E11-38 (R-184): U42's limit read outside its band, the hard short's recorded peak over its test target (it revises L4-E11 17a), the 813's resistance after the cases; E11-35 (R-179): a fan's measured start over U42's room at the declared branch
      where now: 16e, 17a, 18b; out 16e, 17a, 18b
      the target at 5515ecc0: SUPERSEDED IN PLACE (record l5r2)
         v2/ecad/tools/pcb_interfaces.yaml:703: the text written
         v2/ecad/tools/pcb_interfaces.yaml:720: restated: "so the branch is declared 1.3208 A (U12 0.8 A, U22 0.5208 A at the floor with both fans at full speed)"
         v2/ecad/tools/pcb_interfaces.yaml:722: restated: "the contact at 37.7 percent of 3.5 A, VSYS_E 9.508 V at the floor"
         v2/ecad/tools/pcb_interfaces.yaml:706: withdrawn text still there: "a short applied while on at most 566 A for at most 4.5 us (a ceiling, no inductance credited; INFERRED)"
      finding: L5-F10 (L5-POWER-CONTRACTS.md section 9)
   S27-02a | IF-AE-DOCK pin1_vsys_dock; IF-E-FANS sequencing | the fans' start rule
      no longer standing (printed by l4e11md, l4e11out at 2c240414): 0.3356, 0.5713, 0.1 A
      why: L4-E11 section 18 withdrew the fans directly on VSYS_E; on U22's regulated rail the start rule in amperes on VSYS_E is superseded (R-179) by the room U42 leaves at the declared branch (18b)
      replaced by (the tree's Layer 4 text, matched once; its figures parsed, none typed):
         v2/docs/records/l4e11/l4e11_power.out:1116: "no fan read prints a range covering VSYS_E's 9.494 to 17.375 V, so 15a's fans directly on VSYS_E is WITHDRAWN"
         v2/docs/records/l4e9/DOWNSTREAM-REGISTER.md:275: "the supply range question of 15a to 17a (17.375 V at the top, 9.539 V at the bottom, 0.3356 and 0.5713 A on VSYS_E) is superseded by the rail"
         v2/docs/records/l4e11/l4e11_power.out:1141: "with one fan running and U12 on, U42's room 0.1504 A leaves 1.21 W at the rail for the other fan's start"
      figures in the replacing text (parsed): 9.494, 17.375 V, 9.539 V, 0.3356, 0.5713 A, 0.1504 A, 1.21 W
      contract value: CHANGES: the rule is no longer the both-together and one-at-a-time currents on VSYS_E; it is U42's room at the declared branch, as power at U22's rail for one fan's start, the start current NOT READ (E11-35); VSYS_E at U42's least limit stands
      mark now: INFERRED (L4-E11 18b); DRAFTED R-177, R-181; PROVISIONAL (the start current NOT READ)
      trigger now: E11-35 (R-179): the named fans' start current read over U42's room at the rail; U42's limit read outside its band (E11-38, R-184)
      where now: 18, 18b; out 18, 18b; R-179
      the target at 5515ecc0: SUPERSEDED IN PLACE (record l5r2)
         v2/ecad/tools/pcb_interfaces.yaml:713: the text written
         v2/ecad/tools/pcb_interfaces.yaml:723: restated: "the start rule above (0.5713 A and 0.3356 A on VSYS_E) is superseded by section 18b: with one fan running and U12 on, U42 leaves 0.1504 A of room, 1.21 W at the rail for the other fan's start"
         v2/ecad/tools/pcb_interfaces.yaml:714: withdrawn text still there: "firmware starts them one at a time with a PWM ramp, never both within 1 s and never while U12 starts (R-188)"
      finding: L5-F10 (L5-POWER-CONTRACTS.md section 9)
   S27-02b | FW-E11 | the fans' start stagger as a firmware row
      no longer standing (printed by l4e11out, reg at 2c240414): PWM ramp, 0.5713
      why: L4-E11 18c restated the stagger for the fans on U22's rail (E11-39, R-188): the ramp is a PWM-duty ramp into the fan's PWM input, U22's start joins U12's, and the room is U42's at the declared branch (18b), the per-fan start current on VSYS_E superseded (R-179)
      replaced by (the tree's Layer 4 text, matched once; its figures parsed, none typed):
         v2/docs/records/l4e11/l4e11_power.out:578: "each by a PWM-duty ramp into the fan's PWM input, never both within 1 s and never while U12 or U22 starts"
         v2/docs/records/l4e9/DOWNSTREAM-REGISTER.md:284: "U42's room 0.1504 A at the floor"
         v2/docs/records/l4e9/DOWNSTREAM-REGISTER.md:284: "the current through J_DOCK pin 1 under 1.4713 A at every start"
      figures in the replacing text (parsed): 1 s, 0.1504 A, 1.4713 A
      contract value: CHANGES the rule's wording, not its intent: a PWM ramp becomes a PWM-duty ramp into the fan's PWM input, and never while U12 starts becomes never while U12 or U22 starts; the trigger's per-fan start current gives way to U42's room
      mark now: RULE (L4-E11 17a and 18c, SESSION); DRAFTED R-177, R-181; PROVISIONAL
      trigger now: E11-35 (R-179): the named fans' start current read over U42's room at the rail; U42's limit read outside its band (E11-38, R-184)
      where now: out 18c (E11-39 restated); R-188
      the target at 5515ecc0: RESTATED IN PLACE (record l5r2)
         v2/docs/HW-FW-CONTRACT.md:187: restated: "Start the mixer fans one at a time, each by a PWM-duty ramp into the fan's PWM input, never both within 1 s and never while U12 or U22 starts (E11-39, R-188; L4-E11 18c)"
   S27-03 | V-E16 (IF-EXT-DC bench) | R-176 rows 1 to 6 where they bind the solar port
      no longer standing (printed by reg at 2c240414): 75 V, 61 A, 3.30 uH
      why: L4-E7's round 5 restated R-176: row 2's bound on PV_F and row 3's turn-off current changed, and row 3's pass from the reference loop was withdrawn (no loop is claimed to pass); set 31 left R-176 as it was, withdrew R-186 under R-240 and, on L4-E9's page, made B6-ENG-1 the receiving company's E-1 and answered B6-ENG-2 at the desk (P0-7)
      replaced by (the tree's Layer 4 text, matched once; its figures parsed, none typed):
         v2/docs/records/l4e9/DOWNSTREAM-REGISTER.md:272: "PV_F at most 85 V, its slew and INP inside their absolute ratings"
         v2/docs/records/l4e9/DOWNSTREAM-REGISTER.md:272: "U21 turning Q12 off (at most 63 A, within 12 us)"
         v2/docs/records/l4e9/DOWNSTREAM-REGISTER.md:272: "no loop is claimed to pass (round 5): at 3.30 uH the pins' complete budget is outside +-0.240 V and B6-ENG-1 decides"
         v2/docs/records/l4e9/DOWNSTREAM-REGISTER.md:282: "WITHDRAWN 6 October 2026, set 31: obsolete under R-240"
         v2/docs/records/l4e9/L4-POWER-ARCHITECTURE.md:1045: "Since P0-7, B6-ENG-2 is answered at the desk and B6-ENG-1 becomes E-1, the port's remaining engineering"
      figures in the replacing text (parsed): 85 V, 63 A, 12 us, 3.30 uH, +-0.240 V
      contract value: CHANGES in V-E16's rows 2 and 3, not in the excerpt (rows 5 and 6 stand): the parsed bounds replace those the pass wrote for rows 2 and 3, and row 3 is no longer a pass from any loop until B6-ENG-1, now E-1, is decided
      mark now: TEST rows (the bounds MODELED and MAKER); DRAFTED R-173; row 3 OPEN (no loop claimed to pass), PROVISIONAL
      trigger now: row 3: B6-ENG-1 decides the stage as R-176 words it, the receiving company's E-1 since P0-7 (R-180 an input only, R-187 not holding, R-186 WITHDRAWN under R-240; B6-ENG-2, R-189, answered at the desk); rows 2 and 3 filed against R-176's bounds at both fault positions
      where now: R-176 (rows 2 and 3 as L4-E7's round 5 restated them); R-186 (WITHDRAWN at set 31); L4-E9 8a's history note
      the target at 5515ecc0: NOT RESTATED
         v2/docs/HW-FW-CONTRACT.md:313: the text written
         v2/docs/HW-FW-CONTRACT.md:313: withdrawn text still there: "D4 carries nothing, PV_F at most 75 V;"
         v2/docs/HW-FW-CONTRACT.md:313: withdrawn text still there: "U21 turning Q12 off (at most 61 A, within 12 us)"
         v2/docs/HW-FW-CONTRACT.md:313: withdrawn text still there: "a pass only for a loop at or over 3.30 uH until B6-ENG-1 is decided"
         v2/docs/HW-FW-CONTRACT.md:261: withdrawn text still there: "row 3 a pass only from a 3.30 uH loop until B6-ENG-1"
         v2/ecad/tools/pcb_interfaces.yaml:1274: withdrawn text still there: "row 3 a pass only for a source loop at or over 3.30 uH until B6-ENG-1 is decided"
      finding: L5-F09 (L5-POWER-CONTRACTS.md section 9)
   SEQ-08 | IF-E-FANS power | the fans' supply under (B1)
      no longer standing (printed by l4e11md at 2c240414): 17.375, 9.539
      why: L4-E11 section 18: no named fan's printed range covers VSYS_E, so the fans directly on VSYS_E are withdrawn; they run on U22's regulated rail, whose band sits inside the named fans' range (18a)
      replaced by (the tree's Layer 4 text, matched once; its figures parsed, none typed):
         v2/docs/records/l4e11/l4e11_power.out:1116: "no fan read prints a range covering VSYS_E's 9.494 to 17.375 V, so 15a's fans directly on VSYS_E is WITHDRAWN"
         v2/docs/records/l4e11/l4e11_power.out:1128: "the output 12.001 V (11.512 to 12.431 V at FB's limits with the 1 % divider) inside the fans' 10.8 to 13.2 V"
      figures in the replacing text (parsed): 9.494, 17.375 V, 12.001 V, 11.512, 12.431 V, 1 %, 10.8, 13.2 V
      contract value: CHANGES: the fans' supply is U22's +12V_FAN, not VSYS_E; the supply range TBD is closed by the rail (DRAFTED); the start current and the PWM input level stay NOT READ (R-179, F-L7-11)
      mark now: INFERRED (L4-E11 18a); DRAFTED R-177; PROVISIONAL (the start current and the PWM input level NOT READ)
      trigger now: E11-35 (R-179): the named fans' start current and PWM input level read; R-177's release (U22 and the four-wire headers drawn)
      where now: 18, 18a; out 18, 18a
      the target at 5515ecc0: RESTATED IN PLACE (record l5r2)
         v2/ecad/tools/pcb_interfaces.yaml:1634: restated: "+12V_FAN 12.001 V (11.512 to 12.431 V at FB's limits) from U22 on VSYS_E, inside the fans' 10.8 to 13.2 V"

2. THE LAYER 5 CRITERIA THIS PASS MOVES (Layer 5's reading; the handover page's status is the integrator's to set)
   5.11 firmware obligations affecting hardware explicit: 16 entries (S27-02a, S27-02b, LH-06a, LH-06b, LH-07a, LH-07b, LH-10a, LH-10b, LH-10c, LH-10e, LH-10f, LH-10g, LH-10h, S27-B1, LH-11a, LH-11b)
      PARTLY, further: FW-A19 to FW-A23, FW-C15, FW-E11 to FW-E13 added, FW-A09, FW-A14, FW-A16 and FW-C08 restated, PANEL.md section 10 restated, V-A11, V-C15 and V-E11 to V-E16 defined; the reduced-mode duties of layer 2's m13 still owed
   5.13 interface contracts consistent with the tree: 0 entries ()
      PARTLY: the contracts state the drawn board first and every draft as DRAFTED with its register row, so they agree with the committed netlists today and name what changes when the drafts apply; check_contracts.py reads PASS 99 of 99 unchanged; the edit dates every interfaces.py reading (CONFIG_INPUTS), so their re-take on every board is owed, as after H2
   5.2 every interface owned at both ends with its connector: 1 entries (S27-01)
      PARTLY, further: the four first-twelve contracts the power results touch (IF-AE-DOCK, IF-PE-PACK, IF-AB-POWER, IF-EXT-USB) carry every pass-2 field (hc5's check_contract_fields.py --all: 'carries every field'); eight of the first twelve still lack them; the IDC headers' MPNs (EQ-21) unchanged
   5.4 electrical levels stated per interface: 11 entries (LH-01a, LH-01c, LH-02a, LH-02d, S27-B6, LH-03a, S27-03, LH-06a, LH-08, LH-09, SEQ-08)
      PARTLY, further: the power interfaces' levels stated with their Layer 4 basis and marks (IF-EXT-DC both inputs, IF-AE-DOCK VIN_RAW and VSYS_DOCK, IF-PE-PACK, IF-EXT-USB, IF-E-FANS); the kit I2C bus's three segments still owed (SC-59)
   5.5 power capacity of each power interface with margin: 10 entries (LH-01b, LH-01c, LH-01d, LH-02b, LH-02c, LH-03b, LH-04a, LH-04b, S27-01, LH-05)
      PARTLY, further: IF-EXT-DC's currents against the breaker, the fuses and the interconnect with their margins; IF-AE-DOCK's in-service and fault currents against the 9 A pins and pin 1 against the 813 under U42; the outlet's trip against the 3 A contracts and the 5 A receptacle; the PoE monitor's scale; open: I-03's PS-ALLTX, E5's targets and the ground share, the ribbon and SMP-MAX ratings, the 813's pulse capability (L4-F03)
   5.6 sequencing across interfaces: 13 entries (S27-02a, S27-02b, LH-07b, LH-10e, LH-10g, S27-B1, LH-11a, SEQ-01, SEQ-02, SEQ-03, SEQ-05, SEQ-06, SEQ-07)
      OPEN to PARTLY: L4-E9 section 4's source changes, startup, shutdown and faults written as sequencing fields (IF-EXT-DC, IF-AE-DOCK, IF-PE-PACK, IF-E-FANS, IF-A-HEAT), the fans' start stagger (FW-E11), the shedding sequence (FW-A21), the boot writes (FW-A23) and the power lines' table (board_to_board.power_line_states); the SLOT_EN hold is still in no generator (OWED, Layer 8), so the item named at H2 stays open
   5.7 reset, default and cable-out states for every control line: 12 entries (LH-03c, S27-01, LH-10a, LH-10b, LH-10d, SEQ-01, SEQ-02, SEQ-03, SEQ-04, SEQ-06, SEQ-09, SEQ-10)
      PARTLY, further: every power line of L4-E9 section 4 has its reset, default and cable-out state and the firmware row that drives it (power_line_states; the contracts' default_state and cable_out_states); EQ-25 unchanged

3. THE PROVISIONAL ENTRIES AND THEIR INVALIDATION TRIGGERS (22; a restated row's trigger as restated at set 28)
   LH-01a (IF-EXT-DC): E11-06: P1 over 20.51 W or the front end under 0.88021 at a 9.00 V plug; E11-09 (the knee drawn); E11-23 (the warm-up time)
   LH-01c (IF-EXT-DC): the loop's inductance under 2.08 uH for a hard short in service (R-134, OPEN); D-06's makers' installed and short-time ratings and F1's clearing I2t (R-113, R-115, R-129 to R-132)
   LH-01d (IF-EXT-DC): R-113, R-115, R-129 to R-132 filed
   LH-02a (IF-EXT-DC): PANEL-ACC's measurement of the one unit (R-35); the makers' answers on G_CM and U18's VIN+ bias (R-101)
   LH-02b (IF-EXT-DC): R-29 (the lead's gauge named by Layer 7); R-148 (A-3(c))
   LH-02c (IF-EXT-DC): R-148: a rating of at least 13.82 A or a bench row before the panel is accepted
   LH-02d (IF-EXT-DC): the loop's typical rows (break-even 2.51 times), the bulk's temperature and the bank's pulse capability: M2 (R-122)
   S27-B6 (IF-EXT-DC) [restated, F-12]: E-1, the receiving company's remaining engineering item (set 29's B6-ENG-1 as P0-7 restates it; record l4e7's SUPPLIER-P1-1-P0SOL.md, UNSENT): its correction or a measured model revision before any passing claim, then S1 and S2 on the correction (R-180 and R-187 inputs, no passing route; R-186 WITHDRAWN under R-240); B6-ENG-2's D-16 addressed in drafts by R-240, PROVISIONAL on S3 and S4
   LH-04b (IF-AE-DOCK pack_pins; IF-PE-PACK power) [restated, L5-F13]: PWR-F12 (FEA-004): the chain's short-time rating at the peak service current and F2 near its hot corner; D-17 (L4-E9 8a): the all-transmit basis against REQ-018's pass line
   S27-01 (IF-AE-DOCK) [restated, F-12]: E11-38 (R-184): U42's limit read outside its band, the hard short's recorded peak over its test target (it revises L4-E11 17a), the 813's resistance after the cases; E11-35 (R-179): a fan's measured start over U42's room at the declared branch
   S27-02a (IF-AE-DOCK pin1_vsys_dock; IF-E-FANS sequencing) [restated, F-12]: E11-35 (R-179): the named fans' start current read over U42's room at the rail; U42's limit read outside its band (E11-38, R-184)
   S27-02b (FW-E11) [restated, F-12]: E11-35 (R-179): the named fans' start current read over U42's room at the rail; U42's limit read outside its band (E11-38, R-184)
   S27-03 (V-E16 (IF-EXT-DC bench)) [restated, F-12]: row 3: B6-ENG-1 decides the stage as R-176 words it, the receiving company's E-1 since P0-7 (R-180 an input only, R-187 not holding, R-186 WITHDRAWN under R-240; B6-ENG-2, R-189, answered at the desk); rows 2 and 3 filed against R-176's bounds at both fault positions
   LH-06a (IF-AB-POWER currents (+54V_POE)): R-101 (R227's pulse rating and capacitance envelope); R-120, R-121 (L10's L(I) at temperature)
   LH-10f (FW-A20): E11-22: cases (ii) and (iii), and board P's copper giving TI's 50 C/W
   LH-10g (FW-A21): E11-06 (P1 measured, the front end's efficiency), E11-23 (the warm-up time), E11-31 (the start's first window)
   LH-11a (FW-C15): the hold's reference placed in the mixed air or calibrated at T-H1 to +-0.899099 K (U-02's line); a measured lag over the 61 s assumption re-derives 68.65 C
   LH-11b (FW-E12): R-139's lag test: a lag over 0.254167 K (a time constant over 83.0 s) re-derives 54.0 and 49.0 C; the switch and the TMP117 drawn on board E
   SEQ-05 (IF-PE-PACK sequencing): E11-30: the pulse qualification on six BUK6Y10-30PX samples at 267.2 A and 37.2 us; VF and ISM hot
   SEQ-06 (IF-PE-PACK sequencing): E11-31 (R-161): the held pack current at most 1 mA; D3's hot leakage and the body diodes' current not bounded on held evidence
   SEQ-07 (IF-A-HEAT sequencing): E11-06
   SEQ-08 (IF-E-FANS power) [restated, F-12]: E11-35 (R-179): the named fans' start current and PWM input level read; R-177's release (U22 and the four-wire headers drawn)

4. THE TABLE AS MARKDOWN (L5-POWER-CONTRACTS.md carries these lines; a restated row's mark and trigger as restated)
   | id | contract | field | text written (excerpt, verbatim in the target) | L4 source row (file; where) | mark | invalidation trigger | criterion (5.x) it moves |
   |---|---|---|---|---|---|---|---|
   | LH-01a | IF-EXT-DC | levels (DC) | per source at VBAT at the plug, the losses hot: 9 V 29.09 to 42.52 W, 12 V 32.22 to 47.72 W, 24 V 69.97 to 90.81 W, 36 V 84.55 to 99.64 W (INFERRED, U3 0.9733) | L4E11-SOURCE-ONLY-AND-ENTRY.md; 3h, the source envelope at the plug | INFERRED; PROVISIONAL (REQ-015 at 9.00 V a CONDITIONAL CANDIDATE) | E11-06: P1 over 20.51 W or the front end under 0.88021 at a 9.00 V plug; E11-09 (the knee drawn); E11-23 (the warm-up time) | 5.4 |
   | LH-01b | IF-EXT-DC | current.dc | in service at most 5.983 A from a 9.00 V plug (VIN_RAW 8.148 V), 6.4 percent under the breaker's lowest 6.364 A | L4-POWER-ARCHITECTURE.md; 1d, row IF-05 and the stages' summary | INFERRED (the breaker's rows MAKER, SLUSEE5E); DRAFTED R-123 | E11-06's measurement of the front end's efficiency at the operating point | 5.5 |
   | LH-01c | IF-EXT-DC | protection (the selected entry) | UVLO on at 7.87 / 8.14 / 8.44 V and off at 7.46 / 7.66 / 7.95 V of DC_P; OV off above 39.6 / 40.36 / 41.22 V, clear of CS101's 38.83 V at 36 V and under D10's 44.4 V | L4-POWER-ARCHITECTURE.md; LAYER5-HANDOVER.md; 1d rows IF-04 and IF-05, 4a, 4e; LH-01 | MAKER (SLUSEE5E rows), INFERRED; DRAFTED R-123, R-17, R-18; PROVISIONAL (the hard short, D-06) | the loop's inductance under 2.08 uH for a hard short in service (R-134, OPEN); D-06's makers' installed and short-time ratings and F1's clearing I2t (R-113, R-115, R-129 to R-132) | 5.4, 5.5 |
   | LH-01d | IF-EXT-DC | tbd (the interconnect) | the loop read four-wire at 58.51 to 64.21 mOhm on every assembly (R-130) | DOWNSTREAM-REGISTER.md; R-130 | INFERRED; PROVISIONAL | R-113, R-115, R-129 to R-132 filed | 5.5 |
   | LH-02a | IF-EXT-DC | levels (solar) | Vm20 + U_V at most 25.000 V at -20 C and 1000 W/m2, Voc25 20.315 to 22.156 V for its curve shape | L4-POWER-ARCHITECTURE.md; L4E13-PANEL.md; 1d rows IF-01 and IF-02; L4E13-PANEL.md (PANEL-ACC, the conditioned hold) | MODELED (L4-E7R); PROVISIONAL (PANEL-ACC, no unit accepted; G_CM and the VIN+ bias) | PANEL-ACC's measurement of the one unit (R-35); the makers' answers on G_CM and U18's VIN+ bias (R-101) | 5.4 |
   | LH-02b | IF-EXT-DC | current.solar | in operation at most 3.987 A (PANEL-ACC A-3(a), INFERRED), the conservative bound over L4-E7R's regulation (RIMON_IN 31.6k, 2.5485 A nominal, at most 2.9337 A at 25 V) | L4-POWER-ARCHITECTURE.md; L4E13-PANEL.md; 1d row IF-01; L4E13-PANEL.md A-3 | INFERRED (the 1.25 factor MAKER); PROVISIONAL | R-29 (the lead's gauge named by Layer 7); R-148 (A-3(c)) | 5.5 |
   | LH-02c | IF-EXT-DC | tbd (A-3(c)) | J_SOLAR and PV_IN carry 13.82 A at the design level 2111.4 W/m2 | DOWNSTREAM-REGISTER.md; R-148 | INFERRED (a COMPONENT_LIMITATION); PROVISIONAL | R-148: a rating of at least 13.82 A or a bench row before the panel is accepted | 5.5 |
   | LH-02d | IF-EXT-DC | protection (the solar stage) | the INB filter, five 100 nF C0G across R66 8.45k (3.960 to 4.496 ms); SWEN off by default below 2.662 V on TRK_LDO33; a response inside 1.087 ms after the filter's 0.4205 J held charge | L4-POWER-ARCHITECTURE.md; 1d rows IF-01 and IF-02, 4e | MODELED (L4-E7R); DRAFTED R-12, R-19 to R-21, R-98; PROVISIONAL | the loop's typical rows (break-even 2.51 times), the bulk's temperature and the bank's pulse capability: M2 (R-122) | 5.4 |
   | S27-B6 | IF-EXT-DC | protection (the guard already on) | every rating with its margin only from a source loop of at least 3.30 uH (U5 0.2396 V of +-0.240 V, a DESIGN TARGET), NOT under it (at 1.00 uH U5 0.5287 V) | L4-POWER-ARCHITECTURE.md; 1d row IF-01, 4e (the guard-on row), section 6's D-10 row, 8 (what the P0 round changed) and 8a D-10, as set 31 restated D-10 (restated at set 28, F-12, section 4a; as written: 4e (the guard-on row), 8a D-10) | MODELED (L4-E7 round 5; P0-7's failing cases); DRAFTED R-173, R-240; OPEN (D-10, an UNRESOLVED PROTECTION DEFECT in the present model, the receiving company's E-1; F1 and F2 absolute-rating violations), PROVISIONAL | E-1, the receiving company's remaining engineering item (set 29's B6-ENG-1 as P0-7 restates it; record l4e7's SUPPLIER-P1-1-P0SOL.md, UNSENT): its correction or a measured model revision before any passing claim, then S1 and S2 on the correction (R-180 and R-187 inputs, no passing route; R-186 WITHDRAWN under R-240); B6-ENG-2's D-16 addressed in drafts by R-240, PROVISIONAL on S3 and S4 | 5.4 |
   | LH-03a | IF-AE-DOCK | vin_raw.voltage | solar 7.378 V (the corrected knee's certain HIZ, L4-E9 R-03, a specification) to 30.15 V (the tracker's raised ceiling, R10 232 k; L4-E5, DRAFTED); vehicle 9 to 36 V at the plug (VIN_RAW 8.148 V at 5.983 A from a 9.00 V plug; INFERRED); at most 41.22 V | L4-POWER-ARCHITECTURE.md; 1d row IF-06 | INFERRED; R-03 a specification; DRAFTED R-03, R-123 | R-03's network drawn to the knee (Layer 8); the OV maximum follows R-123's parts | 5.4 |
   | LH-03b | IF-AE-DOCK | vin_raw.in_service | fault current at most 11.65 A at R11 8 mOhm and R12 12 mOhm (13.315 A at 7 mOhm), inside the declared 14.10 A and the four 9 A pins (3.88 A each with one open) | L4-POWER-ARCHITECTURE.md; LAYER5-HANDOVER.md; 1d rows IF-06 and IF-07; LH-03 (the 3.88 A with one pin open) | MODELED; R11 and R12 DRAFTED R-04, R-01 | R11's 7 mOhm fallback (V-A07) moves the fault bound to 13.315 A, still inside 14.10 A | 5.5 |
   | LH-03c | IF-AE-DOCK | vin_raw.properties | U34's restart guard falls at 6.754 to 7.139 V (R14 76.8k, L4-E9 R-124, DRAFTED), at least 0.1 V under the knee's certain HIZ 7.378 V; as drawn it falls at up to 8.309 V | L4-POWER-ARCHITECTURE.md; 1d row IF-07, 4a | INFERRED; DRAFTED R-124 | R-124's fitted parts: the guard's fall read on the regenerated board | 5.7 |
   | LH-04a | IF-AE-DOCK pack_pins; IF-PE-PACK power | charge | at most 3.0 A (FW-A02; REQ-075 3.06 A), under the gauge's OCC 5 A | L4-POWER-ARCHITECTURE.md; 1d row IF-10 | MAKER (the gauge's OCC), INFERRED | FW-A02's setting; R-28 re-derives it at bring-up | 5.5 |
   | LH-04b | IF-AE-DOCK pack_pins; IF-PE-PACK power | service | PS-ALLTX's 18 A at an 11.48 V stack and OCD1's 20 A below 10.42 V (pwr_budget.out D-11 line; MODELED) | L4-POWER-ARCHITECTURE.md; LAYER5-HANDOVER.md; 1d row IF-10; LH-04 as L4-E9's rounds 7 and 8 corrected it (out 30) (restated at set 29, L5-F13, section 4a; as written: 1d row IF-10; LH-04) | MODELED (L4-E9 out 30, on Layer 9's final drafts); PROVISIONAL; D-17 OPEN | PWR-F12 (FEA-004): the chain's short-time rating at the peak service current and F2 near its hot corner; D-17 (L4-E9 8a): the all-transmit basis against REQ-018's pass line | 5.5 |
   | S27-01 | IF-AE-DOCK | pin1_vsys_dock (the new row of set 27) | U42's I(OL) 1.4713 to 1.8018 A at R(ILIM) 11.0 kOhm 0.1 percent | L4E11-SOURCE-ONLY-AND-ENTRY.md; l4e11_power.out; 16e, 17a, 18b; out 16e, 17a, 18b (restated at set 28, F-12, section 4a; as written: 16e, 17a; out 16 and 17) | INFERRED from MAKER rows (SLVSET9G), the branch current MODELED (L4-E11 18b); DRAFTED R-157, R-177, R-178, R-181; PROVISIONAL (L4-F03: remedy drafted, qualification open) | E11-38 (R-184): U42's limit read outside its band, the hard short's recorded peak over its test target (it revises L4-E11 17a), the 813's resistance after the cases; E11-35 (R-179): a fan's measured start over U42's room at the declared branch | 5.2, 5.5, 5.7 |
   | S27-02a | IF-AE-DOCK pin1_vsys_dock; IF-E-FANS sequencing | the fans' start rule | both fans together at most 0.3356 A each, one at a time at most 0.5713 A (the other running at 0.1 A), VSYS_E at the least limit at least 9.494 V at the supplement floor | L4E11-SOURCE-ONLY-AND-ENTRY.md; l4e11_power.out; DOWNSTREAM-REGISTER.md; 18, 18b; out 18, 18b; R-179 (restated at set 28, F-12, section 4a; as written: 17a; out 17) | INFERRED (L4-E11 18b); DRAFTED R-177, R-181; PROVISIONAL (the start current NOT READ) | E11-35 (R-179): the named fans' start current read over U42's room at the rail; U42's limit read outside its band (E11-38, R-184) | 5.6, 5.11 |
   | S27-02b | FW-E11 | the fans' start stagger as a firmware row | Start the mixer fans one at a time, each with a PWM ramp, never both within 1 s and never while U12 starts (E11-39, R-188) | l4e11_power.out; DOWNSTREAM-REGISTER.md; out 18c (E11-39 restated); R-188 (restated at set 28, F-12, section 4a; as written: out 17 (E11-39); R-188) | RULE (L4-E11 17a and 18c, SESSION); DRAFTED R-177, R-181; PROVISIONAL | E11-35 (R-179): the named fans' start current read over U42's room at the rail; U42's limit read outside its band (E11-38, R-184) | 5.6, 5.11 |
   | S27-03 | V-E16 (IF-EXT-DC bench) | R-176 rows 1 to 6 where they bind the solar port | (5) Q13's leakage at the hot end, under 32.1 uA; (6) no short-circuit trip with C126 at 330 pF in operation and under CS116 (R-174) | DOWNSTREAM-REGISTER.md; L4-POWER-ARCHITECTURE.md; R-176 (rows 2 and 3 as L4-E7's round 5 restated them); R-186 (WITHDRAWN at set 31); L4-E9 8a's history note (restated at set 28, F-12, section 4a; as written: R-176) | TEST rows (the bounds MODELED and MAKER); DRAFTED R-173; row 3 OPEN (no loop claimed to pass), PROVISIONAL | row 3: B6-ENG-1 decides the stage as R-176 words it, the receiving company's E-1 since P0-7 (R-180 an input only, R-187 not holding, R-186 WITHDRAWN under R-240; B6-ENG-2, R-189, answered at the desk); rows 2 and 3 filed against R-176's bounds at both fault positions | 5.4 |
   | LH-05 | IF-EXT-USB | current (the outlet's trip) | U18's trip at 3.793 to 4.576 A (VI(TRIP) 19.2 to 22.6 mV, MAKER, with 1 percent and 50 ppm/K over 45 K), above every 3 A contract and under the Bulgin PXP4043/C receptacle's 5 A; as drawn R138 10 mOhm trips at 1.897 to 2.288 A | L4E4-CURRENT-LIMITS.md; the chosen values (R138); the outlet's bench procedure | MAKER rows (SLVSDG8B), INFERRED; DRAFTED R-02 | VI(TRIP)'s row at L4-E4's bench (a); J_USBC_OUT's header and its rating (R-30) | 5.5 |
   | LH-06a | IF-AB-POWER currents (+54V_POE) | monitor | full scale 81.92 mV over 5 mOhm is 16.384 A (Current_LSB 0.5 mA, CAL 2048); 3.682 A at a 10.0 V stack for 0.6 A at 54 V over 0.88, 14.33 A at the stage's fault bound (72.38 mV) | L4-POWER-ARCHITECTURE.md; DOWNSTREAM-REGISTER.md; 1d row IF-13 and part A; R-27 | INFERRED from MAKER rows (SBOS547C); DRAFTED R-06; PROVISIONAL (R227's pulse rating) | R-101 (R227's pulse rating and capacitance envelope); R-120, R-121 (L10's L(I) at temperature) | 5.4, 5.11 |
   | LH-06b | FW-A09 | U17's readings restated | its readings are the PoE stage's INPUT current and POE_VIN (VBUS pin 8 is on POE_VIN; VBAT is POE_VIN plus the shunt's drop) | DOWNSTREAM-REGISTER.md; R-27 | INFERRED; DRAFTED R-06 | as LH-06a | 5.11 |
   | LH-07a | FW-A16 | LH-07's condition | IIN_HOST is written 4.70 A only on a board A whose netlist carries the ILIM_HIZ network (H3, FW-A18); on a board without it the derated 4.00 A of r11dep applies (R11 10 mOhm) | LAYER5-HANDOVER.md; DOWNSTREAM-REGISTER.md; LH-07; R-25 | INFERRED (L4-E4, L4-E5, r11dep); FW-A18 OWED | R-03's network drawn (Layer 8), after which the condition is met on every regenerated board | 5.11 |
   | LH-07b | V-A08 | restated for the selected entry | the entry's U6 never asserts FLT_I (its current over the breaker's lowest 6.364 A for less than 0.247 ms, its filtered short-circuit sense under 10.36 A), VIN_RAW never falls below 7.24 V | DOWNSTREAM-REGISTER.md; L4E11-SOURCE-ONLY-AND-ENTRY.md; R-135, R-76; 7a (E11-21) | MAKER rows; DRAFTED R-123 | R-123's parts; R-76 reads it on the bench | 5.6, 5.11 |
   | LH-08 | V-E14 | REQ-015's bench row | the vehicle supply reversed at -36 V and then at +40 V: no damage; DC_P, DC_F and Q1's VDS recorded (at most 66.2 V reversed); the entry's OV trip inside 39.6 to 41.22 V | LAYER5-HANDOVER.md; LH-08 | TEST row (the bounds MAKER and INFERRED); DRAFTED R-123, R-17 | R-123 and R-17 applied; the interconnect's resistance ceiling (R-130) | 5.4 |
   | LH-09 | V-E15 | REQ-016's backstop bench row | the input current at which SWEN falls, at 17.6 V and 25 V, inside 3.0468 to 3.7408 A at 25 V, at commissioning and at layer 8's interval | LAYER5-HANDOVER.md; L4-POWER-ARCHITECTURE.md; LH-09; 1d row IF-02 | TEST row (the bounds MODELED, L4-E7R); DRAFTED R-19 to R-21 | L4-E7R's stocked RIMON_IN and R66 | 5.4 |
   | LH-10a | FW-C08 | SHORE_INHIBIT restated | Asserted only on the operator's 'inputs off' and on the water-on-floor isolation, never for a temperature or 'no charge' hold | L4E11-SOURCE-ONLY-AND-ENTRY.md; 7a | RULE (L4-E11's R-a, SESSION) | none: a rule, reversed only by L4-E11 reversing R-a | 5.7, 5.11 |
   | LH-10b | FW-A14 | CHG_INHIBIT restated | asserted only by firmware, never as a charge hold (a hold is the CHRG_INHIBIT bit or ChargeCurrent 0, FW-A19), and never while the pack cannot discharge (S2, S4 | L4E11-SOURCE-ONLY-AND-ENTRY.md; 7a | RULE (SESSION) | none | 5.7, 5.11 |
   | LH-10c | PANEL.md section 10 | the charge-hold sentence | No hold uses the CHG_INHIBIT line or SHORE_INHIBIT. | L4E11-SOURCE-ONLY-AND-ENTRY.md; 7a | RULE (SESSION) | none | 5.11 |
   | LH-10d | FW-E13 | DCIN_PGD the entry's fault flag | Read it as the entry's FAULT FLAG, no longer a power-good line | L4E11-SOURCE-ONLY-AND-ENTRY.md; apply_gen_sch_e_entry.py; 7a; the entry draft's pin map | DRAFTED R-123 | R-123 applied: until then the drawn line is the LM5069's power good | 5.7 |
   | LH-10e | FW-A19 | rule R-a, the hold's flag and the state table | S4 (both off: below -9 C, SHUTDOWN, a permanent fail, no pack) the gauge holds and as drawn the bit is NOT set | L4E11-SOURCE-ONLY-AND-ENTRY.md; section 4 (rule R-a) | RULE (SESSION); S2's N2 OPEN; the (B1) half DRAFTED R-157, R-158 | N2 (Q-TI-3, E11-06): whether VSYS stays regulated in S2 with the charge inhibited; under (B1) S4's exception is withdrawn (R-158) | 5.6, 5.11 |
   | LH-10f | FW-A20 | rules R-b and R-b' | exactly two settings, 0x0000 (no charge) and 0x0200 (1024 mA set), and no value under 0x0200 | L4E11-SOURCE-ONLY-AND-ENTRY.md; section 4 (rule R-b), 15c (R-b') | MAKER row (SLUSE66A p.10), INFERRED; PROVISIONAL | E11-22: cases (ii) and (iii), and board P's copper giving TI's 50 C/W | 5.11 |
   | LH-10g | FW-A21 | rule R-c, the shedding sequence | P1 shed, the two mixer fans, the HF module, the Geiger module and the 5G module held off, the bridge, GNSS, Iridium and the panel (the SOS path) kept, P1 at most 20.51 W at VBAT | L4E11-SOURCE-ONLY-AND-ENTRY.md; 3g, section 4 (rule R-c), 15b | MODELED (hc2's and rv-pwr's models); PROVISIONAL | E11-06 (P1 measured, the front end's efficiency), E11-23 (the warm-up time), E11-31 (the start's first window) | 5.6, 5.11 |
   | LH-10h | FW-A22 | rule R-d | the image keeps PCHG_COMM 1 and the SUV check (SUV permanent fail at 1.0 V), with Q-TI-7 open | L4E11-SOURCE-ONLY-AND-ENTRY.md; section 4 (rule R-d) | RULE (the image) | Q-TI-7's answer | 5.11 |
   | S27-B1 | FW-A23 | (B1)'s registers at boot | EN_OOA written 0 first (the printed VSYS accuracy holds only after that write, E11-31); ChargeCurrent written for any charge (0 A at POR and after the watchdog's 175 s | DOWNSTREAM-REGISTER.md; L4E11-SOURCE-ONLY-AND-ENTRY.md; R-158; 15a, 12c | MAKER rows (SLUSE65A); DRAFTED R-157, R-158 | R-157's release record; R-161 (E11-31) reads the registers back on the build | 5.6, 5.11 |
   | LH-11a | FW-C15 | the margin hold as a mode | Trigger: a reading at or over 68.65 C of mixed air plus the reference's calibrated offset | L4E12-ELECTRONICS-THERMAL.md; section 6 (the hold's trigger window) | MODELED (L4-E12, SESSION); PROVISIONAL | the hold's reference placed in the mixed air or calibrated at T-H1 to +-0.899099 K (U-02's line); a measured lag over the 61 s assumption re-derives 68.65 C | 5.6, 5.11 |
   | LH-11b | FW-E12 | the SGP41's own shutdown | Power the SGP41 off at a reading of 54.0 C on a TMP117 on its carrier (54.095833 C exact, rounded down: the SGP41 then at most 54.904167 C, under Table 5's +55 C); power it on, and use its output for REQ-042, only at or under 49.0 C (49.095833 C exact) | L4E12-ELECTRONICS-THERMAL.md; section 6 (the SGP41), 17.1 | INFERRED on MAKER rows (Sensirion Tables 4 and 5, the TMP117's 0.15 C); PROVISIONAL; the switch and the carrier TMP117 OWED | R-139's lag test: a lag over 0.254167 K (a time constant over 83.0 s) re-derives 54.0 and 49.0 C; the switch and the TMP117 drawn on board E | 5.11 |
   | SEQ-01 | board_to_board.power_line_states | SLOT_EN1..3 (reset, default, cable-out, the hold) | SLOT_EN1..3: {reset: "LOW (A R30, R34, R38 100 k to GND; the RP2040's pads reset as inputs)" | L4-POWER-ARCHITECTURE.md; 4c (the cold start on the pack) | VERIFIED pulls (IF-BC-PANEL); the hold OWED (FW-C02) | the SLOT_EN hold drawn (Layer 8, board C or A) closes 5.6's open item | 5.6, 5.7 |
   | SEQ-02 | board_to_board.power_line_states | VSYS_DOCK (DRAFTED) | VSYS_DOCK: {reset: "DRAFTED (R-157, R-177, R-181): U42's dVdT ramp 3.99 to 8.75 ms once VSYS is present (C237 22 nF) | L4E11-SOURCE-ONLY-AND-ENTRY.md; 16e (the inrush) | INFERRED (TI's Equation 2); DRAFTED R-181 | R-181's release record | 5.6, 5.7 |
   | SEQ-03 | board_to_board.power_line_states | EN_OOA and ChargeCurrent at boot | EN_OOA: {reset: "1b at POR (SLUSE65A; (B1) only, DRAFTED R-157)" | L4E11-SOURCE-ONLY-AND-ENTRY.md; 15a (the sequences), 12c | MAKER (SLUSE65A); DRAFTED R-157 | R-157's release record | 5.6, 5.7 |
   | SEQ-04 | IF-AE-DOCK cable_out_states | VSYS_DOCK open at E | VSYS_DOCK: "DRAFTED: open at E; board E's auxiliary domain unpowered, its controller dark, read as HOT-R1 lost; U42 unloaded" | L4E11-SOURCE-ONLY-AND-ENTRY.md; 15a (a lost pin 1) | INFERRED; DRAFTED | none | 5.7 |
   | SEQ-05 | IF-PE-PACK sequencing | the pack's connection pulse | the inrush into VBAT's capacitors 242.9 A peak, time constant 33.8 us (over ASCD's 55.6 A for 61.5 us against its 183 us delay | L4-POWER-ARCHITECTURE.md; L4E11-SOURCE-ONLY-AND-ENTRY.md; 4a (pack connected); 16d, 17b | MODELED; PROVISIONAL | E11-30: the pulse qualification on six BUK6Y10-30PX samples at 267.2 A and 37.2 us; VF and ISM hot | 5.6 |
   | SEQ-06 | IF-PE-PACK sequencing | the held pack under (B1) | VSYS piecewise (SRN under 12.054 V: at least 12.054 V; SRN over 12.546 V: VSRN + 150 mV within 2 percent; between: at least 11.96 V), the pack feeds no kit load (its monitor 0.1398 mA | L4-POWER-ARCHITECTURE.md; L4E11-SOURCE-ONLY-AND-ENTRY.md; 4a (the charge inhibited); 15a, 15d | MAKER rows (SLUSE65A), INFERRED; DRAFTED R-157; PROVISIONAL | E11-31 (R-161): the held pack current at most 1 mA; D3's hot leakage and the body diodes' current not bounded on held evidence | 5.6, 5.7 |
   | SEQ-07 | IF-A-HEAT sequencing | the mat on measured headroom | the mat runs on measured headroom (R-c, FW-A21): on only while the source's measured headroom over the load is at least its 8.58 W | L4E11-SOURCE-ONLY-AND-ENTRY.md; 3g | MODELED; PROVISIONAL | E11-06 | 5.6 |
   | SEQ-08 | IF-E-FANS power | the fans' supply under (B1) | under (B1) VSYS_E, 9.539 to 17.375 V (L4-E11 15a, 16e; DRAFTED R-177): the fans are declared 12 V class, their maximum supply voltage against 17.375 V and their least operating voltage against 9.539 V TBD (HF-F05, E11-35, R-179) | L4E11-SOURCE-ONLY-AND-ENTRY.md; l4e11_power.out; 18, 18a; out 18, 18a (restated at set 28, F-12, section 4a; as written: 15a (VSYS_E's range), 16e (the drop)) | INFERRED (L4-E11 18a); DRAFTED R-177; PROVISIONAL (the start current and the PWM input level NOT READ) | E11-35 (R-179): the named fans' start current and PWM input level read; R-177's release (U22 and the four-wire headers drawn) | 5.4 |
   | SEQ-09 | IF-EXT-DC default_state | the charger before any host write | the charger before any host write: as drawn ChargeCurrent 256 mA at POR (TI's E2E answer) and after the 175 s watchdog, under (B1) 0 A until firmware writes it | L4-POWER-ARCHITECTURE.md; 4c (power-on under (B1)), 4g | MAKER (TI's E2E answer; SLUSE65A); DRAFTED R-157 | none | 5.7 |
   | SEQ-10 | FW-C08 hardware fact | the entry's UVLO pin under SHORE_INHIBIT | E's Q8 pulls the entry's UVLO pin low when it is high (as drawn the LM5069's HS_UVLO; on the selected entry the TPS48110-Q1's EN/UVLO on the same net, DRAFTED R-123) | apply_gen_sch_e_entry.py; the entry draft's pin map and part list (Q8 kept) | NETLIST (the draft's text); DRAFTED R-123 | R-123 applied | 5.7 |

4a. THE RESTATEMENT AS MARKDOWN (L5-POWER-CONTRACTS.md section 4a carries these lines)
   | id | cited at `2c240414`, no longer standing | why (the Layer 4 change: set 27's, or L4-E9's rounds 7 and 8 for a row restated at set 29; set 31's re-read for S27-B6 and S27-03) | what replaced it (file: the text, its figures parsed) | contract value | the targets at set 28 (`5515ecc0`) |
   |---|---|---|---|---|---|
   | S27-B6 | 0.2396, 0.5287, 60.3, 3.30 uH | L4-E7's round 5 withdrew round 2's reference loop as a passing floor: at that loop a fault at the connector puts U5's pins past their absolute maximum, so D-10's guard-on case is OPEN and no loop is claimed to pass; set 31 (SET31-CHANGES.md items 2 and 23, the owner's part 23) restated D-10 from record l4e7's P0-7: an UNRESOLVED PROTECTION DEFECT in the present model, the receiving company's remaining engineering item E-1 (the port-level transient's failing cases F1 to F4 and the lower-source back-feed), with U5's absolute-rating violation corrected in draft by P0-7 (R-240, not applied), so set 28's D-10 sentence is no longer printed | L4-POWER-ARCHITECTURE.md: "OPEN: an UNRESOLVED PROTECTION DEFECT in the present model, the receiving company's remaining engineering item E-1: the guard's port-level transient (F1 and F2 absolute-rating violations below about 2.4 uH, F1 PV_F 321.9 V MODEL against the port's 100 V; F3 PV_F 83.48 V over the recommended 80 V row at 3.30 uH; F4 the arriving source's slew over its 54 V/us line) and the lower-source back-feed (S1's row (b)); U5's absolute-rating violation corrected in draft by P0-7 (R-240)"; L4-POWER-ARCHITECTURE.md: "E-1, then S1 and S2 on the correction (R-180 and R-187 inputs, no passing route; R-186 WITHDRAWN under R-240)"; L4-POWER-ARCHITECTURE.md: "OPEN, REMAINING ENGINEERING: D-10 is an UNRESOLVED PROTECTION DEFECT in the present model ([P0SOL:101]), the receiving company's item E-1 (set 29's B6-ENG-1 as P0-7 restates it"; L4-POWER-ARCHITECTURE.md: "PROVISIONAL until E-1's correction: IF-01's D-10 protection claim, R-173 as a protection, R-176 rows 2 and 3, R-180, the port's parts and layout"; L4-POWER-ARCHITECTURE.md: "D-16 addressed in drafts (corrected in draft, R-240, PROVISIONAL on S3 and S4); D-10 restated as an unresolved protection defect, the receiving company's E-1"; L4-POWER-ARCHITECTURE.md: "at round 2's 3.30 uH reference loop, no loop claimed to pass (L4-E7's round 5)"; L4-POWER-ARCHITECTURE.md: "U5's pins, the complete budget, -0.3021 to +0.2591 V at a fault at the connector (past the -0.3 V ABSOLUTE MAXIMUM)"; L4-POWER-ARCHITECTURE.md: "inside 20 V; at 1.00 uH U5 0.5858 V"; L4-POWER-ARCHITECTURE.md: "turns Q12 off: at most 62.7 A within 11.4 us" | CHANGES: the guard-on case is no longer every rating with its margin from the reference loop; D-10 is OPEN, NOT CLOSED, an UNRESOLVED PROTECTION DEFECT in the present model, the receiving company's E-1 (the failing cases F1 to F4, MODELED, their figures as parsed above), and no loop is claimed to pass; U5's pins at the reference loop and at the low loop (the absolute-rating violation P0-7 corrects in draft, R-240, not applied) and the turn-off current are as section 4e still prints them (L4-E7's round 5); the stage question, set 29's B6-ENG-1, is E-1 | NOT RESTATED; the text written still at pcb_interfaces.yaml:1243; finding L5-F09 |
   | LH-04b | 11.48, 10.42 | L4-E9's round 7 corrected LH-04's pointer, which had read rv-pwr's PS-ALLTX PLAN line and not the floor's basis (decision D-11's all-transmit basis), and its round 8 restated it on Layer 9's final drafts | LAYER5-HANDOVER.md: "decision D-11's all-transmit basis at 18 A from a 13.898 V stack as drawn and 14.774 V on the final drafts, OCD1's 20 A only below a 13.442 V stack there"; L4-POWER-ARCHITECTURE.md: "decision D-11's all-transmit basis at 18 A from a 13.9 V stack as drawn, 14.77 V on the final drafts, needing 16.214 V rest against REQ-018's 15.5 V (D-17 OPEN" | CHANGES: the pointer is no longer the PS-ALLTX PLAN line's stack voltages; it is decision D-11's all-transmit basis and OCD1's stack as parsed above, and that basis is not supplied from REQ-018's pass line (D-17 OPEN); the continuous and the peak service currents stand | NOT RESTATED; the text written still at pcb_interfaces.yaml:768; withdrawn text still at pcb_interfaces.yaml:768: "PS-ALLTX's 18 A at an 11.48 V stack and OCD1's 20 A below 10.42 V"; finding L5-F13 |
   | S27-01 | 0.1486, 9.539, 11.905, 28.6 | L4-E11 section 18 put the mixer fans on U22's regulated rail and declared the dock branch afresh (18b), so the drop, VSYS_E at the floor and the contact's share are re-derived (18b restates the floor, not VSYS_MIN's start); and L4-E11 17a, after the recheck, calls the hard short's figure a resistive extrapolation and E11-38's test target, not a bound | l4e11_power.out: "with U12's 0.8 A: 1.3208 A DECLARED on IF-AE-DOCK pin 1 (was 1.0 A"; l4e11_power.out: "the drop at the floor with 1.3208 A: 0.1795 V, VSYS_E 9.508 V; at U42's least limit 9.494 V"; l4e11_power.out: "the contact at 37.7 % of 3.5 A"; l4e11_power.out: "A resistive EXTRAPOLATION, not a bound (I): 566 A would flow"; l4e11_power.out: "566 A for 4.5 us (1.441 A2s) is E11-38's TEST TARGET for the recorded peak" | CHANGES: the branch current, the drop, VSYS_E at the floor and the contact's share are 18b's, parsed above; the excerpt, U42's band at R(ILIM), stands (the resistor renamed R228); the hard short's figure keeps its number but is a test target, no longer a ceiling | SUPERSEDED IN PLACE (record l5r2); the text written still at pcb_interfaces.yaml:703; restated pcb_interfaces.yaml:720: "so the branch is declared 1.3208 A (U12 0.8 A, U22 0.5208 A at the floor with both fans at full speed)"; restated pcb_interfaces.yaml:722: "the contact at 37.7 percent of 3.5 A, VSYS_E 9.508 V at the floor"; withdrawn text still at pcb_interfaces.yaml:706: "a short applied while on at most 566 A for at most 4.5 us (a ceiling, no inductance credited; INFERRED)"; finding L5-F10 |
   | S27-02a | 0.3356, 0.5713, 0.1 A | L4-E11 section 18 withdrew the fans directly on VSYS_E; on U22's regulated rail the start rule in amperes on VSYS_E is superseded (R-179) by the room U42 leaves at the declared branch (18b) | l4e11_power.out: "no fan read prints a range covering VSYS_E's 9.494 to 17.375 V, so 15a's fans directly on VSYS_E is WITHDRAWN"; DOWNSTREAM-REGISTER.md: "the supply range question of 15a to 17a (17.375 V at the top, 9.539 V at the bottom, 0.3356 and 0.5713 A on VSYS_E) is superseded by the rail"; l4e11_power.out: "with one fan running and U12 on, U42's room 0.1504 A leaves 1.21 W at the rail for the other fan's start" | CHANGES: the rule is no longer the both-together and one-at-a-time currents on VSYS_E; it is U42's room at the declared branch, as power at U22's rail for one fan's start, the start current NOT READ (E11-35); VSYS_E at U42's least limit stands | SUPERSEDED IN PLACE (record l5r2); the text written still at pcb_interfaces.yaml:713; restated pcb_interfaces.yaml:723: "the start rule above (0.5713 A and 0.3356 A on VSYS_E) is superseded by section 18b: with one fan running and U12 on, U42 leaves 0.1504 A of room, 1.21 W at the rail for the other fan's start"; withdrawn text still at pcb_interfaces.yaml:714: "firmware starts them one at a time with a PWM ramp, never both within 1 s and never while U12 starts (R-188)"; finding L5-F10 |
   | S27-02b | PWM ramp, 0.5713 | L4-E11 18c restated the stagger for the fans on U22's rail (E11-39, R-188): the ramp is a PWM-duty ramp into the fan's PWM input, U22's start joins U12's, and the room is U42's at the declared branch (18b), the per-fan start current on VSYS_E superseded (R-179) | l4e11_power.out: "each by a PWM-duty ramp into the fan's PWM input, never both within 1 s and never while U12 or U22 starts"; DOWNSTREAM-REGISTER.md: "U42's room 0.1504 A at the floor"; DOWNSTREAM-REGISTER.md: "the current through J_DOCK pin 1 under 1.4713 A at every start" | CHANGES the rule's wording, not its intent: a PWM ramp becomes a PWM-duty ramp into the fan's PWM input, and never while U12 starts becomes never while U12 or U22 starts; the trigger's per-fan start current gives way to U42's room | RESTATED IN PLACE (record l5r2); restated HW-FW-CONTRACT.md:187: "Start the mixer fans one at a time, each by a PWM-duty ramp into the fan's PWM input, never both within 1 s and never while U12 or U22 starts (E11-39, R-188; L4-E11 18c)" |
   | S27-03 | 75 V, 61 A, 3.30 uH | L4-E7's round 5 restated R-176: row 2's bound on PV_F and row 3's turn-off current changed, and row 3's pass from the reference loop was withdrawn (no loop is claimed to pass); set 31 left R-176 as it was, withdrew R-186 under R-240 and, on L4-E9's page, made B6-ENG-1 the receiving company's E-1 and answered B6-ENG-2 at the desk (P0-7) | DOWNSTREAM-REGISTER.md: "PV_F at most 85 V, its slew and INP inside their absolute ratings"; DOWNSTREAM-REGISTER.md: "U21 turning Q12 off (at most 63 A, within 12 us)"; DOWNSTREAM-REGISTER.md: "no loop is claimed to pass (round 5): at 3.30 uH the pins' complete budget is outside +-0.240 V and B6-ENG-1 decides"; DOWNSTREAM-REGISTER.md: "WITHDRAWN 6 October 2026, set 31: obsolete under R-240"; L4-POWER-ARCHITECTURE.md: "Since P0-7, B6-ENG-2 is answered at the desk and B6-ENG-1 becomes E-1, the port's remaining engineering" | CHANGES in V-E16's rows 2 and 3, not in the excerpt (rows 5 and 6 stand): the parsed bounds replace those the pass wrote for rows 2 and 3, and row 3 is no longer a pass from any loop until B6-ENG-1, now E-1, is decided | NOT RESTATED; the text written still at HW-FW-CONTRACT.md:313; withdrawn text still at HW-FW-CONTRACT.md:313: "D4 carries nothing, PV_F at most 75 V;"; withdrawn text still at HW-FW-CONTRACT.md:313: "U21 turning Q12 off (at most 61 A, within 12 us)"; withdrawn text still at HW-FW-CONTRACT.md:313: "a pass only for a loop at or over 3.30 uH until B6-ENG-1 is decided"; withdrawn text still at HW-FW-CONTRACT.md:261: "row 3 a pass only from a 3.30 uH loop until B6-ENG-1"; withdrawn text still at pcb_interfaces.yaml:1274: "row 3 a pass only for a source loop at or over 3.30 uH until B6-ENG-1 is decided"; finding L5-F09 |
   | SEQ-08 | 17.375, 9.539 | L4-E11 section 18: no named fan's printed range covers VSYS_E, so the fans directly on VSYS_E are withdrawn; they run on U22's regulated rail, whose band sits inside the named fans' range (18a) | l4e11_power.out: "no fan read prints a range covering VSYS_E's 9.494 to 17.375 V, so 15a's fans directly on VSYS_E is WITHDRAWN"; l4e11_power.out: "the output 12.001 V (11.512 to 12.431 V at FB's limits with the 1 % divider) inside the fans' 10.8 to 13.2 V" | CHANGES: the fans' supply is U22's +12V_FAN, not VSYS_E; the supply range TBD is closed by the rail (DRAFTED); the start current and the PWM input level stay NOT READ (R-179, F-L7-11) | RESTATED IN PLACE (record l5r2); restated pcb_interfaces.yaml:1634: "+12V_FAN 12.001 V (11.512 to 12.431 V at FB's limits) from U22 on VSYS_E, inside the fans' 10.8 to 13.2 V" |

5. RESULT: every excerpt is in its target and every figure is printed by a cited Layer 4 source, but the figures restated at
   set 28, which their sources printed at 2c240414; every replacing text is matched once in the tree's Layer 4 records. check_contracts.py
   is a netlist reader and reads none of these files: its reading is unchanged by this pass (L5-POWER-CONTRACTS.md section 5).
