** Drc report for pcb-e5-block.kicad_pcb **
** Created on 2026-09-05T04:43:10+0200 **
** Report includes: Errors, Warnings, Exclusions **

** Found 5 DRC violations **
[silk_over_copper]: Silkscreen clipped by solder mask
    Local override; warning
    @(15,8000 mm, 174,4000 mm): Segment on F.Silkscreen
[silk_over_copper]: Silkscreen clipped by solder mask
    Local override; warning
    @(3,0000 mm, 173,5000 mm): PCB text 'RETURN 12 AWG' on F.Silkscreen
[silk_over_copper]: Silkscreen clipped by solder mask
    Local override; warning
    @(26,0000 mm, 171,0000 mm): PCB text 'E5 DOCK BLOCK  face 7.4 mm' on F.Silkscreen
[silk_over_copper]: Silkscreen clipped by solder mask
    Local override; warning
    @(32,3500 mm, 191,0000 mm): PCB text 'GND6' on B.Silkscreen
[silk_edge_clearance]: Silkscreen clipped by board edge
    Rule: board setup constraints silk; warning
    @(35,0000 mm, 193,5000 mm): Segment on Edge.Cuts
    @(26,0000 mm, 171,0000 mm): PCB text 'E5 DOCK BLOCK  face 7.4 mm' on F.Silkscreen

** Found 0 unconnected pads **

** Found 0 Footprint errors **

** End of Report **
