** Drc report for pcb-b-compute.kicad_pcb **
** Created on 2026-09-05T00:55:21+0200 **
** Report includes: Errors, Warnings, Exclusions **

** Found 56 DRC violations **
[solder_mask_bridge]: Front solder mask aperture bridges items with different nets
    Rule: board setup solder mask min width; error
    @(49,6800 mm, 46,1850 mm): Rectangle of J_GNSS1 on F.Mask
    @(49,1450 mm, 47,1250 mm): Pad 1 [/GNSS_ANT] of J_GNSS1 on F.Cu
[solder_mask_bridge]: Front solder mask aperture bridges items with different nets
    Rule: board setup solder mask min width; error
    @(49,6800 mm, 46,1850 mm): Rectangle of J_GNSS1 on F.Mask
    @(49,1450 mm, 47,1250 mm): Pad 1 [/GNSS_ANT] of J_GNSS1 on F.Cu
[silk_overlap]: Silkscreen overlap
    Rule: board setup constraints silk; warning
    @(54,0000 mm, 41,5000 mm): PCB text 'GNSS NEO-M9N + U.FL -> GPS bulkhead   |   LoRa Wio-SX1262, IPEX -> LoRa bulkhead' on F.Silkscreen
    @(39,5000 mm, 37,0000 mm): Circle on F.Silkscreen
[silk_overlap]: Silkscreen overlap
    Rule: board setup constraints silk; warning
    @(62,0000 mm, 78,5000 mm): PCB text 'COMPUTE MODULE 5 on 2x Amphenol 10164227-1004A1RLF (4.0 mm stack), M2.5 x 4 on 33 x 48; CM5 Cooler 41 x 56 over it' on F.Silkscreen
    @(93,2200 mm, 77,5409 mm): Segment of BT1 on F.Silkscreen
[silk_overlap]: Silkscreen overlap
    Rule: board setup constraints silk; warning
    @(62,0000 mm, 141,5000 mm): PCB text 'GPIO connector WEST, high-speed connector EAST; U.FL antenna lead to the WiFi bulkhead (dtparam=ant2)' on F.Silkscreen
    @(33,0900 mm, 141,1950 mm): Polygon of U20 on F.Silkscreen
[silk_overlap]: Silkscreen overlap
    Rule: board setup constraints silk; warning
    @(58,2225 mm, 172,5500 mm): Reference field of J_5V_M1
    @(62,2625 mm, 172,3600 mm): Segment of J_5V_M2 on F.Silkscreen
[silk_overlap]: Silkscreen overlap
    Rule: board setup constraints silk; warning
    @(236,0000 mm, 34,5000 mm): PCB text 'J_PANEL ribbon up to PCB-C' on F.Silkscreen
    @(239,7675 mm, 26,6600 mm): Segment of J_PANEL on F.Silkscreen
[silk_overlap]: Silkscreen overlap
    Rule: board setup constraints silk; warning
    @(236,0000 mm, 34,5000 mm): PCB text 'J_PANEL ribbon up to PCB-C' on F.Silkscreen
    @(233,2675 mm, 39,9500 mm): Segment of J_PANEL on F.Silkscreen
[silk_overlap]: Silkscreen overlap
    Rule: board setup constraints silk; warning
    @(244,0000 mm, 56,4000 mm): PCB text 'ZIGBEE: Ebyte E72-2G4M20S1E (CC2652P), PCB antenna to the back wall' on F.Silkscreen
    @(233,2675 mm, 57,3400 mm): Segment of J_PANEL on F.Silkscreen
[silk_overlap]: Silkscreen overlap
    Rule: board setup constraints silk; warning
    @(239,7675 mm, 26,6600 mm): Segment of J_PANEL on F.Silkscreen
    @(244,0000 mm, 56,4000 mm): PCB text 'ZIGBEE: Ebyte E72-2G4M20S1E (CC2652P), PCB antenna to the back wall' on F.Silkscreen
[silk_overlap]: Silkscreen overlap
    Rule: board setup constraints silk; warning
    @(241,0775 mm, 25,3600 mm): Segment of J_PANEL on F.Silkscreen
    @(244,0000 mm, 56,4000 mm): PCB text 'ZIGBEE: Ebyte E72-2G4M20S1E (CC2652P), PCB antenna to the back wall' on F.Silkscreen
[silk_overlap]: Silkscreen overlap
    Rule: board setup constraints silk; warning
    @(220,0000 mm, 192,5000 mm): PCB text 'MESHSAT-795 | 245x170x1.6 4L | matte black | 2026-09-04' on F.Silkscreen
    @(195,0000 mm, 191,5000 mm): PCB text 'FRONT WALL (-Y)   v v v' on F.Silkscreen
[silk_overlap]: Silkscreen overlap
    Rule: board setup constraints silk; warning
    @(138,0000 mm, 100,5000 mm): PCB text 'J_RTL1' on F.Silkscreen
    @(136,1744 mm, 100,9000 mm): Segment of C16 on F.Silkscreen
[silk_overlap]: Silkscreen overlap
    Rule: board setup constraints silk; warning
    @(98,5944 mm, 142,2450 mm): Segment of C14 on F.Silkscreen
    @(62,0000 mm, 141,5000 mm): PCB text 'GPIO connector WEST, high-speed connector EAST; U.FL antenna lead to the WiFi bulkhead (dtparam=ant2)' on F.Silkscreen
[silk_overlap]: Silkscreen overlap
    Rule: board setup constraints silk; warning
    @(108,7650 mm, 146,0150 mm): Reference field of J_PMIC
    @(113,5550 mm, 146,0150 mm): Reference field of J_PWRBTN
[silk_over_copper]: Silkscreen clipped by solder mask
    Local override; warning
    @(62,0000 mm, 78,5000 mm): PCB text 'COMPUTE MODULE 5 on 2x Amphenol 10164227-1004A1RLF (4.0 mm stack), M2.5 x 4 on 33 x 48; CM5 Cooler 41 x 56 over it' on F.Silkscreen
[silk_over_copper]: Silkscreen clipped by solder mask
    Local override; warning
    @(62,0000 mm, 141,5000 mm): PCB text 'GPIO connector WEST, high-speed connector EAST; U.FL antenna lead to the WiFi bulkhead (dtparam=ant2)' on F.Silkscreen
[silk_over_copper]: Silkscreen clipped by solder mask
    Local override; warning
    @(62,0000 mm, 144,5000 mm): PCB text 'B13: no Pi 5, no ribbon, no USB plug on the compute side (appendix 32.35)' on F.Silkscreen
[silk_over_copper]: Silkscreen clipped by solder mask
    Local override; warning
    @(236,0000 mm, 34,5000 mm): PCB text 'J_PANEL ribbon up to PCB-C' on F.Silkscreen
[silk_over_copper]: Silkscreen clipped by solder mask
    Local override; warning
    @(138,0000 mm, 100,5000 mm): PCB text 'J_RTL1' on F.Silkscreen
[silk_over_copper]: Silkscreen clipped by solder mask
    Local override; warning
    @(45,0000 mm, 108,5000 mm): Reference field of U30A
[silk_over_copper]: Silkscreen clipped by solder mask
    Local override; warning
    @(79,0000 mm, 108,5000 mm): Reference field of U30B
[silk_edge_clearance]: Silkscreen clipped by board edge
    Rule: board setup constraints silk; warning
    @(27,5000 mm, 30,0000 mm): Segment on Edge.Cuts
    @(54,0000 mm, 41,5000 mm): PCB text 'GNSS NEO-M9N + U.FL -> GPS bulkhead   |   LoRa Wio-SX1262, IPEX -> LoRa bulkhead' on F.Silkscreen
[silk_edge_clearance]: Silkscreen clipped by board edge
    Rule: board setup constraints silk; warning
    @(27,5000 mm, 30,0000 mm): Segment on Edge.Cuts
    @(62,0000 mm, 78,5000 mm): PCB text 'COMPUTE MODULE 5 on 2x Amphenol 10164227-1004A1RLF (4.0 mm stack), M2.5 x 4 on 33 x 48; CM5 Cooler 41 x 56 over it' on F.Silkscreen
[silk_edge_clearance]: Silkscreen clipped by board edge
    Rule: board setup constraints silk; warning
    @(27,5000 mm, 30,0000 mm): Segment on Edge.Cuts
    @(62,0000 mm, 141,5000 mm): PCB text 'GPIO connector WEST, high-speed connector EAST; U.FL antenna lead to the WiFi bulkhead (dtparam=ant2)' on F.Silkscreen
[track_dangling]: Track has unconnected end
    Local override; warning
    @(34,0875 mm, 152,0500 mm): Track [+3V3] on F.Cu, length 2,3375 mm
[track_dangling]: Track has unconnected end
    Local override; warning
    @(137,4591 mm, 93,9151 mm): Track [/5V_RTL] on F.Cu, length 0,7619 mm
[track_dangling]: Track has unconnected end
    Local override; warning
    @(121,5375 mm, 125,4500 mm): Track [/DISP_SCL] on F.Cu, length 1,4625 mm
[track_dangling]: Track has unconnected end
    Local override; warning
    @(121,5375 mm, 123,5500 mm): Track [/DISP_SDA] on F.Cu, length 1,4625 mm
[track_dangling]: Track has unconnected end
    Local override; warning
    @(77,4600 mm, 105,5000 mm): Track [/DSI0_D0_N] on F.Cu, length 1,3500 mm
[via_dangling]: Via is not connected or connected on only one layer
    Local override; warning
    @(47,1900 mm, 106,3000 mm): Via [/EEPROM_nWP] on F.Cu - B.Cu
[via_dangling]: Via is not connected or connected on only one layer
    Local override; warning
    @(40,4300 mm, 162,5050 mm): Via [/EN_I2C] on F.Cu - B.Cu
[track_dangling]: Track has unconnected end
    Local override; warning
    @(34,0875 mm, 143,1500 mm): Track [/EN_RTL] on F.Cu, length 1,6375 mm
[track_dangling]: Track has unconnected end
    Local override; warning
    @(34,0875 mm, 155,3000 mm): Track [/EXP_SPARE0] on F.Cu, length 1,6375 mm
[track_dangling]: Track has unconnected end
    Local override; warning
    @(34,0875 mm, 156,6000 mm): Track [/EXP_SPARE2] on F.Cu, length 1,6375 mm
[via_dangling]: Via is not connected or connected on only one layer
    Local override; warning
    @(41,4500 mm, 155,9500 mm): Via [/EXP_SPARE6] on F.Cu - B.Cu
[via_dangling]: Via is not connected or connected on only one layer
    Local override; warning
    @(41,4500 mm, 154,6500 mm): Via [/EXP_SPARE8] on F.Cu - B.Cu
[via_dangling]: Via is not connected or connected on only one layer
    Local override; warning
    @(47,8900 mm, 105,5000 mm): Via [/FAN_TACHO] on F.Cu - B.Cu
[via_dangling]: Via is not connected or connected on only one layer
    Local override; warning
    @(97,8500 mm, 129,8583 mm): Via [/HUB_CFG0] on F.Cu - B.Cu
[via_dangling]: Via is not connected or connected on only one layer
    Local override; warning
    @(97,8500 mm, 129,0583 mm): Via [/HUB_CFG1] on F.Cu - B.Cu
[via_dangling]: Via is not connected or connected on only one layer
    Local override; warning
    @(92,3500 mm, 123,4750 mm): Via [/HUB_DIS7P] on F.Cu - B.Cu
[via_dangling]: Via is not connected or connected on only one layer
    Local override; warning
    @(92,1071 mm, 135,4750 mm): Via [/HUB_VD18] on F.Cu - B.Cu
[track_dangling]: Track has unconnected end
    Local override; warning
    @(133,6675 mm, 134,3195 mm): Track [/RB_CT] on F.Cu, length 0,5995 mm
[via_dangling]: Via is not connected or connected on only one layer
    Local override; warning
    @(42,1500 mm, 144,4500 mm): Via [/RB_CTRL] on F.Cu - B.Cu
[track_dangling]: Track has unconnected end
    Local override; warning
    @(135,4425 mm, 132,4200 mm): Track [/RB_FUSED] on F.Cu, length 1,2000 mm
[via_dangling]: Via is not connected or connected on only one layer
    Local override; warning
    @(41,4500 mm, 146,4000 mm): Via [/RB_STATUS] on F.Cu - B.Cu
[track_dangling]: Track has unconnected end
    Local override; warning
    @(95,1375 mm, 164,5000 mm): Track [/SW33] on F.Cu, length 2,1625 mm
[track_dangling]: Track has unconnected end
    Local override; warning
    @(91,4125 mm, 60,5500 mm): Track [/USB_LTE_P] on F.Cu, length 1,4625 mm
[track_dangling]: Track has unconnected end
    Local override; warning
    @(131,4125 mm, 177,5500 mm): Track [/USB_OTG_P] on F.Cu, length 1,4625 mm
[track_dangling]: Track has unconnected end
    Local override; warning
    @(133,1375 mm, 94,4500 mm): Track [/USB_RTL_N] on F.Cu, length 1,4625 mm
[track_dangling]: Track has unconnected end
    Local override; warning
    @(135,4125 mm, 92,5500 mm): Track [/USB_RTL_P] on F.Cu, length 1,4625 mm
[track_dangling]: Track has unconnected end
    Local override; warning
    @(104,4375 mm, 125,4500 mm): Track [/USB_UP_N] on F.Cu, length 1,4625 mm
[track_dangling]: Track has unconnected end
    Local override; warning
    @(104,4375 mm, 123,5500 mm): Track [/USB_UP_P] on F.Cu, length 1,4625 mm
[track_dangling]: Track has unconnected end
    Local override; warning
    @(112,9875 mm, 125,4500 mm): Track [/USB_WALL_N] on F.Cu, length 1,4625 mm
[track_dangling]: Track has unconnected end
    Local override; warning
    @(112,9875 mm, 123,5500 mm): Track [/USB_WALL_P] on F.Cu, length 1,4625 mm
[track_dangling]: Track has unconnected end
    Local override; warning
    @(34,0875 mm, 146,4000 mm): Track [/ZB_nRST] on F.Cu, length 2,3375 mm

** Found 2 unconnected pads **
[unconnected_items]: Missing connection between items
    Local override; error
    @(137,8512 mm, 95,9947 mm): Track [/5V_RTL] on In1.Cu, length 2,2185 mm
    @(137,4591 mm, 93,9151 mm): Track [/5V_RTL] on F.Cu, length 0,7619 mm
[unconnected_items]: Missing connection between items
    Local override; error
    @(39,8125 mm, 141,8500 mm): Pad 23 [/SDA] of U20 on F.Cu
    @(41,2239 mm, 150,2699 mm): Track [/SDA] on In1.Cu, length 1,0360 mm

** Found 0 Footprint errors **

** End of Report **
