PASS  J_PANEL 2x13 map identical on B and C
PASS  transmit inhibit present on C (SW_EMCON)
PASS  transmit inhibit present on B (J_PANEL)
PASS  transmit inhibit present on A (J_AB1)
PASS  transmit inhibit present on D (J_HARN1)
PASS  D: TX_INHIBIT_n reaches the KEY gate U12 (D8: KEY = PTT_ANY AND TX_INHIBIT_n)
PASS  D: nothing but the harness, its pull-down, a test point and the KEY gate touches TX_INHIBIT_n
PASS  rail +5V_S1 leaves A on J_5V_S1 and enters B on J_5V_S1
PASS  rail +5V_S2 leaves A on J_5V_S2 and enters B on J_5V_S2
PASS  rail +5V_S3 leaves A on J_5V_S3 and enters B on J_5V_S3
PASS  rail +5V_DEV leaves A on J_5V_DEV and enters B on J_5V_DEV
PASS  dock 2x6 contact map identical on A (J_DOCK) and E (J_BLK)
PASS  A J_DOCK pin 8 is SHORE_INHIBIT
PASS  E6: SHORE_INHIBIT reaches the sensor controller U10 (directly or through its series resistor)
PASS  A22: four CELL+ pins and four return pins (GND, the In1 plane, 32.56) on the dock block
PASS  A: the pre-charge pin lands on a cell node net
PASS  E: the 12 AWG lands P_CP and P_CN exist
PASS  E6: the pack return lands on GND (the 14.4 V node's return is the ground plane, 32.56)
PASS  ribbon net PI_SHDN_REQ exists on A and B
PASS  ribbon net PI_KILL exists on A and B
PASS  J_AB1 2x13 map identical on A and B
PASS  J_AB2 2x5 map identical on A and B
PASS  J_AB2 carries the wall pair on its END row (pins 1 and 2)
PASS  J_MEZZ1 (A) and J_HARN1 (D) 2x8 maps identical
PASS  D8 USB pair USB_D8_P: B16 J_AB1 -> A22 J_AB1/J_MEZZ1 -> D8 J_HARN1
PASS  D8 USB pair USB_D8_N: B16 J_AB1 -> A22 J_AB1/J_MEZZ1 -> D8 J_HARN1
PASS  wall-port pair USB_WALL_P: B16 slot hub -> J_AB2 -> A22 J_USBW
PASS  wall-port pair USB_WALL_N: B16 slot hub -> J_AB2 -> A22 J_USBW
PASS  +3V3 on A J_MEZZ1
PASS  +3V3 on D J_HARN1
PASS  panel controller USB pair USB_PNL_P on B16 and C7 J_PANEL
PASS  panel controller USB pair USB_PNL_N on B16 and C7 J_PANEL
PASS  C7: SW_EMCON drives TX_INHIBIT_n, EMCON_HW leaves on J_PANEL
PASS  D8: TX_INHIBIT_n from J_HARN1 into the KEY gate
PASS  B: PCIE1_RX_P has exactly one series AC coupling capacitor (CM5 datasheet 2.3.1)
PASS  B: PCIE1_RX_P enters one IC only, so the capacitor is in series and not a stub
PASS  B: C151 on PCIE1_RX_P is the 220 nF the module's datasheet asks for
PASS  B: PCIE1_RX_N has exactly one series AC coupling capacitor (CM5 datasheet 2.3.1)
PASS  B: PCIE1_RX_N enters one IC only, so the capacitor is in series and not a stub
PASS  B: C152 on PCIE1_RX_N is the 220 nF the module's datasheet asks for
PASS  B: PCIE2_RX_P has exactly one series AC coupling capacitor (CM5 datasheet 2.3.1)
PASS  B: PCIE2_RX_P enters one IC only, so the capacitor is in series and not a stub
PASS  B: C251 on PCIE2_RX_P is the 220 nF the module's datasheet asks for
PASS  B: PCIE2_RX_N has exactly one series AC coupling capacitor (CM5 datasheet 2.3.1)
PASS  B: PCIE2_RX_N enters one IC only, so the capacitor is in series and not a stub
PASS  B: C252 on PCIE2_RX_N is the 220 nF the module's datasheet asks for
PASS  B: PCIE3_RX_P has exactly one series AC coupling capacitor (CM5 datasheet 2.3.1)
PASS  B: PCIE3_RX_P enters one IC only, so the capacitor is in series and not a stub
PASS  B: C351 on PCIE3_RX_P is the 220 nF the module's datasheet asks for
PASS  B: PCIE3_RX_N has exactly one series AC coupling capacitor (CM5 datasheet 2.3.1)
PASS  B: PCIE3_RX_N enters one IC only, so the capacitor is in series and not a stub
PASS  B: C352 on PCIE3_RX_N is the 220 nF the module's datasheet asks for
PASS  A: no device drives TX_INHIBIT_n, the panel toggle is its only source
PASS  B: no device drives TX_INHIBIT_n, the panel toggle is its only source
PASS  A22: EMCON_HW reaches only the AND gates' inputs 1A and 2A, never an output
PASS  A: TX_INHIBIT_n is pulled DOWN on this board, so a missing panel inhibits
PASS  B: TX_INHIBIT_n is pulled DOWN on this board, so a missing panel inhibits
PASS  D: TX_INHIBIT_n is pulled DOWN on this board, so a missing panel inhibits
PASS  C7: U9 buffers TX_INHIBIT_n into EMCON_HW rather than inverting it
PASS  P: the pack leads are the pack's own two nets, W_P on the positive and W_N on the return
PASS  E: the XT60 carries the pack on pin 2 and the return on pin 1, which is what P's leads land on
PASS  the pack pair is not crossed between board P's leads and board E's XT60
PASS  P: the pack's blade fuse is on the netlist and carries a net
PASS  E: R48 (22R (pulse input series)) is in series with a real pin on both sides
PASS  rail +3V3: the shares sum to 3.0% within the 3.0% the rail declares
PASS  rail +54V_POE: the shares sum to 2.0% within the 2.0% the rail declares
PASS  rail +5V_D8: the shares sum to 6.0% within the 6.0% the rail declares
PASS  rail +5V_DEV: the shares sum to 2.0% within the 2.0% the rail declares
PASS  rail +5V_S1: the shares sum to 2.0% within the 2.0% the rail declares
PASS  rail +5V_S2: the shares sum to 2.0% within the 2.0% the rail declares
PASS  rail +5V_S3: the shares sum to 2.0% within the 2.0% the rail declares
PASS  rail CELL+: the shares sum to 1.0% within the 2.0% the rail declares
PASS  rail VIN_RAW: the shares sum to 2.0% within the 2.0% the rail declares

ALL CONTRACTS PASS
verdict: check_contracts        PASS         of 73 {"boards_without_intent": 0, "fail": 0, "missing_boards": 0, "pass": 73, "rails_unsplit": 0, "unjudged": 0}
