** Drc report for pcb-a-power.kicad_pcb **
** Created on 2026-09-05T16:11:17+0200 **
** Report includes: Errors, Warnings, Exclusions **

** Found 64 DRC violations **
[silk_overlap]: Silkscreen overlap
    Rule: board setup constraints silk; warning
    @(53.0000 mm, 188.0000 mm): PCB text 'BATTERY MODULE ON THE CASE FLOOR (32.22): 12 x Samsung 35E 1S12P 42 Ah, BMS 30 A, over the dock block pins' on F.Silkscreen
    @(39.5000 mm, 183.0000 mm): Circle on F.Silkscreen
[silk_overlap]: Silkscreen overlap
    Rule: board setup constraints silk; warning
    @(41.9000 mm, 159.4700 mm): Segment of F5 on F.Silkscreen
    @(50.0000 mm, 160.0000 mm): PCB text 'SMA UHF' on F.Silkscreen
[silk_overlap]: Silkscreen overlap
    Rule: board setup constraints silk; warning
    @(66.0000 mm, 160.0000 mm): PCB text 'SMA WIFI 2.4' on F.Silkscreen
    @(66.9000 mm, 152.5300 mm): Segment of F2 on F.Silkscreen
[silk_overlap]: Silkscreen overlap
    Rule: board setup constraints silk; warning
    @(260.5000 mm, 37.0000 mm): Circle on F.Silkscreen
    @(205.0000 mm, 33.5000 mm): PCB text 'MESHSAT FIELD KIT  -  PCB-A POWER + I/O  -  REV A (A18)' on F.Silkscreen
[silk_overlap]: Silkscreen overlap
    Rule: board setup constraints silk; warning
    @(53.0000 mm, 188.0000 mm): PCB text 'BATTERY MODULE ON THE CASE FLOOR (32.22): 12 x Samsung 35E 1S12P 42 Ah, BMS 30 A, over the dock block pins' on F.Silkscreen
    @(67.8400 mm, 187.4325 mm): Segment of J_AB1 on F.Silkscreen
[silk_overlap]: Silkscreen overlap
    Rule: board setup constraints silk; warning
    @(53.0000 mm, 188.0000 mm): PCB text 'BATTERY MODULE ON THE CASE FLOOR (32.22): 12 x Samsung 35E 1S12P 42 Ah, BMS 30 A, over the dock block pins' on F.Silkscreen
    @(68.3400 mm, 188.4325 mm): Segment of J_AB1 on F.Silkscreen
[silk_overlap]: Silkscreen overlap
    Rule: board setup constraints silk; warning
    @(53.0000 mm, 188.0000 mm): PCB text 'BATTERY MODULE ON THE CASE FLOOR (32.22): 12 x Samsung 35E 1S12P 42 Ah, BMS 30 A, over the dock block pins' on F.Silkscreen
    @(67.3400 mm, 188.4325 mm): Segment of J_AB1 on F.Silkscreen
[silk_overlap]: Silkscreen overlap
    Rule: board setup constraints silk; warning
    @(66.9000 mm, 159.4700 mm): Segment of F2 on F.Silkscreen
    @(66.0000 mm, 160.0000 mm): PCB text 'SMA WIFI 2.4' on F.Silkscreen
[silk_overlap]: Silkscreen overlap
    Rule: board setup constraints silk; warning
    @(260.5000 mm, 183.0000 mm): Circle on B.Silkscreen
    @(253.0000 mm, 184.0000 mm): PCB text 'BM LORA' on B.Silkscreen
[silk_overlap]: Silkscreen overlap
    Rule: board setup constraints silk; warning
    @(195.0000 mm, 186.0000 mm): PCB text 'PCB-A UNDERSIDE - 13.4 mm above the dock strip (32.21); dock block pins and seven SMP-MAX receptacles land on the dock' on B.Silkscreen
    @(260.5000 mm, 183.0000 mm): Circle on B.Silkscreen
[silk_overlap]: Silkscreen overlap
    Rule: board setup constraints silk; warning
    @(252.9997 mm, 174.0000 mm): Arc of J_BM7 on B.Silkscreen
    @(253.0000 mm, 178.0000 mm): Circle on B.Silkscreen
[silk_over_copper]: Silkscreen clipped by solder mask
    Local override; warning
    @(50.0000 mm, 176.0000 mm): Circle on B.Silkscreen
[silk_over_copper]: Silkscreen clipped by solder mask
    Local override; warning
    @(66.0000 mm, 176.0000 mm): Circle on B.Silkscreen
[silk_over_copper]: Silkscreen clipped by solder mask
    Local override; warning
    @(124.0000 mm, 176.0000 mm): Circle on B.Silkscreen
[silk_over_copper]: Silkscreen clipped by solder mask
    Local override; warning
    @(138.0000 mm, 176.0000 mm): Circle on B.Silkscreen
[silk_over_copper]: Silkscreen clipped by solder mask
    Local override; warning
    @(220.0000 mm, 176.0000 mm): Circle on B.Silkscreen
[silk_over_copper]: Silkscreen clipped by solder mask
    Local override; warning
    @(242.0000 mm, 176.0000 mm): Circle on B.Silkscreen
[silk_over_copper]: Silkscreen clipped by solder mask
    Local override; warning
    @(253.0000 mm, 178.0000 mm): Circle on B.Silkscreen
[silk_over_copper]: Silkscreen clipped by solder mask
    Local override; warning
    @(12.5000 mm, 110.0000 mm): PCB text 'PORT (-X)' on F.Silkscreen
[silk_over_copper]: Silkscreen clipped by solder mask
    Local override; warning
    @(66.0000 mm, 184.0000 mm): PCB text 'BM WIFI 2.4' on B.Silkscreen
[silk_over_copper]: Silkscreen clipped by solder mask
    Local override; warning
    @(124.0000 mm, 184.0000 mm): PCB text 'BM GNSS' on B.Silkscreen
[silk_over_copper]: Silkscreen clipped by solder mask
    Local override; warning
    @(220.0000 mm, 184.0000 mm): PCB text 'BM LTE' on B.Silkscreen
[silk_over_copper]: Silkscreen clipped by solder mask
    Local override; warning
    @(242.0000 mm, 184.0000 mm): PCB text 'BM IRIDIUM' on B.Silkscreen
[silk_over_copper]: Silkscreen clipped by solder mask
    Local override; warning
    @(195.0000 mm, 186.0000 mm): PCB text 'PCB-A UNDERSIDE - 13.4 mm above the dock strip (32.21); dock block pins and seven SMP-MAX receptacles land on the dock' on B.Silkscreen
[silk_over_copper]: Silkscreen clipped by solder mask
    Local override; warning
    @(242.0000 mm, 179.2500 mm): Reference field of J_RF6
[silk_over_copper]: Silkscreen clipped by solder mask
    Local override; warning
    @(220.0000 mm, 179.2500 mm): Reference field of J_RF5
[silk_over_copper]: Silkscreen clipped by solder mask
    Local override; warning
    @(62.6300 mm, 177.9225 mm): Segment of J_AB1 on F.Silkscreen
[silk_over_copper]: Silkscreen clipped by solder mask
    Local override; warning
    @(62.6300 mm, 187.0425 mm): Segment of J_AB1 on F.Silkscreen
[silk_over_copper]: Silkscreen clipped by solder mask
    Local override; warning
    @(63.9300 mm, 179.2325 mm): Segment of J_AB1 on F.Silkscreen
[silk_over_copper]: Silkscreen clipped by solder mask
    Local override; warning
    @(63.9300 mm, 185.7325 mm): Segment of J_AB1 on F.Silkscreen
[silk_over_copper]: Silkscreen clipped by solder mask
    Local override; warning
    @(220.0000 mm, 181.8000 mm): Reference field of J_BM5
[silk_over_copper]: Silkscreen clipped by solder mask
    Local override; warning
    @(66.0000 mm, 181.8000 mm): Reference field of J_BM2
[silk_over_copper]: Silkscreen clipped by solder mask
    Local override; warning
    @(242.0000 mm, 181.8000 mm): Reference field of J_BM6
[via_dangling]: Via is not connected or connected on only one layer
    Local override; warning
    @(5.1200 mm, 130.3125 mm): Via [/+5V_M1] on F.Cu - B.Cu
[via_dangling]: Via is not connected or connected on only one layer
    Local override; warning
    @(37.1200 mm, 130.3125 mm): Via [/+5V_M2] on F.Cu - B.Cu
[via_dangling]: Via is not connected or connected on only one layer
    Local override; warning
    @(69.1200 mm, 130.3125 mm): Via [/+5V_PI] on F.Cu - B.Cu
[via_dangling]: Via is not connected or connected on only one layer
    Local override; warning
    @(103.6200 mm, 166.4000 mm): Via [/CELL+] on F.Cu - B.Cu
[via_dangling]: Via is not connected or connected on only one layer
    Local override; warning
    @(103.6200 mm, 169.6000 mm): Via [/CELL_SENSE_P] on F.Cu - B.Cu
[via_dangling]: Via is not connected or connected on only one layer
    Local override; warning
    @(-0.8800 mm, 129.5125 mm): Via [/COMP1] on F.Cu - B.Cu
[via_dangling]: Via is not connected or connected on only one layer
    Local override; warning
    @(31.1200 mm, 129.5125 mm): Via [/COMP2] on F.Cu - B.Cu
[via_dangling]: Via is not connected or connected on only one layer
    Local override; warning
    @(63.1200 mm, 129.5125 mm): Via [/COMP3] on F.Cu - B.Cu
[via_dangling]: Via is not connected or connected on only one layer
    Local override; warning
    @(99.9875 mm, 71.9250 mm): Via [/EXP2_SP0] on F.Cu - B.Cu
[track_dangling]: Track has unconnected end
    Local override; warning
    @(108.0500 mm, 71.9250 mm): Track [/EXP2_SP2] on F.Cu, length 1.6375 mm
[track_dangling]: Track has unconnected end
    Local override; warning
    @(108.0500 mm, 71.2750 mm): Track [/EXP2_SP3] on F.Cu, length 2.3375 mm
[track_dangling]: Track has unconnected end
    Local override; warning
    @(108.0500 mm, 69.9750 mm): Track [/EXP2_SP5] on F.Cu, length 2.3375 mm
[track_dangling]: Track has unconnected end
    Local override; warning
    @(108.0500 mm, 68.6750 mm): Track [/EXP2_SP7] on F.Cu, length 2.3375 mm
[via_dangling]: Via is not connected or connected on only one layer
    Local override; warning
    @(109.6875 mm, 68.0250 mm): Via [/EXP2_SP8] on F.Cu - B.Cu
[track_dangling]: Track has unconnected end
    Local override; warning
    @(49.5875 mm, 37.7500 mm): Track [/EXP_SP4] on F.Cu, length 1.6375 mm
[track_dangling]: Track has unconnected end
    Local override; warning
    @(49.5875 mm, 38.4000 mm): Track [/EXP_SP5] on F.Cu, length 2.3375 mm
[track_dangling]: Track has unconnected end
    Local override; warning
    @(49.5875 mm, 39.7000 mm): Track [/EXP_SP7] on F.Cu, length 2.3375 mm
[via_dangling]: Via is not connected or connected on only one layer
    Local override; warning
    @(56.9500 mm, 41.0000 mm): Via [/EXP_SP8] on F.Cu - B.Cu
[via_dangling]: Via is not connected or connected on only one layer
    Local override; warning
    @(57.6500 mm, 40.3500 mm): Via [/EXP_SP9] on F.Cu - B.Cu
[via_dangling]: Via is not connected or connected on only one layer
    Local override; warning
    @(56.9500 mm, 39.7000 mm): Via [/EXP_SP10] on F.Cu - B.Cu
[via_dangling]: Via is not connected or connected on only one layer
    Local override; warning
    @(2.6000 mm, 107.0375 mm): Via [/FB33] on F.Cu - B.Cu
[via_dangling]: Via is not connected or connected on only one layer
    Local override; warning
    @(100.6875 mm, 68.6750 mm): Via [/FLT_WALL] on F.Cu - B.Cu
[via_dangling]: Via is not connected or connected on only one layer
    Local override; warning
    @(12.5500 mm, 81.6575 mm): Via [/HEAT_ILM] on F.Cu - B.Cu
[via_dangling]: Via is not connected or connected on only one layer
    Local override; warning
    @(2.7000 mm, 92.0525 mm): Via [/PI_SHDN_REQ] on F.Cu - B.Cu
[via_dangling]: Via is not connected or connected on only one layer
    Local override; warning
    @(98.5200 mm, 164.5000 mm): Via [/PMID] on F.Cu - B.Cu
[via_dangling]: Via is not connected or connected on only one layer
    Local override; warning
    @(99.3200 mm, 164.5000 mm): Via [/SW1_CHG] on F.Cu - B.Cu
[track_dangling]: Track has unconnected end
    Local override; warning
    @(51.4125 mm, 70.0500 mm): Track [/USB_WALL_N] on F.Cu, length 1.4625 mm
[track_dangling]: Track has unconnected end
    Local override; warning
    @(51.4125 mm, 68.1500 mm): Track [/USB_WALL_P] on F.Cu, length 1.4625 mm
[via_dangling]: Via is not connected or connected on only one layer
    Local override; warning
    @(0.9200 mm, 127.2500 mm): Via [/VCC1] on F.Cu - B.Cu
[via_dangling]: Via is not connected or connected on only one layer
    Local override; warning
    @(32.9200 mm, 127.2500 mm): Via [/VCC2] on F.Cu - B.Cu
[via_dangling]: Via is not connected or connected on only one layer
    Local override; warning
    @(64.9200 mm, 127.2500 mm): Via [/VCC3] on F.Cu - B.Cu

** Found 0 unconnected pads **

** Found 0 Footprint errors **

** End of Report **
