A   NOT_READY                    PASS 28  FAIL 13  INCONCLUSIVE 14  WAIVED 0  of 55 required rule(s), historical aggregate
    board A32 (pcb-a-power-a23, 58e26c67987b1daa), declares A32
    layout entry: not ready, 9 reason(s); held later: decision 31 at FABRICATION_RELEASE; feasibility at later stages: FEA-002, FEA-004, FEA-006, FEA-007
B   NOT_READY                    PASS 18  FAIL 4  INCONCLUSIVE 34  WAIVED 0  of 56 required rule(s), historical aggregate
    board B21 (pcb-b-compute-b19, 2e64b5bf2d9cd3bc), declares B21
    layout entry: not ready, 9 reason(s); feasibility at later stages: FEA-001, FEA-002, FEA-003, FEA-006, FEA-007
C   NOT_READY                    PASS 29  FAIL 5  INCONCLUSIVE 14  WAIVED 0  of 48 required rule(s), historical aggregate
    board C24 (pcb-c-display-c8, 2a273803757c68fb), declares C24
    layout entry: not ready, 7 reason(s); feasibility at later stages: FEA-002, FEA-006, FEA-007
D   NOT_READY                    PASS 34  FAIL 2  INCONCLUSIVE 15  WAIVED 0  of 51 required rule(s), historical aggregate
    board D12 (pcb-d-aprs-d9, 929bf82d2bf6eed4), declares D12
    layout entry: not ready, 8 reason(s); held later: decision 31 at FABRICATION_RELEASE; feasibility at later stages: FEA-002, FEA-004, FEA-006
E   NOT_READY                    PASS 34  FAIL 5  INCONCLUSIVE 16  WAIVED 0  of 55 required rule(s), historical aggregate
    board E17 (pcb-e1-dock-e7, a462ac2620b9b8d3), declares E17
    layout entry: not ready, 8 reason(s); held later: decision 31 at FABRICATION_RELEASE; feasibility at later stages: FEA-006, FEA-007
E5  NOT_READY                    PASS 17  FAIL 1  INCONCLUSIVE 7  WAIVED 0  of 25 required rule(s), historical aggregate
    board E5 (pcb-e5-block, 686b29a734c55b9a), declares E5
    layout entry: not ready, 2 reason(s)
P   NOT_READY                    PASS 29  FAIL 6  INCONCLUSIVE 13  WAIVED 0  of 48 required rule(s), historical aggregate
    board P4 (pcb-p-pack-p2, d79865e7b1aceb95), declares P4
    layout entry: not ready, 6 reason(s); feasibility at later stages: FEA-004, FEA-005, FEA-006, FEA-007

readiness: NOT_READY   (manifest 2026-09-16.1, rule set 635ff031f210f48c, promotion frozen)
historical aggregate, mixed revisions: PASS 55.9%  waived 0.0%  failed 10.7%  inconclusive 33.4%  of 338 applicable required rule-board pair(s)
evidence: 63 PASS on the current candidate; CURRENT_CANDIDATE 73  VALID_HISTORICAL 0  AWAITING_REVALIDATION 209  DESK_REVIEW 21  PHYSICAL_TEST 0  NO_EVIDENCE 35
provenance: 2 required row(s) changed evidence class when the code bundle replaced the entry-script hash (95 changed cause within the class)
verdict: rules_status           FAIL         of 338 {"FAIL": 36, "INCONCLUSIVE": 113, "PASS": 189, "WAIVED": 0, "denominator": 338, "fail_percent": 10.7, "inconclusive_percent": 33.4, "pass_percent": 55.9, "waived_percent": 0.0} | gate state NOT_READY; promotion frozen
