L4-E7: REAL COMPONENT SETTINGS FOR BOARD E'S SOLAR STAGE (layer 4, MESHSAT-1357, 1 October 2026)
prototype design, desk arithmetic; nothing bought, built, powered or measured. Bases: MAKER, NETLIST, CATALOGUE, MODELED,
INFERRED, ASSUMPTION, SESSION, as named on each line

0. REPRODUCTIONS (before any figure)
   0a l4e_replay.py in a child process reproduces l4e_replay.out byte for byte: yes
   0b l4e5_source_control.py in a child process reproduces l4e5_source_control.out byte for byte: yes
   0c l4e_replay.main() in-process, locals captured, prints l4e_replay.out byte for byte: yes
   (the functions used below are the replay's: i_factor, ec_row, pdf_lines, hold, trace, meanday, least; no git hash compared)

1. BOARD E AS DRAWN (NETLIST v2/ecad/pcb-e1-dock-e7/out/pcb-e1-dock.net, pinned)
   - U5 pins 32 (CSNIN), 33 (CSPIN) and 34 (VIN) all on PV_P: the input-current sense is tied off, so as drawn no input limit acts (8705af p.12, p.31)
   - U5 pin 38 (IMON_IN) on TRK_IMONI with R16 alone, 10k, and no CIMON_IN
   - U5 pins 29 to 31 (EXTVCC, CSNOUT, CSPOUT) on TRK_OUT: INTVCC is regulated from the output (8705af p.32)
   - U5's LCSC field C674164 and its land WQFN-38-1EP_5x7mm_P0.5mm_EP3.15x5.15mm
   - R8 102k 1% from PV_P to TRK_FBIN, R9 7.50k 1% to GND
   - R12 215k (RT), the oscillator's 202 kHz row
   - Q3 and Q5 BSC028N06NS (M1, M3), Q4 and Q6 BSC039N06NS (M2, M4)
   - PV_P carries F2, D4, the bulk C11 to C15, C64, Q3's drain, R8, R14, TP5 and U5
   gen_sch_e.py's R10 reads 115k; L4-E5 (its record, reproduced in 0b) raises it to 232k, ceiling 28.28 / 29.21 / 30.15 V

2. THE MAKERS' ROWS USED
   LT8705A 8705af (v2/vendor/power/lt8705a.pdf): p.3 order table: grades in the drawn QFN (UHF): E, I; H and MP only in the
     TSSOP (FE); p.6 Note 3, its U+2013 minus written -:
       "Note 3: The LT8705AE is guaranteed to meet performance specifications from 0°C to 125°C junction temperature.
       Specifications over the -40°C to 125°C operating junction temperature range are assured by design, characterization
       and correlation with statistical process controls. The LT8705AI is guaranteed over the full -40°C to 125°C junction
       temperature range."
   p.4 IMON_IN regulation 1.187 / 1.208 / 1.229 V (full range); line regulation max 0.005 %/V (25 C, VIN 12 to 80 V, not switching);
     p.5 A7 gm E, I 0.94 / 1.06 mmho (full range), all grades 0.95 / 1.05 (25 C); EA2 gain 130 V/V TYP only; p.4 FBIN E, I
     1.184 / 1.205 / 1.226 V (full range); EA3 gain 90 V/V TYP only; p.5 IMON_IN fault 1.55 / 1.61 / 1.67 V; IMON_IN output
     current at least 100 uA; CSPIN-CSNIN differential -100 to 100 mV; p.31 CIMON_IN > 100 / (f x RIMON_IN), 0.1 to 1 uF in a
     current loop; p.2 QFN theta-JA 34 C/W; p.3 VIN quiescent 4.2 mA max; p.6 fOSC at RT 215k up to 235 kHz
   Milliohm HoJLR2512 series (v2/vendor/passives/milliohm-hojlr2512-series.pdf, Ho-A0): p.1 F = +-1 %; p.2 TCR +-50 ppm/K
     (2 to 500 mOhm), 3 W derating from 70 C to 0 at 170 C (33.3 K/W, INFERRED as r11_dep.py); p.4 the TCR test spans +25 to
     +125 C only; soldering heat < +-0.5 %; load life < +-1 %
   YAGEO RT series V.16, May 06 2025 (held: v2/vendor/passives/held/yageo-rt-series-v16-2025-05-06.pdf): p.2 B = +-0.1 %,
     D = 25 ppm/K; p.7 TCR tested at +25/-55 C and +25/+125 C; life +-(0.5 % + 0.05 Ohm); p.8 soldering heat +-(0.5 % + 0.05 Ohm)
   Infineon BSC028N06NS Rev.2.1 p.3 (held) Qg max 49 nC; BSC039N06NS Rev.2.4 p.4 Qg max 32 nC (both VGS 0 to 10 V)
   the envelope (v2/ecad/tools/pcb_envelope.yaml): ambient in use -20 to 40 C (REQ-024, D-02a); worst inside air 62.1 C

3. THE DECISIONS
   GRADE: LT8705AI in the drawn QFN (LT8705AIUHF#PBF, LCSC C674169; #TRPBF C674170), replacing the netlist's C674164
     (LT8705AEUHF#TRPBF, the E grade). The H and MP grades exist only in the TSSOP, which is not the drawn land. Of E and I,
     only I is GUARANTEED (tested) below 0 C junction; the kit starts cold at -20 C ambient, so its junction range starts at
     -20 C. With I fixed, A7's limits are 0.94 / 1.06 mmho (the replay stacked H and MP's 0.93 because no grade was named).
     Hot end (INFERRED): INTVCC from EXTVCC on TRK_OUT up to L4-E5's 30.15 V; gate charge 2 x 49 + 2 x 32 nC at 235 kHz plus
     4.2 mA: 42.3 mA, 1.27 W, TJ estimated about 105.4 C (INFERRED) in 62.1 C air with theta-JA 34 C/W (84.5 C at the drawn output's 15.56 V), under
     125 C.
     So the I grade's tested range, -40 to 125 C junction, covers -20 to 105.4 C. Catalogue: stock 0 at LCSC on 1 October 2026
     (U5 is bench-fitted; another distributor)
   RSENSE1 (new, R59): 15 mOhm, Milliohm HoJLR2512-3W-15mR-1%, LCSC C2903494 (stock 4871): +-1 % (CATALOGUE and MAKER p.1),
     +-50 ppm/K (MAKER p.2). Rule (SESSION): the family value that puts the zero-margin limit (3.607 A) nearest A7's printed
     50 mV test point (p.5), since no A7 offset row is printed; at the chosen setting 52.1 mV
   RIMON_IN (R16): 23.2k, YAGEO RT0603BRD0723K2L, LCSC C861244 (stock 4030): +-0.1 %, +-25 ppm/K (MAKER p.2, CATALOGUE).
     Rule (SESSION): the largest stocked RT0603BRD07 setting whose 25 V corner stays at or under 100 W at both ends with every
     printed limit, the resistors' printed soldering-heat and life drifts stacked, EA2's gain at 1/2 of its typical and the
     line regulation at 2 times its printed maximum. ACHIEVED SETTING: 1.208 V / (1 mmho x 15 mOhm x 23.2k) = 3.4713 A
     candidates (setting A; worst corner at the typical rows / under the floor with drifts, W):
        22.0k C469656   stock  50468  3.6606 A  101.497 / 105.111
        22.1k C723484   stock  27904  3.6440 A  101.038 / 104.635
        22.3k C861235   stock     10  3.6114 A  100.132 / 103.697  (stock under 1000)
        22.6k C861236   stock   9240  3.5634 A   98.803 / 102.320  (zero margin)
        23.2k C861244   stock   4030  3.4713 A   96.247 /  99.674  <- chosen
        23.7k C861245   stock    648  3.3980 A   94.217 /  97.571  (stock under 1000)
        24.0k C326729   stock  59731  3.3556 A   93.039 /  96.351
        24.3k C136968   stock  29267  3.3141 A   91.891 /  95.162
        24.6k C861250   stock   1689  3.2737 A   90.770 /  94.001
        24.9k C136967   stock   6232  3.2343 A   89.676 /  92.869
     CIMON_IN (new, C65): 100n, LCSC C14663: above p.31's minimum 25.4 nF at the slowest oscillator, at the 0.1 uF lower end; tau 2.32 ms
   THE HOLD: R8 102k (RT0603BRD07102KL, LCSC C861068, stock 9902) over R9 7.5k (RT0603BRD077K5L, LCSC C728597, stock 32275), 0.1 %, 25 ppm/K: nominal 17.593 V
     Rule (SESSION, under REQ-016 "the panel held at 17.6 V by the stage's input regulation" and the owner's D-34, which keeps
     REQ-016's window unchanged; check astra-check-l4e7-1, B1): the drawn ratio 102k over 7.5k kept, each at its drawn value as
     the stocked RT0603BRD07 part (0.1 %, 25 ppm/K); only the tolerance and the drift change
     the band at both ends (FBIN's I-grade limits, its line term, the FBIN bias at its typical, R8 and R9 at 0.1 % and 25 ppm/K):
       EA3 at its typical 90 V/V:                      16.970441 / 17.593000 / 18.220502 V
       EA3 at its typical, soldering and life drifts:  16.657544 / 18.564035 V
       EA3 at half its typical:                       16.728277 / 18.465020 V
       EA3 at half, soldering and life drifts:        16.419845 / 18.813164 V (the widest conditioned band)
     as drawn (1 % parts), the replay's legacy calculation with H and MP's FBIN minimum 1.182 V: 16.695 / 17.593 / 18.490 V; with the
     E grade the netlist names (C674164, FBIN minimum 1.184 V) and the replay's other terms, its lower corner is 16.723678 V
   PROPOSAL, NOT ADOPTED: it would change REQ-016's 17.6 V point and needs the owner's ruling (D-34). Not drafted; nothing here
     depends on it. Of 97 stocked RT0603BRD07 pairs with a nominal from 15.5 to 17.5 V (the model's hourly maximum-power voltage on
     SC-37's day runs 16.34 to 16.70 V), the one whose band's worse end gives the most energy: 94.2k over 7.5k (C861602, C728597), band
     15.763 / 16.340 / 16.921 V (EA3 typical), 371.9 / 375.0 / 370.6 Wh a day; at nominal +25.0 Wh a day against the kept hold's 350.0 Wh

4. THE 100 W CORNER CHECK ON THE ACHIEVED VALUES (section 11's physics: the replay's i_factor, 8705af p.31)
   envelope: 16.419845 V (the kept hold's lowest: EA3 at half, the resistors' drifts) to REQ-016's 25 V in 0.01 V steps; I grade;
   both ends:
     the cold end: RSENSE1 at -20.0 C, RIMON_IN at -20.0 C
     the hot end: RSENSE1 at 70.1 C, RIMON_IN at 62.1 C (RSENSE1 0.24 W x 33.3 K/W over the air, INFERRED)
   A. THE CHECK (printed limits; the two TYP-only rows as the replay carries them: EA2 at 130 V/V over VC's absolute range, line at its 25 C maximum):
     the cold end worst 96.2474 W at 25.000 V (ref 1.229 V, line +, gm 0.94, RSENSE1 x0.98777, RIMON_IN x0.99788, EA2 +); margin 3.7526 W; 55040 corners
     the hot end  worst 96.2291 W at 25.000 V (ref 1.229 V, line +, gm 0.94, RSENSE1 x0.98777, RIMON_IN x0.99807, EA2 +); margin 3.7709 W; 55040 corners
   B. printed rows alone (information: EA2's and the line term left out):
     the cold end worst 95.2909 W at 25.000 V (ref 1.229 V, line -, gm 0.94, RSENSE1 x0.98777, RIMON_IN x0.99788, EA2 -); margin 4.7091 W; 55040 corners
     the hot end  worst 95.2727 W at 25.000 V (ref 1.229 V, line -, gm 0.94, RSENSE1 x0.98777, RIMON_IN x0.99807, EA2 -); margin 4.7273 W; 55040 corners
   C. the design floor (EA2 at 65 V/V, line x2, the resistors' soldering and life drifts stacked: SESSION):
     the cold end worst 99.6739 W at 25.000 V (ref 1.229 V, line +, gm 0.94, RSENSE1 x0.97301, RIMON_IN x0.98792, EA2 +); margin 0.3261 W; 55040 corners
     the hot end  worst 99.6549 W at 25.000 V (ref 1.229 V, line +, gm 0.94, RSENSE1 x0.97300, RIMON_IN x0.98811, EA2 +); margin 0.3451 W; 55040 corners
   D. drifts at the typical rows (information):
     the cold end worst 98.6931 W at 25.000 V (ref 1.229 V, line +, gm 0.94, RSENSE1 x0.97301, RIMON_IN x0.98792, EA2 +); margin 1.3069 W; 55040 corners
     the hot end  worst 98.6743 W at 25.000 V (ref 1.229 V, line +, gm 0.94, RSENSE1 x0.97300, RIMON_IN x0.98811, EA2 +); margin 1.3257 W; 55040 corners
   VERDICT: A PASSES at both ends with a margin of 3.75 W, and C (the floor) passes; refused above 100 W
   THE UNPRINTED ROWS, as break-even values for this setting (the corner reaches 100 W at the value shown), each with its stack:
     EA2's gain; printed limits, line x1   , no drifts (stack A)        cold end 25.026426 V/V, hot end 24.924212 V/V
     EA2's gain; printed limits, line x1   , resistors' drifts stacked  cold end 53.615717 V/V, hot end 53.160232 V/V
     EA2's gain; printed limits, line x2   , no drifts                  cold end 25.364490 V/V, hot end 25.259501 V/V
     EA2's gain; printed limits, line x2   , resistors' drifts stacked  cold end 55.191656 V/V, hot end 54.709122 V/V
     EA2's gain; printed limits, line x5   , no drifts                  cold end 26.435797 V/V, hot end 26.321772 V/V
     EA2's gain; printed limits, line x5   , resistors' drifts stacked  cold end 60.529094 V/V, hot end 59.949208 V/V
     EA2's gain; printed limits, line x10  , no drifts                  cold end 28.437640 V/V, hot end 28.305735 V/V
     EA2's gain; printed limits, line x10  , resistors' drifts stacked  cold end 72.159717 V/V, hot end 71.337086 V/V
     the line regulation (cold end; printed limits, no drifts): with EA2 at 130 V/V (stack A) up to 61.6 times its printed
     maximum (0.308 %/V); with EA2 at 65 V/V, 47.1 times
     RSENSE1's TCR below 25 C (HoJLR prints its TCR from +25 to +125 C only, so the cold end applies it as an ASSUMPTION): the
     cold corner passes up to 882.027 ppm/K under stack A, and up to 122.295 ppm/K under stack C (EA2 65 V/V, line x2, drifts)
   for comparison, the replay's 3.548 A on these parts would take 98.375 W at the worse end
   CONDITIONS: sense voltage at the limit's highest 57.5 mV (operating range 100 mV); IMON_IN 60.9 uA at it (at least 100 uA);
     the fault (IMON_IN 1.67 V maximum) at up to 76.7 mV across RSENSE1; the candidate's hot short circuit through RSENSE1 97.4 mV,
     inside the operating range; no resistor in series with CSPIN or CSNIN (p.30): R59's pads are their Kelvin taps

5. THE ENERGY (MODELED: the replay's trace on SC-37's mean September day, the SunPower SPR-E-Flex-100, 1S1P, nominal sheet)
   Wh a day into the stage (hours the limit binds); PVGIS's maximum-power figure 378.0 Wh. Columns: no limit; the chosen setting
   at its lowest / nominal / highest; the zero-margin catalogue setting (22.6k, 3.5634 A) at its lowest / nominal / highest
     lower hold corner        16.970 V   369.7 |  369.7 (0 h)  369.7 (0 h)  369.7 (0 h) |  369.7 (0 h)  369.7 (0 h)  369.7 (0 h)
     nominal hold             17.593 V   350.0 |  350.0 (0 h)  350.0 (0 h)  350.0 (0 h) |  350.0 (0 h)  350.0 (0 h)  350.0 (0 h)
     upper hold corner        18.221 V   307.9 |  307.9 (0 h)  307.9 (0 h)  307.9 (0 h) |  307.9 (0 h)  307.9 (0 h)  307.9 (0 h)
     lower, EA3 at its floor  16.728 V   373.1 |  373.1 (0 h)  373.1 (0 h)  373.1 (0 h) |  373.1 (0 h)  373.1 (0 h)  373.1 (0 h)
     upper, EA3 at its floor  18.465 V   283.4 |  283.4 (0 h)  283.4 (0 h)  283.4 (0 h) |  283.4 (0 h)  283.4 (0 h)  283.4 (0 h)
     lower, EA3 floor, drifts 16.420 V   375.0 |  375.0 (0 h)  375.0 (0 h)  375.0 (0 h) |  375.0 (0 h)  375.0 (0 h)  375.0 (0 h)
     upper, EA3 floor, drifts 18.813 V   240.0 |  240.0 (0 h)  240.0 (0 h)  240.0 (0 h) |  240.0 (0 h)  240.0 (0 h)  240.0 (0 h)
   the margin's cost on this day: 0.0 Wh at the most over the 21 cells (chosen less zero-margin from +0.0 to +0.0 Wh:
   the limit binds in no hour of this day at any cell)
   as drawn (the replay, section 12, no input limit; its legacy band): 373.5 Wh at 16.695 V; 350.0 Wh at 17.593 V; 280.6 Wh at 18.490 V
   ENERGY SENSITIVITY of the two TYP-only hold rows (check M2: energy rows, not parameter break-evens; no input limit):
     EA3's gain from its typical to half: lower corner 369.7 to 373.1 Wh, upper corner 307.9 to 283.4 Wh (with the drifts 375.0 / 240.0 Wh)
     the FBIN bias (out of the pin, lowering the hold; EA3 typical, the lower corner): 0 nA 16.971458 V 369.7 Wh; 10 nA 16.970441 V 369.7 Wh; 100 nA 16.961288 V 369.9 Wh
   where the margin costs: the limit's lowest begins to bind above (hour 12's 18.1 C air, the model's cells):
     setting 3.4713 A, hold 16.970 V: lowest 3.1405 A, above 575 W/m2
     setting 3.4713 A, hold 17.593 V: lowest 3.1404 A, above 658 W/m2
     setting 3.5634 A, hold 16.970 V: lowest 3.2238 A, above 592 W/m2
     setting 3.5634 A, hold 17.593 V: lowest 3.2237 A, above 682 W/m2
     (SC-37's day peaks at 520.7 W/m2); in an hour it binds, the stage's input falls in the ratio of the two settings, 2.6 %
   A1 AND A2 ON THE NEW TRACES (CORRECTED, WE, TYP; the replay's meanday and least, unchanged; pairs 06 / 18 UTC):
     NEW conditioned upper end (18.813 V: EA3 at half, the resistors' drifts; information), A1: 240.0 Wh a day; first interruption h 3/2; unserved 1559.2 / 1595.8 at 48 h, 2424.8 / 2381.5 at 72 h; least addition +1546.7 / +2371.8 Wh
     NEW conditioned upper end (18.813 V: EA3 at half, the resistors' drifts; information), A2: 240.0 Wh a day; first interruption h 16/11; unserved 1352.7 / 1255.3 at 48 h, 1997.8 / 2200.2 at 72 h; least addition +1166.1 / +2000.1 Wh
     NEW least-energy corner (upper hold corner, limit at its lowest), A1: 307.9 Wh a day; first interruption h 4/2; unserved 1448.7 / 1449.4 at 48 h, 2220.9 / 2221.6 at 72 h; least addition +1432.4 / +2200.5 Wh
     NEW least-energy corner (upper hold corner, limit at its lowest), A2: 307.9 Wh a day; first interruption h 17/11; unserved 1295.6 / 1126.8 at 48 h, 1825.9 / 2085.4 at 72 h; least addition +1050.7 / +1827.0 Wh
     NEW nominal (hold 17.593 V, limit 3.471 A), A1: 350.0 Wh a day; first interruption h 6/2; unserved 1367.4 / 1368.1 at 48 h, 2103.9 / 2104.6 at 72 h; least addition +1361.5 / +2094.1 Wh
     NEW nominal (hold 17.593 V, limit 3.471 A), A2: 350.0 Wh a day; first interruption h 18/11; unserved 986.9 / 1196.1 at 48 h, 1741.4 / 1950.7 at 72 h; least addition +979.2 / +1719.7 Wh
     was CORRECTED, WE; O-2 nominal, A1: unserved 1367.4 / 1368.1 at 48 h, 2103.9 / 2104.6 at 72 h; least addition +1361.5 / +2094.1 Wh
     was CORRECTED, WE; O-2 nominal, A2: unserved 986.9 / 1196.1 at 48 h, 1741.4 / 1950.7 at 72 h; least addition +979.2 / +1719.7 Wh
     was CORRECTED, WE; the least-energy corner, A1: unserved 1511.9 / 1535.8 at 48 h, 2330.4 / 2289.0 at 72 h; least addition +1478.4 / +2269.4 Wh
     was CORRECTED, WE; the least-energy corner, A2: unserved 1318.5 / 1169.6 at 48 h, 1894.5 / 2131.1 at 72 h; least addition +1097.1 / +1896.6 Wh

6. THE INTERACTION WITH L4-E5 (R10 115k to 232k, the ceiling raised, C26 and C27 re-rated)
   apply_gen_sch_e_backstop.py: 9 edit(s); names R10: no; R10's drawn line still present once after it: yes; carries C44322, C132788, C43698, C2076144, C178637, C723585, C705798, C861156, C728595, C1588: yes
   apply_gen_sch_e_hold.py: 1 edit(s); names R10: no; R10's drawn line still present once after it: yes; carries C861068, C728597: yes
   apply_gen_sch_e_input_limit.py: 9 edit(s); names R10: no; R10's drawn line still present once after it: yes; carries C2903494, C861244, C14663: yes
   apply_gen_sch_e_u5_grade.py: 2 edit(s); names R10: no; R10's drawn line still present once after it: yes; carries C674169: yes
   U5's junction is taken at L4-E5's raised EXTVCC (30.15 V): 105.4 C; the stage's input stays at or under REQ-016's window, so
   L4-E5's line (sized for the window's 100 W) covers it; the hold and the limit are on the input, R10 and C26/C27 on the output

7. INCONCLUSIVE (no printed bound), each with the measurement that bounds it
   - EA2's voltage gain (130 V/V TYP, p.5) and VC's operating range: the corner passes for an EA2 gain at or above 25.026426 V/V
     cold and 24.924212 V/V hot under stack A, and 55.191656 V/V cold and 54.709122 V/V hot with stack C's other terms (line x2, drifts).
     Bench: in input-current limit at 25 V, step the load to move VC across its range, read VC and IMON_IN; the gain is
     dVC / dV(IMON_IN); accept at or above 65 V/V (the floor), and at least the break-even at every point
   - the IMON_IN reference's line regulation while switching and at both ends (printed at 25 C, not switching, p.4): the corner
     passes up to 62 times its printed maximum (stack A, cold end). Bench: the limit's current at VIN 16 and 25 V, switching,
     at both ends
   - RSENSE1's TCR below +25 C (HoJLR p.4 tests +25 to +125 C): passes up to 882 ppm/K (stack A) and 122 ppm/K (stack C). Bench: R59 at -20 C
     and +25 C
   - EA3's gain (90 V/V TYP) and the FBIN bias (10 nA TYP): no compliance effect (the corner is at 25 V); an energy sensitivity
     only (section 5); the bench reads the hold at both ends (7b.12)
   - U5's junction (INFERRED from the gate charge at 10 V and theta-JA): the CLKOUT duty cycle method of p.34 (+-10 C)
   - the candidate panel's own source compliance (O-1) and every efficiency (C-8): unchanged by this record

8. BENCH ROWS
   7b.9 (steady state): a PV emulator puts the loaded input at the limit from 16.420 V (the kept hold's lowest: EA3 at half, the
     resistors' drifts) to 25 V, at the load's maximum, cold-soaked
     at -20 C and in 62.1 C air; V_in x I_in at or under 100 W at every point; the limit's current at 25 V at most 4.000 A
   7b.9t (transients, recorded apart): a source step (open circuit to the limit) and irradiance steps to the two panel
     scenarios of section 9 (110.2 W, a warmed 13.8 C cell; 122.7 W, a cold-soaked -20 C cell; both at 1000 W/m2); the peak and
     the time above 100 W against the filter's 2.32 ms (SESSION: no fault trip, IMON_IN under 1.55 V; above 100 W no longer
     than five time constants, 11.6 ms)
   7b.10 the EA2 gain row and 7b.11 the line row above; 7b.12 the hold, read at both ends: accepted inside 16.420 to 18.813 V (EA3 at
     half, the resistors' drifts: the conditioned envelope); a reading outside 16.970 to 18.221 V (EA3 typical, new parts) is recorded
     with EA3's gain it implies
   7b.13 U5's junction by CLKOUT at all four switches, EXTVCC at the ceiling, 62.1 C air: at most 125 C less p.34's 10 C
   7b.14 R59 at -20 C and +25 C (a design check of the cold TCR; Milliohm's statement is the qualification)

9. QUALIFICATION OF THE 100 W BOUND (the owner's instruction of 1 October 2026)
   THE SHEET: https://www.analog.com/media/en/technical-documentation/data-sheets/8705af.pdf, read as the Internet
     Archive's snapshot 20250322064938 (the id_ form; the live site resets this runner's connection), sha256
     8f552a0b57677bfa7e4a5d5d0fac56d56fbbd1a6f65a9ee7aaaf8743cd534ec3, byte-identical to the held
     v2/vendor/power/lt8705a.pdf; it prints its document code 8705af on each of its 44 pages and carries no revision table.
     Only its rows are used
   THE CLASSIFICATION (Y: the value can move that outcome; small: it moves it by the stated fraction, nonzero; the reasons below):
     id   unprinted value                                                            bound  stability protection other
     EA2  EA2's gain and VC's operating range                                        Y      Y         N          energy, only in hours the limit binds
     A7   A7's gain outside its test point (50 mV differential, CSPIN at 5.025 V)    Y      Y         Y          energy, only in hours the limit binds
     LINE the IMON_IN reference's line regulation while switching and at temperature Y      small     N          energy, a fraction of a percent of the limit, only in hours it binds
     TCR  RSENSE1's TCR below +25 C                                                  Y      small     small      energy, a fraction of a percent of the limit, only in hours it binds
     HOLD EA3's gain and the FBIN bias                                               N      Y         N          energy (the hold band)
     TJ   U5's junction temperature                                                  Y      N         Y          lifetime (Note 3: derated above 125 C)
   EA2, EA2's gain and VC's operating range
     - the bound: the regulated IMON_IN moves by (VC - 1.2 V) / gain (p.5, p.2): 96.2474 W at 130 V/V against 95.2909 W with
       the term left out (stack A, cold)
     - loop stability: EA2 drives VC through the compensation network in the input-current loop; with no printed minimum gain
       or gm the loop's margin is not guaranteed (p.33: the loop stability is affected by a number of factors)
     - protection: the IMON_IN fault is a comparator on IMON_IN itself (p.5, 1.55 V minimum, full range), not through EA2;
       only a gain under 4.68 V/V would hold the regulated point at the fault, which stops switching (the safe side)
     - the sheet: p.5 EA2 gain 130 V/V and gm 185 umho, typical only; p.4 the IMON_IN regulation, full range, printed at VC =
       1.2 V; p.2 VC's absolute maximum -0.3 to 2.2 V; p.7 'Inductor Current Sense Voltage at Minimum Duty Cycle' against VC
       and p.8 'Maximum VC vs SS' plot VC within 0.5 to 2.0 V (TYPICAL, TA = 25 C; not a limit); p.31 the current-limiting
       text names 1.208 V typical and no gain bound
     - guaranteed limit: none printed
     - conservative assumption: EA2 at least 65 V/V (half its typical) with VC anywhere in its absolute maximum range (the
       replay's allowance doubled)
     - qualification needed: Analog Devices: EA2's minimum gain, or the IMON_IN regulation point's shift with VC, over -40 to
       125 C junction, as a limit the manufacturer warrants, with the conditions it applies to; characterization over
       production lots is supporting evidence, not a production guarantee, and the row stays CONDITIONAL until a warranted
       limit exists; a bench reading of a few units (7b.10) checks the design only
     - margin kept: 2.8579 W under its conservative assumption alone (stack A otherwise, cold end); break-even 25.026426 V/V
       (stack A, cold), 55.191656 V/V (stack C's other terms, cold)
   A7, A7's gain outside its test point (50 mV differential, CSPIN at 5.025 V)
     - the bound: the limit is 1.208 V / (gm x RSENSE1 x RIMON_IN) (p.31): the effective gain enters in proportion. The full-
       range gm row (0.94 / 1.06 mmho, E and I) is printed at a 50 mV differential with CSPIN at 5.025 V; the design runs
       CSPIN at the panel voltage, 16.420 to 25 V, and up to 57.5 mV across RSENSE1. The CSPIN and CSNIN ranges, 1.5 to 80 V
       common mode and -100 to 100 mV differential (p.5), are operating ranges, not a gain guarantee
     - loop stability: the sense path's gain enters the input-current loop in proportion; an error outside the test point
       moves the loop gain by the same fraction
     - protection: the fault comparator's threshold voltage on IMON_IN (p.5) does not move; the input current at which it
       trips moves inversely with the effective gain, as the limit does
     - the sheet: p.5 A7 gm 0.95 / 1.05 mmho at 25 C and 0.94 / 1.06 mmho over the full range (E, I), each at VCSPIN - VCSNIN
       = 50 mV and VCSPIN = 5.025 V; p.5 CSPIN and CSNIN 1.5 to 80 V common mode and -100 to 100 mV differential (operating
       ranges); p.8 'IMON Output Currents' plots the output current against the differential only (TYPICAL, TA = 25 C); no
       curve against common mode, no transfer-error or offset row
     - guaranteed limit: the gm limits at the test point, over the full temperature range; nothing printed at the design's
       common mode and differential, or while switching
     - conservative assumption: the test-point limits apply at the design's common mode and differential while switching (an
       extrapolation, ASSUMPTION)
     - qualification needed: Analog Devices: A7's transfer error (gm and offset) over the common mode, the differential, -40
       to 125 C junction and switching the design uses, as a limit the manufacturer warrants, with the conditions it applies
       to; characterization over production lots is supporting evidence, not a production guarantee, and the row stays
       CONDITIONAL until a warranted limit exists
     - margin kept: 3.7526 W under its conservative assumption alone (stack A otherwise, cold end); break-even the effective
       gain may fall to 0.904726 mmho (3.7526 % under 0.94) under stack A, 0.936935 mmho (0.3261 %) under stack C and
       0.939053 mmho (0.1008 %) under every conservative assumption together, other terms fixed (cold)
   LINE, the IMON_IN reference's line regulation while switching and at temperature
     - the bound: the reference moves with VIN from the 12 V it is printed at: at 25 V the printed maximum moves the corner
       by 0.0619 W
     - loop stability: small, not zero: the reference's VIN dependence couples a moving source voltage into the regulated
       current (a feedforward path, at most 0.0100 % of the setpoint per volt assumed); the loop's margin is set elsewhere
     - protection: the regulated point would reach the IMON_IN fault minimum only at 402 times the printed maximum
     - the sheet: p.4 0.002 / 0.005 %/V, VIN 12 to 80 V, not switching, at 25 C (no bullet); p.4 the regulation itself is a
       full-range row at VIN = 12 V, so its temperature drift at 12 V is guaranteed; p.7 'Feedback Voltages' against
       temperature at VC = 1.2 V is TYPICAL
     - guaranteed limit: the full-range IMON_IN regulation row covers temperature at VIN = 12 V; the VIN dependence while
       switching and away from 25 C is not printed
     - conservative assumption: twice the printed maximum (0.010 %/V), either sign, at every temperature and while switching
     - qualification needed: Analog Devices: the IMON_IN reference's line regulation while switching, over -40 to 125 C
       junction, as a limit the manufacturer warrants, with the conditions it applies to; characterization over production
       lots is supporting evidence, not a production guarantee, and the row stays CONDITIONAL until a warranted limit exists
     - small effect on loop stability: the setpoint moves with the source voltage: over the envelope's 8.580 V swing at most
       0.0429 % printed, 0.0858 % assumed
     - margin kept: 3.6906 W under its conservative assumption alone (stack A otherwise, cold end); break-even 61.6 times the
       printed maximum (stack A, cold); 47.1 with EA2 at 65 V/V
   TCR, RSENSE1's TCR below +25 C
     - the bound: RSENSE1 sits in the limit's denominator; at -20 C its TCR sets its low end
     - loop stability: small, not zero: the sense-path loop gain is proportional to RSENSE1, -0.2255 % from 50 to 100 ppm/K
       at -20 C; the loop's margin is set by the compensation
     - protection: small, not zero: the fault comparator's threshold voltage (IMON_IN 1.55 / 1.61 / 1.67 V, p.5) does not
       move, but the input current at which it trips is proportional to 1 / RSENSE1 (p.31), +0.2260 % from 50 to 100 ppm/K at
       -20 C. The fault-to-limit ratio does not depend on RSENSE1; at its least it is 1.248653 (stack A, regulation at most
       1.241337312 V) and 1.236365 with every conservative assumption (regulation at most 1.253674623 V)
     - the sheet: HoJLR2512 Ho-A0 p.2 +-50 ppm/K (2 to 500 mOhm); p.4 the TCR test spans +25 to +125 C only; the catalogue
       prints no TCR for C2903494
     - guaranteed limit: none printed
     - conservative assumption: +-100 ppm/K below +25 C (twice the printed hot-side value)
     - qualification needed: Milliohm: the HoJLR2512 TCR from -40 to +25 C, as a limit the manufacturer warrants, with the
       conditions it applies to; characterization over production lots is supporting evidence, not a production guarantee,
       and the row stays CONDITIONAL until a warranted limit exists; a bench reading of R59 at -20 C (7b.14) checks the
       design only
     - small effect on loop stability: the sense-path loop gain moves with RSENSE1: -0.2255 % from 50 to 100 ppm/K at -20 C
     - small effect on protection: the current at which the fault trips moves with 1 / RSENSE1 (p.31): +0.2260 % from 50 to
       100 ppm/K at -20 C; the comparator's threshold does not move
     - margin kept: 3.5350 W under its conservative assumption alone (stack A otherwise, cold end); break-even 882.027 ppm/K
       (stack A), 122.295 ppm/K (stack C)
   HOLD, EA3's gain and the FBIN bias
     - the bound: they set the hold, the envelope's low end 16.419845 V, where the matching stacks (each resistor at its
       worst end) read 63.1883 W (A), 65.4106 W (C, drifts included) and 65.5580 W (every conservative assumption) against
       96.2474 W, 99.6739 W and 99.8992 W at 25 V: the power rises with the input voltage at every vertex
     - loop stability: EA3 closes the input-voltage loop through VC; its margin is part of the hold's bench row
     - protection: the hold is a regulation, not a protection; FBOUT's overvoltage and the IMON_IN fault are other pins
     - the sheet: p.4 EA3 90 V/V and FBIN bias 10 nA, typical only; p.4 FBIN regulation 1.184 / 1.226 V, full range (I
       grade), at VC = 1.2 V
     - guaranteed limit: the FBIN reference is full range; the gain and the bias are typical
     - conservative assumption: EA3 at half its typical with the resistors' drifts: the hold inside 16.420 to 18.813 V; the
       bias at ten times its typical moves the lower corner by -9.2 mV
     - qualification needed: none for the bound; the hold's energy rows carry them as sensitivities and 7b.12 reads the hold
   TJ, U5's junction temperature
     - the bound: every LT8705A row the corner uses is a full-range row, guaranteed for the I grade from -40 to 125 C
       junction (p.6 Note 3); the bound needs only the junction inside that range, not its value
     - loop stability: the loop's gains move with temperature inside the unprinted EA2 and A7 rows already carried above
     - protection: the overtemperature protection acts at approximately 165 C (p.34, approximate): the estimate stays 59.6 K
       under it
     - the sheet: p.2 theta-JA 34 C/W (UHF, a package figure on the maker's board); p.3 the VIN quiescent current, 4.2 mA
       maximum, printed at 25 C, not switching, EXTVCC = 0; p.6 Note 3 and Note 8; p.34 the CLKOUT method (+-10 C) and the
       thermal shutdown at approximately 165 C
     - guaranteed limit: the I grade's rows hold over -40 to 125 C junction; no junction temperature is printed for this
       board
     - conservative assumption: an INFERRED estimate, TJ about 105.4 C: the maximum gate charge at 10 V for all four FETs at
       the highest oscillator frequency, the VIN quiescent maximum (printed at 25 C, not switching, EXTVCC = 0, so an
       extrapolation), EXTVCC at L4-E5's 30.15 V ceiling and theta-JA 34 C/W (board-dependent) in 62.1 C air; not a
       demonstrated upper bound
     - qualification needed: a design verification of board E's thermal path (7b.13 by p.34's method, +-10 C), with the
       margin covering the unit spread the maximum gate charge already bounds
     - margin kept: 19.6 K of junction; break-even 125 C junction (19.6 K above the estimate)
   THE RESULT: CONDITIONAL on EA2, A7, LINE, TCR, TJ. 96.2474 W (cold) and 96.2291 W (hot), 96.2481 W with each resistor
   at its own worst end (the mixed envelope), are calculated results under the assumptions listed below. Under each
   unresolved row's conservative assumption alone the cold corner reads 97.1421 / 96.3094 / 96.4650 W (EA2 / LINE / TCR);
   A7 at its test-point limits is stack A itself, and TJ moves no figure while the junction stays inside -40 to 125 C.
   All of them together with the resistors' drifts read 99.8992 W (stack C with RSENSE1's cold TCR at 100 ppm/K): margin
   0.1008 W, which A7 consumes at an effective gain 0.1008 % under its printed minimum (0.939053 mmho). The design floor
   stack C itself reads 99.6739 / 99.6549 W (cold / hot)
   THE ASSUMPTIONS OF 96.25 W (stack A), in one list:
     1. 8705af's full-range rows for the I grade: the IMON_IN regulation 1.187 / 1.229 V and A7's gm 0.94 / 1.06 mmho,
        with U5's junction inside -40 to 125 C (an INFERRED estimate of about 105.4 C, not a demonstrated bound)
     2. A7's gm limits, printed at VCSPIN - VCSNIN = 50 mV and VCSPIN = 5.025 V, applied at the design's common mode
        16.420 to 25 V and up to 57.5 mV differential while switching (ASSUMPTION, condition A7)
     3. the IMON_IN line regulation at its printed maximum (0.005 %/V, 25 C, not switching), applied while switching and
        at both ends (ASSUMPTION)
     4. EA2's gain at its typical 130 V/V as its bound, with VC anywhere in its absolute maximum range -0.3 to 2.2 V
        (ASSUMPTION)
     5. RSENSE1 15 mOhm +-1 % and +-50 ppm/K, the TCR printed for +25 to +125 C applied at -20 C (ASSUMPTION); its hot end
        70.1 C by the derating line (INFERRED)
     6. RIMON_IN 23.2k +-0.1 %, +-25 ppm/K (tested from -55 to +125 C); the resistors' soldering and life drifts not
        stacked (they are in C and D)
     7. both resistors in the same inside air at each end (the thermal coupling of the paired ends); the mixed envelope
        below drops it
     8. the envelope: the input from the hold's lowest 16.420 V to REQ-016's 25 V, ambient -20 to +40 C (REQ-024), inside
        air at most 62.1 C (pcb_envelope.yaml)
     9. nothing in series with CSPIN or CSNIN (p.30): R59's pads are their Kelvin taps (a layout obligation)
     10. steady state; transients are 7b.9t's
     11. the setting realised as drafted: R59 15 mOhm and R16 23.2k with C65 (the drafts applied in a circuit round)
   WHY THE CORNERS BOUND THE PERMITTED RANGE
     - the input voltage: P = v x I_set x [Vref (1 + ls lam (v - 12)) + es dVC / G] / (Vref_typ gm r1 r2); its slope in v is
       I_set [Vref (1 + ls lam (2v - 12)) + es dVC / G] / (Vref_typ gm r1 r2), whose bracket is at least 1.173206 V (stack A) and
       1.159412 V (stack C) at every vertex over 16.420 to 25 V: the power rises with v, so 25 V is the worst; no loaded voltage
       exceeds REQ-016's 25 V open circuit (the panel is PV_P's only source and in discontinuous mode M4 is held off on reverse
       current, p.18); the hold's lowest is the floor (there, with matching stacks and each resistor at its worst end: 63.1883 W
       A, 65.4106 W C with the drifts, 65.5580 W with every conservative assumption). The dense check (0.01 V) of each stack finds
       its worst at the 25 V vertex
     - every tolerance direction: P is monotonic in each term (up in Vref, in the line term for v above 12 V, in the EA2 term;
       down in gm, RSENSE1 and RIMON_IN), so the 64 vertices an end hold the extremes; a resistor's low end 1 - a|T - 25| is
       least at the end of its temperature span farthest from 25 C, so the two ends are enough
     - temperature: the air from -20 C (no self-heating; self-heating only moves a part toward 25 C there) to 62.1 C plus
       RSENSE1's own rise (70.1 C); the LT8705A rows are full range, so U5's junction enters only as the condition -40 to
       125 C. RSENSE1 would have to reach past its 170 C rating (stack A) or 139.0 C (stack C) for the corner to reach 100 W:
       a board hot spot beside L1 and the FETs is covered by that much
     - the thermal coupling: the paired ends assume both resistors sit in the same inside air at each end (RSENSE1 adds its
       own rise). The mixed envelope drops that and lets each take its own worst end: 96.248120559 W (A), 99.674651953 W
       (C), 99.899220557 W (every conservative assumption), against 96.247433497 / 99.673940430 / 99.899220557 W paired; a
       dense air sweep from -20 to 62.1 C in 0.1 C steps, RSENSE1 with and without its rise, finds 96.247433497 /
       99.673940430 / 99.899220557 W. The mixed envelope is the bound's figure
   STATES OUTSIDE THE CORNERS
     - below -20 C ambient: outside REQ-024's -20 to +40 C. Computed for information at -40 C (the I grade's least junction):
       the candidate's open circuit reaches 25.23 V there, outside REQ-016's window; the corner at that voltage with both
       resistors at -40 C reads 97.2744 W under stack A
     - a source step (a panel plugged in live): TRK_VIN's 224.8 uF (NETLIST: C11, C12, C13, C14, C15, C64) charge through R59 at
       most the panel's short circuit, 70.2 mJ at 25 V; start-up ramps VC by the soft start (p.15). Bench 7b.9t
     - an irradiance step, two scenarios of the candidate panel (100 W +6 %, -0.35 %/K, 1000 W/m2; INFERRED from its sheet):
       110.2 W with a cell warmed to 13.8 C by the NOCT model in -20 C air, and 122.7 W with a cold-soaked -20 C cell; either
       exceeds 100 W until the IMON_IN loop settles through CIMON_IN (tau 2.32 ms). Bench 7b.9t, both scenarios
     - the hold transition: VC passes between EA3 and EA2 (the diode-AND, p.14); each side's steady state is bounded above.
       The handover is a transient: bench 7b.9t
     - an unstable current loop would break the steady-state premise: bench 7b.9t with p.33's load and line steps
   THE DESIGN OPTION THAT REMOVES AN UNKNOWN (SESSION decision): RSENSE1's cold TCR. Of the stocked 15 mOhm 1 % 2512
     parts read, only Vishay Dale's WSL2512 (WSL2512R0150FEA, LCSC C844695, stock 13410; Document 30100, Revision
     23-Nov-2023, p.2) states its TCR from -55 C: +-75 ppm/K, 1.0 W at 70 C (HoJLR: +25 to +125 C, Ho-A0 p.4; YAGEO PA V.10
     p.9 and RALEC LR IE-SP-060 p.10: the hot side only). Its printed solder-heat and life limits each carry 0.5 mOhm
     (p.3): 3.83 % and 4.33 % of 15 mOhm. With it, stack A reads 96.4763 W (RSENSE1 at 89.2 C by 100 K/W, INFERRED) and the
     design floor 106.9760 W at 23.2k; the same rule would move RIMON_IN to 24.9k (3.2343 A), 6.8 % less input in every
     hour the limit binds
     NOT TAKEN: the swap trades an unknown with a large margin (break-even 122.295 ppm/K under stack C, 2.4 times the
     printed value) for a certain loss of setting; the unknown is qualified by Milliohm's statement instead
     (clarification/)
   CLARIFICATION REQUESTS (text for the owner to send; the session contacts no one): clarification/analog-devices-lt8705a.txt,
     clarification/milliohm-hojlr2512.txt
   PROTOTYPE MEASUREMENTS ARE DOWNSTREAM OBLIGATIONS, NOT BLOCKERS: no architecture decision depends on 7b.9, 7b.9t, 7b.10,
     7b.11, 7b.12, 7b.13 or 7b.14 (R59 at -20 C and +25 C). The current-limit mechanism holds its bound under the conservative
     assumptions above; an adverse reading changes a value (RIMON_IN, the compensation), not the mechanism or the architecture

10. THE CONTROL DECISION (L4-E7R, the owner's instruction of 1 October 2026 and his decision process of 2 October 2026; third
    round after checks/astra-check-l4e7r-2.md; SESSION decision)
   THE VERDICT ON THE CURRENT CONTROL: NOT SHOWN on warranted manufacturer limits alone. The LT8705A's input-current
     limit as set (RIMON_IN 23.2k, RSENSE1 15 mOhm) holds 100 W only under values no maker warrants: EA2 (break-even
     25.026426 V/V (stack A, cold), 55.191656 V/V (stack C's other terms, cold)); A7 (break-even the effective gain may
     fall to 0.904726 mmho (3.7526 % under 0.94) under stack A, 0.936935 mmho (0.3261 %) under stack C and 0.939053 mmho
     (0.1008 %) under every conservative assumption together, other terms fixed (cold)); LINE (break-even 61.6 times the
     printed maximum (stack A, cold); 47.1 with EA2 at 65 V/V); TCR (break-even 882.027 ppm/K (stack A), 122.295 ppm/K
     (stack C)); TJ (break-even 125 C junction (19.6 K above the estimate)). Under all their conservative assumptions
     together the corner reads 99.8992 W (margin 0.1008 W)
   WHAT IS BOUNDED (item 1 of the owner's process): REQ-016 bounds 'at most 100 W into the stage'. The measurement
     boundary is board E's panel entry (J_SOLAR, PV_IN): F2, the sense bank, the bulk, the ceramics and the LT8705A stage
     behind it (REQ-016's acceptance names the panel entry, PV_IN and PV_P); everything behind it is the stage. The
     operating conditions are a panel inside REQ-016's window (open circuit at most 25 V at its coldest, held at 17.6 V by
     the stage) over the envelope's -20 to 62.1 C, its prototype measurement a bench supply on a 100 W panel's curve
     (SC-36). The averaging window: REQ-016 states none, and neither of its verification methods (calculation and prototype
     measurement) names one. The interpretation (SESSION, CONDITIONAL for layer 8 to confirm): the mean power over any 0.1
     s, the shortest window a bench power reading forms; the parts the limit protects (the bank, RSENSE1, the stage's
     switches and inductor, F2, the pack's charge) heat over seconds and longer, and the excess the window admits after a
     trip (the response allowance below at the source's whole current) puts 0.51 mJ into one bank part and 2.65 mJ into
     RSENSE1, against 100 mJ and 300 mJ their continuous ratings (1 W at 70 C, 3 W) carry in one window. A longer window
     would be easier to meet and is not taken. Three checks follow, each with its own result: (a) normal operation, (b)
     startup, shutdown and the fault response, (c) the parts' ratings during the specified disturbances; an averaged pass
     never excuses an absolute maximum
   THE COMPARISON (three approaches; each bound is the static input power at most, at 25 V; the energy is the stage's input on SC-37's
   day at the kept hold's corners and on the bright day at its nominal, the regulation at its lowest; hours bound in brackets):
     id bound W   status        regulating setting       Wh SC-37 lower / nominal / upper   Wh bright         noon I / P
     A  97.8269   CONDITIONAL   31.6k C705766 2.5485 A   344.0 (5) / 336.6 (5) / 307.9 (0)  431.9 (9)         -26.6 / -24.6 %
     B  98.2217   CONDITIONAL   28k C705756 2.8762 A     361.2 (4) / 349.8 (2) / 307.9 (0)  473.2 (7)         -17.1 / -15.6 %
     C  95.7788   CONDITIONAL   30k C723585 2.6844 A     352.0 (5) / 343.4 (4) / 307.9 (0)  450.1 (9)         -22.7 / -20.8 %
     now 23.2k: SC-37 369.7 (0) / 350.0 (0) / 307.9 (0); bright 534.7 (7) Wh (the bright day unlimited: 594.4 Wh); noon input 57.03 W (bright noon, 18.1 C air)
     (noon I / P: the regulating current's reduction against 23.2k and the input power's reduction it gives at bright noon)
   (A) the present control with argued margins (the IMON_IN fault comparator bounds EA2; RIMON_IN raised)
     - warranted: IMON_IN fault maximum 1.67 V (8705af p.5, full range); RSENSE1 1 % and RIMON_IN 0.1 %; the resistors'
       printed drifts
     - assumption: A7 at its test-point limits away from its test point; the fault threshold's VIN dependence (twice the
       reference's printed line regulation); RSENSE1's cold TCR at 100 ppm/K; the fault comparator's response and restart,
       which print no timing
     - parts and board E: none added; R16 to 31.6k (C705766)
     - new failure mode: a regulation point past the fault minimum turns limiting into the fault's hiccup (switching stops:
       energy, not the bound)
     - still depends on: Analog Devices (A7 away from its test point, the fault threshold away from VIN = 12 V, the fault's
       timing) and Milliohm (the cold TCR)
     - the disturbances: no part added; the entry needs the same correction as C
   (B) the INA250A2 (its own 2 mOhm shunt) with the same trip chain as C (TPS3701 into a TPS3808 on SWEN)
     - warranted: the TPS3701 and TPS3808 rows; the divider's RT rows; the offset's supply and common-mode rows (at ISENSE =
       0 A)
     - conditional: the system gain error and the offset at VS = 3.23 to 3.35 V and VREF = 0 V (both printed at VS = 5 V and
       VREF = 2.5 V, p.5); the common-mode rejection away from zero current (printed at ISENSE = 0 A, p.5); the integrated
       shunt's change after reflow, thermal cycling and life (typical only, 0.425 % summed; note 6 of p.6 excludes them from
       the gain error); the nonlinearity (typical only, 0.03 %) and the output impedance (typical only, 1.5 Ohm); U18's VIN+
       bias across temperature (35 uA printed at 25 C only)
     - parts and board E: U18 INA250A2PWR, the trip chain of C, R60 28k and R61 7.87k; R16 to 28k
     - new failure mode: as C; and its integrated shunt carries the surge with the amplifier
     - still depends on: Texas Instruments (the rows at VS = 3.3 V and VREF = 0 V, the stress rows); the coordination with
       Analog Devices and Milliohm
     - the disturbances: FAILS: U18's inputs are rated 40 V and the capability scenario clamps at up to 45.4 V
     - its bound with every row at its printed value, 98.2217 W; the unprinted gain terms together may add 0.384 % before 100
       W with the capacitor charge (they print 0.459 % typical, not a limit); the conduction of its 4.5 mOhm package path
       (the shunt included, typical) at its own regulation 0.1853 / 0.3111 Wh a day
   (C) a WSL2512 sense bank read by an INA169 into a TPS3701, a TPS3808 supervisor holding SWEN low
     - warranted: U19 TPS3701 INB rising threshold, TJ -40 to 125 C, VDD 1.8 to 36 V; U19 input current at INB, through R66;
       U18 INA169 transconductance, VSENSE 10 to 150 mV, at V+ = 5 V, VIN+ = 12 V, ROUT = 25 kOhm; its nonlinearity; its
       offset referred to the input, at the same point; its output's move from VIN+ = 12 V to 25 V, at VSENSE = 50 mV (CMR);
       its output's move from V+ = 5 V to 25 V, at VSENSE = 50 mV (PSR); R66 8.25k, 0.1 %, 25 ppm/K over 45 K, the printed
       solder-heat and life limits; the bank, 5 x WSL2512R0700FEA in parallel: 1 %, 75 ppm/K from -55 to +155 C; the bank's
       solder-heat and load-life test limits; R8 and R9 (the hold draft's RT parts) across 25 V, bypassing the bank; U18's
       VIN+ pin: its output current, bypassing the bank
     - documented dependency: the load R65 + R66 (25.15k nominal, 24.85k to 25.46k with tolerance, drift and aging) against
       the 25 kOhm of the gain row
     - assumption: the same move at the trip's own VSENSE (45.626 to 51.365 mV): G_CM x |VSENSE - 50 mV|; U18's VIN+ input
       bias (10 uA typical, no maximum printed)
     - requirement: the input voltage at most 25 V (REQ-016)
     - parts and board E: U18 INA169NA/3K, U19 TPS3701DDCR, U20 TPS3808G33DBVR, R60 to R64 (5 x WSL2512R0700FEA), R65 16.9k,
       R66 8.25k, R67 110k, R68 9.53k, R69 100k, R70 8.06k, R71 6.04k, C66 to C68 100n, C71 to C74 10u 50V; C11, C12 and C69
       the 50 V bulk; R16 to 30k
     - new failure mode: a hiccup if the regulation's unprinted values exceed the joint assumptions (energy, not the bound);
       the single faults of the fault list
     - still depends on: Texas Instruments for the two assumptions (G_CM and I_B169, each with its break-even); Analog
       Devices and Milliohm for the coordination and the energy; Vishay for the bank's pulse capability (the capability
       scenario only)
     - the disturbances: every part inside its rating at the approved levels and in the capability scenario; U5's sense
       differential at most 0.2144 V (MODELED, lumped)
   THE CHOICE: (C), CONDITIONAL on two named assumptions, each carried past its physical meaning (below). R60 to R64, 5
     WSL2512R0700FEA (C2076144) in parallel, 14.0000 mOhm, carry everything entering the stage but R8, R9 and U18's VIN+
     pin; U18 INA169 (SBOS181F) turns their voltage into a current into R65 16.9k and R66 8.25k (25.15k together, 24.85k to
     25.46k with tolerance, drift and aging, beside the 25 kOhm of its gain row), C70 1 nF across R66; U19 TPS3701 trips at
     INB on R66 and watches TRK_VS at INA (R67 110k, R68 9.53k); either output pulls U20 TPS3808G33's MR, whose RESET holds
     SWEN low; R70 8.06k from TRK_LDO33 over R71 6.04k set SWEN when released and hold it low with no supply. The LT8705A's
     own limit stays as the regulation, coordinated under the trip: RIMON_IN 30k (C723585), 2.6844 A nominal
   WHY (C): its bound rests on printed limits at their own conditions plus two assumptions about one part, each with a
     break-even beyond its physical meaning; (A) rests on four assumptions about the LT8705A and RSENSE1 that set the bound
     itself; (B) on rows printed at another supply, reference or current and on typical-only rows, and its sensor's inputs
     fail the capability scenario. No answer from a maker is needed for (C)'s bound; the Texas Instruments draft asks for
     the envelope that would retire both assumptions
   CHECK (a), NORMAL OPERATION: ONE ERROR BUDGET for the whole limiting chain, the bank, U18, its load, R66 with C70, U19
     and the trip, every term at its end that raises the trip, at the static bound's point (25 V, parts aged):
     - U19 TPS3701 INB rising threshold, TJ -40 to 125 C, VDD 1.8 to 36 V: 397 to 403 mV (warranted; TPS3701 SBVS240C p.5)
     - U19 input current at INB, through R66: +-25 nA (warranted; p.5)
     - U18 INA169 transconductance, VSENSE 10 to 150 mV, at V+ = 5 V, VIN+ = 12 V, ROUT = 25 kOhm: 990 to 1010 uA/V
       (warranted; INA169 SBOS181F p.6)
     - its nonlinearity: +-0.1 % (warranted; p.6)
     - its offset referred to the input, at the same point: +-1 mV (warranted; p.6)
     - its output's move from VIN+ = 12 V to 25 V, at VSENSE = 50 mV (CMR): 100 dB minimum: 130 uV (warranted (at 50 mV);
       p.6, VIN+ 2.7 to 60 V)
     - its output's move from V+ = 5 V to 25 V, at VSENSE = 50 mV (PSR): 10 uV/V: 200 uV (warranted (at 50 mV); p.6, V+ 2.7
       to 60 V)
     - the same move at the trip's own VSENSE (45.626 to 51.365 mV): G_CM x |VSENSE - 50 mV|: G_CM 1 %: 13.5 uV (assumption;
       no row; break-even printed)
     - the load R65 + R66 (25.15k nominal, 24.85k to 25.46k with tolerance, drift and aging) against the 25 kOhm of the gain
       row: 0.0077 uV through the 1 GOhm output impedance (documented dependency (typical row); p.6)
     - R66 8.25k, 0.1 %, 25 ppm/K over 45 K, the printed solder-heat and life limits: +-(0.5 % + 0.05 Ohm) each (warranted
       (printed test limits); YAGEO RT V.16 pp.2, 7, 8)
     - the bank, 5 x WSL2512R0700FEA in parallel: 1 %, 75 ppm/K from -55 to +155 C: 14.0000 mOhm (warranted; Vishay WSL 30100
       pp.1, 2)
     - the bank's solder-heat and load-life test limits: +-(0.5 % + 0.0005 Ohm) and +-(1.0 % + 0.0005 Ohm) per part
       (warranted (printed test limits); WSL 30100 p.3)
     - R8 and R9 (the hold draft's RT parts) across 25 V, bypassing the bank: 5.78 mW (warranted; YAGEO RT V.16)
     - U18's VIN+ pin: its output current, bypassing the bank: 1.30 mW at 25 V (warranted (from the rows above); p.6)
     - U18's VIN+ input bias (10 uA typical, no maximum printed): I_B169 1 mA: 25 mW at 25 V (assumption; no row; break-even
       printed)
     - the input voltage at most 25 V: REQ-016 (requirement; REQ-016)
   the chain together: the trip's nominal current 3.4632 A (the nominal sense voltage 48.485 mV over the bank's nominal);
     the trip current at which 25 V reaches 100 W, the bypass included, 3.9987 A: the combined error the setting can
     tolerate before 100 W is 15.46 % of nominal. The supported bound, every term above together (the bank alone 4.39 %),
     is 10.59 %: the trip at most 3.8299 A at 25 V (its sense voltage 51.365 mV), the static bound 95.7788 W, the margin
     4.88 % of nominal, 4.2212 W. The second round's multiplier on the rejection rows (the larger of their offset and gain
     readings; printed 1.0507, applied 1.0240) is withdrawn: the rows enter at the 50 mV they are printed at, and their
     move at the trip's own sense voltage is the separate, named assumption G_CM
   the two assumptions and their break-evens (each alone, the other at its stated value): U18's gain move between its
     printed point and V+ = VIN+ = 25 V at the trip's own sense voltage (G_CM, taken 1 %) reaches 100 W at 169 % on the
     static bound alone and at 100.5 % once check (b)'s capacitor charge and ten typical responses are taken from the
     headroom; U18's VIN+ bias (taken 1 mA, 10 uA typical) at 169.8 mA and 101.2 mA. Their meaning: G_CM at 100 % would be
     a gain change the size of the gain itself, with an offset change cancelling it exactly at 50 mV; a bias of 10 mA is
     the pin's absolute maximum, a stress the maker calls damaging (SBOS181F p.4), so beyond it the part is in a fault,
     layer 8's matter. Neither is a maker's limit; the Texas Instruments draft asks for the envelope
   THE SETTINGS (stocked RT0603BRD07 values for R66; each with its static bound, its coordinated regulation, its energy on SC-37's
   day and the bright day, the noon reduction, check (b)'s response allowance and the two break-evens with check (b)'s room):
     R66     code     trip mV    bound W   R16, nominal A             Wh SC-37  bright  noon P     allow ms  G_CM be   I_B be mA
     8.06k   C861587  52.5549    97.9977   29.4k C861288 2.7392       345.5     457.4   -19.4 %    0.820     7.3 %     12.8      
     8.2k    C861589  51.6724    96.3527   30k C723585 2.6844         343.4     450.1   -20.8 %    3.034     63.6 %    78.3      
     8.25k   C705798  51.3645    95.7788   30k C723585 2.6844         343.4     450.1   -20.8 %    3.783     100.5 %   101.2     CHOSEN
     8.45k   C861590  50.1693    93.5508   30.9k C861313 2.6063       339.6     439.7   -23.0 %    6.585     >500 %    190.0     meets
     8.66k   C861591  48.9941    91.3602   31.6k C705766 2.5485       336.6     431.9   -24.6 %    9.186     365.6 %   277.2     meets
   THE SETTING (SESSION, the margin decided by what it must absorb, no percentage): the least energy cost for which (i)
     check (b)'s response allowance covers the response chain's typical sum with every typical-only link at 10 times its
     typical value at once, plus C70's printed delay, and (ii) with that response spent, both assumptions are carried past
     their meaning (G_CM's break-even at or over 100 %, the bias's at or over the pin's 10 mA). Why ten: the largest
     maximum-to-typical ratio among the timing rows these makers print for the chain's parts is 1.4 (TPS3808's td with CT
     to VDD; the LT8705A's oscillator), so ten covers several times any printed spread. The present 8.06k meets (i) but
     carries G_CM only to 7.3 %: its trip's highest sense voltage, 52.555 mV, sits 2.55 mV past the 50 mV the rejection
     rows are printed at. 8.25k puts it at 51.365 mV; it costs 3.0 / 2.1 / 0.0 Wh on SC-37's day (lower / nominal / upper
     hold) and 7.2 Wh on the bright day against 8.06k, and raises the margin from 2.00 W to 4.22 W and the allowance from
     0.820 ms to 3.783 ms. 8.2k sits at the same regulation and energy with less margin, so it is never the choice. The
     next step, 8.45k, would cost a further 3.8 Wh at the nominal hold and 10.4 Wh on the bright day.
   the trip in normal operation: its lowest at the hold's voltages 3.1331 A with the parts aged (3.1238 A at 25 V; 3.2495
     A new), against the panel's highest current on SC-37's day at any hold corner, 2.8779 A: it never acts that day. One
     bank part carries at most 0.041 W at the highest trip (its rating 1 W to 70 C). CAN A CONDITIONAL TERM OVERTURN THE
     SOLAR ARCHITECTURE: no. Each one, past its break-even, is answered by the next stocked R66 (the table's costs) or by a
     part, on the same topology: the arrangement, its parts and the stage stay
   CHECK (b), STARTUP, SHUTDOWN AND THE FAULT RESPONSE (the energy into the stage over any 0.1 s): the capacitor INPUT
     energy of one charge from zero to 25 V, C x Vmax^2 (half stored, half lost in the charging path), with every capacitor
     on the entry at its largest: the 50 V bulk 154.4 uF (+20 % and the endurance row's +30 %), C66, C71 to C74 and C13 to
     C15 with C64 at +10 % and no bias derating, 225.83 uF in all: 141.1 mJ. The source: REQ-016's window bounds the open
     circuit (25 V); the current is the panel the window was ruled with (the SunPower 100 W of a1solar), its short circuit
     at 1000 W/m2 and the trace's hottest cell, 70 C, 6.417 A, with the sheet's +6 % power tolerance on it: 6.802 A, 170.05
     W with 25 V (not the generator's 1.1 x 5.68 A)
     - the fault response (a trip): the stage at the static bound before it, the source's whole power while the chain
       responds, then one full capacitor charge (a deliberate over-count: the capacitors sit at the hold voltage while the
       stage runs). The response prints only typical rows: U18's settling 5 us (5 V step at 20 kOhm), U19's INB rising edge
       28.1 us (at 10 mV overdrive), U20's MR to RESET 0.15 us, RESET pulling SWEN through the divider (under 1 us, INFERRED)
       and one switching period at the LT8705A's lowest printed frequency, 5.88 us (INFERRED: no SWEN timing row): 40.1 us;
       C70's delay at R66 and C70 at their largest, 8.7 us (printed values). The window holds its 10 J for a response up to
       3.783 ms, 94 times the typical sum; at the typical sum the window reads 9.7226 J
     - startup: the capacitors charge when the panel connects; U20 holds SWEN low for td after TRK_LDO33 passes its
       threshold, at least 180 ms (SBVS050N p.7, full range), longer than the window, so no window holds both that charge and
       switching: the connection's window reads at most 0.1465 J. Shutdown and repeated events: after a trip SWEN stays low
       at least 180 ms, so one window holds one trip at most; each restart goes through the soft start (8705af Figure 2)
     - repeated source steps with SWEN low: the capacitors take energy again only after giving it up; with SWEN low they lose
       it to the quiescent loads (in one window a fraction of a volt) or back into the panel when its voltage falls under
       theirs (that energy leaves the stage). Each full swing between the hold's lowest corner and 25 V loses at most C x
       dV^2 = 14.56 mJ inside the stage, so the window holds after the trip and its charge 17.2 such swings. No document
       bounds how often a panel's open circuit swings in 0.1 s (it follows irradiance and cell temperature, which change over
       seconds): CONDITIONAL, bench row 7b.16 steps the bench supply's curve with SWEN held low
   CHECK (c), THE PARTS' RATINGS DURING THE SPECIFIED DISTURBANCES. The derivation (B6): TRN-001's port table
     (DECISION-31) lists J_SOLAR as EXTERNAL, a long outdoor lead; no document of the tree states its length or routing (a
     search of v2/docs and the registries finds none), so the levels are the approved test plan's for power leads, which do
     not depend on them: M2, MIL-STD-461G CS101 on DC input power leads, curve 2 (sources of 28 V or below): 126 dBuV, 2.00
     V rms, at the EUT's input to the knee (read from Figure CS101-1 at 5 kHz), then the straight line to 96.5 dBuV at 150
     kHz, or the source set to Figure CS101-2's 80 W into 0.5 Ohm, with the 10 uF return capacitor of Figure CS101-4; M3,
     CS114, the current induced on the lead at most curve 4's 103 dBuA (141 mA rms; Table VI, ground, Army: curves 3 and
     4); M7, the discharge at decision 34's level, 8 kV contact and 15 kV air, through CS118's 150 pF and 330 Ohm (Table
     IX's +30 % on the contact current, the air level scaled from it). Surge and sustained over-voltage: no level is ruled
     (REQ-016, DECISION-31 section 3), so D4's own 10/1000 us rating stays a CAPABILITY SCENARIO, labelled: 33.1 A at an
     initial junction of 25 C or below, derated to 88.1 % (29.2 A) at the hot end's 62.1 C (Figure 3 as drawn, INFERRED
     from the figure)
     - the corrected network: four 10 uF 50 V ceramics, C71 to C74 (the value text and land of C13 and C14), on TRK_VS at
       RSENSE1's pad, so a fast edge reaches R59 only through C13 to C15's share; nothing in series with CSPIN or CSNIN,
       which the maker forbids (8705af p.30: all four sense pins draw bias current); C70 1 nF across R66. The model (MODELED,
       lumped): the stage's operating current superposed at the trip's highest, 3.830 A; RSENSE1 at its highest; the bulk new
       at its 20 C row, after endurance at 200 % of it, and after endurance at its -40 C row (0.8 Ohm a can); the ceramics
       ahead at -10 % times a bias factor 1, 0.5 or 0.25 (C13 and C14 the same factor: the same part at the same bias), each
       at most 10 mOhm (SESSION assumption: no maker part is chosen), those behind with none (more current through R59); D4
       off below its highest breakdown, then the straight line to its clamping point
     case (the worst of the bias factors and bulks shown per level)             U5 V   D4 A      TRK_VS V  bank A    U18 V     part mJ
     capability, cold end (D4 at its full rating, the bulk aged, -40 C row)     0.2144 28.64     43.92     36.93     0.5394    3.5423
     capability, hot end (D4 derated to 88.1 % at 62.1 C, the bulk new)         0.1454 24.83     42.65     33.00     0.4820    2.8956
     capability, hot end (D4 derated, the bulk aged)                            0.1627 25.45     42.86     33.00     0.4820    2.8956
     discharge 8 kV (contact)                                                   0.1372 0.00      17.69     35.35     0.5163    0.0002
     discharge 15 kV (air, scaled from the contact waveform)                    0.2055 0.00      17.78     62.92     0.9190    0.0004
     - U5's sense differential, the rating that bounded the second round: at most 0.2144 V (capability, cold end (D4 at its
       full rating, the bulk aged, -40 C row)), 0.2055 V at the approved discharge, 0.0961 V under CS101 and 0.0622 V under
       CS114, against 0.3 V (8705af p.2); the operating current's own drop is 0.0592 V, so the margin, 0.0856 V, would take a
       further 5.54 A of converter current at the event's peak (its loops print no input impedance). With two ceramics
       instead of four the approved 15 kV discharge reads 0.2945 V: four is the least count that keeps the margin over the
       operating drop. The negative differential stays at 0.0455 V or above
     - every other part at its worst case: TRK_VS 44.26 V against the bulk's 50 V, the ceramics' 50 V, U5's VIN 80 V, Q3 60 V
       (BSC028N06NS p.1); PV_P 45.18 V against U18's VIN+ and V+ 75 V; U18's differential 0.919 V against 2 V; U19's INB
       4.554 V (C70 holding a discharge's charge to 56 mV) and INA 3.529 V against 7 V (SBVS240C p.4); FBIN 3.09 V and SHDN
       5.77 V against 30 V; D4 carries less than the scenario's whole current (its share at most 29.68 A of 33.1 A) and so
       stays inside its rating, derated or not; a bulk can 8.1 A at the pulse's peak (no single-pulse row is printed; its
       voltage stays under its rating); one bank part 3.54 mJ over the capability pulse, CONDITIONAL: Vishay prints its pulse
       capability only through an online calculator whose chart it marks illustrative (the Vishay draft asks)
     - under CS101 the input reaches 27.82 V at most (open circuit and the peak), under D4's 28 V stand-off, so D4 never
       conducts; a bank part dissipates 0.614 W at most against 1 W; R59 and the ceramics are far inside. The bulk's ripple:
       with the voltage limit at the input (any test source) a can carries up to 4.41 times its ripple rating at that
       frequency (ZA p.2, 1600 mA at 100 kHz and 105 C, the frequency table), at 4972 Hz; with Figure CS101-4's setup and an
       ideal source at the calibrated power, 0.60 times. The rating is the 10000 h endurance figure at 105 C, not an absolute
       maximum: the bounding case's heating depends on the cans' thermal resistance and the time the test spends in that
       band, neither printed nor ruled: CONDITIONAL, M2 records the cans' temperature (a larger can or a fourth is the
       remedy, on the same topology)
     - the backstop under CS101: the injected current crosses the bank, 1.91 A rms at most at 1 kHz and above even with
       Figure CS101-4's setup and an ideal source, so its peaks over the trip less the operating current stop the stage for
       td each time, the direction that stops charging; M2's pass line ('no upset') reads it, and a filter on INB slow enough
       to ride through it would exceed check (b)'s allowance at the regulation's highest current. Above the lumped model's
       reach (the discharge's first nanoseconds, CS114 at MHz) the board's parasitics decide, a layout matter: C71 to C74 at
       R59's pad and R59's Kelvin taps, M3 and M7 at layer 8. A reversed panel conducts through D4 as DECISION-31's note E-N1
       records
   THE SUPPLY SEQUENCING (B3), SWEN OFF BY DEFAULT, on printed rows: R71 6.04k holds SWEN to ground and R70 8.06k feeds
     it from TRK_LDO33 only, so SWEN is at most 0.4343 x TRK_LDO33 (both at their worst ends, aged). Below 2.662 V on
     TRK_LDO33 SWEN cannot reach its least rising threshold, 1.156 V (8705af p.4), whatever the ramp, the delays or U20's
     state; 2.662 V is above every sensing part's least supply (U19 1.8 V, U20 1.7 V; U18 sits on TRK_VS, watched by U19's
     INA from 4.870 V). Above it U19 and U20 are inside their ranges: U20 holds RESET at its VOL, 0.4 V at 1 mA (SBVS050N
     p.6; RESET sinks at most 0.528 mA here), while TRK_LDO33 is under its threshold (3.024 to 3.116 V; it releases at
     3.194 V at most) and for td after; U19's outputs reach U20's MR at 0.25 V at most (VOL at 1.8 V and 3 mA) against MR's
     0.54 V. So SWEN can rise only while the sensing chain is supplied and armed, with no condition on TRK_LDO33's ramp or
     sag rate and no use of U20's power-up row. Released, at LDO33's least (3.23 V) SWEN reads 1.364 V against its highest
     threshold 1.256 V. The one unprinted figure is SWEN's own pin current: it could enable the stage below 1.80 V on
     TRK_LDO33 only by sourcing 107 uA (189 uA with TRK_LDO33 floating), keep it off only by sinking 31 uA, and RESET's VOL
     fails to disable it only if the threshold's hysteresis (22 mV typical) reached 0.756 V; the Analog Devices draft asks.
     TRK_LDO33 carries at most 338 uA of the arrangement, under the 5 mA its regulation row is printed at. U18's output at
     the highest trip, 1.322 V into R65 + R66 at their largest, stays under its compliance where the chain is armed, 3.67 V
   THE COORDINATION (SESSION, one basis at both corners): the smallest stocked RIMON_IN whose regulation at its highest
     under the joint assumptions (EA2 and EA3 at half gain, the line at twice, RSENSE1's cold TCR at 100 ppm/K, the drifts,
     each resistor at its worst end) stays at or under C's lowest trip with its parts aged, at every input voltage: 30k,
     3.0902 A at 25 V against 3.1238 A. If the regulation's unprinted values were worse than those assumptions, the overlap
     would be a hiccup: each trip stops the stage 180 to 420 ms (SBVS050N p.7) and restarts it through the soft start; the
     bright day's hours whose panel current at the nominal hold exceeds C's lowest trip are 09, 10, 11, 12, 13, 14, 15,
     462.4 Wh, the energy such an overlap would put at risk
   THE ENERGY: on SC-37's day 352.0 / 343.4 / 307.9 Wh at the lower, nominal and upper hold corners (5 / 4 / 0 h bound)
     against 369.7 / 350.0 / 307.9 Wh with 23.2k (6.6 Wh less at the nominal hold, 17.7 Wh at the lower corner); on the
     bright day 450.1 Wh (9 h bound) against 534.7 Wh (84.6 Wh less); at bright noon the input power falls 20.8 % (the
     current 22.7 %). The bank's conduction at the selected regulation's own currents (its nominal 14.0000 mOhm, the
     trace's hourly current at the nominal hold with the regulation at its lowest) costs 0.5513 Wh on SC-37's day and
     0.8705 Wh on the bright day; R59 stays. The bright day is the check's own (astra-check-l4e7r-1, D3) and this model
     reproduces its figures: 26.1k 495.3165 Wh, the noon power 10.06 % under 23.2k; 28.7k 465.6367 Wh, the noon power 17.54
     % under 23.2k
   L4-E9'S FIGURES THIS ROUND SETS (its power-path output at fnd/l4e9 539dc57c, read only; excerpt in inputs/): line 86
     and 109, 'limit 3.4713 A' becomes the regulation at RIMON_IN 30k, 2.6844 A nominal and 3.0882 A at its highest on the
     hold's corners (47.23 W at the nominal hold, 56.27 W at most there); lines 86, 109 and 113, the 25 V corner's 96.2474
     W and 99.8992 W become the backstop's static bound, 95.7788 W (CONDITIONAL on G_CM and the VIN+ bias, break-evens
     above), with the regulation's own 25 V corner at 77.2553 W; line 97, the panel's hot short circuit 6.42 A, is 6.802 A
     with the sheet's power tolerance (still under J_SOLAR's nearest stated 7 A); lines 99, 105 and 115, PENDING, become
     the drafted bank, D4 and the 50 V bulk on TRK_VS, C71 to C74 and the backstop (drafts, not applied); line 119's 93 W
     out 'at the window' is above what the stage converts at the hold (56.27 W in at most), so its current is a ceiling,
     not an expectation; line 307's 350 Wh a day becomes 352.0 / 343.4 / 307.9 Wh (SC-37) and 450.1 Wh on the bright day
   THE SERIES DISCONNECT (the check's suggestion, evaluated, not taken; SESSION): the LM5069 class hot-swap controller
     prints its current limit (VCL 48.5 / 55 / 61.5 mV) at VIN = 48 V, not at the panel's 17 to 25 V, and its spread (12 %
     from typical to either end) would push the regulation further down than C's; SWEN already removes the path from the
     panel to the pack (the four switches stop and M1's body diode blocks the input), and the input capacitors' charge is
     bounded as an event (check (b)). A series FET would cover a shorted switch of the LT8705A, a single fault layer 8
     judges
   THE SINGLE FAULTS (assigned to layer 8's fault analysis): those that defeat the backstop: U18's output stuck low or
     open, or R65 open (no current reaches R66); R66 shorted; U19's OUTB stuck open (high impedance); U20's RESET stuck
     open, or its MR input stuck high; a short across the sense bank; U5's SWEN input failed active. Those that remove the
     supply guard only: R71 open (SWEN then follows TRK_LDO33 when RESET is released: the trip still acts through RESET,
     the supply guard is lost). Those that stop charging: U19's OUTA or OUTB stuck low; U20's RESET stuck low; R70 open
     (SWEN held to ground by R71); U18's output stuck high; the whole sense bank open (one part open only raises the bank's
     resistance: the trip falls, charging continues); TRK_LDO33 lost (SWEN under its threshold by the divider, U20 holds
     the stage off above it); a ceramic of C71 to C74 shorted (TRK_VS to ground: the panel into a short through the bank,
     F2 above the panel's current). Layer 8 lists each fault above with its effect; acceptance: no single fault both
     defeats the backstop and removes the LT8705A's own input-current limit (a defeated backstop leaves the regulation,
     which holds the stage under the trip when its unprinted values are inside the joint assumptions), and every fault that
     defeats the backstop or its supply guard is found by the commissioning and periodic trip test (bench row 7b.15) at an
     interval layer 8 sets
   THE DRAFT FOR BOARD E'S GENERATOR OWNER (drafted, never implemented here): apply_gen_sch_e_backstop.py, 9 edit(s) on
     the text the hold and input limit drafts leave (it refuses a generator without them): the bank on PV_P to TRK_VS: yes;
     R59 and CSPIN behind it, nothing in series with CSPIN or CSNIN: yes; SWEN on TRK_SWEN with R70 and R71 as the guard:
     yes; D4 on TRK_VS: yes; the 50 V bulk: yes; C71 to C74 on TRK_VS: yes; C70 across R66: yes; R66 at 8.25k: yes; R14 on
     TRK_VS: yes; R16 at 30k: yes; carries C44322, C132788, C43698, C2076144, C178637, C723585, C705798, C861156, C728595,
     C1588: yes; R10 untouched: yes. Read back here on a scratch copy; never applied to the tree
   PROTOTYPE MEASUREMENTS (REQ-016's second method; the exact downstream verification): 7b.15, on each built board, the
     input current at which SWEN falls, at 17.6 V and 25 V, against 3.1238 to 3.8299 A at 25 V, at commissioning and at
     layer 8's interval; 7b.16, the response from a current step over the trip to the last switching edge, against 3.783
     ms, and with R16 shorted (IMON_IN at 0 V, so neither the regulation nor its fault acts) the energy over every 0.1 s at
     or under 10 J, through a trip, a panel connection and the bench supply's curve stepped with SWEN held low, each
     restart through the soft start; 7b.17, the regulation at 30k on a bench panel curve does not trip at 25 C and at the
     cold end; 7b.18, R59's differential (Kelvin at U5's pins) under the M7 discharge at J_SOLAR and under a 10/1000 us
     pulse at D4's rating, against 0.3 V; 7b.19, SWEN at TRK_LDO33's power-up, sag and loss, against 1.156 V while
     TRK_LDO33 is under 2.66 V and U20's VOL above it; and M2 with the bulk cans' temperature recorded
   THE DECISION (item 5): the selected solution is (C) at R66 8.25k and RIMON_IN 30k, with the corrected entry and SWEN
     off by default, because it is the one arrangement whose bound needs no maker's answer and whose two assumptions are
     carried past their physical meaning at an energy cost of 2.1 Wh a day at the nominal hold. (a) normal operation:
     95.7788 W at most, margin 4.2212 W, CONDITIONAL on G_CM (break-even 100 %) and the VIN+ bias (101 mA); (b) startup,
     shutdown and the fault response: at most 10 J in any 0.1 s for a response up to 3.783 ms (94 times the typical sum),
     CONDITIONAL on the 0.1 s interpretation (layer 8), the response's typical rows (7b.16) and the panel's swing rate with
     SWEN low (17.2 full swings per window); (c) the disturbances: every part inside its rating at the approved levels and
     in the capability scenario, U5's differential at most 0.2144 V, CONDITIONAL on the lumped model (layout, M3, M7,
     7b.18), the bulk's heating under CS101's bounding case (M2) and the bank's pulse capability in the capability scenario
     (Vishay). Drafted: the board E edits above and four clarification texts; implemented: nothing in the tree. L4-E7R's
     architecture criterion: MET, CONDITIONAL on the named items, none of which can overturn the architecture (each
     resolves by a stocked setting or a part on the same topology). If the coordinator's closing check finds otherwise, the
     engineering alternative is the next stocked setting for (a) and (b) (the table above) and a larger or added bulk can
     for (c)'s heating, before any change of arrangement
   THE CLARIFICATION DRAFTS (text for the owner to send, the session contacts no one): no answer moves C's bound into or
     out of 100 W. Texas Instruments: the warranted error envelope at V+ = VIN+ of 9 V to 25 V and the trip's sense
     voltage, the VIN+ current, the output past 150 mV (retiring both assumptions); Analog Devices: the coordination's and
     energy's rows, and SWEN's input current, falling threshold and delay; Milliohm: the cold TCR; Vishay: the bank's pulse
     capability (the capability scenario only): clarification/analog-devices-lt8705a.txt, clarification/milliohm-
     hojlr2512.txt, clarification/texas-instruments-ina169.txt, clarification/vishay-wsl2512.txt
