v2/ecad/out/claims_check.verdict.json
v2/ecad/pcb-a-power-a23/out/check_contracts.verdict.json
v2/ecad/pcb-a-power-a23/out/check_contracts_a.verdict.json
v2/ecad/pcb-a-power-a23/out/check_contracts_b.verdict.json
v2/ecad/pcb-a-power-a23/out/check_contracts_c.verdict.json
v2/ecad/pcb-a-power-a23/out/check_contracts_d.verdict.json
v2/ecad/pcb-a-power-a23/out/check_contracts_e.verdict.json
v2/ecad/pcb-a-power-a23/out/check_contracts_p.verdict.json
v2/ecad/pcb-a-power-a23/out/clock_check.verdict.json
v2/ecad/pcb-a-power-a23/out/derate.verdict.json
v2/ecad/pcb-a-power-a23/out/edge_length.table.json
v2/ecad/pcb-a-power-a23/out/edge_length.verdict.json
v2/ecad/pcb-a-power-a23/out/energy_chain.verdict.json
v2/ecad/pcb-a-power-a23/out/energy_chain_a.verdict.json
v2/ecad/pcb-a-power-a23/out/energy_chain_b.verdict.json
v2/ecad/pcb-a-power-a23/out/energy_chain_e.verdict.json
v2/ecad/pcb-a-power-a23/out/energy_chain_e5.verdict.json
v2/ecad/pcb-a-power-a23/out/energy_chain_p.verdict.json
v2/ecad/pcb-a-power-a23/out/erc_gate.verdict.json
v2/ecad/pcb-a-power-a23/out/inhibit_chain_a.verdict.json
v2/ecad/pcb-a-power-a23/out/inhibit_chain_b.verdict.json
v2/ecad/pcb-a-power-a23/out/inhibit_chain_c.verdict.json
v2/ecad/pcb-a-power-a23/out/inhibit_chain_d.verdict.json
v2/ecad/pcb-a-power-a23/out/inhibit_chain_e.verdict.json
v2/ecad/pcb-a-power-a23/out/inhibit_chain_p.verdict.json
v2/ecad/pcb-a-power-a23/out/intent_rails.verdict.json
v2/ecad/pcb-a-power-a23/out/interfaces.verdict.json
v2/ecad/pcb-a-power-a23/out/interfaces_a.verdict.json
v2/ecad/pcb-a-power-a23/out/interfaces_b.verdict.json
v2/ecad/pcb-a-power-a23/out/interfaces_c.verdict.json
v2/ecad/pcb-a-power-a23/out/interfaces_d.verdict.json
v2/ecad/pcb-a-power-a23/out/interfaces_e.verdict.json
v2/ecad/pcb-a-power-a23/out/interfaces_e5.verdict.json
v2/ecad/pcb-a-power-a23/out/interfaces_p.verdict.json
v2/ecad/pcb-a-power-a23/out/pcb-a-power-erc.json
v2/ecad/pcb-a-power-a23/out/pcb-a-power-erc.json.prov.json
v2/ecad/pcb-a-power-a23/out/pin_map_lands_a.verdict.json
v2/ecad/pcb-a-power-a23/out/port_protect.verdict.json
v2/ecad/pcb-a-power-a23/out/port_protect_a.verdict.json
v2/ecad/pcb-a-power-a23/out/power_sequence.verdict.json
v2/ecad/pcb-a-power-a23/out/reliability.verdict.json
v2/ecad/pcb-a-power-a23/out/safe_lines.verdict.json
v2/ecad/pcb-a-power-a23/out/safe_lines_a.verdict.json
v2/ecad/pcb-b-compute-b19/out/check_contracts.verdict.json
v2/ecad/pcb-b-compute-b19/out/check_contracts_a.verdict.json
v2/ecad/pcb-b-compute-b19/out/check_contracts_b.verdict.json
v2/ecad/pcb-b-compute-b19/out/check_contracts_c.verdict.json
v2/ecad/pcb-b-compute-b19/out/check_contracts_d.verdict.json
v2/ecad/pcb-b-compute-b19/out/check_contracts_e.verdict.json
v2/ecad/pcb-b-compute-b19/out/check_contracts_p.verdict.json
v2/ecad/pcb-b-compute-b19/out/clock_check.verdict.json
v2/ecad/pcb-b-compute-b19/out/derate.verdict.json
v2/ecad/pcb-b-compute-b19/out/edge_length.table.json
v2/ecad/pcb-b-compute-b19/out/edge_length.verdict.json
v2/ecad/pcb-b-compute-b19/out/energy_chain.verdict.json
v2/ecad/pcb-b-compute-b19/out/energy_chain_a.verdict.json
v2/ecad/pcb-b-compute-b19/out/energy_chain_b.verdict.json
v2/ecad/pcb-b-compute-b19/out/energy_chain_e.verdict.json
v2/ecad/pcb-b-compute-b19/out/energy_chain_e5.verdict.json
v2/ecad/pcb-b-compute-b19/out/energy_chain_p.verdict.json
v2/ecad/pcb-b-compute-b19/out/erc_gate.verdict.json
v2/ecad/pcb-b-compute-b19/out/inhibit_chain_a.verdict.json
v2/ecad/pcb-b-compute-b19/out/inhibit_chain_b.verdict.json
v2/ecad/pcb-b-compute-b19/out/inhibit_chain_c.verdict.json
v2/ecad/pcb-b-compute-b19/out/inhibit_chain_d.verdict.json
v2/ecad/pcb-b-compute-b19/out/inhibit_chain_e.verdict.json
v2/ecad/pcb-b-compute-b19/out/inhibit_chain_p.verdict.json
v2/ecad/pcb-b-compute-b19/out/intent_rails.verdict.json
v2/ecad/pcb-b-compute-b19/out/interfaces.verdict.json
v2/ecad/pcb-b-compute-b19/out/interfaces_a.verdict.json
v2/ecad/pcb-b-compute-b19/out/interfaces_b.verdict.json
v2/ecad/pcb-b-compute-b19/out/interfaces_c.verdict.json
v2/ecad/pcb-b-compute-b19/out/interfaces_d.verdict.json
v2/ecad/pcb-b-compute-b19/out/interfaces_e.verdict.json
v2/ecad/pcb-b-compute-b19/out/interfaces_e5.verdict.json
v2/ecad/pcb-b-compute-b19/out/interfaces_p.verdict.json
v2/ecad/pcb-b-compute-b19/out/pcb-b-compute-erc.json
v2/ecad/pcb-b-compute-b19/out/pcb-b-compute-erc.json.prov.json
v2/ecad/pcb-b-compute-b19/out/pin_map_lands_b.verdict.json
v2/ecad/pcb-b-compute-b19/out/port_protect.verdict.json
v2/ecad/pcb-b-compute-b19/out/port_protect_b.verdict.json
v2/ecad/pcb-b-compute-b19/out/power_sequence.verdict.json
v2/ecad/pcb-b-compute-b19/out/reliability.verdict.json
v2/ecad/pcb-b-compute-b19/out/safe_lines.verdict.json
v2/ecad/pcb-b-compute-b19/out/safe_lines_b.verdict.json
v2/ecad/pcb-c-display-c8/out/check_contracts.verdict.json
v2/ecad/pcb-c-display-c8/out/check_contracts_a.verdict.json
v2/ecad/pcb-c-display-c8/out/check_contracts_b.verdict.json
v2/ecad/pcb-c-display-c8/out/check_contracts_c.verdict.json
v2/ecad/pcb-c-display-c8/out/check_contracts_d.verdict.json
v2/ecad/pcb-c-display-c8/out/check_contracts_e.verdict.json
v2/ecad/pcb-c-display-c8/out/check_contracts_p.verdict.json
v2/ecad/pcb-c-display-c8/out/clock_check.verdict.json
v2/ecad/pcb-c-display-c8/out/derate.verdict.json
v2/ecad/pcb-c-display-c8/out/edge_length.table.json
v2/ecad/pcb-c-display-c8/out/edge_length.verdict.json
v2/ecad/pcb-c-display-c8/out/erc_gate.verdict.json
v2/ecad/pcb-c-display-c8/out/inhibit_chain_a.verdict.json
v2/ecad/pcb-c-display-c8/out/inhibit_chain_b.verdict.json
v2/ecad/pcb-c-display-c8/out/inhibit_chain_c.verdict.json
v2/ecad/pcb-c-display-c8/out/inhibit_chain_d.verdict.json
v2/ecad/pcb-c-display-c8/out/inhibit_chain_e.verdict.json
v2/ecad/pcb-c-display-c8/out/inhibit_chain_p.verdict.json
v2/ecad/pcb-c-display-c8/out/intent_rails.verdict.json
v2/ecad/pcb-c-display-c8/out/interfaces.verdict.json
v2/ecad/pcb-c-display-c8/out/interfaces_a.verdict.json
v2/ecad/pcb-c-display-c8/out/interfaces_b.verdict.json
v2/ecad/pcb-c-display-c8/out/interfaces_c.verdict.json
v2/ecad/pcb-c-display-c8/out/interfaces_d.verdict.json
v2/ecad/pcb-c-display-c8/out/interfaces_e.verdict.json
v2/ecad/pcb-c-display-c8/out/interfaces_e5.verdict.json
v2/ecad/pcb-c-display-c8/out/interfaces_p.verdict.json
v2/ecad/pcb-c-display-c8/out/pcb-c-display-erc.json
v2/ecad/pcb-c-display-c8/out/pcb-c-display-erc.json.prov.json
v2/ecad/pcb-c-display-c8/out/pin_map_lands_c.verdict.json
v2/ecad/pcb-c-display-c8/out/port_protect.verdict.json
v2/ecad/pcb-c-display-c8/out/port_protect_c.verdict.json
v2/ecad/pcb-c-display-c8/out/reliability.verdict.json
v2/ecad/pcb-d-aprs-d9/out/check_contracts.verdict.json
v2/ecad/pcb-d-aprs-d9/out/check_contracts_a.verdict.json
v2/ecad/pcb-d-aprs-d9/out/check_contracts_b.verdict.json
v2/ecad/pcb-d-aprs-d9/out/check_contracts_c.verdict.json
v2/ecad/pcb-d-aprs-d9/out/check_contracts_d.verdict.json
v2/ecad/pcb-d-aprs-d9/out/check_contracts_e.verdict.json
v2/ecad/pcb-d-aprs-d9/out/check_contracts_p.verdict.json
v2/ecad/pcb-d-aprs-d9/out/clock_check.verdict.json
v2/ecad/pcb-d-aprs-d9/out/derate.verdict.json
v2/ecad/pcb-d-aprs-d9/out/edge_length.table.json
v2/ecad/pcb-d-aprs-d9/out/edge_length.verdict.json
v2/ecad/pcb-d-aprs-d9/out/erc_gate.verdict.json
v2/ecad/pcb-d-aprs-d9/out/inhibit_chain_a.verdict.json
v2/ecad/pcb-d-aprs-d9/out/inhibit_chain_b.verdict.json
v2/ecad/pcb-d-aprs-d9/out/inhibit_chain_c.verdict.json
v2/ecad/pcb-d-aprs-d9/out/inhibit_chain_d.verdict.json
v2/ecad/pcb-d-aprs-d9/out/inhibit_chain_e.verdict.json
v2/ecad/pcb-d-aprs-d9/out/inhibit_chain_p.verdict.json
v2/ecad/pcb-d-aprs-d9/out/intent_rails.verdict.json
v2/ecad/pcb-d-aprs-d9/out/interfaces.verdict.json
v2/ecad/pcb-d-aprs-d9/out/interfaces_a.verdict.json
v2/ecad/pcb-d-aprs-d9/out/interfaces_b.verdict.json
v2/ecad/pcb-d-aprs-d9/out/interfaces_c.verdict.json
v2/ecad/pcb-d-aprs-d9/out/interfaces_d.verdict.json
v2/ecad/pcb-d-aprs-d9/out/interfaces_e.verdict.json
v2/ecad/pcb-d-aprs-d9/out/interfaces_e5.verdict.json
v2/ecad/pcb-d-aprs-d9/out/interfaces_p.verdict.json
v2/ecad/pcb-d-aprs-d9/out/pcb-d-aprs-erc.json
v2/ecad/pcb-d-aprs-d9/out/pcb-d-aprs-erc.json.prov.json
v2/ecad/pcb-d-aprs-d9/out/pin_map_lands_d.verdict.json
v2/ecad/pcb-d-aprs-d9/out/port_protect.verdict.json
v2/ecad/pcb-d-aprs-d9/out/port_protect_d.verdict.json
v2/ecad/pcb-d-aprs-d9/out/reliability.verdict.json
v2/ecad/pcb-d-aprs-d9/out/safe_lines.verdict.json
v2/ecad/pcb-d-aprs-d9/out/safe_lines_d.verdict.json
v2/ecad/pcb-e1-dock-e7/out/check_contracts.verdict.json
v2/ecad/pcb-e1-dock-e7/out/check_contracts_a.verdict.json
v2/ecad/pcb-e1-dock-e7/out/check_contracts_b.verdict.json
v2/ecad/pcb-e1-dock-e7/out/check_contracts_c.verdict.json
v2/ecad/pcb-e1-dock-e7/out/check_contracts_d.verdict.json
v2/ecad/pcb-e1-dock-e7/out/check_contracts_e.verdict.json
v2/ecad/pcb-e1-dock-e7/out/check_contracts_p.verdict.json
v2/ecad/pcb-e1-dock-e7/out/clock_check.verdict.json
v2/ecad/pcb-e1-dock-e7/out/derate.verdict.json
v2/ecad/pcb-e1-dock-e7/out/edge_length.table.json
v2/ecad/pcb-e1-dock-e7/out/edge_length.verdict.json
v2/ecad/pcb-e1-dock-e7/out/energy_chain.verdict.json
v2/ecad/pcb-e1-dock-e7/out/energy_chain_a.verdict.json
v2/ecad/pcb-e1-dock-e7/out/energy_chain_b.verdict.json
v2/ecad/pcb-e1-dock-e7/out/energy_chain_e.verdict.json
v2/ecad/pcb-e1-dock-e7/out/energy_chain_e5.verdict.json
v2/ecad/pcb-e1-dock-e7/out/energy_chain_p.verdict.json
v2/ecad/pcb-e1-dock-e7/out/erc_gate.verdict.json
v2/ecad/pcb-e1-dock-e7/out/inhibit_chain_a.verdict.json
v2/ecad/pcb-e1-dock-e7/out/inhibit_chain_b.verdict.json
v2/ecad/pcb-e1-dock-e7/out/inhibit_chain_c.verdict.json
v2/ecad/pcb-e1-dock-e7/out/inhibit_chain_d.verdict.json
v2/ecad/pcb-e1-dock-e7/out/inhibit_chain_e.verdict.json
v2/ecad/pcb-e1-dock-e7/out/inhibit_chain_p.verdict.json
v2/ecad/pcb-e1-dock-e7/out/intent_rails.verdict.json
v2/ecad/pcb-e1-dock-e7/out/interfaces.verdict.json
v2/ecad/pcb-e1-dock-e7/out/interfaces_a.verdict.json
v2/ecad/pcb-e1-dock-e7/out/interfaces_b.verdict.json
v2/ecad/pcb-e1-dock-e7/out/interfaces_c.verdict.json
v2/ecad/pcb-e1-dock-e7/out/interfaces_d.verdict.json
v2/ecad/pcb-e1-dock-e7/out/interfaces_e.verdict.json
v2/ecad/pcb-e1-dock-e7/out/interfaces_e5.verdict.json
v2/ecad/pcb-e1-dock-e7/out/interfaces_p.verdict.json
v2/ecad/pcb-e1-dock-e7/out/pcb-e1-dock-erc.json
v2/ecad/pcb-e1-dock-e7/out/pcb-e1-dock-erc.json.prov.json
v2/ecad/pcb-e1-dock-e7/out/pin_map_lands_e.verdict.json
v2/ecad/pcb-e1-dock-e7/out/port_protect.verdict.json
v2/ecad/pcb-e1-dock-e7/out/port_protect_e.verdict.json
v2/ecad/pcb-e1-dock-e7/out/power_sequence.verdict.json
v2/ecad/pcb-e1-dock-e7/out/reliability.verdict.json
v2/ecad/pcb-e1-dock-e7/out/safe_lines.verdict.json
v2/ecad/pcb-e1-dock-e7/out/safe_lines_e.verdict.json
v2/ecad/pcb-e5-block/out/check_contracts_e5.verdict.json
v2/ecad/pcb-e5-block/out/derate.verdict.json
v2/ecad/pcb-e5-block/out/energy_chain.verdict.json
v2/ecad/pcb-e5-block/out/energy_chain_a.verdict.json
v2/ecad/pcb-e5-block/out/energy_chain_b.verdict.json
v2/ecad/pcb-e5-block/out/energy_chain_e.verdict.json
v2/ecad/pcb-e5-block/out/energy_chain_e5.verdict.json
v2/ecad/pcb-e5-block/out/energy_chain_p.verdict.json
v2/ecad/pcb-e5-block/out/interfaces.verdict.json
v2/ecad/pcb-e5-block/out/interfaces_a.verdict.json
v2/ecad/pcb-e5-block/out/interfaces_b.verdict.json
v2/ecad/pcb-e5-block/out/interfaces_c.verdict.json
v2/ecad/pcb-e5-block/out/interfaces_d.verdict.json
v2/ecad/pcb-e5-block/out/interfaces_e.verdict.json
v2/ecad/pcb-e5-block/out/interfaces_e5.verdict.json
v2/ecad/pcb-e5-block/out/interfaces_p.verdict.json
v2/ecad/pcb-e5-block/out/port_protect.verdict.json
v2/ecad/pcb-e5-block/out/port_protect_e5.verdict.json
v2/ecad/pcb-e5-block/out/reliability.verdict.json
v2/ecad/pcb-e5-block/out/safe_lines.verdict.json
v2/ecad/pcb-e5-block/out/safe_lines_e5.verdict.json
v2/ecad/pcb-p-pack-p2/out/check_contracts.verdict.json
v2/ecad/pcb-p-pack-p2/out/check_contracts_a.verdict.json
v2/ecad/pcb-p-pack-p2/out/check_contracts_b.verdict.json
v2/ecad/pcb-p-pack-p2/out/check_contracts_c.verdict.json
v2/ecad/pcb-p-pack-p2/out/check_contracts_d.verdict.json
v2/ecad/pcb-p-pack-p2/out/check_contracts_e.verdict.json
v2/ecad/pcb-p-pack-p2/out/check_contracts_p.verdict.json
v2/ecad/pcb-p-pack-p2/out/derate.verdict.json
v2/ecad/pcb-p-pack-p2/out/edge_length.table.json
v2/ecad/pcb-p-pack-p2/out/edge_length.verdict.json
v2/ecad/pcb-p-pack-p2/out/energy_chain.verdict.json
v2/ecad/pcb-p-pack-p2/out/energy_chain_a.verdict.json
v2/ecad/pcb-p-pack-p2/out/energy_chain_b.verdict.json
v2/ecad/pcb-p-pack-p2/out/energy_chain_e.verdict.json
v2/ecad/pcb-p-pack-p2/out/energy_chain_e5.verdict.json
v2/ecad/pcb-p-pack-p2/out/energy_chain_p.verdict.json
v2/ecad/pcb-p-pack-p2/out/erc_gate.verdict.json
v2/ecad/pcb-p-pack-p2/out/inhibit_chain_a.verdict.json
v2/ecad/pcb-p-pack-p2/out/inhibit_chain_b.verdict.json
v2/ecad/pcb-p-pack-p2/out/inhibit_chain_c.verdict.json
v2/ecad/pcb-p-pack-p2/out/inhibit_chain_d.verdict.json
v2/ecad/pcb-p-pack-p2/out/inhibit_chain_e.verdict.json
v2/ecad/pcb-p-pack-p2/out/inhibit_chain_p.verdict.json
v2/ecad/pcb-p-pack-p2/out/intent_rails.verdict.json
v2/ecad/pcb-p-pack-p2/out/interfaces.verdict.json
v2/ecad/pcb-p-pack-p2/out/interfaces_a.verdict.json
v2/ecad/pcb-p-pack-p2/out/interfaces_b.verdict.json
v2/ecad/pcb-p-pack-p2/out/interfaces_c.verdict.json
v2/ecad/pcb-p-pack-p2/out/interfaces_d.verdict.json
v2/ecad/pcb-p-pack-p2/out/interfaces_e.verdict.json
v2/ecad/pcb-p-pack-p2/out/interfaces_e5.verdict.json
v2/ecad/pcb-p-pack-p2/out/interfaces_p.verdict.json
v2/ecad/pcb-p-pack-p2/out/pack_protection.verdict.json
v2/ecad/pcb-p-pack-p2/out/pcb-p-pack-erc.json
v2/ecad/pcb-p-pack-p2/out/pcb-p-pack-erc.json.prov.json
v2/ecad/pcb-p-pack-p2/out/pin_map_lands_p.verdict.json
v2/ecad/pcb-p-pack-p2/out/port_protect.verdict.json
v2/ecad/pcb-p-pack-p2/out/port_protect_p.verdict.json
v2/ecad/pcb-p-pack-p2/out/power_sequence.verdict.json
v2/ecad/pcb-p-pack-p2/out/reliability.verdict.json
v2/ecad/pcb-p-pack-p2/out/safe_lines.verdict.json
v2/ecad/pcb-p-pack-p2/out/safe_lines_p.verdict.json
