v2/docs/CURRENT-EVIDENCE.md
v2/docs/PCB-OPEN-PAIRS.md
v2/docs/PCB-RULE-STATUS-A.md
v2/docs/PCB-RULE-STATUS-B.md
v2/docs/PCB-RULE-STATUS-C.md
v2/docs/PCB-RULE-STATUS-D.md
v2/docs/PCB-RULE-STATUS-E.md
v2/docs/PCB-RULE-STATUS-E5.md
v2/docs/PCB-RULE-STATUS-P.md
v2/docs/REQUIREMENTS-TRACE.md
v2/ecad/pcb-a-power-a23/routed/check_contracts.verdict.json
v2/ecad/pcb-a-power-a23/routed/clock_check.verdict.json
v2/ecad/pcb-a-power-a23/routed/derate.verdict.json
v2/ecad/pcb-a-power-a23/routed/edge_length.table.json
v2/ecad/pcb-a-power-a23/routed/edge_length.verdict.json
v2/ecad/pcb-a-power-a23/routed/energy_chain.verdict.json
v2/ecad/pcb-a-power-a23/routed/energy_chain_a.verdict.json
v2/ecad/pcb-a-power-a23/routed/erc_gate.verdict.json
v2/ecad/pcb-a-power-a23/routed/inhibit_chain_a.verdict.json
v2/ecad/pcb-a-power-a23/routed/intent_rails.verdict.json
v2/ecad/pcb-a-power-a23/routed/interfaces_a.verdict.json
v2/ecad/pcb-a-power-a23/routed/pin_map_lands_a.verdict.json
v2/ecad/pcb-a-power-a23/routed/port_protect_a.verdict.json
v2/ecad/pcb-a-power-a23/routed/power_sequence.verdict.json
v2/ecad/pcb-a-power-a23/routed/reliability.verdict.json
v2/ecad/pcb-a-power-a23/routed/safe_lines_a.verdict.json
v2/ecad/pcb-b-compute-b19/routed/check_contracts.verdict.json
v2/ecad/pcb-b-compute-b19/routed/clock_check.verdict.json
v2/ecad/pcb-b-compute-b19/routed/derate.verdict.json
v2/ecad/pcb-b-compute-b19/routed/edge_length.table.json
v2/ecad/pcb-b-compute-b19/routed/edge_length.verdict.json
v2/ecad/pcb-b-compute-b19/routed/energy_chain_b.verdict.json
v2/ecad/pcb-b-compute-b19/routed/erc_gate.verdict.json
v2/ecad/pcb-b-compute-b19/routed/inhibit_chain_b.verdict.json
v2/ecad/pcb-b-compute-b19/routed/intent_rails.verdict.json
v2/ecad/pcb-b-compute-b19/routed/interfaces_b.verdict.json
v2/ecad/pcb-b-compute-b19/routed/pin_map_lands_b.verdict.json
v2/ecad/pcb-b-compute-b19/routed/port_protect_b.verdict.json
v2/ecad/pcb-b-compute-b19/routed/power_sequence.verdict.json
v2/ecad/pcb-b-compute-b19/routed/reliability.verdict.json
v2/ecad/pcb-b-compute-b19/routed/safe_lines_b.verdict.json
v2/ecad/pcb-c-display-c8/routed/check_contracts.verdict.json
v2/ecad/pcb-c-display-c8/routed/clock_check.verdict.json
v2/ecad/pcb-c-display-c8/routed/derate.verdict.json
v2/ecad/pcb-c-display-c8/routed/edge_length.table.json
v2/ecad/pcb-c-display-c8/routed/edge_length.verdict.json
v2/ecad/pcb-c-display-c8/routed/erc_gate.verdict.json
v2/ecad/pcb-c-display-c8/routed/inhibit_chain_c.verdict.json
v2/ecad/pcb-c-display-c8/routed/intent_rails.verdict.json
v2/ecad/pcb-c-display-c8/routed/interfaces_c.verdict.json
v2/ecad/pcb-c-display-c8/routed/pin_map_lands_c.verdict.json
v2/ecad/pcb-c-display-c8/routed/port_protect_c.verdict.json
v2/ecad/pcb-c-display-c8/routed/reliability.verdict.json
v2/ecad/pcb-d-aprs-d9/routed/check_contracts.verdict.json
v2/ecad/pcb-d-aprs-d9/routed/clock_check.verdict.json
v2/ecad/pcb-d-aprs-d9/routed/derate.verdict.json
v2/ecad/pcb-d-aprs-d9/routed/edge_length.table.json
v2/ecad/pcb-d-aprs-d9/routed/edge_length.verdict.json
v2/ecad/pcb-d-aprs-d9/routed/erc_gate.verdict.json
v2/ecad/pcb-d-aprs-d9/routed/inhibit_chain_d.verdict.json
v2/ecad/pcb-d-aprs-d9/routed/intent_rails.verdict.json
v2/ecad/pcb-d-aprs-d9/routed/interfaces_d.verdict.json
v2/ecad/pcb-d-aprs-d9/routed/pin_map_lands_d.verdict.json
v2/ecad/pcb-d-aprs-d9/routed/port_protect_d.verdict.json
v2/ecad/pcb-d-aprs-d9/routed/reliability.verdict.json
v2/ecad/pcb-d-aprs-d9/routed/safe_lines_d.verdict.json
v2/ecad/pcb-e1-dock-e7/routed/check_contracts.verdict.json
v2/ecad/pcb-e1-dock-e7/routed/clock_check.verdict.json
v2/ecad/pcb-e1-dock-e7/routed/derate.verdict.json
v2/ecad/pcb-e1-dock-e7/routed/edge_length.table.json
v2/ecad/pcb-e1-dock-e7/routed/edge_length.verdict.json
v2/ecad/pcb-e1-dock-e7/routed/energy_chain.verdict.json
v2/ecad/pcb-e1-dock-e7/routed/energy_chain_e.verdict.json
v2/ecad/pcb-e1-dock-e7/routed/erc_gate.verdict.json
v2/ecad/pcb-e1-dock-e7/routed/inhibit_chain_e.verdict.json
v2/ecad/pcb-e1-dock-e7/routed/intent_rails.verdict.json
v2/ecad/pcb-e1-dock-e7/routed/interfaces_e.verdict.json
v2/ecad/pcb-e1-dock-e7/routed/pin_map_lands_e.verdict.json
v2/ecad/pcb-e1-dock-e7/routed/port_protect_e.verdict.json
v2/ecad/pcb-e1-dock-e7/routed/power_sequence.verdict.json
v2/ecad/pcb-e1-dock-e7/routed/reliability.verdict.json
v2/ecad/pcb-e1-dock-e7/routed/safe_lines_e.verdict.json
v2/ecad/pcb-e5-block/routed/check_contracts_e5.verdict.json
v2/ecad/pcb-e5-block/routed/derate.verdict.json
v2/ecad/pcb-e5-block/routed/energy_chain.verdict.json
v2/ecad/pcb-e5-block/routed/energy_chain_e5.verdict.json
v2/ecad/pcb-e5-block/routed/interfaces_e5.verdict.json
v2/ecad/pcb-e5-block/routed/port_protect_e5.verdict.json
v2/ecad/pcb-e5-block/routed/reliability.verdict.json
v2/ecad/pcb-e5-block/routed/safe_lines_e5.verdict.json
v2/ecad/pcb-p-pack-p2/routed/check_contracts.verdict.json
v2/ecad/pcb-p-pack-p2/routed/derate.verdict.json
v2/ecad/pcb-p-pack-p2/routed/edge_length.table.json
v2/ecad/pcb-p-pack-p2/routed/edge_length.verdict.json
v2/ecad/pcb-p-pack-p2/routed/energy_chain.verdict.json
v2/ecad/pcb-p-pack-p2/routed/energy_chain_p.verdict.json
v2/ecad/pcb-p-pack-p2/routed/erc_gate.verdict.json
v2/ecad/pcb-p-pack-p2/routed/inhibit_chain_p.verdict.json
v2/ecad/pcb-p-pack-p2/routed/intent_rails.verdict.json
v2/ecad/pcb-p-pack-p2/routed/interfaces_p.verdict.json
v2/ecad/pcb-p-pack-p2/routed/pack_protection.verdict.json
v2/ecad/pcb-p-pack-p2/routed/pin_map_lands_p.verdict.json
v2/ecad/pcb-p-pack-p2/routed/port_protect_p.verdict.json
v2/ecad/pcb-p-pack-p2/routed/power_sequence.verdict.json
v2/ecad/pcb-p-pack-p2/routed/reliability.verdict.json
v2/ecad/pcb-p-pack-p2/routed/safe_lines_p.verdict.json
v2/ecad/tools/pcb_requirements.yaml
