regen_out: v2/docs/records/l9stk/l9stk_copper.out replaced (72072 bytes, sha256 69c3c88558b3c65d)
regen_out: v2/docs/records/l9stk/l9stk_protection.out replaced (48337 bytes, sha256 f76dac5a2cc7cc24)
regen_out: v2/docs/records/l9pwr/l9pwr_budget.out replaced (243304 bytes, sha256 39b34accbd29b4fd)
regen_out: v2/docs/records/l8r2/l8r2_gndret.out already identical
regen_out: v2/docs/records/l8r2/l8r2_p0.out already identical
regen_out: v2/docs/records/l8r2/l8r2_dist.out replaced (16424 bytes, sha256 64d7d7021d64d23f)
regen_out: v2/docs/records/l9t5/l9t5_case.out replaced (21390 bytes, sha256 9154ee149c9d0b44)
regen_out: v2/docs/records/l9t5/l9t5_a1.out replaced (6941 bytes, sha256 5c9a84af6589727f)
regen_out: v2/docs/records/l9t5/l9t5_drafts.out replaced (34822 bytes, sha256 3fb9f1c34d865e50)
regen_out: v2/docs/records/l9t5/l9t5_t10.out replaced (87948 bytes, sha256 94071bc12ccf5389)
regen_out: v2/docs/records/l9t5/l9t5_cm5.out replaced (7401 bytes, sha256 a6ea395a23a8ba42)
regen_out: v2/docs/records/l9t5/l9t5_f01.out replaced (35914 bytes, sha256 2c590640a2f7322b)
regen_out: v2/docs/records/l9t5/l9t5_f01_drafts.out already identical
regen_out: v2/docs/records/l8r2/l8r2_drafts.out already identical
regen_out: v2/docs/records/efuse/efuse_check.out replaced (67886 bytes, sha256 bb631b8dafdbd5de)
regen_out: v2/docs/records/l6r2/l6r2_passives.out already identical
regen_out: v2/docs/records/l4e7/l4e7_p0sol.out replaced (45027 bytes, sha256 a343ccfe29ba9a60)
regen_out: v2/docs/records/l9t5/l9t5_connected.out replaced (48530 bytes, sha256 ee4c244130d26f64)
DONE
exit 0
