OPTION A(i), THE LID OPTIONS WITH THE CHOSEN ARRAY'S RATIOS (reconcile_lid_panel.py, third issue). Model: a1elec's
energy_two_pack.py (pinned, second issue: U3 0.979, U3B 0.961), unchanged but for the lid's parallel count, the ratio
and U3's input limit; U3B's charge current at code 62, 7.936 A, for every lid; 400 Wp, 200 W stage, front end R11
6.2 mOhm (entry E2), base at +20 C, lid at 13.23 C (the September mean day's minimum air), both start hours, 42.8 W,
aged 80 percent; the 40 degree south plane.
U3's IIN_HOST: nominal 6.2 A; minimum 6.1 A; bracket 6.0 A.
Ratios read from v2/docs/records/a1solar/energy_runs.out section 2:
   A  energy_inputs.yaml as pinned (MPPT assumed)             0.9417
   B  2S2P at the drafted point, typical                      0.9326
   C  2S2P, adverse, all at once                              0.8573

4S9P lid: both owner-approved lid functions kept (39 places), 4S15P in all
   A, U3 nominal 6.2 A, at 13.23 C: NOT MET  stops [23, 11]     lowest base    0.0 Wh (  0.0 %), lid    0.0 Wh (  0.0 %), both    0.0 Wh; unserved  164.9 Wh
      does not meet M1 even with the lid at +40 C
   B, U3 nominal 6.2 A, at 13.23 C: NOT MET  stops [23, 11]     lowest base    0.0 Wh (  0.0 %), lid    0.0 Wh (  0.0 %), both    0.0 Wh; unserved  165.7 Wh
      does not meet M1 even with the lid at +40 C
   B, U3 minimum 6.1 A, at 13.23 C: NOT MET  stops [23, 11]     lowest base    0.0 Wh (  0.0 %), lid    0.0 Wh (  0.0 %), both    0.0 Wh; unserved  165.7 Wh
      does not meet M1 even with the lid at +40 C
   B, U3 bracket 6.0 A, at 13.23 C: NOT MET  stops [23, 11]     lowest base    0.0 Wh (  0.0 %), lid    0.0 Wh (  0.0 %), both    0.0 Wh; unserved  165.7 Wh
      does not meet M1 even with the lid at +40 C
   C, U3 nominal 6.2 A, at 13.23 C: NOT MET  stops [23, 11]     lowest base    0.0 Wh (  0.0 %), lid    0.0 Wh (  0.0 %), both    0.0 Wh; unserved  172.6 Wh
      does not meet M1 even with the lid at +40 C
   C, U3 minimum 6.1 A, at 13.23 C: NOT MET  stops [23, 11]     lowest base    0.0 Wh (  0.0 %), lid    0.0 Wh (  0.0 %), both    0.0 Wh; unserved  172.6 Wh
      does not meet M1 even with the lid at +40 C
   C, U3 bracket 6.0 A, at 13.23 C: NOT MET  stops [23, 11]     lowest base    0.0 Wh (  0.0 %), lid    0.0 Wh (  0.0 %), both    0.0 Wh; unserved  172.6 Wh
      does not meet M1 even with the lid at +40 C

4S14P lid: the tablet out of the lid (B), 4S20P in all
   A, U3 nominal 6.2 A, at 13.23 C: MEETS    stops [None, None] lowest base   49.1 Wh ( 22.5 %), lid   44.9 Wh ( 10.1 %), both   94.0 Wh; unserved    0.0 Wh
      lowest lid temperature that still meets M1: +3.8 C
   B, U3 nominal 6.2 A, at 13.23 C: MEETS    stops [None, None] lowest base   49.0 Wh ( 22.4 %), lid   44.6 Wh ( 10.1 %), both   93.7 Wh; unserved    0.0 Wh
      lowest lid temperature that still meets M1: +3.8 C
   B, U3 minimum 6.1 A, at 13.23 C: MEETS    stops [None, None] lowest base   49.0 Wh ( 22.4 %), lid   44.6 Wh ( 10.1 %), both   93.7 Wh; unserved    0.0 Wh
      lowest lid temperature that still meets M1: +3.8 C
   B, U3 bracket 6.0 A, at 13.23 C: MEETS    stops [None, None] lowest base   49.0 Wh ( 22.4 %), lid   44.6 Wh ( 10.1 %), both   93.7 Wh; unserved    0.0 Wh
      lowest lid temperature that still meets M1: +3.8 C
   C, U3 nominal 6.2 A, at 13.23 C: MEETS    stops [None, None] lowest base   48.2 Wh ( 22.1 %), lid   39.2 Wh (  8.9 %), both   87.4 Wh; unserved    0.0 Wh
      lowest lid temperature that still meets M1: +4.1 C
   C, U3 minimum 6.1 A, at 13.23 C: MEETS    stops [None, None] lowest base   48.2 Wh ( 22.1 %), lid   32.4 Wh (  7.3 %), both   80.6 Wh; unserved    0.0 Wh
      lowest lid temperature that still meets M1: +6.0 C
   C, U3 bracket 6.0 A, at 13.23 C: MEETS    stops [None, None] lowest base   48.2 Wh ( 22.1 %), lid   22.0 Wh (  5.0 %), both   71.4 Wh; unserved    0.0 Wh
      lowest lid temperature that still meets M1: +6.1 C

4S15P lid: the QMX out of the lid (C), 4S21P in all
   A, U3 nominal 6.2 A, at 13.23 C: MEETS    stops [None, None] lowest base   57.2 Wh ( 26.2 %), lid   68.3 Wh ( 14.4 %), both  125.5 Wh; unserved    0.0 Wh
      lowest lid temperature that still meets M1: +1.5 C
   B, U3 nominal 6.2 A, at 13.23 C: MEETS    stops [None, None] lowest base   57.1 Wh ( 26.1 %), lid   68.1 Wh ( 14.4 %), both  125.2 Wh; unserved    0.0 Wh
      lowest lid temperature that still meets M1: +1.5 C
   B, U3 minimum 6.1 A, at 13.23 C: MEETS    stops [None, None] lowest base   57.1 Wh ( 26.1 %), lid   68.1 Wh ( 14.4 %), both  125.2 Wh; unserved    0.0 Wh
      lowest lid temperature that still meets M1: +1.5 C
   B, U3 bracket 6.0 A, at 13.23 C: MEETS    stops [None, None] lowest base   57.1 Wh ( 26.1 %), lid   68.1 Wh ( 14.4 %), both  125.2 Wh; unserved    0.0 Wh
      lowest lid temperature that still meets M1: +1.5 C
   C, U3 nominal 6.2 A, at 13.23 C: MEETS    stops [None, None] lowest base   56.3 Wh ( 25.8 %), lid   62.2 Wh ( 13.1 %), both  118.5 Wh; unserved    0.0 Wh
      lowest lid temperature that still meets M1: +2.1 C
   C, U3 minimum 6.1 A, at 13.23 C: MEETS    stops [None, None] lowest base   56.3 Wh ( 25.8 %), lid   55.3 Wh ( 11.7 %), both  111.6 Wh; unserved    0.0 Wh
      lowest lid temperature that still meets M1: +3.9 C
   C, U3 bracket 6.0 A, at 13.23 C: MEETS    stops [None, None] lowest base   56.3 Wh ( 25.8 %), lid   44.8 Wh (  9.5 %), both  102.4 Wh; unserved    0.0 Wh
      lowest lid temperature that still meets M1: +4.0 C

NOTES (the independent checks' minor items, measured at the SECOND issue's settings, U3 0.98 and U3B 0.975, and
not re-measured at this issue's; checks/check-a1int-2.md): the model evaluates the charge taper once an hour; a
0.01 h step lowers the lowest stores by about 1.2 to 1.9 Wh (B) and 3.3 to 4.2 Wh (C), and the lid thresholds are
not stable to better than about 1.5 K (at 0.1 h the 4S14P C threshold at the minimum U3 read about +4.6 C). U3B at
its then 0.96 efficiency bracket cost 6.0 and 6.2 Wh at C with U3 at 6.1 A (this issue's bracket, 0.947 to 0.971,
is run in records/s119/reconcile_s119.out). Node power offered to a full store is discarded at the clamp after
U3B's loss is charged on it (8.2 to 48.2 Wh over 72 h); no energy is created and no lowest point moves. The lid
path's standby drain (about 1.5 to 1.8 Wh over 72 h) is outside the 42.8 W, and board PL's own supply is not read.
The results hold on the 40 degree south plane only.
END. Each line is the model's arithmetic on the September reference day; nothing is measured.
