** Drc report for pcb-d-aprs.kicad_pcb **
** Created on 2026-09-05T00:59:06+0200 **
** Report includes: Errors, Warnings, Exclusions **

** Found 10 DRC violations **
[clearance]: Clearance violation ( clearance 0,1500 mm; actual 0,1474 mm)
    Local override; error
    @(76,1750 mm, 124,4750 mm): Pad 1 [/CH4] of JP2 on B.Cu
    @(71,8750 mm, 127,4326 mm): Track [/VIN_CELL] on B.Cu, length 6,5694 mm
[silk_overlap]: Silkscreen overlap
    Rule: board setup constraints silk; warning
    @(67,0000 mm, 77,5000 mm): PCB text 'J_HARN1 to PCB-A J_MEZZ1' on B.Silkscreen
    @(65,0000 mm, 74,0000 mm): Circle on B.Silkscreen
[silk_over_copper]: Silkscreen clipped by solder mask
    Local override; warning
    @(81,9450 mm, 83,2550 mm): Rectangle of U2 on F.Silkscreen
[text_height]: Text height out of range (board setup constraints silk text height min height 0,8000 mm; actual 0,7500 mm)
    Rule: board setup constraints silk text height; warning
    @(110,0000 mm, 108,5000 mm): PCB text 'DMR858M on 2x 1x12 sockets + M2.5 x 11 standoffs, heatsink up' on B.Silkscreen
[text_height]: Text height out of range (board setup constraints silk text height min height 0,8000 mm; actual 0,7500 mm)
    Rule: board setup constraints silk text height; warning
    @(110,0000 mm, 111,5000 mm): PCB text 'SMA east -> UHF bulkhead | USB-C west | pin 1 = VCC (NE)' on B.Silkscreen
[text_height]: Text height out of range (board setup constraints silk text height min height 0,8000 mm; actual 0,7500 mm)
    Rule: board setup constraints silk text height; warning
    @(110,0000 mm, 114,5000 mm): PCB text 'rows and holes per NiceRF datasheet V1.2 p.10' on B.Silkscreen
[silk_edge_clearance]: Silkscreen clipped by board edge
    Rule: board setup constraints silk; warning
    @(60,0000 mm, 72,0000 mm): Segment on Edge.Cuts
    @(67,0000 mm, 77,5000 mm): PCB text 'J_HARN1 to PCB-A J_MEZZ1' on B.Silkscreen
[silk_edge_clearance]: Silkscreen clipped by board edge
    Rule: board setup constraints silk; warning
    @(60,0000 mm, 72,0000 mm): Segment on Edge.Cuts
    @(67,0000 mm, 107,5000 mm): PCB text 'J_PWR1 MEZZ_CELL GND' on B.Silkscreen
[via_dangling]: Via is not connected or connected on only one layer
    Local override; warning
    @(110,0800 mm, 87,4800 mm): Via [/AFOUT] on F.Cu - B.Cu
[via_dangling]: Via is not connected or connected on only one layer
    Local override; warning
    @(79,1750 mm, 72,9000 mm): Via [/VIN_CELL] on F.Cu - B.Cu

** Found 0 unconnected pads **

** Found 0 Footprint errors **

** End of Report **
