design_difference: b89b50b4 (H2's source commit) to HEAD (65413369)

[files that differ: 80]
  handover snapshot (an earlier snapshot's own files):                                 3
      A v2/release/handover/H2.MANIFEST.tsv
      A v2/release/handover/H2.zip
      A v2/release/handover/H2.zip.sha256
  DESIGN: export of a committed schematic:                                             0
  DESIGN: schematic, netlist, intent, provenance, board or project file, allow list:   0
  tracked reading (a verdict copied to routed/):                                       7
      M v2/ecad/pcb-a-power-a23/routed/interfaces_a.verdict.json
      M v2/ecad/pcb-b-compute-b19/routed/interfaces_b.verdict.json
      M v2/ecad/pcb-c-display-c8/routed/interfaces_c.verdict.json
      M v2/ecad/pcb-d-aprs-d9/routed/interfaces_d.verdict.json
      M v2/ecad/pcb-e1-dock-e7/routed/interfaces_e.verdict.json
      M v2/ecad/pcb-e5-block/routed/interfaces_e5.verdict.json
      M v2/ecad/pcb-p-pack-p2/routed/interfaces_p.verdict.json
  DESIGN: land pattern:                                                                0
  DESIGN: generator, board table or routeflow profile:                                 0
  packer and its test:                                                                 2
      M v2/ecad/tools/handover_pack.py
      M v2/ecad/tools/tests/test_handover_pack.py
  registry:                                                                            2
      M v2/ecad/tools/pcb_interfaces.yaml
      M v2/ecad/tools/pcb_requirements.yaml
  TOOL: a checking tool, a pipeline script or a test:                                  0
  DESIGN: anything else under v2/ecad:                                                 0
  DESIGN: CAD source or case release:                                                  0
  DESIGN: maker document or vendor record:                                             0
  DESIGN: diagram:                                                                     0
  page, review or record under v2/docs:                                                64
  overview:                                                                            2
      M README.md
      M v2/README.md
  UNCLASSED:                                                                           0
  (the pages, reviews and records under v2/docs are listed by `git diff --name-status b89b50b4 HEAD -- v2/docs`)

[each board's committed design files, sha256/16 at both commits]
  same    v2/ecad/pcb-a-power-a23/out/pcb-a-power.net da05dc02bc1e612f
  same    v2/ecad/pcb-a-power-a23/pcb-a-power.kicad_sch 54b24eb100332ed5
  same    v2/ecad/pcb-b-compute-b19/out/pcb-b-compute.net 8b78c59754a6a0c7
  same    v2/ecad/pcb-b-compute-b19/pcb-b-compute.kicad_sch 76c29fa7f88a39e0
  same    v2/ecad/pcb-c-display-c8/out/pcb-c-display.net 11eabc2dddca5161
  same    v2/ecad/pcb-c-display-c8/pcb-c-display.kicad_sch f566ea89fb3e3af4
  same    v2/ecad/pcb-d-aprs-d9/out/pcb-d-aprs.net 76700a687eb6187f
  same    v2/ecad/pcb-d-aprs-d9/pcb-d-aprs.kicad_sch 7fde601712562b24
  same    v2/ecad/pcb-e1-dock-e7/out/pcb-e1-dock.net d6137f50059e5cbc
  same    v2/ecad/pcb-e1-dock-e7/pcb-e1-dock.kicad_sch bd50de114865448b
  same    v2/ecad/pcb-p-pack-p2/out/pcb-p-pack.net 085f833362fbbda8
  same    v2/ecad/pcb-p-pack-p2/pcb-p-pack.kicad_sch 47e0bc19e8e18cf0
  31 schematic, netlist, intent and provenance files (and E5's board file) compared, 31 the same

[v2/ecad/tools/pcb_requirements.yaml: b89b50b4 (H2's source commit, sha256/16 9a3aed63341c8eaa) to 65413369 (sha256/16 6eb35694e300abff)]
  top-level baseline_reviews: ['v2/docs/reviews/REVIEW-B-LAYER-3-2026-09-27.md@7a6c679f446b1baa', 'v2/docs/reviews/REVIEW-LAYER-3-RELEASE-2026-09-27.md@1c3bc2d99f9efb51', 'v2/docs/reviews/REVIEW-LAYER-3-RELEASE-2-2026-09-27.md@cf8c73fb288be2fb'] -> ['v2/docs/reviews/REVIEW-B-LAYER-3-2026-09-27.md@7a6c679f446b1baa', 'v2/docs/reviews/REVIEW-LAYER-3-RELEASE-2026-09-27.md@1c3bc2d99f9efb51', 'v2/docs/reviews/REVIEW-LAYER-3-RELEASE-2-2026-09-27.md@cf8c73fb288be2fb', 'v2/docs/reviews/TARGETED-CHECK-LAYERS-1-3-2026-09-27.md@ae70b1a7811ecea1', 'v2/docs/reviews/TARGETED-RECHECK-LAYER-3-2026-09-27.md@7831358b96b6f5ca']
  top-level baseline_state: 'READY_FOR_REVIEW_B' -> 'BASELINED at a54b793b'
  top-level needs_document_sha256: '4483209659dc391c9677ae8d5351ccad4805d44906f8b142fd3029e4192c96bc' -> '6ebe6760c4312bcadab789da80d103d6e40da0a7657dfe636315eef66930fa54'
  needs: 19 to 19; added none; removed none; changed none
  owner_rulings: 29 to 29; added none; removed none; changed none
  session_choices: 63 to 63; added none; removed none; changed none
  open_items: 60 to 58; added S-81; removed S-51 S-78 S-80; changed 1
      S-79: title
  closed_items: 50 to 53; added S-51 S-78 S-80; removed none; changed none
  records: 144 to 144; added none; removed none; changed 4
      REQ-005: evidence, evidence_bound_to
      CON-010: evidence
      CFL-016: evidence, evidence_bound_to
      CFL-014: evidence, evidence_bound_to
  record fields outside the readings and notes, and needs, rulings and choices, that differ: none

[v2/ecad/tools/pcb_requirements.yaml: a54b793b (the commit its baseline_state names, sha256/16 c8fded5cb0a165d6) to 65413369 (sha256/16 6eb35694e300abff)]
  top-level baseline_reviews: ['v2/docs/reviews/REVIEW-B-LAYER-3-2026-09-27.md@7a6c679f446b1baa', 'v2/docs/reviews/REVIEW-LAYER-3-RELEASE-2026-09-27.md@1c3bc2d99f9efb51', 'v2/docs/reviews/REVIEW-LAYER-3-RELEASE-2-2026-09-27.md@cf8c73fb288be2fb'] -> ['v2/docs/reviews/REVIEW-B-LAYER-3-2026-09-27.md@7a6c679f446b1baa', 'v2/docs/reviews/REVIEW-LAYER-3-RELEASE-2026-09-27.md@1c3bc2d99f9efb51', 'v2/docs/reviews/REVIEW-LAYER-3-RELEASE-2-2026-09-27.md@cf8c73fb288be2fb', 'v2/docs/reviews/TARGETED-CHECK-LAYERS-1-3-2026-09-27.md@ae70b1a7811ecea1', 'v2/docs/reviews/TARGETED-RECHECK-LAYER-3-2026-09-27.md@7831358b96b6f5ca']
  top-level baseline_state: 'READY_FOR_REVIEW_B' -> 'BASELINED at a54b793b'
  top-level needs_document_sha256: '4483209659dc391c9677ae8d5351ccad4805d44906f8b142fd3029e4192c96bc' -> '6ebe6760c4312bcadab789da80d103d6e40da0a7657dfe636315eef66930fa54'
  needs: 19 to 19; added none; removed none; changed none
  owner_rulings: 29 to 29; added none; removed none; changed none
  session_choices: 63 to 63; added none; removed none; changed none
  open_items: 61 to 58; added none; removed S-51 S-78 S-80; changed 1
      S-79: title
  closed_items: 50 to 53; added S-51 S-78 S-80; removed none; changed none
  records: 144 to 144; added none; removed none; changed 3
      REQ-005: evidence, evidence_bound_to
      CFL-016: evidence, evidence_bound_to
      CFL-014: evidence, evidence_bound_to
  record fields outside the readings and notes, and needs, rulings and choices, that differ: none

[v2/ecad/tools/pcb_interfaces.yaml: sha256/16 a30b5d408a3dab93 to ee6b6b840adddba2]
  differs at /board_to_board/read_at/commit
  differs at /board_to_board/read_at/date
  differs at /board_to_board/read_at/netlists_sha256_16/a
  differs at /board_to_board/read_at/netlists_sha256_16/b
  differs at /board_to_board/read_at/netlists_sha256_16/c
  differs at /board_to_board/read_at/netlists_sha256_16/d
  differs at /board_to_board/read_at/netlists_sha256_16/e
  differs at /board_to_board/read_at/netlists_sha256_16/p
  differs at /board_to_board/read_at/note
  parsed values that differ outside free text (read_at, note, notes, src_note, why, comment): none

[tracked readings that differ]
  v2/ecad/pcb-a-power-a23/routed/interfaces_a.verdict.json: verdict PASS to PASS; differs at /inputs/spec/sha256_16, /runtime/python, /tools/git_head, /tools/tools_tree_sha, /ts, /version
  v2/ecad/pcb-b-compute-b19/routed/interfaces_b.verdict.json: verdict PASS to PASS; differs at /inputs/spec/sha256_16, /runtime/python, /tools/git_head, /tools/tools_tree_sha, /ts, /version
  v2/ecad/pcb-c-display-c8/routed/interfaces_c.verdict.json: verdict PASS to PASS; differs at /inputs/spec/sha256_16, /runtime/python, /tools/git_head, /tools/tools_tree_sha, /ts, /version
  v2/ecad/pcb-d-aprs-d9/routed/interfaces_d.verdict.json: verdict PASS to PASS; differs at /inputs/spec/sha256_16, /runtime/python, /tools/git_head, /tools/tools_tree_sha, /ts, /version
  v2/ecad/pcb-e1-dock-e7/routed/interfaces_e.verdict.json: verdict PASS to PASS; differs at /inputs/spec/sha256_16, /runtime/python, /tools/git_head, /tools/tools_tree_sha, /ts, /version
  v2/ecad/pcb-e5-block/routed/interfaces_e5.verdict.json: verdict PASS to PASS; differs at /inputs/spec/sha256_16, /runtime/python, /tools/git_head, /tools/tools_tree_sha, /ts, /version
  v2/ecad/pcb-p-pack-p2/routed/interfaces_p.verdict.json: verdict PASS to PASS; differs at /inputs/spec/sha256_16, /runtime/python, /tools/git_head, /tools/tools_tree_sha, /ts, /version

[exports under v2/release/handover/_generated at HEAD, against the files of that commit]
  A: made at 763bccdf; schematic 54b24eb100332ed5 is the one exported; netlist da05dc02bc1e612f is the one the export names
  B: made at 763bccdf; schematic 76c29fa7f88a39e0 is the one exported; netlist 8b78c59754a6a0c7 is the one the export names
  C: made at 99cde56b; schematic f566ea89fb3e3af4 is the one exported; netlist 11eabc2dddca5161 is the one the export names
  D: made at 763bccdf; schematic 7fde601712562b24 is the one exported; netlist 76700a687eb6187f is the one the export names
  E: made at 763bccdf; schematic bd50de114865448b is the one exported; netlist d6137f50059e5cbc is the one the export names
  P: made at 99cde56b; schematic 47e0bc19e8e18cf0 is the one exported; netlist 085f833362fbbda8 is the one the export names

result: THE STATEMENT HOLDS: no design file, generator or checking tool differs from H2's source commit
